[0.006s] Invoking command in '/home/haejum-park/2026_IFAC/build/wpnt_publisher': AMENT_PREFIX_PATH=/home/haejum-park/2026_IFAC/install/f110_msgs:${AMENT_PREFIX_PATH} CMAKE_PREFIX_PATH=/home/haejum-park/sim_ws/install/f1tenth_gym_ros:/home/haejum-park/install/launch_testing_examples:/home/haejum-park/install/examples_rclpy_pointcloud_publisher:/home/haejum-park/install/examples_rclpy_minimal_subscriber:/home/haejum-park/install/examples_rclpy_minimal_service:/home/haejum-park/install/examples_rclpy_minimal_publisher:/home/haejum-park/install/examples_rclpy_minimal_client:/home/haejum-park/install/examples_rclpy_minimal_action_server:/home/haejum-park/install/examples_rclpy_minimal_action_client:/home/haejum-park/install/examples_rclpy_guard_conditions:/home/haejum-park/install/examples_rclpy_executors:/opt/ros/humble:/home/haejum-park/2026_IFAC/install/f110_msgs:${CMAKE_PREFIX_PATH} LD_LIBRARY_PATH=/home/haejum-park/2026_IFAC/install/f110_msgs/lib:${LD_LIBRARY_PATH} PYTHONPATH=/home/haejum-park/2026_IFAC/install/f110_msgs/local/lib/python3.10/dist-packages:${PYTHONPATH} /usr/bin/cmake /home/haejum-park/2026_IFAC/wpnt_publisher -DCMAKE_INSTALL_PREFIX=/home/haejum-park/2026_IFAC/install/wpnt_publisher
[0.012s] -- Found ament_cmake: 1.3.12 (/opt/ros/humble/share/ament_cmake/cmake)
[0.090s] -- Override CMake install command with custom implementation using symlinks instead of copying resources
[0.094s] -- Found rclcpp: 16.0.17 (/opt/ros/humble/share/rclcpp/cmake)
[0.110s] -- Found rosidl_generator_c: 3.1.8 (/opt/ros/humble/share/rosidl_generator_c/cmake)
[0.111s] -- Found rosidl_adapter: 3.1.8 (/opt/ros/humble/share/rosidl_adapter/cmake)
[0.114s] -- Found rosidl_generator_cpp: 3.1.8 (/opt/ros/humble/share/rosidl_generator_cpp/cmake)
[0.119s] -- Using all available rosidl_typesupport_c: rosidl_typesupport_fastrtps_c;rosidl_typesupport_introspection_c
[0.126s] -- Using all available rosidl_typesupport_cpp: rosidl_typesupport_fastrtps_cpp;rosidl_typesupport_introspection_cpp
[0.143s] -- Found rmw_implementation_cmake: 6.1.2 (/opt/ros/humble/share/rmw_implementation_cmake/cmake)
[0.144s] -- Found rmw_fastrtps_cpp: 6.2.9 (/opt/ros/humble/share/rmw_fastrtps_cpp/cmake)
[0.216s] -- Using RMW implementation 'rmw_fastrtps_cpp' as default
[0.239s] -- Found nav_msgs: 4.9.0 (/opt/ros/humble/share/nav_msgs/cmake)
[0.251s] -- Found f110_msgs: 0.0.1 (/home/haejum-park/2026_IFAC/install/f110_msgs/share/f110_msgs/cmake)
[0.303s] -- Configuring done
[0.308s] -- Generating done
[0.309s] -- Build files have been written to: /home/haejum-park/2026_IFAC/build/wpnt_publisher
[0.315s] Invoked command in '/home/haejum-park/2026_IFAC/build/wpnt_publisher' returned '0': AMENT_PREFIX_PATH=/home/haejum-park/2026_IFAC/install/f110_msgs:${AMENT_PREFIX_PATH} CMAKE_PREFIX_PATH=/home/haejum-park/sim_ws/install/f1tenth_gym_ros:/home/haejum-park/install/launch_testing_examples:/home/haejum-park/install/examples_rclpy_pointcloud_publisher:/home/haejum-park/install/examples_rclpy_minimal_subscriber:/home/haejum-park/install/examples_rclpy_minimal_service:/home/haejum-park/install/examples_rclpy_minimal_publisher:/home/haejum-park/install/examples_rclpy_minimal_client:/home/haejum-park/install/examples_rclpy_minimal_action_server:/home/haejum-park/install/examples_rclpy_minimal_action_client:/home/haejum-park/install/examples_rclpy_guard_conditions:/home/haejum-park/install/examples_rclpy_executors:/opt/ros/humble:/home/haejum-park/2026_IFAC/install/f110_msgs:${CMAKE_PREFIX_PATH} LD_LIBRARY_PATH=/home/haejum-park/2026_IFAC/install/f110_msgs/lib:${LD_LIBRARY_PATH} PYTHONPATH=/home/haejum-park/2026_IFAC/install/f110_msgs/local/lib/python3.10/dist-packages:${PYTHONPATH} /usr/bin/cmake /home/haejum-park/2026_IFAC/wpnt_publisher -DCMAKE_INSTALL_PREFIX=/home/haejum-park/2026_IFAC/install/wpnt_publisher
[0.315s] Invoking command in '/home/haejum-park/2026_IFAC/build/wpnt_publisher': AMENT_PREFIX_PATH=/home/haejum-park/2026_IFAC/install/f110_msgs:${AMENT_PREFIX_PATH} CMAKE_PREFIX_PATH=/home/haejum-park/sim_ws/install/f1tenth_gym_ros:/home/haejum-park/install/launch_testing_examples:/home/haejum-park/install/examples_rclpy_pointcloud_publisher:/home/haejum-park/install/examples_rclpy_minimal_subscriber:/home/haejum-park/install/examples_rclpy_minimal_service:/home/haejum-park/install/examples_rclpy_minimal_publisher:/home/haejum-park/install/examples_rclpy_minimal_client:/home/haejum-park/install/examples_rclpy_minimal_action_server:/home/haejum-park/install/examples_rclpy_minimal_action_client:/home/haejum-park/install/examples_rclpy_guard_conditions:/home/haejum-park/install/examples_rclpy_executors:/opt/ros/humble:/home/haejum-park/2026_IFAC/install/f110_msgs:${CMAKE_PREFIX_PATH} LD_LIBRARY_PATH=/home/haejum-park/2026_IFAC/install/f110_msgs/lib:${LD_LIBRARY_PATH} PYTHONPATH=/home/haejum-park/2026_IFAC/install/f110_msgs/local/lib/python3.10/dist-packages:${PYTHONPATH} /usr/bin/cmake --build /home/haejum-park/2026_IFAC/build/wpnt_publisher -- -j14 -l14
[0.340s] [35m[1mConsolidate compiler generated dependencies of target wpnt_publisher[0m
[0.349s] [100%] Built target wpnt_publisher
[0.355s] Invoked command in '/home/haejum-park/2026_IFAC/build/wpnt_publisher' returned '0': AMENT_PREFIX_PATH=/home/haejum-park/2026_IFAC/install/f110_msgs:${AMENT_PREFIX_PATH} CMAKE_PREFIX_PATH=/home/haejum-park/sim_ws/install/f1tenth_gym_ros:/home/haejum-park/install/launch_testing_examples:/home/haejum-park/install/examples_rclpy_pointcloud_publisher:/home/haejum-park/install/examples_rclpy_minimal_subscriber:/home/haejum-park/install/examples_rclpy_minimal_service:/home/haejum-park/install/examples_rclpy_minimal_publisher:/home/haejum-park/install/examples_rclpy_minimal_client:/home/haejum-park/install/examples_rclpy_minimal_action_server:/home/haejum-park/install/examples_rclpy_minimal_action_client:/home/haejum-park/install/examples_rclpy_guard_conditions:/home/haejum-park/install/examples_rclpy_executors:/opt/ros/humble:/home/haejum-park/2026_IFAC/install/f110_msgs:${CMAKE_PREFIX_PATH} LD_LIBRARY_PATH=/home/haejum-park/2026_IFAC/install/f110_msgs/lib:${LD_LIBRARY_PATH} PYTHONPATH=/home/haejum-park/2026_IFAC/install/f110_msgs/local/lib/python3.10/dist-packages:${PYTHONPATH} /usr/bin/cmake --build /home/haejum-park/2026_IFAC/build/wpnt_publisher -- -j14 -l14
[0.357s] Invoking command in '/home/haejum-park/2026_IFAC/build/wpnt_publisher': AMENT_PREFIX_PATH=/home/haejum-park/2026_IFAC/install/f110_msgs:${AMENT_PREFIX_PATH} CMAKE_PREFIX_PATH=/home/haejum-park/sim_ws/install/f1tenth_gym_ros:/home/haejum-park/install/launch_testing_examples:/home/haejum-park/install/examples_rclpy_pointcloud_publisher:/home/haejum-park/install/examples_rclpy_minimal_subscriber:/home/haejum-park/install/examples_rclpy_minimal_service:/home/haejum-park/install/examples_rclpy_minimal_publisher:/home/haejum-park/install/examples_rclpy_minimal_client:/home/haejum-park/install/examples_rclpy_minimal_action_server:/home/haejum-park/install/examples_rclpy_minimal_action_client:/home/haejum-park/install/examples_rclpy_guard_conditions:/home/haejum-park/install/examples_rclpy_executors:/opt/ros/humble:/home/haejum-park/2026_IFAC/install/f110_msgs:${CMAKE_PREFIX_PATH} LD_LIBRARY_PATH=/home/haejum-park/2026_IFAC/install/f110_msgs/lib:${LD_LIBRARY_PATH} PYTHONPATH=/home/haejum-park/2026_IFAC/install/f110_msgs/local/lib/python3.10/dist-packages:${PYTHONPATH} /usr/bin/cmake --install /home/haejum-park/2026_IFAC/build/wpnt_publisher
[0.361s] -- Install configuration: ""
[0.361s] -- Execute custom install script
[0.361s] -- Up-to-date symlink: /home/haejum-park/2026_IFAC/install/wpnt_publisher/lib/wpnt_publisher/wpnt_publisher
[0.361s] -- Up-to-date symlink: /home/haejum-park/2026_IFAC/install/wpnt_publisher/share/ament_index/resource_index/package_run_dependencies/wpnt_publisher
[0.361s] -- Up-to-date symlink: /home/haejum-park/2026_IFAC/install/wpnt_publisher/share/ament_index/resource_index/parent_prefix_path/wpnt_publisher
[0.361s] -- Up-to-date symlink: /home/haejum-park/2026_IFAC/install/wpnt_publisher/share/wpnt_publisher/environment/ament_prefix_path.sh
[0.362s] -- Up-to-date symlink: /home/haejum-park/2026_IFAC/install/wpnt_publisher/share/wpnt_publisher/environment/ament_prefix_path.dsv
[0.362s] -- Up-to-date symlink: /home/haejum-park/2026_IFAC/install/wpnt_publisher/share/wpnt_publisher/environment/path.sh
[0.362s] -- Up-to-date symlink: /home/haejum-park/2026_IFAC/install/wpnt_publisher/share/wpnt_publisher/environment/path.dsv
[0.362s] -- Up-to-date symlink: /home/haejum-park/2026_IFAC/install/wpnt_publisher/share/wpnt_publisher/local_setup.bash
[0.362s] -- Up-to-date symlink: /home/haejum-park/2026_IFAC/install/wpnt_publisher/share/wpnt_publisher/local_setup.sh
[0.362s] -- Up-to-date symlink: /home/haejum-park/2026_IFAC/install/wpnt_publisher/share/wpnt_publisher/local_setup.zsh
[0.362s] -- Up-to-date symlink: /home/haejum-park/2026_IFAC/install/wpnt_publisher/share/wpnt_publisher/local_setup.dsv
[0.362s] -- Symlinking: /home/haejum-park/2026_IFAC/install/wpnt_publisher/share/wpnt_publisher/package.dsv
[0.367s] -- Up-to-date symlink: /home/haejum-park/2026_IFAC/install/wpnt_publisher/share/ament_index/resource_index/packages/wpnt_publisher
[0.367s] -- Up-to-date symlink: /home/haejum-park/2026_IFAC/install/wpnt_publisher/share/wpnt_publisher/cmake/wpnt_publisherConfig.cmake
[0.367s] -- Up-to-date symlink: /home/haejum-park/2026_IFAC/install/wpnt_publisher/share/wpnt_publisher/cmake/wpnt_publisherConfig-version.cmake
[0.367s] -- Up-to-date symlink: /home/haejum-park/2026_IFAC/install/wpnt_publisher/share/wpnt_publisher/package.xml
[0.368s] Invoked command in '/home/haejum-park/2026_IFAC/build/wpnt_publisher' returned '0': AMENT_PREFIX_PATH=/home/haejum-park/2026_IFAC/install/f110_msgs:${AMENT_PREFIX_PATH} CMAKE_PREFIX_PATH=/home/haejum-park/sim_ws/install/f1tenth_gym_ros:/home/haejum-park/install/launch_testing_examples:/home/haejum-park/install/examples_rclpy_pointcloud_publisher:/home/haejum-park/install/examples_rclpy_minimal_subscriber:/home/haejum-park/install/examples_rclpy_minimal_service:/home/haejum-park/install/examples_rclpy_minimal_publisher:/home/haejum-park/install/examples_rclpy_minimal_client:/home/haejum-park/install/examples_rclpy_minimal_action_server:/home/haejum-park/install/examples_rclpy_minimal_action_client:/home/haejum-park/install/examples_rclpy_guard_conditions:/home/haejum-park/install/examples_rclpy_executors:/opt/ros/humble:/home/haejum-park/2026_IFAC/install/f110_msgs:${CMAKE_PREFIX_PATH} LD_LIBRARY_PATH=/home/haejum-park/2026_IFAC/install/f110_msgs/lib:${LD_LIBRARY_PATH} PYTHONPATH=/home/haejum-park/2026_IFAC/install/f110_msgs/local/lib/python3.10/dist-packages:${PYTHONPATH} /usr/bin/cmake --install /home/haejum-park/2026_IFAC/build/wpnt_publisher
