[0.701s] Invoking command in '/home/haejum-park/2026_IFAC/lap_timer': PYTHONPATH=/home/haejum-park/2026_IFAC/build/lap_timer/prefix_override:/usr/lib/python3/dist-packages/colcon_core/task/python/colcon_distutils_commands:/home/haejum-park/2026_IFAC/install/lap_timer/lib/python3.10/site-packages:${PYTHONPATH} /usr/bin/python3 -W ignore:setup.py install is deprecated -W ignore:easy_install command is deprecated setup.py egg_info --egg-base ../build/lap_timer build --build-base /home/haejum-park/2026_IFAC/build/lap_timer/build install --record /home/haejum-park/2026_IFAC/build/lap_timer/install.log --single-version-externally-managed install_data
[0.821s] running egg_info
[0.824s] writing ../build/lap_timer/lap_timer.egg-info/PKG-INFO
[0.824s] writing dependency_links to ../build/lap_timer/lap_timer.egg-info/dependency_links.txt
[0.824s] writing entry points to ../build/lap_timer/lap_timer.egg-info/entry_points.txt
[0.824s] writing requirements to ../build/lap_timer/lap_timer.egg-info/requires.txt
[0.824s] writing top-level names to ../build/lap_timer/lap_timer.egg-info/top_level.txt
[0.824s] reading manifest file '../build/lap_timer/lap_timer.egg-info/SOURCES.txt'
[0.824s] writing manifest file '../build/lap_timer/lap_timer.egg-info/SOURCES.txt'
[0.824s] running build
[0.824s] running build_py
[0.824s] running install
[0.824s] running install_lib
[0.825s] running install_data
[0.825s] running install_egg_info
[0.826s] removing '/home/haejum-park/2026_IFAC/install/lap_timer/lib/python3.10/site-packages/lap_timer-0.1.0-py3.10.egg-info' (and everything under it)
[0.826s] Copying ../build/lap_timer/lap_timer.egg-info to /home/haejum-park/2026_IFAC/install/lap_timer/lib/python3.10/site-packages/lap_timer-0.1.0-py3.10.egg-info
[0.826s] running install_scripts
[0.838s] Installing lap_timer script to /home/haejum-park/2026_IFAC/install/lap_timer/lib/lap_timer
[0.838s] writing list of installed files to '/home/haejum-park/2026_IFAC/build/lap_timer/install.log'
[0.857s] Invoked command in '/home/haejum-park/2026_IFAC/lap_timer' returned '0': PYTHONPATH=/home/haejum-park/2026_IFAC/build/lap_timer/prefix_override:/usr/lib/python3/dist-packages/colcon_core/task/python/colcon_distutils_commands:/home/haejum-park/2026_IFAC/install/lap_timer/lib/python3.10/site-packages:${PYTHONPATH} /usr/bin/python3 -W ignore:setup.py install is deprecated -W ignore:easy_install command is deprecated setup.py egg_info --egg-base ../build/lap_timer build --build-base /home/haejum-park/2026_IFAC/build/lap_timer/build install --record /home/haejum-park/2026_IFAC/build/lap_timer/install.log --single-version-externally-managed install_data
