-- Found ament_cmake: 1.3.12 (/opt/ros/humble/share/ament_cmake/cmake)
-- Override CMake install command with custom implementation using symlinks instead of copying resources
-- Found rclcpp: 16.0.17 (/opt/ros/humble/share/rclcpp/cmake)
-- Found rosidl_generator_c: 3.1.8 (/opt/ros/humble/share/rosidl_generator_c/cmake)
-- Found rosidl_adapter: 3.1.8 (/opt/ros/humble/share/rosidl_adapter/cmake)
-- Found rosidl_generator_cpp: 3.1.8 (/opt/ros/humble/share/rosidl_generator_cpp/cmake)
-- Using all available rosidl_typesupport_c: rosidl_typesupport_fastrtps_c;rosidl_typesupport_introspection_c
-- Using all available rosidl_typesupport_cpp: rosidl_typesupport_fastrtps_cpp;rosidl_typesupport_introspection_cpp
-- Found rmw_implementation_cmake: 6.1.2 (/opt/ros/humble/share/rmw_implementation_cmake/cmake)
-- Found rmw_fastrtps_cpp: 6.2.9 (/opt/ros/humble/share/rmw_fastrtps_cpp/cmake)
-- Using RMW implementation 'rmw_fastrtps_cpp' as default
-- Found nav_msgs: 4.9.0 (/opt/ros/humble/share/nav_msgs/cmake)
-- Found visualization_msgs: 4.9.0 (/opt/ros/humble/share/visualization_msgs/cmake)
-- Found f110_msgs: 0.0.1 (/home/haejum-park/2026_IFAC/install/f110_msgs/share/f110_msgs/cmake)
-- Configuring done
-- Generating done
-- Build files have been written to: /home/haejum-park/2026_IFAC/build/global_planner
[35m[1mConsolidate compiler generated dependencies of target global_planner_rw[0m
[35m[1mConsolidate compiler generated dependencies of target frenet_odom_node[0m
[ 25%] Built target global_planner_rw
[ 50%] Built target frenet_odom_node
[35m[1mConsolidate compiler generated dependencies of target global_trajectory_publisher_node[0m
[35m[1mConsolidate compiler generated dependencies of target global_planner_node[0m
[100%] Built target global_trajectory_publisher_node
[100%] Built target global_planner_node
-- Install configuration: ""
-- Execute custom install script
-- Up-to-date symlink: /home/haejum-park/2026_IFAC/install/global_planner/lib/global_planner/global_planner_node
-- Up-to-date symlink: /home/haejum-park/2026_IFAC/install/global_planner/lib/global_planner/global_trajectory_publisher_node
-- Up-to-date symlink: /home/haejum-park/2026_IFAC/install/global_planner/lib/global_planner/frenet_odom_node
-- Up-to-date symlink: /home/haejum-park/2026_IFAC/install/global_planner/lib/global_planner/libglobal_planner_rw.a
-- Up-to-date symlink: /home/haejum-park/2026_IFAC/install/global_planner/share/global_planner/launch/global_planning.launch.py
-- Up-to-date symlink: /home/haejum-park/2026_IFAC/install/global_planner/share/global_planner/config/global_planning.yaml
-- Up-to-date symlink: /home/haejum-park/2026_IFAC/install/global_planner/share/global_planner/data/global_waypoints.json
-- Up-to-date symlink: /home/haejum-park/2026_IFAC/install/global_planner/share/ament_index/resource_index/package_run_dependencies/global_planner
-- Up-to-date symlink: /home/haejum-park/2026_IFAC/install/global_planner/share/ament_index/resource_index/parent_prefix_path/global_planner
-- Up-to-date symlink: /home/haejum-park/2026_IFAC/install/global_planner/share/global_planner/environment/ament_prefix_path.sh
-- Up-to-date symlink: /home/haejum-park/2026_IFAC/install/global_planner/share/global_planner/environment/ament_prefix_path.dsv
-- Up-to-date symlink: /home/haejum-park/2026_IFAC/install/global_planner/share/global_planner/environment/path.sh
-- Up-to-date symlink: /home/haejum-park/2026_IFAC/install/global_planner/share/global_planner/environment/path.dsv
-- Up-to-date symlink: /home/haejum-park/2026_IFAC/install/global_planner/share/global_planner/local_setup.bash
-- Up-to-date symlink: /home/haejum-park/2026_IFAC/install/global_planner/share/global_planner/local_setup.sh
-- Up-to-date symlink: /home/haejum-park/2026_IFAC/install/global_planner/share/global_planner/local_setup.zsh
-- Up-to-date symlink: /home/haejum-park/2026_IFAC/install/global_planner/share/global_planner/local_setup.dsv
-- Symlinking: /home/haejum-park/2026_IFAC/install/global_planner/share/global_planner/package.dsv
-- Up-to-date symlink: /home/haejum-park/2026_IFAC/install/global_planner/share/ament_index/resource_index/packages/global_planner
-- Up-to-date symlink: /home/haejum-park/2026_IFAC/install/global_planner/share/global_planner/cmake/global_plannerConfig.cmake
-- Up-to-date symlink: /home/haejum-park/2026_IFAC/install/global_planner/share/global_planner/cmake/global_plannerConfig-version.cmake
-- Up-to-date symlink: /home/haejum-park/2026_IFAC/install/global_planner/share/global_planner/package.xml
