[0.006s] Invoking command in '/home/haejum-park/2026_IFAC/build/wpnt_publisher': AMENT_PREFIX_PATH=/home/haejum-park/2026_IFAC/install/f110_msgs:${AMENT_PREFIX_PATH} CMAKE_PREFIX_PATH=/home/haejum-park/sim_ws/install/f1tenth_gym_ros:/home/haejum-park/install/launch_testing_examples:/home/haejum-park/install/examples_rclpy_pointcloud_publisher:/home/haejum-park/install/examples_rclpy_minimal_subscriber:/home/haejum-park/install/examples_rclpy_minimal_service:/home/haejum-park/install/examples_rclpy_minimal_publisher:/home/haejum-park/install/examples_rclpy_minimal_client:/home/haejum-park/install/examples_rclpy_minimal_action_server:/home/haejum-park/install/examples_rclpy_minimal_action_client:/home/haejum-park/install/examples_rclpy_guard_conditions:/home/haejum-park/install/examples_rclpy_executors:/opt/ros/humble:/home/haejum-park/2026_IFAC/install/f110_msgs:${CMAKE_PREFIX_PATH} LD_LIBRARY_PATH=/home/haejum-park/2026_IFAC/install/f110_msgs/lib:${LD_LIBRARY_PATH} PYTHONPATH=/home/haejum-park/2026_IFAC/install/f110_msgs/local/lib/python3.10/dist-packages:${PYTHONPATH} /usr/bin/cmake --build /home/haejum-park/2026_IFAC/build/wpnt_publisher -- -j14 -l14
[0.041s] [100%] Built target wpnt_publisher
[0.048s] Invoked command in '/home/haejum-park/2026_IFAC/build/wpnt_publisher' returned '0': AMENT_PREFIX_PATH=/home/haejum-park/2026_IFAC/install/f110_msgs:${AMENT_PREFIX_PATH} CMAKE_PREFIX_PATH=/home/haejum-park/sim_ws/install/f1tenth_gym_ros:/home/haejum-park/install/launch_testing_examples:/home/haejum-park/install/examples_rclpy_pointcloud_publisher:/home/haejum-park/install/examples_rclpy_minimal_subscriber:/home/haejum-park/install/examples_rclpy_minimal_service:/home/haejum-park/install/examples_rclpy_minimal_publisher:/home/haejum-park/install/examples_rclpy_minimal_client:/home/haejum-park/install/examples_rclpy_minimal_action_server:/home/haejum-park/install/examples_rclpy_minimal_action_client:/home/haejum-park/install/examples_rclpy_guard_conditions:/home/haejum-park/install/examples_rclpy_executors:/opt/ros/humble:/home/haejum-park/2026_IFAC/install/f110_msgs:${CMAKE_PREFIX_PATH} LD_LIBRARY_PATH=/home/haejum-park/2026_IFAC/install/f110_msgs/lib:${LD_LIBRARY_PATH} PYTHONPATH=/home/haejum-park/2026_IFAC/install/f110_msgs/local/lib/python3.10/dist-packages:${PYTHONPATH} /usr/bin/cmake --build /home/haejum-park/2026_IFAC/build/wpnt_publisher -- -j14 -l14
[0.049s] Invoking command in '/home/haejum-park/2026_IFAC/build/wpnt_publisher': AMENT_PREFIX_PATH=/home/haejum-park/2026_IFAC/install/f110_msgs:${AMENT_PREFIX_PATH} CMAKE_PREFIX_PATH=/home/haejum-park/sim_ws/install/f1tenth_gym_ros:/home/haejum-park/install/launch_testing_examples:/home/haejum-park/install/examples_rclpy_pointcloud_publisher:/home/haejum-park/install/examples_rclpy_minimal_subscriber:/home/haejum-park/install/examples_rclpy_minimal_service:/home/haejum-park/install/examples_rclpy_minimal_publisher:/home/haejum-park/install/examples_rclpy_minimal_client:/home/haejum-park/install/examples_rclpy_minimal_action_server:/home/haejum-park/install/examples_rclpy_minimal_action_client:/home/haejum-park/install/examples_rclpy_guard_conditions:/home/haejum-park/install/examples_rclpy_executors:/opt/ros/humble:/home/haejum-park/2026_IFAC/install/f110_msgs:${CMAKE_PREFIX_PATH} LD_LIBRARY_PATH=/home/haejum-park/2026_IFAC/install/f110_msgs/lib:${LD_LIBRARY_PATH} PYTHONPATH=/home/haejum-park/2026_IFAC/install/f110_msgs/local/lib/python3.10/dist-packages:${PYTHONPATH} /usr/bin/cmake --install /home/haejum-park/2026_IFAC/build/wpnt_publisher
[0.053s] -- Install configuration: ""
[0.053s] -- Execute custom install script
[0.054s] -- Up-to-date symlink: /home/haejum-park/2026_IFAC/install/wpnt_publisher/lib/wpnt_publisher/wpnt_publisher
[0.054s] -- Up-to-date symlink: /home/haejum-park/2026_IFAC/install/wpnt_publisher/share/ament_index/resource_index/package_run_dependencies/wpnt_publisher
[0.054s] -- Up-to-date symlink: /home/haejum-park/2026_IFAC/install/wpnt_publisher/share/ament_index/resource_index/parent_prefix_path/wpnt_publisher
[0.054s] -- Up-to-date symlink: /home/haejum-park/2026_IFAC/install/wpnt_publisher/share/wpnt_publisher/environment/ament_prefix_path.sh
[0.054s] -- Up-to-date symlink: /home/haejum-park/2026_IFAC/install/wpnt_publisher/share/wpnt_publisher/environment/ament_prefix_path.dsv
[0.054s] -- Up-to-date symlink: /home/haejum-park/2026_IFAC/install/wpnt_publisher/share/wpnt_publisher/environment/path.sh
[0.054s] -- Up-to-date symlink: /home/haejum-park/2026_IFAC/install/wpnt_publisher/share/wpnt_publisher/environment/path.dsv
[0.054s] -- Up-to-date symlink: /home/haejum-park/2026_IFAC/install/wpnt_publisher/share/wpnt_publisher/local_setup.bash
[0.054s] -- Up-to-date symlink: /home/haejum-park/2026_IFAC/install/wpnt_publisher/share/wpnt_publisher/local_setup.sh
[0.054s] -- Up-to-date symlink: /home/haejum-park/2026_IFAC/install/wpnt_publisher/share/wpnt_publisher/local_setup.zsh
[0.054s] -- Up-to-date symlink: /home/haejum-park/2026_IFAC/install/wpnt_publisher/share/wpnt_publisher/local_setup.dsv
[0.054s] -- Symlinking: /home/haejum-park/2026_IFAC/install/wpnt_publisher/share/wpnt_publisher/package.dsv
[0.060s] -- Up-to-date symlink: /home/haejum-park/2026_IFAC/install/wpnt_publisher/share/ament_index/resource_index/packages/wpnt_publisher
[0.060s] -- Up-to-date symlink: /home/haejum-park/2026_IFAC/install/wpnt_publisher/share/wpnt_publisher/cmake/wpnt_publisherConfig.cmake
[0.060s] -- Up-to-date symlink: /home/haejum-park/2026_IFAC/install/wpnt_publisher/share/wpnt_publisher/cmake/wpnt_publisherConfig-version.cmake
[0.060s] -- Up-to-date symlink: /home/haejum-park/2026_IFAC/install/wpnt_publisher/share/wpnt_publisher/package.xml
[0.061s] Invoked command in '/home/haejum-park/2026_IFAC/build/wpnt_publisher' returned '0': AMENT_PREFIX_PATH=/home/haejum-park/2026_IFAC/install/f110_msgs:${AMENT_PREFIX_PATH} CMAKE_PREFIX_PATH=/home/haejum-park/sim_ws/install/f1tenth_gym_ros:/home/haejum-park/install/launch_testing_examples:/home/haejum-park/install/examples_rclpy_pointcloud_publisher:/home/haejum-park/install/examples_rclpy_minimal_subscriber:/home/haejum-park/install/examples_rclpy_minimal_service:/home/haejum-park/install/examples_rclpy_minimal_publisher:/home/haejum-park/install/examples_rclpy_minimal_client:/home/haejum-park/install/examples_rclpy_minimal_action_server:/home/haejum-park/install/examples_rclpy_minimal_action_client:/home/haejum-park/install/examples_rclpy_guard_conditions:/home/haejum-park/install/examples_rclpy_executors:/opt/ros/humble:/home/haejum-park/2026_IFAC/install/f110_msgs:${CMAKE_PREFIX_PATH} LD_LIBRARY_PATH=/home/haejum-park/2026_IFAC/install/f110_msgs/lib:${LD_LIBRARY_PATH} PYTHONPATH=/home/haejum-park/2026_IFAC/install/f110_msgs/local/lib/python3.10/dist-packages:${PYTHONPATH} /usr/bin/cmake --install /home/haejum-park/2026_IFAC/build/wpnt_publisher
