-- Found ament_cmake: 1.3.12 (/opt/ros/humble/share/ament_cmake/cmake)
-- Override CMake install command with custom implementation using symlinks instead of copying resources
-- Found rclcpp: 16.0.17 (/opt/ros/humble/share/rclcpp/cmake)
-- Found rosidl_generator_c: 3.1.8 (/opt/ros/humble/share/rosidl_generator_c/cmake)
-- Found rosidl_adapter: 3.1.8 (/opt/ros/humble/share/rosidl_adapter/cmake)
-- Found rosidl_generator_cpp: 3.1.8 (/opt/ros/humble/share/rosidl_generator_cpp/cmake)
-- Using all available rosidl_typesupport_c: rosidl_typesupport_fastrtps_c;rosidl_typesupport_introspection_c
-- Using all available rosidl_typesupport_cpp: rosidl_typesupport_fastrtps_cpp;rosidl_typesupport_introspection_cpp
-- Found rmw_implementation_cmake: 6.1.2 (/opt/ros/humble/share/rmw_implementation_cmake/cmake)
-- Found rmw_fastrtps_cpp: 6.2.9 (/opt/ros/humble/share/rmw_fastrtps_cpp/cmake)
-- Using RMW implementation 'rmw_fastrtps_cpp' as default
-- Found rclcpp_components: 16.0.17 (/opt/ros/humble/share/rclcpp_components/cmake)
-- Found sensor_msgs: 4.9.0 (/opt/ros/humble/share/sensor_msgs/cmake)
-- Found nav_msgs: 4.9.0 (/opt/ros/humble/share/nav_msgs/cmake)
-- Found visualization_msgs: 4.9.0 (/opt/ros/humble/share/visualization_msgs/cmake)
-- Found tf2: 0.25.18 (/opt/ros/humble/share/tf2/cmake)
-- Found tf2_ros: 0.25.18 (/opt/ros/humble/share/tf2_ros/cmake)
-- Found tf2_geometry_msgs: 0.25.18 (/opt/ros/humble/share/tf2_geometry_msgs/cmake)
-- Found eigen3_cmake_module: 0.1.1 (/opt/ros/humble/share/eigen3_cmake_module/cmake)
-- Ensuring Eigen3 include directory is part of orocos-kdl CMake target
-- Found tf2_eigen: 0.25.18 (/opt/ros/humble/share/tf2_eigen/cmake)
-- Found angles: 1.15.0 (/opt/ros/humble/share/angles/cmake)
-- Found ament_lint_auto: 0.12.14 (/opt/ros/humble/share/ament_lint_auto/cmake)
-- Added test 'cppcheck' to perform static code analysis on C / C++ code
-- Configured cppcheck include dirs: /home/haejum-park/2026_IFAC/monte_carlo_localization/include
-- Configured cppcheck exclude dirs and/or files: 
-- Added test 'flake8' to check Python code syntax and style conventions
-- Added test 'lint_cmake' to check CMake code style
-- Added test 'pep257' to check Python code against some of the docstring style conventions in PEP 257
-- Added test 'uncrustify' to check C / C++ code style
-- Configured uncrustify additional arguments: 
-- Added test 'xmllint' to check XML markup files
-- Configuring done
-- Generating done
-- Build files have been written to: /home/haejum-park/2026_IFAC/build/particle_filter_cpp
[35m[1mConsolidate compiler generated dependencies of target particle_filter_cpp_lib[0m
[ 20%] [32mBuilding CXX object CMakeFiles/particle_filter_cpp_lib.dir/src/particle_filter.cpp.o[0m
[ 40%] [32m[1mLinking CXX shared library libparticle_filter_cpp_lib.so[0m
[ 60%] Built target particle_filter_cpp_lib
[35m[1mConsolidate compiler generated dependencies of target particle_filter_node[0m
[ 80%] [32mBuilding CXX object CMakeFiles/particle_filter_node.dir/src/particle_filter.cpp.o[0m
[100%] [32m[1mLinking CXX executable particle_filter_node[0m
[100%] Built target particle_filter_node
-- Install configuration: ""
-- Execute custom install script
-- Up-to-date symlink: /home/haejum-park/2026_IFAC/install/particle_filter_cpp/lib/libparticle_filter_cpp_lib.so
-- Up-to-date symlink: /home/haejum-park/2026_IFAC/install/particle_filter_cpp/lib/particle_filter_cpp/particle_filter_node
-- Up-to-date symlink: /home/haejum-park/2026_IFAC/install/particle_filter_cpp/include//particle_filter_cpp/particle_filter.hpp
-- Up-to-date symlink: /home/haejum-park/2026_IFAC/install/particle_filter_cpp/include//particle_filter_cpp/utils.hpp
-- Up-to-date symlink: /home/haejum-park/2026_IFAC/install/particle_filter_cpp/share/particle_filter_cpp/environment/library_path.sh
-- Up-to-date symlink: /home/haejum-park/2026_IFAC/install/particle_filter_cpp/share/particle_filter_cpp/environment/library_path.dsv
-- Up-to-date symlink: /home/haejum-park/2026_IFAC/install/particle_filter_cpp/share/ament_index/resource_index/package_run_dependencies/particle_filter_cpp
-- Up-to-date symlink: /home/haejum-park/2026_IFAC/install/particle_filter_cpp/share/ament_index/resource_index/parent_prefix_path/particle_filter_cpp
-- Up-to-date symlink: /home/haejum-park/2026_IFAC/install/particle_filter_cpp/share/particle_filter_cpp/environment/ament_prefix_path.sh
-- Up-to-date symlink: /home/haejum-park/2026_IFAC/install/particle_filter_cpp/share/particle_filter_cpp/environment/ament_prefix_path.dsv
-- Up-to-date symlink: /home/haejum-park/2026_IFAC/install/particle_filter_cpp/share/particle_filter_cpp/environment/path.sh
-- Up-to-date symlink: /home/haejum-park/2026_IFAC/install/particle_filter_cpp/share/particle_filter_cpp/environment/path.dsv
-- Up-to-date symlink: /home/haejum-park/2026_IFAC/install/particle_filter_cpp/share/particle_filter_cpp/local_setup.bash
-- Up-to-date symlink: /home/haejum-park/2026_IFAC/install/particle_filter_cpp/share/particle_filter_cpp/local_setup.sh
-- Up-to-date symlink: /home/haejum-park/2026_IFAC/install/particle_filter_cpp/share/particle_filter_cpp/local_setup.zsh
-- Up-to-date symlink: /home/haejum-park/2026_IFAC/install/particle_filter_cpp/share/particle_filter_cpp/local_setup.dsv
-- Symlinking: /home/haejum-park/2026_IFAC/install/particle_filter_cpp/share/particle_filter_cpp/package.dsv
-- Up-to-date symlink: /home/haejum-park/2026_IFAC/install/particle_filter_cpp/share/ament_index/resource_index/packages/particle_filter_cpp
-- Up-to-date symlink: /home/haejum-park/2026_IFAC/install/particle_filter_cpp/share/ament_index/resource_index/rclcpp_components/particle_filter_cpp
-- Up-to-date symlink: /home/haejum-park/2026_IFAC/install/particle_filter_cpp/share/particle_filter_cpp/cmake/ament_cmake_export_dependencies-extras.cmake
-- Up-to-date symlink: /home/haejum-park/2026_IFAC/install/particle_filter_cpp/share/particle_filter_cpp/cmake/ament_cmake_export_include_directories-extras.cmake
-- Up-to-date symlink: /home/haejum-park/2026_IFAC/install/particle_filter_cpp/share/particle_filter_cpp/cmake/ament_cmake_export_libraries-extras.cmake
-- Up-to-date symlink: /home/haejum-park/2026_IFAC/install/particle_filter_cpp/share/particle_filter_cpp/cmake/particle_filter_cppConfig.cmake
-- Up-to-date symlink: /home/haejum-park/2026_IFAC/install/particle_filter_cpp/share/particle_filter_cpp/cmake/particle_filter_cppConfig-version.cmake
-- Up-to-date symlink: /home/haejum-park/2026_IFAC/install/particle_filter_cpp/share/particle_filter_cpp/package.xml
-- Up-to-date: /home/haejum-park/2026_IFAC/install/particle_filter_cpp/share/particle_filter_cpp/launch/
-- Installing: /home/haejum-park/2026_IFAC/install/particle_filter_cpp/share/particle_filter_cpp/launch//mcl_launch.py
-- Up-to-date: /home/haejum-park/2026_IFAC/install/particle_filter_cpp/share/particle_filter_cpp/config/
-- Up-to-date: /home/haejum-park/2026_IFAC/install/particle_filter_cpp/share/particle_filter_cpp/config//mcl_config.yaml
-- Up-to-date: /home/haejum-park/2026_IFAC/install/particle_filter_cpp/share/particle_filter_cpp/maps/
-- Up-to-date: /home/haejum-park/2026_IFAC/install/particle_filter_cpp/share/particle_filter_cpp/maps//map_1753950572.pgm
-- Up-to-date: /home/haejum-park/2026_IFAC/install/particle_filter_cpp/share/particle_filter_cpp/maps//redbull_1.yaml
-- Up-to-date: /home/haejum-park/2026_IFAC/install/particle_filter_cpp/share/particle_filter_cpp/maps//Spielberg_map.yaml
-- Up-to-date: /home/haejum-park/2026_IFAC/install/particle_filter_cpp/share/particle_filter_cpp/maps//fuck_f1.yaml
-- Up-to-date: /home/haejum-park/2026_IFAC/install/particle_filter_cpp/share/particle_filter_cpp/maps//new_map1.png
-- Up-to-date: /home/haejum-park/2026_IFAC/install/particle_filter_cpp/share/particle_filter_cpp/maps//map_1755669035.pgm
-- Up-to-date: /home/haejum-park/2026_IFAC/install/particle_filter_cpp/share/particle_filter_cpp/maps//fuck_jg_1.pgm
-- Up-to-date: /home/haejum-park/2026_IFAC/install/particle_filter_cpp/share/particle_filter_cpp/maps//fuck_f1.pgm
-- Up-to-date: /home/haejum-park/2026_IFAC/install/particle_filter_cpp/share/particle_filter_cpp/maps//fmap.png
-- Up-to-date: /home/haejum-park/2026_IFAC/install/particle_filter_cpp/share/particle_filter_cpp/maps//sibal1.yaml
-- Up-to-date: /home/haejum-park/2026_IFAC/install/particle_filter_cpp/share/particle_filter_cpp/maps//levine.pgm
-- Up-to-date: /home/haejum-park/2026_IFAC/install/particle_filter_cpp/share/particle_filter_cpp/maps//levine.yaml
-- Up-to-date: /home/haejum-park/2026_IFAC/install/particle_filter_cpp/share/particle_filter_cpp/maps//map_1755669035.yaml
-- Up-to-date: /home/haejum-park/2026_IFAC/install/particle_filter_cpp/share/particle_filter_cpp/maps//test_map.pgm
-- Up-to-date: /home/haejum-park/2026_IFAC/install/particle_filter_cpp/share/particle_filter_cpp/maps//oct_25_1.yaml
-- Up-to-date: /home/haejum-park/2026_IFAC/install/particle_filter_cpp/share/particle_filter_cpp/maps//test_map.yaml
-- Up-to-date: /home/haejum-park/2026_IFAC/install/particle_filter_cpp/share/particle_filter_cpp/maps//oct_25_1.pgm
-- Up-to-date: /home/haejum-park/2026_IFAC/install/particle_filter_cpp/share/particle_filter_cpp/maps//slam_map.png
-- Up-to-date: /home/haejum-park/2026_IFAC/install/particle_filter_cpp/share/particle_filter_cpp/maps//redbull_1.png
-- Up-to-date: /home/haejum-park/2026_IFAC/install/particle_filter_cpp/share/particle_filter_cpp/maps//Spielberg_map.png
-- Up-to-date: /home/haejum-park/2026_IFAC/install/particle_filter_cpp/share/particle_filter_cpp/maps//first_map.yaml
-- Up-to-date: /home/haejum-park/2026_IFAC/install/particle_filter_cpp/share/particle_filter_cpp/maps//icra_2_clean.png
-- Up-to-date: /home/haejum-park/2026_IFAC/install/particle_filter_cpp/share/particle_filter_cpp/maps//sibal1.png
-- Up-to-date: /home/haejum-park/2026_IFAC/install/particle_filter_cpp/share/particle_filter_cpp/maps//basement_fixed.png
-- Up-to-date: /home/haejum-park/2026_IFAC/install/particle_filter_cpp/share/particle_filter_cpp/maps//f2map.yaml
-- Up-to-date: /home/haejum-park/2026_IFAC/install/particle_filter_cpp/share/particle_filter_cpp/maps//basement_fixed.map.yaml
-- Up-to-date: /home/haejum-park/2026_IFAC/install/particle_filter_cpp/share/particle_filter_cpp/maps//icra_2_clean.yaml
-- Up-to-date: /home/haejum-park/2026_IFAC/install/particle_filter_cpp/share/particle_filter_cpp/maps//labtest.yaml
-- Up-to-date: /home/haejum-park/2026_IFAC/install/particle_filter_cpp/share/particle_filter_cpp/maps//first_map.pgm
-- Up-to-date: /home/haejum-park/2026_IFAC/install/particle_filter_cpp/share/particle_filter_cpp/maps//map_1753950572.yaml
-- Up-to-date: /home/haejum-park/2026_IFAC/install/particle_filter_cpp/share/particle_filter_cpp/maps//slam_map.yaml
-- Up-to-date: /home/haejum-park/2026_IFAC/install/particle_filter_cpp/share/particle_filter_cpp/maps//f2map.pgm
-- Up-to-date: /home/haejum-park/2026_IFAC/install/particle_filter_cpp/share/particle_filter_cpp/maps//labtest.pgm
-- Up-to-date: /home/haejum-park/2026_IFAC/install/particle_filter_cpp/share/particle_filter_cpp/maps//fuck_jg_1.yaml
-- Up-to-date: /home/haejum-park/2026_IFAC/install/particle_filter_cpp/share/particle_filter_cpp/maps//new_map1.yaml
-- Up-to-date: /home/haejum-park/2026_IFAC/install/particle_filter_cpp/share/particle_filter_cpp/maps//fmap.yaml
-- Up-to-date: /home/haejum-park/2026_IFAC/install/particle_filter_cpp/share/particle_filter_cpp/rviz/
-- Up-to-date: /home/haejum-park/2026_IFAC/install/particle_filter_cpp/share/particle_filter_cpp/rviz//particle_filter.rviz
