[0.523s] Invoking command in '/home/haejum-park/2026_IFAC/build/lap_timer': PYTHONPATH=/home/haejum-park/2026_IFAC/build/lap_timer/prefix_override:/usr/lib/python3/dist-packages/colcon_core/task/python/colcon_distutils_commands:/home/haejum-park/2026_IFAC/install/lap_timer/lib/python3.10/site-packages:${PYTHONPATH} /usr/bin/python3 -W ignore:setup.py install is deprecated -W ignore:easy_install command is deprecated setup.py develop --editable --build-directory /home/haejum-park/2026_IFAC/build/lap_timer/build --no-deps symlink_data
[0.655s] running develop
[0.720s] running egg_info
[0.720s] creating lap_timer.egg-info
[0.720s] writing lap_timer.egg-info/PKG-INFO
[0.720s] writing dependency_links to lap_timer.egg-info/dependency_links.txt
[0.720s] writing entry points to lap_timer.egg-info/entry_points.txt
[0.720s] writing requirements to lap_timer.egg-info/requires.txt
[0.720s] writing top-level names to lap_timer.egg-info/top_level.txt
[0.720s] writing manifest file 'lap_timer.egg-info/SOURCES.txt'
[0.721s] reading manifest file 'lap_timer.egg-info/SOURCES.txt'
[0.721s] writing manifest file 'lap_timer.egg-info/SOURCES.txt'
[0.722s] running build_ext
[0.722s] Creating /home/haejum-park/2026_IFAC/install/lap_timer/lib/python3.10/site-packages/lap-timer.egg-link (link to .)
[0.722s] Installing lap_timer script to /home/haejum-park/2026_IFAC/install/lap_timer/lib/lap_timer
[0.722s] 
[0.722s] Installed /home/haejum-park/2026_IFAC/build/lap_timer
[0.722s] running symlink_data
[0.723s] creating /home/haejum-park/2026_IFAC/install/lap_timer/share/ament_index
[0.723s] creating /home/haejum-park/2026_IFAC/install/lap_timer/share/ament_index/resource_index
[0.723s] creating /home/haejum-park/2026_IFAC/install/lap_timer/share/ament_index/resource_index/packages
[0.723s] symbolically linking /home/haejum-park/2026_IFAC/build/lap_timer/resource/lap_timer -> /home/haejum-park/2026_IFAC/install/lap_timer/share/ament_index/resource_index/packages
[0.723s] symbolically linking /home/haejum-park/2026_IFAC/build/lap_timer/package.xml -> /home/haejum-park/2026_IFAC/install/lap_timer/share/lap_timer
[0.723s] creating /home/haejum-park/2026_IFAC/install/lap_timer/share/lap_timer/launch
[0.723s] symbolically linking /home/haejum-park/2026_IFAC/build/lap_timer/launch/lap_timer.launch.py -> /home/haejum-park/2026_IFAC/install/lap_timer/share/lap_timer/launch
[0.723s] creating /home/haejum-park/2026_IFAC/install/lap_timer/share/lap_timer/config
[0.723s] symbolically linking /home/haejum-park/2026_IFAC/build/lap_timer/config/params.yaml -> /home/haejum-park/2026_IFAC/install/lap_timer/share/lap_timer/config
[0.723s] creating /home/haejum-park/2026_IFAC/install/lap_timer/share/lap_timer/rviz
[0.723s] symbolically linking /home/haejum-park/2026_IFAC/build/lap_timer/rviz/lap_hud.rviz -> /home/haejum-park/2026_IFAC/install/lap_timer/share/lap_timer/rviz
[0.740s] Invoked command in '/home/haejum-park/2026_IFAC/build/lap_timer' returned '0': PYTHONPATH=/home/haejum-park/2026_IFAC/build/lap_timer/prefix_override:/usr/lib/python3/dist-packages/colcon_core/task/python/colcon_distutils_commands:/home/haejum-park/2026_IFAC/install/lap_timer/lib/python3.10/site-packages:${PYTHONPATH} /usr/bin/python3 -W ignore:setup.py install is deprecated -W ignore:easy_install command is deprecated setup.py develop --editable --build-directory /home/haejum-park/2026_IFAC/build/lap_timer/build --no-deps symlink_data
