-- Found ament_cmake: 1.3.12 (/opt/ros/humble/share/ament_cmake/cmake)
-- Override CMake install command with custom implementation using symlinks instead of copying resources
-- Found rclcpp: 16.0.17 (/opt/ros/humble/share/rclcpp/cmake)
-- Found rosidl_generator_c: 3.1.8 (/opt/ros/humble/share/rosidl_generator_c/cmake)
-- Found rosidl_adapter: 3.1.8 (/opt/ros/humble/share/rosidl_adapter/cmake)
-- Found rosidl_generator_cpp: 3.1.8 (/opt/ros/humble/share/rosidl_generator_cpp/cmake)
-- Using all available rosidl_typesupport_c: rosidl_typesupport_fastrtps_c;rosidl_typesupport_introspection_c
-- Using all available rosidl_typesupport_cpp: rosidl_typesupport_fastrtps_cpp;rosidl_typesupport_introspection_cpp
-- Found rmw_implementation_cmake: 6.1.2 (/opt/ros/humble/share/rmw_implementation_cmake/cmake)
-- Found rmw_fastrtps_cpp: 6.2.9 (/opt/ros/humble/share/rmw_fastrtps_cpp/cmake)
-- Using RMW implementation 'rmw_fastrtps_cpp' as default
-- Found nav_msgs: 4.9.0 (/opt/ros/humble/share/nav_msgs/cmake)
-- Found f110_msgs: 0.0.1 (/home/haejum-park/2026_IFAC/install/f110_msgs/share/f110_msgs/cmake)
-- Configuring done
-- Generating done
-- Build files have been written to: /home/haejum-park/2026_IFAC/build/wpnt_publisher
[ 50%] [32mBuilding CXX object CMakeFiles/wpnt_publisher.dir/src/wpnt_publisher.cpp.o[0m
[100%] [32m[1mLinking CXX executable wpnt_publisher[0m
[100%] Built target wpnt_publisher
-- Install configuration: ""
-- Execute custom install script
-- Symlinking: /home/haejum-park/2026_IFAC/install/wpnt_publisher/lib/wpnt_publisher/wpnt_publisher
-- Symlinking: /home/haejum-park/2026_IFAC/install/wpnt_publisher/share/ament_index/resource_index/package_run_dependencies/wpnt_publisher
-- Symlinking: /home/haejum-park/2026_IFAC/install/wpnt_publisher/share/ament_index/resource_index/parent_prefix_path/wpnt_publisher
-- Symlinking: /home/haejum-park/2026_IFAC/install/wpnt_publisher/share/wpnt_publisher/environment/ament_prefix_path.sh
-- Symlinking: /home/haejum-park/2026_IFAC/install/wpnt_publisher/share/wpnt_publisher/environment/ament_prefix_path.dsv
-- Symlinking: /home/haejum-park/2026_IFAC/install/wpnt_publisher/share/wpnt_publisher/environment/path.sh
-- Symlinking: /home/haejum-park/2026_IFAC/install/wpnt_publisher/share/wpnt_publisher/environment/path.dsv
-- Symlinking: /home/haejum-park/2026_IFAC/install/wpnt_publisher/share/wpnt_publisher/local_setup.bash
-- Symlinking: /home/haejum-park/2026_IFAC/install/wpnt_publisher/share/wpnt_publisher/local_setup.sh
-- Symlinking: /home/haejum-park/2026_IFAC/install/wpnt_publisher/share/wpnt_publisher/local_setup.zsh
-- Symlinking: /home/haejum-park/2026_IFAC/install/wpnt_publisher/share/wpnt_publisher/local_setup.dsv
-- Symlinking: /home/haejum-park/2026_IFAC/install/wpnt_publisher/share/wpnt_publisher/package.dsv
-- Symlinking: /home/haejum-park/2026_IFAC/install/wpnt_publisher/share/ament_index/resource_index/packages/wpnt_publisher
-- Symlinking: /home/haejum-park/2026_IFAC/install/wpnt_publisher/share/wpnt_publisher/cmake/wpnt_publisherConfig.cmake
-- Symlinking: /home/haejum-park/2026_IFAC/install/wpnt_publisher/share/wpnt_publisher/cmake/wpnt_publisherConfig-version.cmake
-- Symlinking: /home/haejum-park/2026_IFAC/install/wpnt_publisher/share/wpnt_publisher/package.xml
