[0.006s] Invoking command in '/home/haejum-park/2026_IFAC/build/wpnt_publisher': CMAKE_PREFIX_PATH=/home/haejum-park/2026_IFAC/install/new_map_con:/home/haejum-park/2026_IFAC/install/lap_timer:/home/haejum-park/sim_ws/install/f1tenth_gym_ros:/home/haejum-park/install/launch_testing_examples:/home/haejum-park/install/examples_rclpy_pointcloud_publisher:/home/haejum-park/install/examples_rclpy_minimal_subscriber:/home/haejum-park/install/examples_rclpy_minimal_service:/home/haejum-park/install/examples_rclpy_minimal_publisher:/home/haejum-park/install/examples_rclpy_minimal_client:/home/haejum-park/install/examples_rclpy_minimal_action_server:/home/haejum-park/install/examples_rclpy_minimal_action_client:/home/haejum-park/install/examples_rclpy_guard_conditions:/home/haejum-park/install/examples_rclpy_executors:/opt/ros/humble:${CMAKE_PREFIX_PATH} /usr/bin/cmake /home/haejum-park/2026_IFAC/wpnt_publisher -DAMENT_CMAKE_SYMLINK_INSTALL=1 -DCMAKE_INSTALL_PREFIX=/home/haejum-park/2026_IFAC/install/wpnt_publisher
[0.013s] -- Found ament_cmake: 1.3.12 (/opt/ros/humble/share/ament_cmake/cmake)
[0.094s] -- Override CMake install command with custom implementation using symlinks instead of copying resources
[0.098s] -- Found rclcpp: 16.0.17 (/opt/ros/humble/share/rclcpp/cmake)
[0.115s] -- Found rosidl_generator_c: 3.1.8 (/opt/ros/humble/share/rosidl_generator_c/cmake)
[0.116s] -- Found rosidl_adapter: 3.1.8 (/opt/ros/humble/share/rosidl_adapter/cmake)
[0.119s] -- Found rosidl_generator_cpp: 3.1.8 (/opt/ros/humble/share/rosidl_generator_cpp/cmake)
[0.125s] -- Using all available rosidl_typesupport_c: rosidl_typesupport_fastrtps_c;rosidl_typesupport_introspection_c
[0.131s] -- Using all available rosidl_typesupport_cpp: rosidl_typesupport_fastrtps_cpp;rosidl_typesupport_introspection_cpp
[0.148s] -- Found rmw_implementation_cmake: 6.1.2 (/opt/ros/humble/share/rmw_implementation_cmake/cmake)
[0.149s] -- Found rmw_fastrtps_cpp: 6.2.9 (/opt/ros/humble/share/rmw_fastrtps_cpp/cmake)
[0.221s] -- Using RMW implementation 'rmw_fastrtps_cpp' as default
[0.244s] -- Found nav_msgs: 4.9.0 (/opt/ros/humble/share/nav_msgs/cmake)
[0.256s] -- Found f110_msgs: 0.0.1 (/home/haejum-park/2026_IFAC/install/f110_msgs/share/f110_msgs/cmake)
[0.309s] -- Configuring done
[0.313s] -- Generating done
[0.314s] -- Build files have been written to: /home/haejum-park/2026_IFAC/build/wpnt_publisher
[0.318s] Invoked command in '/home/haejum-park/2026_IFAC/build/wpnt_publisher' returned '0': CMAKE_PREFIX_PATH=/home/haejum-park/2026_IFAC/install/new_map_con:/home/haejum-park/2026_IFAC/install/lap_timer:/home/haejum-park/sim_ws/install/f1tenth_gym_ros:/home/haejum-park/install/launch_testing_examples:/home/haejum-park/install/examples_rclpy_pointcloud_publisher:/home/haejum-park/install/examples_rclpy_minimal_subscriber:/home/haejum-park/install/examples_rclpy_minimal_service:/home/haejum-park/install/examples_rclpy_minimal_publisher:/home/haejum-park/install/examples_rclpy_minimal_client:/home/haejum-park/install/examples_rclpy_minimal_action_server:/home/haejum-park/install/examples_rclpy_minimal_action_client:/home/haejum-park/install/examples_rclpy_guard_conditions:/home/haejum-park/install/examples_rclpy_executors:/opt/ros/humble:${CMAKE_PREFIX_PATH} /usr/bin/cmake /home/haejum-park/2026_IFAC/wpnt_publisher -DAMENT_CMAKE_SYMLINK_INSTALL=1 -DCMAKE_INSTALL_PREFIX=/home/haejum-park/2026_IFAC/install/wpnt_publisher
[0.320s] Invoking command in '/home/haejum-park/2026_IFAC/build/wpnt_publisher': CMAKE_PREFIX_PATH=/home/haejum-park/2026_IFAC/install/new_map_con:/home/haejum-park/2026_IFAC/install/lap_timer:/home/haejum-park/sim_ws/install/f1tenth_gym_ros:/home/haejum-park/install/launch_testing_examples:/home/haejum-park/install/examples_rclpy_pointcloud_publisher:/home/haejum-park/install/examples_rclpy_minimal_subscriber:/home/haejum-park/install/examples_rclpy_minimal_service:/home/haejum-park/install/examples_rclpy_minimal_publisher:/home/haejum-park/install/examples_rclpy_minimal_client:/home/haejum-park/install/examples_rclpy_minimal_action_server:/home/haejum-park/install/examples_rclpy_minimal_action_client:/home/haejum-park/install/examples_rclpy_guard_conditions:/home/haejum-park/install/examples_rclpy_executors:/opt/ros/humble:${CMAKE_PREFIX_PATH} /usr/bin/cmake --build /home/haejum-park/2026_IFAC/build/wpnt_publisher -- -j14 -l14
[0.347s] [ 50%] [32mBuilding CXX object CMakeFiles/wpnt_publisher.dir/src/wpnt_publisher.cpp.o[0m
[7.189s] [100%] [32m[1mLinking CXX executable wpnt_publisher[0m
[7.510s] [100%] Built target wpnt_publisher
[7.516s] Invoked command in '/home/haejum-park/2026_IFAC/build/wpnt_publisher' returned '0': CMAKE_PREFIX_PATH=/home/haejum-park/2026_IFAC/install/new_map_con:/home/haejum-park/2026_IFAC/install/lap_timer:/home/haejum-park/sim_ws/install/f1tenth_gym_ros:/home/haejum-park/install/launch_testing_examples:/home/haejum-park/install/examples_rclpy_pointcloud_publisher:/home/haejum-park/install/examples_rclpy_minimal_subscriber:/home/haejum-park/install/examples_rclpy_minimal_service:/home/haejum-park/install/examples_rclpy_minimal_publisher:/home/haejum-park/install/examples_rclpy_minimal_client:/home/haejum-park/install/examples_rclpy_minimal_action_server:/home/haejum-park/install/examples_rclpy_minimal_action_client:/home/haejum-park/install/examples_rclpy_guard_conditions:/home/haejum-park/install/examples_rclpy_executors:/opt/ros/humble:${CMAKE_PREFIX_PATH} /usr/bin/cmake --build /home/haejum-park/2026_IFAC/build/wpnt_publisher -- -j14 -l14
[7.517s] Invoking command in '/home/haejum-park/2026_IFAC/build/wpnt_publisher': CMAKE_PREFIX_PATH=/home/haejum-park/2026_IFAC/install/new_map_con:/home/haejum-park/2026_IFAC/install/lap_timer:/home/haejum-park/sim_ws/install/f1tenth_gym_ros:/home/haejum-park/install/launch_testing_examples:/home/haejum-park/install/examples_rclpy_pointcloud_publisher:/home/haejum-park/install/examples_rclpy_minimal_subscriber:/home/haejum-park/install/examples_rclpy_minimal_service:/home/haejum-park/install/examples_rclpy_minimal_publisher:/home/haejum-park/install/examples_rclpy_minimal_client:/home/haejum-park/install/examples_rclpy_minimal_action_server:/home/haejum-park/install/examples_rclpy_minimal_action_client:/home/haejum-park/install/examples_rclpy_guard_conditions:/home/haejum-park/install/examples_rclpy_executors:/opt/ros/humble:${CMAKE_PREFIX_PATH} /usr/bin/cmake --install /home/haejum-park/2026_IFAC/build/wpnt_publisher
[7.521s] -- Install configuration: ""
[7.522s] -- Execute custom install script
[7.522s] -- Symlinking: /home/haejum-park/2026_IFAC/install/wpnt_publisher/lib/wpnt_publisher/wpnt_publisher
[7.526s] -- Symlinking: /home/haejum-park/2026_IFAC/install/wpnt_publisher/share/ament_index/resource_index/package_run_dependencies/wpnt_publisher
[7.531s] -- Symlinking: /home/haejum-park/2026_IFAC/install/wpnt_publisher/share/ament_index/resource_index/parent_prefix_path/wpnt_publisher
[7.535s] -- Symlinking: /home/haejum-park/2026_IFAC/install/wpnt_publisher/share/wpnt_publisher/environment/ament_prefix_path.sh
[7.539s] -- Symlinking: /home/haejum-park/2026_IFAC/install/wpnt_publisher/share/wpnt_publisher/environment/ament_prefix_path.dsv
[7.543s] -- Symlinking: /home/haejum-park/2026_IFAC/install/wpnt_publisher/share/wpnt_publisher/environment/path.sh
[7.548s] -- Symlinking: /home/haejum-park/2026_IFAC/install/wpnt_publisher/share/wpnt_publisher/environment/path.dsv
[7.553s] -- Symlinking: /home/haejum-park/2026_IFAC/install/wpnt_publisher/share/wpnt_publisher/local_setup.bash
[7.557s] -- Symlinking: /home/haejum-park/2026_IFAC/install/wpnt_publisher/share/wpnt_publisher/local_setup.sh
[7.561s] -- Symlinking: /home/haejum-park/2026_IFAC/install/wpnt_publisher/share/wpnt_publisher/local_setup.zsh
[7.565s] -- Symlinking: /home/haejum-park/2026_IFAC/install/wpnt_publisher/share/wpnt_publisher/local_setup.dsv
[7.569s] -- Symlinking: /home/haejum-park/2026_IFAC/install/wpnt_publisher/share/wpnt_publisher/package.dsv
[7.573s] -- Symlinking: /home/haejum-park/2026_IFAC/install/wpnt_publisher/share/ament_index/resource_index/packages/wpnt_publisher
[7.577s] -- Symlinking: /home/haejum-park/2026_IFAC/install/wpnt_publisher/share/wpnt_publisher/cmake/wpnt_publisherConfig.cmake
[7.581s] -- Symlinking: /home/haejum-park/2026_IFAC/install/wpnt_publisher/share/wpnt_publisher/cmake/wpnt_publisherConfig-version.cmake
[7.585s] -- Symlinking: /home/haejum-park/2026_IFAC/install/wpnt_publisher/share/wpnt_publisher/package.xml
[7.590s] Invoked command in '/home/haejum-park/2026_IFAC/build/wpnt_publisher' returned '0': CMAKE_PREFIX_PATH=/home/haejum-park/2026_IFAC/install/new_map_con:/home/haejum-park/2026_IFAC/install/lap_timer:/home/haejum-park/sim_ws/install/f1tenth_gym_ros:/home/haejum-park/install/launch_testing_examples:/home/haejum-park/install/examples_rclpy_pointcloud_publisher:/home/haejum-park/install/examples_rclpy_minimal_subscriber:/home/haejum-park/install/examples_rclpy_minimal_service:/home/haejum-park/install/examples_rclpy_minimal_publisher:/home/haejum-park/install/examples_rclpy_minimal_client:/home/haejum-park/install/examples_rclpy_minimal_action_server:/home/haejum-park/install/examples_rclpy_minimal_action_client:/home/haejum-park/install/examples_rclpy_guard_conditions:/home/haejum-park/install/examples_rclpy_executors:/opt/ros/humble:${CMAKE_PREFIX_PATH} /usr/bin/cmake --install /home/haejum-park/2026_IFAC/build/wpnt_publisher
