[0.608s] Invoking command in '/home/haejum-park/2026_IFAC/build/amcl_localization': PYTHONPATH=/home/haejum-park/2026_IFAC/build/amcl_localization/prefix_override:/usr/lib/python3/dist-packages/colcon_core/task/python/colcon_distutils_commands:/home/haejum-park/2026_IFAC/install/amcl_localization/lib/python3.10/site-packages:${PYTHONPATH} /usr/bin/python3 -W ignore:setup.py install is deprecated -W ignore:easy_install command is deprecated setup.py develop --uninstall --editable --build-directory /home/haejum-park/2026_IFAC/build/amcl_localization/build
[0.737s] running develop
[0.809s] Removing /home/haejum-park/2026_IFAC/install/amcl_localization/lib/python3.10/site-packages/amcl-localization.egg-link (link to .)
[0.829s] Invoked command in '/home/haejum-park/2026_IFAC/build/amcl_localization' returned '0': PYTHONPATH=/home/haejum-park/2026_IFAC/build/amcl_localization/prefix_override:/usr/lib/python3/dist-packages/colcon_core/task/python/colcon_distutils_commands:/home/haejum-park/2026_IFAC/install/amcl_localization/lib/python3.10/site-packages:${PYTHONPATH} /usr/bin/python3 -W ignore:setup.py install is deprecated -W ignore:easy_install command is deprecated setup.py develop --uninstall --editable --build-directory /home/haejum-park/2026_IFAC/build/amcl_localization/build
[0.830s] Invoking command in '/home/haejum-park/2026_IFAC/amcl_localization': PYTHONPATH=/home/haejum-park/2026_IFAC/build/amcl_localization/prefix_override:/usr/lib/python3/dist-packages/colcon_core/task/python/colcon_distutils_commands:/home/haejum-park/2026_IFAC/install/amcl_localization/lib/python3.10/site-packages:${PYTHONPATH} /usr/bin/python3 -W ignore:setup.py install is deprecated -W ignore:easy_install command is deprecated setup.py egg_info --egg-base ../build/amcl_localization build --build-base /home/haejum-park/2026_IFAC/build/amcl_localization/build install --record /home/haejum-park/2026_IFAC/build/amcl_localization/install.log --single-version-externally-managed install_data --force
[0.958s] running egg_info
[0.958s] writing ../build/amcl_localization/amcl_localization.egg-info/PKG-INFO
[0.958s] writing dependency_links to ../build/amcl_localization/amcl_localization.egg-info/dependency_links.txt
[0.958s] writing entry points to ../build/amcl_localization/amcl_localization.egg-info/entry_points.txt
[0.958s] writing requirements to ../build/amcl_localization/amcl_localization.egg-info/requires.txt
[0.958s] writing top-level names to ../build/amcl_localization/amcl_localization.egg-info/top_level.txt
[0.958s] package init file 'amcl_localization/__init__.py' not found (or not a regular file)
[0.959s] reading manifest file '../build/amcl_localization/amcl_localization.egg-info/SOURCES.txt'
[0.959s] writing manifest file '../build/amcl_localization/amcl_localization.egg-info/SOURCES.txt'
[0.959s] running build
[0.959s] running build_py
[0.959s] running install
[0.959s] warning: install_lib: '/home/haejum-park/2026_IFAC/build/amcl_localization/build/lib' does not exist -- no Python modules to install
[0.959s] 
[0.959s] running install_lib
[0.959s] running install_data
[0.960s] copying resource/amcl_localization -> /home/haejum-park/2026_IFAC/install/amcl_localization/share/ament_index/resource_index/packages
[0.960s] copying package.xml -> /home/haejum-park/2026_IFAC/install/amcl_localization/share/amcl_localization
[0.960s] copying launch/localization_launch.py -> /home/haejum-park/2026_IFAC/install/amcl_localization/share/amcl_localization/launch
[0.960s] copying config/amcl.yaml -> /home/haejum-park/2026_IFAC/install/amcl_localization/share/amcl_localization/config
[0.960s] copying config/lifecycle_manager.yaml -> /home/haejum-park/2026_IFAC/install/amcl_localization/share/amcl_localization/config
[0.960s] copying config/map_server.yaml -> /home/haejum-park/2026_IFAC/install/amcl_localization/share/amcl_localization/config
[0.960s] running install_egg_info
[0.960s] Copying ../build/amcl_localization/amcl_localization.egg-info to /home/haejum-park/2026_IFAC/install/amcl_localization/lib/python3.10/site-packages/amcl_localization-0.0.1-py3.10.egg-info
[0.961s] running install_scripts
[0.971s] writing list of installed files to '/home/haejum-park/2026_IFAC/build/amcl_localization/install.log'
[0.986s] Invoked command in '/home/haejum-park/2026_IFAC/amcl_localization' returned '0': PYTHONPATH=/home/haejum-park/2026_IFAC/build/amcl_localization/prefix_override:/usr/lib/python3/dist-packages/colcon_core/task/python/colcon_distutils_commands:/home/haejum-park/2026_IFAC/install/amcl_localization/lib/python3.10/site-packages:${PYTHONPATH} /usr/bin/python3 -W ignore:setup.py install is deprecated -W ignore:easy_install command is deprecated setup.py egg_info --egg-base ../build/amcl_localization build --build-base /home/haejum-park/2026_IFAC/build/amcl_localization/build install --record /home/haejum-park/2026_IFAC/build/amcl_localization/install.log --single-version-externally-managed install_data --force
