[0.053s] DEBUG:colcon:Command line arguments: ['/usr/bin/colcon', 'build', '--symlink-install']
[0.053s] DEBUG:colcon:Parsed command line arguments: Namespace(log_base=None, log_level=None, verb_name='build', build_base='build', install_base='install', merge_install=False, symlink_install=True, test_result_base=None, continue_on_error=False, executor='parallel', parallel_workers=14, event_handlers=None, ignore_user_meta=False, metas=['./colcon.meta'], base_paths=['.'], packages_ignore=None, packages_ignore_regex=None, paths=None, packages_up_to=None, packages_up_to_regex=None, packages_above=None, packages_above_and_dependencies=None, packages_above_depth=None, packages_select_by_dep=None, packages_skip_by_dep=None, packages_skip_up_to=None, packages_select_build_failed=False, packages_skip_build_finished=False, packages_select_test_failures=False, packages_skip_test_passed=False, packages_select=None, packages_skip=None, packages_select_regex=None, packages_skip_regex=None, packages_start=None, packages_end=None, allow_overriding=[], cmake_args=None, cmake_target=None, cmake_target_skip_unavailable=False, cmake_clean_cache=False, cmake_clean_first=False, cmake_force_configure=False, ament_cmake_args=None, catkin_cmake_args=None, catkin_skip_building_tests=False, mixin_files=None, mixin=None, verb_parser=<colcon_mixin.mixin.mixin_argument.MixinArgumentDecorator object at 0x7c68ad5c2710>, verb_extension=<colcon_core.verb.build.BuildVerb object at 0x7c68ad5c1c90>, main=<bound method BuildVerb.main of <colcon_core.verb.build.BuildVerb object at 0x7c68ad5c1c90>>, mixin_verb=('build',))
[0.131s] Level 1:colcon.colcon_core.package_discovery:discover_packages(colcon_meta) check parameters
[0.131s] Level 1:colcon.colcon_core.package_discovery:discover_packages(recursive) check parameters
[0.131s] Level 1:colcon.colcon_core.package_discovery:discover_packages(ignore) check parameters
[0.131s] Level 1:colcon.colcon_core.package_discovery:discover_packages(path) check parameters
[0.131s] Level 1:colcon.colcon_core.package_discovery:discover_packages(colcon_meta) discover
[0.131s] Level 1:colcon.colcon_core.package_discovery:discover_packages(recursive) discover
[0.131s] INFO:colcon.colcon_core.package_discovery:Crawling recursively for packages in '/home/haejum-park/2026_IFAC'
[0.131s] Level 1:colcon.colcon_core.package_identification:_identify(.) by extensions ['ignore', 'ignore_ament_install']
[0.131s] Level 1:colcon.colcon_core.package_identification:_identify(.) by extension 'ignore'
[0.131s] Level 1:colcon.colcon_core.package_identification:_identify(.) by extension 'ignore_ament_install'
[0.131s] Level 1:colcon.colcon_core.package_identification:_identify(.) by extensions ['colcon_pkg']
[0.131s] Level 1:colcon.colcon_core.package_identification:_identify(.) by extension 'colcon_pkg'
[0.131s] Level 1:colcon.colcon_core.package_identification:_identify(.) by extensions ['colcon_meta']
[0.131s] Level 1:colcon.colcon_core.package_identification:_identify(.) by extension 'colcon_meta'
[0.131s] Level 1:colcon.colcon_core.package_identification:_identify(.) by extensions ['ros']
[0.131s] Level 1:colcon.colcon_core.package_identification:_identify(.) by extension 'ros'
[0.141s] Level 1:colcon.colcon_core.package_identification:_identify(.) by extensions ['cmake', 'python']
[0.141s] Level 1:colcon.colcon_core.package_identification:_identify(.) by extension 'cmake'
[0.141s] Level 1:colcon.colcon_core.package_identification:_identify(.) by extension 'python'
[0.141s] Level 1:colcon.colcon_core.package_identification:_identify(.) by extensions ['python_setup_py']
[0.141s] Level 1:colcon.colcon_core.package_identification:_identify(.) by extension 'python_setup_py'
[0.141s] Level 1:colcon.colcon_core.package_identification:_identify(build) by extensions ['ignore', 'ignore_ament_install']
[0.141s] Level 1:colcon.colcon_core.package_identification:_identify(build) by extension 'ignore'
[0.141s] Level 1:colcon.colcon_core.package_identification:_identify(build) ignored
[0.141s] Level 1:colcon.colcon_core.package_identification:_identify(f110_msgs) by extensions ['ignore', 'ignore_ament_install']
[0.141s] Level 1:colcon.colcon_core.package_identification:_identify(f110_msgs) by extension 'ignore'
[0.141s] Level 1:colcon.colcon_core.package_identification:_identify(f110_msgs) by extension 'ignore_ament_install'
[0.141s] Level 1:colcon.colcon_core.package_identification:_identify(f110_msgs) by extensions ['colcon_pkg']
[0.141s] Level 1:colcon.colcon_core.package_identification:_identify(f110_msgs) by extension 'colcon_pkg'
[0.141s] Level 1:colcon.colcon_core.package_identification:_identify(f110_msgs) by extensions ['colcon_meta']
[0.141s] Level 1:colcon.colcon_core.package_identification:_identify(f110_msgs) by extension 'colcon_meta'
[0.141s] Level 1:colcon.colcon_core.package_identification:_identify(f110_msgs) by extensions ['ros']
[0.141s] Level 1:colcon.colcon_core.package_identification:_identify(f110_msgs) by extension 'ros'
[0.142s] DEBUG:colcon.colcon_core.package_identification:Package 'f110_msgs' with type 'ros.ament_cmake' and name 'f110_msgs'
[0.142s] Level 1:colcon.colcon_core.package_identification:_identify(install) by extensions ['ignore', 'ignore_ament_install']
[0.142s] Level 1:colcon.colcon_core.package_identification:_identify(install) by extension 'ignore'
[0.142s] Level 1:colcon.colcon_core.package_identification:_identify(install) ignored
[0.142s] Level 1:colcon.colcon_core.package_identification:_identify(lap_timer) by extensions ['ignore', 'ignore_ament_install']
[0.142s] Level 1:colcon.colcon_core.package_identification:_identify(lap_timer) by extension 'ignore'
[0.142s] Level 1:colcon.colcon_core.package_identification:_identify(lap_timer) by extension 'ignore_ament_install'
[0.142s] Level 1:colcon.colcon_core.package_identification:_identify(lap_timer) by extensions ['colcon_pkg']
[0.142s] Level 1:colcon.colcon_core.package_identification:_identify(lap_timer) by extension 'colcon_pkg'
[0.142s] Level 1:colcon.colcon_core.package_identification:_identify(lap_timer) by extensions ['colcon_meta']
[0.142s] Level 1:colcon.colcon_core.package_identification:_identify(lap_timer) by extension 'colcon_meta'
[0.142s] Level 1:colcon.colcon_core.package_identification:_identify(lap_timer) by extensions ['ros']
[0.142s] Level 1:colcon.colcon_core.package_identification:_identify(lap_timer) by extension 'ros'
[0.143s] DEBUG:colcon.colcon_core.package_identification:Package 'lap_timer' with type 'ros.ament_python' and name 'lap_timer'
[0.143s] Level 1:colcon.colcon_core.package_identification:_identify(log) by extensions ['ignore', 'ignore_ament_install']
[0.143s] Level 1:colcon.colcon_core.package_identification:_identify(log) by extension 'ignore'
[0.143s] Level 1:colcon.colcon_core.package_identification:_identify(log) ignored
[0.143s] Level 1:colcon.colcon_core.package_identification:_identify(monte_carlo_localization) by extensions ['ignore', 'ignore_ament_install']
[0.143s] Level 1:colcon.colcon_core.package_identification:_identify(monte_carlo_localization) by extension 'ignore'
[0.143s] Level 1:colcon.colcon_core.package_identification:_identify(monte_carlo_localization) by extension 'ignore_ament_install'
[0.143s] Level 1:colcon.colcon_core.package_identification:_identify(monte_carlo_localization) by extensions ['colcon_pkg']
[0.143s] Level 1:colcon.colcon_core.package_identification:_identify(monte_carlo_localization) by extension 'colcon_pkg'
[0.143s] Level 1:colcon.colcon_core.package_identification:_identify(monte_carlo_localization) by extensions ['colcon_meta']
[0.143s] Level 1:colcon.colcon_core.package_identification:_identify(monte_carlo_localization) by extension 'colcon_meta'
[0.143s] Level 1:colcon.colcon_core.package_identification:_identify(monte_carlo_localization) by extensions ['ros']
[0.143s] Level 1:colcon.colcon_core.package_identification:_identify(monte_carlo_localization) by extension 'ros'
[0.144s] DEBUG:colcon.colcon_core.package_identification:Package 'monte_carlo_localization' with type 'ros.ament_cmake' and name 'particle_filter_cpp'
[0.144s] Level 1:colcon.colcon_core.package_identification:_identify(new_map_con) by extensions ['ignore', 'ignore_ament_install']
[0.144s] Level 1:colcon.colcon_core.package_identification:_identify(new_map_con) by extension 'ignore'
[0.144s] Level 1:colcon.colcon_core.package_identification:_identify(new_map_con) by extension 'ignore_ament_install'
[0.144s] Level 1:colcon.colcon_core.package_identification:_identify(new_map_con) by extensions ['colcon_pkg']
[0.144s] Level 1:colcon.colcon_core.package_identification:_identify(new_map_con) by extension 'colcon_pkg'
[0.144s] Level 1:colcon.colcon_core.package_identification:_identify(new_map_con) by extensions ['colcon_meta']
[0.144s] Level 1:colcon.colcon_core.package_identification:_identify(new_map_con) by extension 'colcon_meta'
[0.144s] Level 1:colcon.colcon_core.package_identification:_identify(new_map_con) by extensions ['ros']
[0.144s] Level 1:colcon.colcon_core.package_identification:_identify(new_map_con) by extension 'ros'
[0.144s] DEBUG:colcon.colcon_core.package_identification:Package 'new_map_con' with type 'ros.ament_python' and name 'new_map_con'
[0.144s] Level 1:colcon.colcon_core.package_identification:_identify(planning) by extensions ['ignore', 'ignore_ament_install']
[0.144s] Level 1:colcon.colcon_core.package_identification:_identify(planning) by extension 'ignore'
[0.144s] Level 1:colcon.colcon_core.package_identification:_identify(planning) by extension 'ignore_ament_install'
[0.144s] Level 1:colcon.colcon_core.package_identification:_identify(planning) by extensions ['colcon_pkg']
[0.144s] Level 1:colcon.colcon_core.package_identification:_identify(planning) by extension 'colcon_pkg'
[0.144s] Level 1:colcon.colcon_core.package_identification:_identify(planning) by extensions ['colcon_meta']
[0.144s] Level 1:colcon.colcon_core.package_identification:_identify(planning) by extension 'colcon_meta'
[0.144s] Level 1:colcon.colcon_core.package_identification:_identify(planning) by extensions ['ros']
[0.144s] Level 1:colcon.colcon_core.package_identification:_identify(planning) by extension 'ros'
[0.144s] Level 1:colcon.colcon_core.package_identification:_identify(planning) by extensions ['cmake', 'python']
[0.144s] Level 1:colcon.colcon_core.package_identification:_identify(planning) by extension 'cmake'
[0.144s] Level 1:colcon.colcon_core.package_identification:_identify(planning) by extension 'python'
[0.144s] Level 1:colcon.colcon_core.package_identification:_identify(planning) by extensions ['python_setup_py']
[0.144s] Level 1:colcon.colcon_core.package_identification:_identify(planning) by extension 'python_setup_py'
[0.144s] Level 1:colcon.colcon_core.package_identification:_identify(planning/global_planner) by extensions ['ignore', 'ignore_ament_install']
[0.144s] Level 1:colcon.colcon_core.package_identification:_identify(planning/global_planner) by extension 'ignore'
[0.144s] Level 1:colcon.colcon_core.package_identification:_identify(planning/global_planner) by extension 'ignore_ament_install'
[0.144s] Level 1:colcon.colcon_core.package_identification:_identify(planning/global_planner) by extensions ['colcon_pkg']
[0.144s] Level 1:colcon.colcon_core.package_identification:_identify(planning/global_planner) by extension 'colcon_pkg'
[0.144s] Level 1:colcon.colcon_core.package_identification:_identify(planning/global_planner) by extensions ['colcon_meta']
[0.144s] Level 1:colcon.colcon_core.package_identification:_identify(planning/global_planner) by extension 'colcon_meta'
[0.144s] Level 1:colcon.colcon_core.package_identification:_identify(planning/global_planner) by extensions ['ros']
[0.144s] Level 1:colcon.colcon_core.package_identification:_identify(planning/global_planner) by extension 'ros'
[0.145s] DEBUG:colcon.colcon_core.package_identification:Package 'planning/global_planner' with type 'ros.ament_cmake' and name 'global_planner'
[0.145s] Level 1:colcon.colcon_core.package_identification:_identify(wpnt_publisher) by extensions ['ignore', 'ignore_ament_install']
[0.145s] Level 1:colcon.colcon_core.package_identification:_identify(wpnt_publisher) by extension 'ignore'
[0.145s] Level 1:colcon.colcon_core.package_identification:_identify(wpnt_publisher) by extension 'ignore_ament_install'
[0.145s] Level 1:colcon.colcon_core.package_identification:_identify(wpnt_publisher) by extensions ['colcon_pkg']
[0.145s] Level 1:colcon.colcon_core.package_identification:_identify(wpnt_publisher) by extension 'colcon_pkg'
[0.145s] Level 1:colcon.colcon_core.package_identification:_identify(wpnt_publisher) by extensions ['colcon_meta']
[0.145s] Level 1:colcon.colcon_core.package_identification:_identify(wpnt_publisher) by extension 'colcon_meta'
[0.145s] Level 1:colcon.colcon_core.package_identification:_identify(wpnt_publisher) by extensions ['ros']
[0.145s] Level 1:colcon.colcon_core.package_identification:_identify(wpnt_publisher) by extension 'ros'
[0.145s] DEBUG:colcon.colcon_core.package_identification:Package 'wpnt_publisher' with type 'ros.ament_cmake' and name 'wpnt_publisher'
[0.145s] Level 1:colcon.colcon_core.package_discovery:discover_packages(recursive) using defaults
[0.145s] Level 1:colcon.colcon_core.package_discovery:discover_packages(ignore) discover
[0.145s] Level 1:colcon.colcon_core.package_discovery:discover_packages(ignore) using defaults
[0.145s] Level 1:colcon.colcon_core.package_discovery:discover_packages(path) discover
[0.145s] Level 1:colcon.colcon_core.package_discovery:discover_packages(path) using defaults
[0.155s] Level 1:colcon.colcon_core.package_discovery:discover_packages(prefix_path) check parameters
[0.155s] Level 1:colcon.colcon_core.package_discovery:discover_packages(prefix_path) discover
[0.156s] DEBUG:colcon.colcon_installed_package_information.package_discovery:Found 4 installed packages in /home/haejum-park/2026_IFAC/install
[0.156s] DEBUG:colcon.colcon_installed_package_information.package_discovery:Found 5 installed packages in /home/haejum-park/sim_ws/install
[0.156s] DEBUG:colcon.colcon_installed_package_information.package_discovery:Found 27 installed packages in /home/haejum-park/install
[0.157s] DEBUG:colcon.colcon_installed_package_information.package_discovery:Found 371 installed packages in /opt/ros/humble
[0.158s] Level 1:colcon.colcon_core.package_discovery:discover_packages(prefix_path) using defaults
[0.177s] Level 5:colcon.colcon_core.verb:set package 'f110_msgs' build argument 'cmake_args' from command line to 'None'
[0.177s] Level 5:colcon.colcon_core.verb:set package 'f110_msgs' build argument 'cmake_target' from command line to 'None'
[0.177s] Level 5:colcon.colcon_core.verb:set package 'f110_msgs' build argument 'cmake_target_skip_unavailable' from command line to 'False'
[0.177s] Level 5:colcon.colcon_core.verb:set package 'f110_msgs' build argument 'cmake_clean_cache' from command line to 'False'
[0.177s] Level 5:colcon.colcon_core.verb:set package 'f110_msgs' build argument 'cmake_clean_first' from command line to 'False'
[0.177s] Level 5:colcon.colcon_core.verb:set package 'f110_msgs' build argument 'cmake_force_configure' from command line to 'False'
[0.177s] Level 5:colcon.colcon_core.verb:set package 'f110_msgs' build argument 'ament_cmake_args' from command line to 'None'
[0.177s] Level 5:colcon.colcon_core.verb:set package 'f110_msgs' build argument 'catkin_cmake_args' from command line to 'None'
[0.177s] Level 5:colcon.colcon_core.verb:set package 'f110_msgs' build argument 'catkin_skip_building_tests' from command line to 'False'
[0.177s] DEBUG:colcon.colcon_core.verb:Building package 'f110_msgs' with the following arguments: {'ament_cmake_args': None, 'build_base': '/home/haejum-park/2026_IFAC/build/f110_msgs', 'catkin_cmake_args': None, 'catkin_skip_building_tests': False, 'cmake_args': None, 'cmake_clean_cache': False, 'cmake_clean_first': False, 'cmake_force_configure': False, 'cmake_target': None, 'cmake_target_skip_unavailable': False, 'install_base': '/home/haejum-park/2026_IFAC/install/f110_msgs', 'merge_install': False, 'path': '/home/haejum-park/2026_IFAC/f110_msgs', 'symlink_install': True, 'test_result_base': None}
[0.177s] Level 5:colcon.colcon_core.verb:set package 'lap_timer' build argument 'cmake_args' from command line to 'None'
[0.177s] Level 5:colcon.colcon_core.verb:set package 'lap_timer' build argument 'cmake_target' from command line to 'None'
[0.177s] Level 5:colcon.colcon_core.verb:set package 'lap_timer' build argument 'cmake_target_skip_unavailable' from command line to 'False'
[0.177s] Level 5:colcon.colcon_core.verb:set package 'lap_timer' build argument 'cmake_clean_cache' from command line to 'False'
[0.177s] Level 5:colcon.colcon_core.verb:set package 'lap_timer' build argument 'cmake_clean_first' from command line to 'False'
[0.177s] Level 5:colcon.colcon_core.verb:set package 'lap_timer' build argument 'cmake_force_configure' from command line to 'False'
[0.177s] Level 5:colcon.colcon_core.verb:set package 'lap_timer' build argument 'ament_cmake_args' from command line to 'None'
[0.177s] Level 5:colcon.colcon_core.verb:set package 'lap_timer' build argument 'catkin_cmake_args' from command line to 'None'
[0.177s] Level 5:colcon.colcon_core.verb:set package 'lap_timer' build argument 'catkin_skip_building_tests' from command line to 'False'
[0.177s] DEBUG:colcon.colcon_core.verb:Building package 'lap_timer' with the following arguments: {'ament_cmake_args': None, 'build_base': '/home/haejum-park/2026_IFAC/build/lap_timer', 'catkin_cmake_args': None, 'catkin_skip_building_tests': False, 'cmake_args': None, 'cmake_clean_cache': False, 'cmake_clean_first': False, 'cmake_force_configure': False, 'cmake_target': None, 'cmake_target_skip_unavailable': False, 'install_base': '/home/haejum-park/2026_IFAC/install/lap_timer', 'merge_install': False, 'path': '/home/haejum-park/2026_IFAC/lap_timer', 'symlink_install': True, 'test_result_base': None}
[0.177s] Level 5:colcon.colcon_core.verb:set package 'new_map_con' build argument 'cmake_args' from command line to 'None'
[0.177s] Level 5:colcon.colcon_core.verb:set package 'new_map_con' build argument 'cmake_target' from command line to 'None'
[0.177s] Level 5:colcon.colcon_core.verb:set package 'new_map_con' build argument 'cmake_target_skip_unavailable' from command line to 'False'
[0.177s] Level 5:colcon.colcon_core.verb:set package 'new_map_con' build argument 'cmake_clean_cache' from command line to 'False'
[0.177s] Level 5:colcon.colcon_core.verb:set package 'new_map_con' build argument 'cmake_clean_first' from command line to 'False'
[0.177s] Level 5:colcon.colcon_core.verb:set package 'new_map_con' build argument 'cmake_force_configure' from command line to 'False'
[0.177s] Level 5:colcon.colcon_core.verb:set package 'new_map_con' build argument 'ament_cmake_args' from command line to 'None'
[0.177s] Level 5:colcon.colcon_core.verb:set package 'new_map_con' build argument 'catkin_cmake_args' from command line to 'None'
[0.177s] Level 5:colcon.colcon_core.verb:set package 'new_map_con' build argument 'catkin_skip_building_tests' from command line to 'False'
[0.177s] DEBUG:colcon.colcon_core.verb:Building package 'new_map_con' with the following arguments: {'ament_cmake_args': None, 'build_base': '/home/haejum-park/2026_IFAC/build/new_map_con', 'catkin_cmake_args': None, 'catkin_skip_building_tests': False, 'cmake_args': None, 'cmake_clean_cache': False, 'cmake_clean_first': False, 'cmake_force_configure': False, 'cmake_target': None, 'cmake_target_skip_unavailable': False, 'install_base': '/home/haejum-park/2026_IFAC/install/new_map_con', 'merge_install': False, 'path': '/home/haejum-park/2026_IFAC/new_map_con', 'symlink_install': True, 'test_result_base': None}
[0.178s] Level 5:colcon.colcon_core.verb:set package 'particle_filter_cpp' build argument 'cmake_args' from command line to 'None'
[0.178s] Level 5:colcon.colcon_core.verb:set package 'particle_filter_cpp' build argument 'cmake_target' from command line to 'None'
[0.178s] Level 5:colcon.colcon_core.verb:set package 'particle_filter_cpp' build argument 'cmake_target_skip_unavailable' from command line to 'False'
[0.178s] Level 5:colcon.colcon_core.verb:set package 'particle_filter_cpp' build argument 'cmake_clean_cache' from command line to 'False'
[0.178s] Level 5:colcon.colcon_core.verb:set package 'particle_filter_cpp' build argument 'cmake_clean_first' from command line to 'False'
[0.178s] Level 5:colcon.colcon_core.verb:set package 'particle_filter_cpp' build argument 'cmake_force_configure' from command line to 'False'
[0.178s] Level 5:colcon.colcon_core.verb:set package 'particle_filter_cpp' build argument 'ament_cmake_args' from command line to 'None'
[0.178s] Level 5:colcon.colcon_core.verb:set package 'particle_filter_cpp' build argument 'catkin_cmake_args' from command line to 'None'
[0.178s] Level 5:colcon.colcon_core.verb:set package 'particle_filter_cpp' build argument 'catkin_skip_building_tests' from command line to 'False'
[0.178s] DEBUG:colcon.colcon_core.verb:Building package 'particle_filter_cpp' with the following arguments: {'ament_cmake_args': None, 'build_base': '/home/haejum-park/2026_IFAC/build/particle_filter_cpp', 'catkin_cmake_args': None, 'catkin_skip_building_tests': False, 'cmake_args': None, 'cmake_clean_cache': False, 'cmake_clean_first': False, 'cmake_force_configure': False, 'cmake_target': None, 'cmake_target_skip_unavailable': False, 'install_base': '/home/haejum-park/2026_IFAC/install/particle_filter_cpp', 'merge_install': False, 'path': '/home/haejum-park/2026_IFAC/monte_carlo_localization', 'symlink_install': True, 'test_result_base': None}
[0.178s] Level 5:colcon.colcon_core.verb:set package 'global_planner' build argument 'cmake_args' from command line to 'None'
[0.178s] Level 5:colcon.colcon_core.verb:set package 'global_planner' build argument 'cmake_target' from command line to 'None'
[0.178s] Level 5:colcon.colcon_core.verb:set package 'global_planner' build argument 'cmake_target_skip_unavailable' from command line to 'False'
[0.178s] Level 5:colcon.colcon_core.verb:set package 'global_planner' build argument 'cmake_clean_cache' from command line to 'False'
[0.178s] Level 5:colcon.colcon_core.verb:set package 'global_planner' build argument 'cmake_clean_first' from command line to 'False'
[0.178s] Level 5:colcon.colcon_core.verb:set package 'global_planner' build argument 'cmake_force_configure' from command line to 'False'
[0.178s] Level 5:colcon.colcon_core.verb:set package 'global_planner' build argument 'ament_cmake_args' from command line to 'None'
[0.178s] Level 5:colcon.colcon_core.verb:set package 'global_planner' build argument 'catkin_cmake_args' from command line to 'None'
[0.178s] Level 5:colcon.colcon_core.verb:set package 'global_planner' build argument 'catkin_skip_building_tests' from command line to 'False'
[0.178s] DEBUG:colcon.colcon_core.verb:Building package 'global_planner' with the following arguments: {'ament_cmake_args': None, 'build_base': '/home/haejum-park/2026_IFAC/build/global_planner', 'catkin_cmake_args': None, 'catkin_skip_building_tests': False, 'cmake_args': None, 'cmake_clean_cache': False, 'cmake_clean_first': False, 'cmake_force_configure': False, 'cmake_target': None, 'cmake_target_skip_unavailable': False, 'install_base': '/home/haejum-park/2026_IFAC/install/global_planner', 'merge_install': False, 'path': '/home/haejum-park/2026_IFAC/planning/global_planner', 'symlink_install': True, 'test_result_base': None}
[0.178s] Level 5:colcon.colcon_core.verb:set package 'wpnt_publisher' build argument 'cmake_args' from command line to 'None'
[0.178s] Level 5:colcon.colcon_core.verb:set package 'wpnt_publisher' build argument 'cmake_target' from command line to 'None'
[0.178s] Level 5:colcon.colcon_core.verb:set package 'wpnt_publisher' build argument 'cmake_target_skip_unavailable' from command line to 'False'
[0.178s] Level 5:colcon.colcon_core.verb:set package 'wpnt_publisher' build argument 'cmake_clean_cache' from command line to 'False'
[0.178s] Level 5:colcon.colcon_core.verb:set package 'wpnt_publisher' build argument 'cmake_clean_first' from command line to 'False'
[0.178s] Level 5:colcon.colcon_core.verb:set package 'wpnt_publisher' build argument 'cmake_force_configure' from command line to 'False'
[0.178s] Level 5:colcon.colcon_core.verb:set package 'wpnt_publisher' build argument 'ament_cmake_args' from command line to 'None'
[0.178s] Level 5:colcon.colcon_core.verb:set package 'wpnt_publisher' build argument 'catkin_cmake_args' from command line to 'None'
[0.178s] Level 5:colcon.colcon_core.verb:set package 'wpnt_publisher' build argument 'catkin_skip_building_tests' from command line to 'False'
[0.178s] DEBUG:colcon.colcon_core.verb:Building package 'wpnt_publisher' with the following arguments: {'ament_cmake_args': None, 'build_base': '/home/haejum-park/2026_IFAC/build/wpnt_publisher', 'catkin_cmake_args': None, 'catkin_skip_building_tests': False, 'cmake_args': None, 'cmake_clean_cache': False, 'cmake_clean_first': False, 'cmake_force_configure': False, 'cmake_target': None, 'cmake_target_skip_unavailable': False, 'install_base': '/home/haejum-park/2026_IFAC/install/wpnt_publisher', 'merge_install': False, 'path': '/home/haejum-park/2026_IFAC/wpnt_publisher', 'symlink_install': True, 'test_result_base': None}
[0.178s] INFO:colcon.colcon_core.executor:Executing jobs using 'parallel' executor
[0.179s] DEBUG:colcon.colcon_parallel_executor.executor.parallel:run_until_complete
[0.179s] INFO:colcon.colcon_ros.task.ament_cmake.build:Building ROS package in '/home/haejum-park/2026_IFAC/f110_msgs' with build type 'ament_cmake'
[0.179s] INFO:colcon.colcon_cmake.task.cmake.build:Building CMake package in '/home/haejum-park/2026_IFAC/f110_msgs'
[0.181s] INFO:colcon.colcon_core.plugin_system:Skipping extension 'colcon_core.shell.bat': Not used on non-Windows systems
[0.181s] INFO:colcon.colcon_core.shell:Skip shell extension 'powershell' for command environment: Not usable outside of PowerShell
[0.181s] DEBUG:colcon.colcon_core.shell:Skip shell extension 'dsv' for command environment
[0.184s] INFO:colcon.colcon_ros.task.ament_python.build:Building ROS package in '/home/haejum-park/2026_IFAC/lap_timer' with build type 'ament_python'
[0.184s] Level 1:colcon.colcon_core.shell:create_environment_hook('lap_timer', 'ament_prefix_path')
[0.184s] INFO:colcon.colcon_core.shell:Creating environment hook '/home/haejum-park/2026_IFAC/install/lap_timer/share/lap_timer/hook/ament_prefix_path.ps1'
[0.185s] INFO:colcon.colcon_core.shell:Creating environment descriptor '/home/haejum-park/2026_IFAC/install/lap_timer/share/lap_timer/hook/ament_prefix_path.dsv'
[0.185s] INFO:colcon.colcon_core.shell:Creating environment hook '/home/haejum-park/2026_IFAC/install/lap_timer/share/lap_timer/hook/ament_prefix_path.sh'
[0.185s] INFO:colcon.colcon_core.shell:Skip shell extension 'powershell' for command environment: Not usable outside of PowerShell
[0.185s] DEBUG:colcon.colcon_core.shell:Skip shell extension 'dsv' for command environment
[0.187s] INFO:colcon.colcon_ros.task.ament_python.build:Building ROS package in '/home/haejum-park/2026_IFAC/new_map_con' with build type 'ament_python'
[0.187s] Level 1:colcon.colcon_core.shell:create_environment_hook('new_map_con', 'ament_prefix_path')
[0.188s] INFO:colcon.colcon_core.shell:Creating environment hook '/home/haejum-park/2026_IFAC/install/new_map_con/share/new_map_con/hook/ament_prefix_path.ps1'
[0.188s] INFO:colcon.colcon_core.shell:Creating environment descriptor '/home/haejum-park/2026_IFAC/install/new_map_con/share/new_map_con/hook/ament_prefix_path.dsv'
[0.188s] INFO:colcon.colcon_core.shell:Creating environment hook '/home/haejum-park/2026_IFAC/install/new_map_con/share/new_map_con/hook/ament_prefix_path.sh'
[0.188s] INFO:colcon.colcon_core.shell:Skip shell extension 'powershell' for command environment: Not usable outside of PowerShell
[0.188s] DEBUG:colcon.colcon_core.shell:Skip shell extension 'dsv' for command environment
[0.191s] INFO:colcon.colcon_ros.task.ament_cmake.build:Building ROS package in '/home/haejum-park/2026_IFAC/monte_carlo_localization' with build type 'ament_cmake'
[0.191s] INFO:colcon.colcon_cmake.task.cmake.build:Building CMake package in '/home/haejum-park/2026_IFAC/monte_carlo_localization'
[0.191s] INFO:colcon.colcon_core.shell:Skip shell extension 'powershell' for command environment: Not usable outside of PowerShell
[0.191s] DEBUG:colcon.colcon_core.shell:Skip shell extension 'dsv' for command environment
[0.195s] DEBUG:colcon.colcon_core.event_handler.log_command:Invoking command in '/home/haejum-park/2026_IFAC/build/f110_msgs': CMAKE_PREFIX_PATH=${CMAKE_PREFIX_PATH}:/home/haejum-park/2026_IFAC/install/new_map_con:/home/haejum-park/2026_IFAC/install/lap_timer:/home/haejum-park/sim_ws/install/f1tenth_gym_ros:/home/haejum-park/install/launch_testing_examples:/home/haejum-park/install/examples_rclpy_pointcloud_publisher:/home/haejum-park/install/examples_rclpy_minimal_subscriber:/home/haejum-park/install/examples_rclpy_minimal_service:/home/haejum-park/install/examples_rclpy_minimal_publisher:/home/haejum-park/install/examples_rclpy_minimal_client:/home/haejum-park/install/examples_rclpy_minimal_action_server:/home/haejum-park/install/examples_rclpy_minimal_action_client:/home/haejum-park/install/examples_rclpy_guard_conditions:/home/haejum-park/install/examples_rclpy_executors:/opt/ros/humble /usr/bin/cmake /home/haejum-park/2026_IFAC/f110_msgs -DAMENT_CMAKE_SYMLINK_INSTALL=1 -DCMAKE_INSTALL_PREFIX=/home/haejum-park/2026_IFAC/install/f110_msgs
[0.331s] INFO:colcon.colcon_core.task.python.build:Building Python package in '/home/haejum-park/2026_IFAC/lap_timer'
[0.331s] INFO:colcon.colcon_core.shell:Skip shell extension 'powershell' for command environment: Not usable outside of PowerShell
[0.331s] DEBUG:colcon.colcon_core.shell:Skip shell extension 'dsv' for command environment
[0.466s] INFO:colcon.colcon_core.task.python.build:Building Python package in '/home/haejum-park/2026_IFAC/new_map_con'
[0.466s] INFO:colcon.colcon_core.shell:Skip shell extension 'powershell' for command environment: Not usable outside of PowerShell
[0.466s] DEBUG:colcon.colcon_core.shell:Skip shell extension 'dsv' for command environment
[0.473s] DEBUG:colcon.colcon_core.event_handler.log_command:Invoking command in '/home/haejum-park/2026_IFAC/build/particle_filter_cpp': CMAKE_PREFIX_PATH=${CMAKE_PREFIX_PATH}:/home/haejum-park/2026_IFAC/install/new_map_con:/home/haejum-park/2026_IFAC/install/lap_timer:/home/haejum-park/sim_ws/install/f1tenth_gym_ros:/home/haejum-park/install/launch_testing_examples:/home/haejum-park/install/examples_rclpy_pointcloud_publisher:/home/haejum-park/install/examples_rclpy_minimal_subscriber:/home/haejum-park/install/examples_rclpy_minimal_service:/home/haejum-park/install/examples_rclpy_minimal_publisher:/home/haejum-park/install/examples_rclpy_minimal_client:/home/haejum-park/install/examples_rclpy_minimal_action_server:/home/haejum-park/install/examples_rclpy_minimal_action_client:/home/haejum-park/install/examples_rclpy_guard_conditions:/home/haejum-park/install/examples_rclpy_executors:/opt/ros/humble /usr/bin/cmake --build /home/haejum-park/2026_IFAC/build/particle_filter_cpp -- -j14 -l14
[0.536s] DEBUG:colcon.colcon_core.event_handler.log_command:Invoked command in '/home/haejum-park/2026_IFAC/build/particle_filter_cpp' returned '0': CMAKE_PREFIX_PATH=${CMAKE_PREFIX_PATH}:/home/haejum-park/2026_IFAC/install/new_map_con:/home/haejum-park/2026_IFAC/install/lap_timer:/home/haejum-park/sim_ws/install/f1tenth_gym_ros:/home/haejum-park/install/launch_testing_examples:/home/haejum-park/install/examples_rclpy_pointcloud_publisher:/home/haejum-park/install/examples_rclpy_minimal_subscriber:/home/haejum-park/install/examples_rclpy_minimal_service:/home/haejum-park/install/examples_rclpy_minimal_publisher:/home/haejum-park/install/examples_rclpy_minimal_client:/home/haejum-park/install/examples_rclpy_minimal_action_server:/home/haejum-park/install/examples_rclpy_minimal_action_client:/home/haejum-park/install/examples_rclpy_guard_conditions:/home/haejum-park/install/examples_rclpy_executors:/opt/ros/humble /usr/bin/cmake --build /home/haejum-park/2026_IFAC/build/particle_filter_cpp -- -j14 -l14
[0.541s] DEBUG:colcon.colcon_core.event_handler.log_command:Invoking command in '/home/haejum-park/2026_IFAC/build/particle_filter_cpp': CMAKE_PREFIX_PATH=${CMAKE_PREFIX_PATH}:/home/haejum-park/2026_IFAC/install/new_map_con:/home/haejum-park/2026_IFAC/install/lap_timer:/home/haejum-park/sim_ws/install/f1tenth_gym_ros:/home/haejum-park/install/launch_testing_examples:/home/haejum-park/install/examples_rclpy_pointcloud_publisher:/home/haejum-park/install/examples_rclpy_minimal_subscriber:/home/haejum-park/install/examples_rclpy_minimal_service:/home/haejum-park/install/examples_rclpy_minimal_publisher:/home/haejum-park/install/examples_rclpy_minimal_client:/home/haejum-park/install/examples_rclpy_minimal_action_server:/home/haejum-park/install/examples_rclpy_minimal_action_client:/home/haejum-park/install/examples_rclpy_guard_conditions:/home/haejum-park/install/examples_rclpy_executors:/opt/ros/humble /usr/bin/cmake --install /home/haejum-park/2026_IFAC/build/particle_filter_cpp
[0.574s] DEBUG:colcon.colcon_core.event_handler.log_command:Invoked command in '/home/haejum-park/2026_IFAC/build/f110_msgs' returned '1': CMAKE_PREFIX_PATH=${CMAKE_PREFIX_PATH}:/home/haejum-park/2026_IFAC/install/new_map_con:/home/haejum-park/2026_IFAC/install/lap_timer:/home/haejum-park/sim_ws/install/f1tenth_gym_ros:/home/haejum-park/install/launch_testing_examples:/home/haejum-park/install/examples_rclpy_pointcloud_publisher:/home/haejum-park/install/examples_rclpy_minimal_subscriber:/home/haejum-park/install/examples_rclpy_minimal_service:/home/haejum-park/install/examples_rclpy_minimal_publisher:/home/haejum-park/install/examples_rclpy_minimal_client:/home/haejum-park/install/examples_rclpy_minimal_action_server:/home/haejum-park/install/examples_rclpy_minimal_action_client:/home/haejum-park/install/examples_rclpy_guard_conditions:/home/haejum-park/install/examples_rclpy_executors:/opt/ros/humble /usr/bin/cmake /home/haejum-park/2026_IFAC/f110_msgs -DAMENT_CMAKE_SYMLINK_INSTALL=1 -DCMAKE_INSTALL_PREFIX=/home/haejum-park/2026_IFAC/install/f110_msgs
[0.580s] Level 1:colcon.colcon_core.environment:create_environment_scripts_only(f110_msgs)
[0.582s] Level 1:colcon.colcon_core.environment:checking '/home/haejum-park/2026_IFAC/install/f110_msgs' for CMake module files
[0.582s] Level 1:colcon.colcon_core.environment:checking '/home/haejum-park/2026_IFAC/install/f110_msgs' for CMake config files
[0.582s] Level 1:colcon.colcon_core.environment:checking '/home/haejum-park/2026_IFAC/install/f110_msgs/bin'
[0.582s] Level 1:colcon.colcon_core.environment:checking '/home/haejum-park/2026_IFAC/install/f110_msgs/lib/pkgconfig/f110_msgs.pc'
[0.582s] Level 1:colcon.colcon_core.environment:checking '/home/haejum-park/2026_IFAC/install/f110_msgs/lib/python3.10/site-packages'
[0.582s] Level 1:colcon.colcon_core.environment:checking '/home/haejum-park/2026_IFAC/install/f110_msgs/bin'
[0.582s] INFO:colcon.colcon_core.shell:Creating package script '/home/haejum-park/2026_IFAC/install/f110_msgs/share/f110_msgs/package.ps1'
[0.583s] INFO:colcon.colcon_core.shell:Creating package descriptor '/home/haejum-park/2026_IFAC/install/f110_msgs/share/f110_msgs/package.dsv'
[0.583s] INFO:colcon.colcon_core.shell:Creating package script '/home/haejum-park/2026_IFAC/install/f110_msgs/share/f110_msgs/package.sh'
[0.584s] INFO:colcon.colcon_core.shell:Creating package script '/home/haejum-park/2026_IFAC/install/f110_msgs/share/f110_msgs/package.bash'
[0.584s] INFO:colcon.colcon_core.shell:Creating package script '/home/haejum-park/2026_IFAC/install/f110_msgs/share/f110_msgs/package.zsh'
[0.584s] Level 1:colcon.colcon_core.environment:create_file_with_runtime_dependencies(/home/haejum-park/2026_IFAC/install/f110_msgs/share/colcon-core/packages/f110_msgs)
[0.673s] DEBUG:colcon.colcon_parallel_executor.executor.parallel:closing loop
[0.673s] DEBUG:colcon.colcon_parallel_executor.executor.parallel:loop closed
[0.673s] DEBUG:colcon.colcon_parallel_executor.executor.parallel:run_until_complete finished with '1'
[0.673s] DEBUG:colcon.colcon_core.event_reactor:joining thread
[0.676s] INFO:colcon.colcon_core.plugin_system:Skipping extension 'colcon_notification.desktop_notification.notify_send': Could not find 'notify-send'
[0.676s] INFO:colcon.colcon_core.plugin_system:Skipping extension 'colcon_notification.desktop_notification.terminal_notifier': Not used on non-Darwin systems
[0.676s] INFO:colcon.colcon_core.plugin_system:Skipping extension 'colcon_notification.desktop_notification.win32': Not used on non-Windows systems
[0.676s] INFO:colcon.colcon_notification.desktop_notification:Sending desktop notification using 'notify2'
[0.689s] DEBUG:colcon.colcon_core.event_reactor:joined thread
[0.690s] INFO:colcon.colcon_core.shell:Creating prefix script '/home/haejum-park/2026_IFAC/install/local_setup.ps1'
[0.690s] INFO:colcon.colcon_core.shell:Creating prefix util module '/home/haejum-park/2026_IFAC/install/_local_setup_util_ps1.py'
[0.691s] INFO:colcon.colcon_core.shell:Creating prefix chain script '/home/haejum-park/2026_IFAC/install/setup.ps1'
[0.692s] INFO:colcon.colcon_core.shell:Creating prefix script '/home/haejum-park/2026_IFAC/install/local_setup.sh'
[0.692s] INFO:colcon.colcon_core.shell:Creating prefix util module '/home/haejum-park/2026_IFAC/install/_local_setup_util_sh.py'
[0.693s] INFO:colcon.colcon_core.shell:Creating prefix chain script '/home/haejum-park/2026_IFAC/install/setup.sh'
[0.693s] INFO:colcon.colcon_core.shell:Creating prefix script '/home/haejum-park/2026_IFAC/install/local_setup.bash'
[0.694s] INFO:colcon.colcon_core.shell:Creating prefix chain script '/home/haejum-park/2026_IFAC/install/setup.bash'
[0.695s] INFO:colcon.colcon_core.shell:Creating prefix script '/home/haejum-park/2026_IFAC/install/local_setup.zsh'
[0.695s] INFO:colcon.colcon_core.shell:Creating prefix chain script '/home/haejum-park/2026_IFAC/install/setup.zsh'
