-- Found ament_cmake: 1.3.12 (/opt/ros/humble/share/ament_cmake/cmake)
-- Override CMake install command with custom implementation using symlinks instead of copying resources
-- Found rclcpp: 16.0.17 (/opt/ros/humble/share/rclcpp/cmake)
-- Found rosidl_generator_c: 3.1.8 (/opt/ros/humble/share/rosidl_generator_c/cmake)
-- Found rosidl_adapter: 3.1.8 (/opt/ros/humble/share/rosidl_adapter/cmake)
-- Found rosidl_generator_cpp: 3.1.8 (/opt/ros/humble/share/rosidl_generator_cpp/cmake)
-- Using all available rosidl_typesupport_c: rosidl_typesupport_fastrtps_c;rosidl_typesupport_introspection_c
-- Using all available rosidl_typesupport_cpp: rosidl_typesupport_fastrtps_cpp;rosidl_typesupport_introspection_cpp
-- Found rmw_implementation_cmake: 6.1.2 (/opt/ros/humble/share/rmw_implementation_cmake/cmake)
-- Found rmw_fastrtps_cpp: 6.2.9 (/opt/ros/humble/share/rmw_fastrtps_cpp/cmake)
-- Using RMW implementation 'rmw_fastrtps_cpp' as default
-- Found nav_msgs: 4.9.0 (/opt/ros/humble/share/nav_msgs/cmake)
-- Found visualization_msgs: 4.9.0 (/opt/ros/humble/share/visualization_msgs/cmake)
-- Found f110_msgs: 0.0.1 (/home/haejum-park/2026_IFAC/install/f110_msgs/share/f110_msgs/cmake)
-- Found nlohmann_json: /usr/lib/cmake/nlohmann_json/nlohmann_jsonConfig.cmake (found version "3.10.5") 
-- Configuring done
-- Generating done
-- Build files have been written to: /home/haejum-park/2026_IFAC/build/global_planner
[ 25%] [32mBuilding CXX object CMakeFiles/frenet_odom_node.dir/src/frenet_odom_node.cpp.o[0m
[ 25%] [32mBuilding CXX object CMakeFiles/global_planner_rw.dir/src/readwrite_global_waypoints.cpp.o[0m
[ 37%] [32m[1mLinking CXX static library libglobal_planner_rw.a[0m
[ 37%] Built target global_planner_rw
[ 62%] [32mBuilding CXX object CMakeFiles/global_planner_node.dir/src/global_planner_node.cpp.o[0m
[ 62%] [32mBuilding CXX object CMakeFiles/global_trajectory_publisher_node.dir/src/global_trajectory_publisher_node.cpp.o[0m
[ 75%] [32m[1mLinking CXX executable global_trajectory_publisher_node[0m
[ 75%] Built target global_trajectory_publisher_node
[ 87%] [32m[1mLinking CXX executable frenet_odom_node[0m
[ 87%] Built target frenet_odom_node
[100%] [32m[1mLinking CXX executable global_planner_node[0m
[100%] Built target global_planner_node
-- Install configuration: ""
-- Execute custom install script
-- Symlinking: /home/haejum-park/2026_IFAC/install/global_planner/lib/global_planner/global_planner_node
-- Symlinking: /home/haejum-park/2026_IFAC/install/global_planner/lib/global_planner/global_trajectory_publisher_node
-- Symlinking: /home/haejum-park/2026_IFAC/install/global_planner/lib/global_planner/frenet_odom_node
-- Symlinking: /home/haejum-park/2026_IFAC/install/global_planner/lib/global_planner/libglobal_planner_rw.a
-- Symlinking: /home/haejum-park/2026_IFAC/install/global_planner/share/global_planner/launch/global_planning.launch.py
-- Symlinking: /home/haejum-park/2026_IFAC/install/global_planner/share/global_planner/config/global_planning.yaml
-- Symlinking: /home/haejum-park/2026_IFAC/install/global_planner/share/global_planner/data/global_waypoints.json
-- Symlinking: /home/haejum-park/2026_IFAC/install/global_planner/share/ament_index/resource_index/package_run_dependencies/global_planner
-- Symlinking: /home/haejum-park/2026_IFAC/install/global_planner/share/ament_index/resource_index/parent_prefix_path/global_planner
-- Symlinking: /home/haejum-park/2026_IFAC/install/global_planner/share/global_planner/environment/ament_prefix_path.sh
-- Symlinking: /home/haejum-park/2026_IFAC/install/global_planner/share/global_planner/environment/ament_prefix_path.dsv
-- Symlinking: /home/haejum-park/2026_IFAC/install/global_planner/share/global_planner/environment/path.sh
-- Symlinking: /home/haejum-park/2026_IFAC/install/global_planner/share/global_planner/environment/path.dsv
-- Symlinking: /home/haejum-park/2026_IFAC/install/global_planner/share/global_planner/local_setup.bash
-- Symlinking: /home/haejum-park/2026_IFAC/install/global_planner/share/global_planner/local_setup.sh
-- Symlinking: /home/haejum-park/2026_IFAC/install/global_planner/share/global_planner/local_setup.zsh
-- Symlinking: /home/haejum-park/2026_IFAC/install/global_planner/share/global_planner/local_setup.dsv
-- Symlinking: /home/haejum-park/2026_IFAC/install/global_planner/share/global_planner/package.dsv
-- Symlinking: /home/haejum-park/2026_IFAC/install/global_planner/share/ament_index/resource_index/packages/global_planner
-- Symlinking: /home/haejum-park/2026_IFAC/install/global_planner/share/global_planner/cmake/global_plannerConfig.cmake
-- Symlinking: /home/haejum-park/2026_IFAC/install/global_planner/share/global_planner/cmake/global_plannerConfig-version.cmake
-- Symlinking: /home/haejum-park/2026_IFAC/install/global_planner/share/global_planner/package.xml
