[0.008s] Invoking command in '/home/haejum-park/2026_IFAC/build/global_planner': CMAKE_PREFIX_PATH=/home/haejum-park/2026_IFAC/install/new_map_con:/home/haejum-park/2026_IFAC/install/lap_timer:/home/haejum-park/sim_ws/install/f1tenth_gym_ros:/home/haejum-park/install/launch_testing_examples:/home/haejum-park/install/examples_rclpy_pointcloud_publisher:/home/haejum-park/install/examples_rclpy_minimal_subscriber:/home/haejum-park/install/examples_rclpy_minimal_service:/home/haejum-park/install/examples_rclpy_minimal_publisher:/home/haejum-park/install/examples_rclpy_minimal_client:/home/haejum-park/install/examples_rclpy_minimal_action_server:/home/haejum-park/install/examples_rclpy_minimal_action_client:/home/haejum-park/install/examples_rclpy_guard_conditions:/home/haejum-park/install/examples_rclpy_executors:/opt/ros/humble:${CMAKE_PREFIX_PATH} /usr/bin/cmake /home/haejum-park/2026_IFAC/planning/global_planner -DAMENT_CMAKE_SYMLINK_INSTALL=1 -DCMAKE_INSTALL_PREFIX=/home/haejum-park/2026_IFAC/install/global_planner
[0.014s] -- Found ament_cmake: 1.3.12 (/opt/ros/humble/share/ament_cmake/cmake)
[0.097s] -- Override CMake install command with custom implementation using symlinks instead of copying resources
[0.101s] -- Found rclcpp: 16.0.17 (/opt/ros/humble/share/rclcpp/cmake)
[0.118s] -- Found rosidl_generator_c: 3.1.8 (/opt/ros/humble/share/rosidl_generator_c/cmake)
[0.119s] -- Found rosidl_adapter: 3.1.8 (/opt/ros/humble/share/rosidl_adapter/cmake)
[0.122s] -- Found rosidl_generator_cpp: 3.1.8 (/opt/ros/humble/share/rosidl_generator_cpp/cmake)
[0.128s] -- Using all available rosidl_typesupport_c: rosidl_typesupport_fastrtps_c;rosidl_typesupport_introspection_c
[0.134s] -- Using all available rosidl_typesupport_cpp: rosidl_typesupport_fastrtps_cpp;rosidl_typesupport_introspection_cpp
[0.151s] -- Found rmw_implementation_cmake: 6.1.2 (/opt/ros/humble/share/rmw_implementation_cmake/cmake)
[0.152s] -- Found rmw_fastrtps_cpp: 6.2.9 (/opt/ros/humble/share/rmw_fastrtps_cpp/cmake)
[0.223s] -- Using RMW implementation 'rmw_fastrtps_cpp' as default
[0.244s] -- Found nav_msgs: 4.9.0 (/opt/ros/humble/share/nav_msgs/cmake)
[0.256s] -- Found visualization_msgs: 4.9.0 (/opt/ros/humble/share/visualization_msgs/cmake)
[0.273s] -- Found f110_msgs: 0.0.1 (/home/haejum-park/2026_IFAC/install/f110_msgs/share/f110_msgs/cmake)
[0.283s] -- Found nlohmann_json: /usr/lib/cmake/nlohmann_json/nlohmann_jsonConfig.cmake (found version "3.10.5") 
[0.331s] -- Configuring done
[0.339s] -- Generating done
[0.342s] -- Build files have been written to: /home/haejum-park/2026_IFAC/build/global_planner
[0.346s] Invoked command in '/home/haejum-park/2026_IFAC/build/global_planner' returned '0': CMAKE_PREFIX_PATH=/home/haejum-park/2026_IFAC/install/new_map_con:/home/haejum-park/2026_IFAC/install/lap_timer:/home/haejum-park/sim_ws/install/f1tenth_gym_ros:/home/haejum-park/install/launch_testing_examples:/home/haejum-park/install/examples_rclpy_pointcloud_publisher:/home/haejum-park/install/examples_rclpy_minimal_subscriber:/home/haejum-park/install/examples_rclpy_minimal_service:/home/haejum-park/install/examples_rclpy_minimal_publisher:/home/haejum-park/install/examples_rclpy_minimal_client:/home/haejum-park/install/examples_rclpy_minimal_action_server:/home/haejum-park/install/examples_rclpy_minimal_action_client:/home/haejum-park/install/examples_rclpy_guard_conditions:/home/haejum-park/install/examples_rclpy_executors:/opt/ros/humble:${CMAKE_PREFIX_PATH} /usr/bin/cmake /home/haejum-park/2026_IFAC/planning/global_planner -DAMENT_CMAKE_SYMLINK_INSTALL=1 -DCMAKE_INSTALL_PREFIX=/home/haejum-park/2026_IFAC/install/global_planner
[0.347s] Invoking command in '/home/haejum-park/2026_IFAC/build/global_planner': CMAKE_PREFIX_PATH=/home/haejum-park/2026_IFAC/install/new_map_con:/home/haejum-park/2026_IFAC/install/lap_timer:/home/haejum-park/sim_ws/install/f1tenth_gym_ros:/home/haejum-park/install/launch_testing_examples:/home/haejum-park/install/examples_rclpy_pointcloud_publisher:/home/haejum-park/install/examples_rclpy_minimal_subscriber:/home/haejum-park/install/examples_rclpy_minimal_service:/home/haejum-park/install/examples_rclpy_minimal_publisher:/home/haejum-park/install/examples_rclpy_minimal_client:/home/haejum-park/install/examples_rclpy_minimal_action_server:/home/haejum-park/install/examples_rclpy_minimal_action_client:/home/haejum-park/install/examples_rclpy_guard_conditions:/home/haejum-park/install/examples_rclpy_executors:/opt/ros/humble:${CMAKE_PREFIX_PATH} /usr/bin/cmake --build /home/haejum-park/2026_IFAC/build/global_planner -- -j14 -l14
[0.374s] [ 25%] [32mBuilding CXX object CMakeFiles/frenet_odom_node.dir/src/frenet_odom_node.cpp.o[0m
[0.374s] [ 25%] [32mBuilding CXX object CMakeFiles/global_planner_rw.dir/src/readwrite_global_waypoints.cpp.o[0m
[1.947s] [ 37%] [32m[1mLinking CXX static library libglobal_planner_rw.a[0m
[1.980s] [ 37%] Built target global_planner_rw
[1.992s] [ 62%] [32mBuilding CXX object CMakeFiles/global_planner_node.dir/src/global_planner_node.cpp.o[0m
[1.992s] [ 62%] [32mBuilding CXX object CMakeFiles/global_trajectory_publisher_node.dir/src/global_trajectory_publisher_node.cpp.o[0m
[4.818s] [ 75%] [32m[1mLinking CXX executable global_trajectory_publisher_node[0m
[4.981s] [ 75%] Built target global_trajectory_publisher_node
[5.406s] [ 87%] [32m[1mLinking CXX executable frenet_odom_node[0m
[5.658s] [ 87%] Built target frenet_odom_node
[6.954s] [100%] [32m[1mLinking CXX executable global_planner_node[0m
[7.254s] [100%] Built target global_planner_node
[7.261s] Invoked command in '/home/haejum-park/2026_IFAC/build/global_planner' returned '0': CMAKE_PREFIX_PATH=/home/haejum-park/2026_IFAC/install/new_map_con:/home/haejum-park/2026_IFAC/install/lap_timer:/home/haejum-park/sim_ws/install/f1tenth_gym_ros:/home/haejum-park/install/launch_testing_examples:/home/haejum-park/install/examples_rclpy_pointcloud_publisher:/home/haejum-park/install/examples_rclpy_minimal_subscriber:/home/haejum-park/install/examples_rclpy_minimal_service:/home/haejum-park/install/examples_rclpy_minimal_publisher:/home/haejum-park/install/examples_rclpy_minimal_client:/home/haejum-park/install/examples_rclpy_minimal_action_server:/home/haejum-park/install/examples_rclpy_minimal_action_client:/home/haejum-park/install/examples_rclpy_guard_conditions:/home/haejum-park/install/examples_rclpy_executors:/opt/ros/humble:${CMAKE_PREFIX_PATH} /usr/bin/cmake --build /home/haejum-park/2026_IFAC/build/global_planner -- -j14 -l14
[7.261s] Invoking command in '/home/haejum-park/2026_IFAC/build/global_planner': CMAKE_PREFIX_PATH=/home/haejum-park/2026_IFAC/install/new_map_con:/home/haejum-park/2026_IFAC/install/lap_timer:/home/haejum-park/sim_ws/install/f1tenth_gym_ros:/home/haejum-park/install/launch_testing_examples:/home/haejum-park/install/examples_rclpy_pointcloud_publisher:/home/haejum-park/install/examples_rclpy_minimal_subscriber:/home/haejum-park/install/examples_rclpy_minimal_service:/home/haejum-park/install/examples_rclpy_minimal_publisher:/home/haejum-park/install/examples_rclpy_minimal_client:/home/haejum-park/install/examples_rclpy_minimal_action_server:/home/haejum-park/install/examples_rclpy_minimal_action_client:/home/haejum-park/install/examples_rclpy_guard_conditions:/home/haejum-park/install/examples_rclpy_executors:/opt/ros/humble:${CMAKE_PREFIX_PATH} /usr/bin/cmake --install /home/haejum-park/2026_IFAC/build/global_planner
[7.266s] -- Install configuration: ""
[7.266s] -- Execute custom install script
[7.266s] -- Symlinking: /home/haejum-park/2026_IFAC/install/global_planner/lib/global_planner/global_planner_node
[7.271s] -- Symlinking: /home/haejum-park/2026_IFAC/install/global_planner/lib/global_planner/global_trajectory_publisher_node
[7.275s] -- Symlinking: /home/haejum-park/2026_IFAC/install/global_planner/lib/global_planner/frenet_odom_node
[7.280s] -- Symlinking: /home/haejum-park/2026_IFAC/install/global_planner/lib/global_planner/libglobal_planner_rw.a
[7.285s] -- Symlinking: /home/haejum-park/2026_IFAC/install/global_planner/share/global_planner/launch/global_planning.launch.py
[7.290s] -- Symlinking: /home/haejum-park/2026_IFAC/install/global_planner/share/global_planner/config/global_planning.yaml
[7.294s] -- Symlinking: /home/haejum-park/2026_IFAC/install/global_planner/share/global_planner/data/global_waypoints.json
[7.300s] -- Symlinking: /home/haejum-park/2026_IFAC/install/global_planner/share/ament_index/resource_index/package_run_dependencies/global_planner
[7.305s] -- Symlinking: /home/haejum-park/2026_IFAC/install/global_planner/share/ament_index/resource_index/parent_prefix_path/global_planner
[7.310s] -- Symlinking: /home/haejum-park/2026_IFAC/install/global_planner/share/global_planner/environment/ament_prefix_path.sh
[7.315s] -- Symlinking: /home/haejum-park/2026_IFAC/install/global_planner/share/global_planner/environment/ament_prefix_path.dsv
[7.320s] -- Symlinking: /home/haejum-park/2026_IFAC/install/global_planner/share/global_planner/environment/path.sh
[7.325s] -- Symlinking: /home/haejum-park/2026_IFAC/install/global_planner/share/global_planner/environment/path.dsv
[7.329s] -- Symlinking: /home/haejum-park/2026_IFAC/install/global_planner/share/global_planner/local_setup.bash
[7.334s] -- Symlinking: /home/haejum-park/2026_IFAC/install/global_planner/share/global_planner/local_setup.sh
[7.339s] -- Symlinking: /home/haejum-park/2026_IFAC/install/global_planner/share/global_planner/local_setup.zsh
[7.345s] -- Symlinking: /home/haejum-park/2026_IFAC/install/global_planner/share/global_planner/local_setup.dsv
[7.349s] -- Symlinking: /home/haejum-park/2026_IFAC/install/global_planner/share/global_planner/package.dsv
[7.354s] -- Symlinking: /home/haejum-park/2026_IFAC/install/global_planner/share/ament_index/resource_index/packages/global_planner
[7.358s] -- Symlinking: /home/haejum-park/2026_IFAC/install/global_planner/share/global_planner/cmake/global_plannerConfig.cmake
[7.363s] -- Symlinking: /home/haejum-park/2026_IFAC/install/global_planner/share/global_planner/cmake/global_plannerConfig-version.cmake
[7.368s] -- Symlinking: /home/haejum-park/2026_IFAC/install/global_planner/share/global_planner/package.xml
[7.373s] Invoked command in '/home/haejum-park/2026_IFAC/build/global_planner' returned '0': CMAKE_PREFIX_PATH=/home/haejum-park/2026_IFAC/install/new_map_con:/home/haejum-park/2026_IFAC/install/lap_timer:/home/haejum-park/sim_ws/install/f1tenth_gym_ros:/home/haejum-park/install/launch_testing_examples:/home/haejum-park/install/examples_rclpy_pointcloud_publisher:/home/haejum-park/install/examples_rclpy_minimal_subscriber:/home/haejum-park/install/examples_rclpy_minimal_service:/home/haejum-park/install/examples_rclpy_minimal_publisher:/home/haejum-park/install/examples_rclpy_minimal_client:/home/haejum-park/install/examples_rclpy_minimal_action_server:/home/haejum-park/install/examples_rclpy_minimal_action_client:/home/haejum-park/install/examples_rclpy_guard_conditions:/home/haejum-park/install/examples_rclpy_executors:/opt/ros/humble:${CMAKE_PREFIX_PATH} /usr/bin/cmake --install /home/haejum-park/2026_IFAC/build/global_planner
