[0.015s] Invoking command in '/home/haejum-park/2026_IFAC/build/f110_msgs': /usr/bin/cmake /home/haejum-park/2026_IFAC/f110_msgs -DCATKIN_INSTALL_INTO_PREFIX_ROOT=0 -DCATKIN_SYMLINK_INSTALL=ON -DCMAKE_INSTALL_PREFIX=/home/haejum-park/2026_IFAC/install/f110_msgs
[0.295s] -- Configuring incomplete, errors occurred!
[0.295s] See also "/home/haejum-park/2026_IFAC/build/f110_msgs/CMakeFiles/CMakeOutput.log".
[0.297s] [31mCMake Error at CMakeLists.txt:10 (find_package):
[0.298s]   By not providing "Findcatkin.cmake" in CMAKE_MODULE_PATH this project has
[0.298s]   asked CMake to find a package configuration file provided by "catkin", but
[0.299s]   CMake did not find one.
[0.299s] 
[0.300s]   Could not find a package configuration file provided by "catkin" with any
[0.300s]   of the following names:
[0.301s] 
[0.301s]     catkinConfig.cmake
[0.302s]     catkin-config.cmake
[0.303s] 
[0.303s]   Add the installation prefix of "catkin" to CMAKE_PREFIX_PATH or set
[0.303s]   "catkin_DIR" to a directory containing one of the above files.  If "catkin"
[0.303s]   provides a separate development package or SDK, be sure it has been
[0.303s]   installed.
[0.304s] 
[0.304s] [0m
[0.305s] Invoked command in '/home/haejum-park/2026_IFAC/build/f110_msgs' returned '1': /usr/bin/cmake /home/haejum-park/2026_IFAC/f110_msgs -DCATKIN_INSTALL_INTO_PREFIX_ROOT=0 -DCATKIN_SYMLINK_INSTALL=ON -DCMAKE_INSTALL_PREFIX=/home/haejum-park/2026_IFAC/install/f110_msgs
