[0.011s] Invoking command in '/home/haejum-park/2026_IFAC/build/global_planner': AMENT_PREFIX_PATH=/home/haejum-park/2026_IFAC/install/f110_msgs:${AMENT_PREFIX_PATH} CMAKE_PREFIX_PATH=/home/haejum-park/sim_ws/install/f1tenth_gym_ros:/home/haejum-park/install/launch_testing_examples:/home/haejum-park/install/examples_rclpy_pointcloud_publisher:/home/haejum-park/install/examples_rclpy_minimal_subscriber:/home/haejum-park/install/examples_rclpy_minimal_service:/home/haejum-park/install/examples_rclpy_minimal_publisher:/home/haejum-park/install/examples_rclpy_minimal_client:/home/haejum-park/install/examples_rclpy_minimal_action_server:/home/haejum-park/install/examples_rclpy_minimal_action_client:/home/haejum-park/install/examples_rclpy_guard_conditions:/home/haejum-park/install/examples_rclpy_executors:/opt/ros/humble:/home/haejum-park/2026_IFAC/install/f110_msgs:${CMAKE_PREFIX_PATH} LD_LIBRARY_PATH=/home/haejum-park/2026_IFAC/install/f110_msgs/lib:${LD_LIBRARY_PATH} PYTHONPATH=/home/haejum-park/2026_IFAC/install/f110_msgs/local/lib/python3.10/dist-packages:${PYTHONPATH} /usr/bin/cmake --build /home/haejum-park/2026_IFAC/build/global_planner -- -j14 -l14
[0.044s] [ 25%] Built target global_planner_rw
[0.045s] [ 50%] Built target frenet_odom_node
[0.050s] [35m[1mConsolidate compiler generated dependencies of target global_trajectory_publisher_node[0m
[0.057s] [ 75%] Built target global_planner_node
[0.059s] [100%] Built target global_trajectory_publisher_node
[0.066s] Invoked command in '/home/haejum-park/2026_IFAC/build/global_planner' returned '0': AMENT_PREFIX_PATH=/home/haejum-park/2026_IFAC/install/f110_msgs:${AMENT_PREFIX_PATH} CMAKE_PREFIX_PATH=/home/haejum-park/sim_ws/install/f1tenth_gym_ros:/home/haejum-park/install/launch_testing_examples:/home/haejum-park/install/examples_rclpy_pointcloud_publisher:/home/haejum-park/install/examples_rclpy_minimal_subscriber:/home/haejum-park/install/examples_rclpy_minimal_service:/home/haejum-park/install/examples_rclpy_minimal_publisher:/home/haejum-park/install/examples_rclpy_minimal_client:/home/haejum-park/install/examples_rclpy_minimal_action_server:/home/haejum-park/install/examples_rclpy_minimal_action_client:/home/haejum-park/install/examples_rclpy_guard_conditions:/home/haejum-park/install/examples_rclpy_executors:/opt/ros/humble:/home/haejum-park/2026_IFAC/install/f110_msgs:${CMAKE_PREFIX_PATH} LD_LIBRARY_PATH=/home/haejum-park/2026_IFAC/install/f110_msgs/lib:${LD_LIBRARY_PATH} PYTHONPATH=/home/haejum-park/2026_IFAC/install/f110_msgs/local/lib/python3.10/dist-packages:${PYTHONPATH} /usr/bin/cmake --build /home/haejum-park/2026_IFAC/build/global_planner -- -j14 -l14
[0.072s] Invoking command in '/home/haejum-park/2026_IFAC/build/global_planner': AMENT_PREFIX_PATH=/home/haejum-park/2026_IFAC/install/f110_msgs:${AMENT_PREFIX_PATH} CMAKE_PREFIX_PATH=/home/haejum-park/sim_ws/install/f1tenth_gym_ros:/home/haejum-park/install/launch_testing_examples:/home/haejum-park/install/examples_rclpy_pointcloud_publisher:/home/haejum-park/install/examples_rclpy_minimal_subscriber:/home/haejum-park/install/examples_rclpy_minimal_service:/home/haejum-park/install/examples_rclpy_minimal_publisher:/home/haejum-park/install/examples_rclpy_minimal_client:/home/haejum-park/install/examples_rclpy_minimal_action_server:/home/haejum-park/install/examples_rclpy_minimal_action_client:/home/haejum-park/install/examples_rclpy_guard_conditions:/home/haejum-park/install/examples_rclpy_executors:/opt/ros/humble:/home/haejum-park/2026_IFAC/install/f110_msgs:${CMAKE_PREFIX_PATH} LD_LIBRARY_PATH=/home/haejum-park/2026_IFAC/install/f110_msgs/lib:${LD_LIBRARY_PATH} PYTHONPATH=/home/haejum-park/2026_IFAC/install/f110_msgs/local/lib/python3.10/dist-packages:${PYTHONPATH} /usr/bin/cmake --install /home/haejum-park/2026_IFAC/build/global_planner
[0.075s] -- Install configuration: ""
[0.075s] -- Execute custom install script
[0.075s] -- Up-to-date symlink: /home/haejum-park/2026_IFAC/install/global_planner/lib/global_planner/global_planner_node
[0.075s] -- Up-to-date symlink: /home/haejum-park/2026_IFAC/install/global_planner/lib/global_planner/global_trajectory_publisher_node
[0.075s] -- Up-to-date symlink: /home/haejum-park/2026_IFAC/install/global_planner/lib/global_planner/frenet_odom_node
[0.075s] -- Up-to-date symlink: /home/haejum-park/2026_IFAC/install/global_planner/lib/global_planner/libglobal_planner_rw.a
[0.075s] -- Up-to-date symlink: /home/haejum-park/2026_IFAC/install/global_planner/share/global_planner/launch/global_planning.launch.py
[0.076s] -- Up-to-date symlink: /home/haejum-park/2026_IFAC/install/global_planner/share/global_planner/config/global_planning.yaml
[0.076s] -- Up-to-date symlink: /home/haejum-park/2026_IFAC/install/global_planner/share/ament_index/resource_index/package_run_dependencies/global_planner
[0.076s] -- Up-to-date symlink: /home/haejum-park/2026_IFAC/install/global_planner/share/ament_index/resource_index/parent_prefix_path/global_planner
[0.076s] -- Up-to-date symlink: /home/haejum-park/2026_IFAC/install/global_planner/share/global_planner/environment/ament_prefix_path.sh
[0.076s] -- Up-to-date symlink: /home/haejum-park/2026_IFAC/install/global_planner/share/global_planner/environment/ament_prefix_path.dsv
[0.076s] -- Up-to-date symlink: /home/haejum-park/2026_IFAC/install/global_planner/share/global_planner/environment/path.sh
[0.076s] -- Up-to-date symlink: /home/haejum-park/2026_IFAC/install/global_planner/share/global_planner/environment/path.dsv
[0.076s] -- Up-to-date symlink: /home/haejum-park/2026_IFAC/install/global_planner/share/global_planner/local_setup.bash
[0.076s] -- Up-to-date symlink: /home/haejum-park/2026_IFAC/install/global_planner/share/global_planner/local_setup.sh
[0.076s] -- Up-to-date symlink: /home/haejum-park/2026_IFAC/install/global_planner/share/global_planner/local_setup.zsh
[0.076s] -- Up-to-date symlink: /home/haejum-park/2026_IFAC/install/global_planner/share/global_planner/local_setup.dsv
[0.076s] -- Symlinking: /home/haejum-park/2026_IFAC/install/global_planner/share/global_planner/package.dsv
[0.080s] -- Up-to-date symlink: /home/haejum-park/2026_IFAC/install/global_planner/share/ament_index/resource_index/packages/global_planner
[0.080s] -- Up-to-date symlink: /home/haejum-park/2026_IFAC/install/global_planner/share/global_planner/cmake/global_plannerConfig.cmake
[0.080s] -- Up-to-date symlink: /home/haejum-park/2026_IFAC/install/global_planner/share/global_planner/cmake/global_plannerConfig-version.cmake
[0.081s] -- Up-to-date symlink: /home/haejum-park/2026_IFAC/install/global_planner/share/global_planner/package.xml
[0.082s] Invoked command in '/home/haejum-park/2026_IFAC/build/global_planner' returned '0': AMENT_PREFIX_PATH=/home/haejum-park/2026_IFAC/install/f110_msgs:${AMENT_PREFIX_PATH} CMAKE_PREFIX_PATH=/home/haejum-park/sim_ws/install/f1tenth_gym_ros:/home/haejum-park/install/launch_testing_examples:/home/haejum-park/install/examples_rclpy_pointcloud_publisher:/home/haejum-park/install/examples_rclpy_minimal_subscriber:/home/haejum-park/install/examples_rclpy_minimal_service:/home/haejum-park/install/examples_rclpy_minimal_publisher:/home/haejum-park/install/examples_rclpy_minimal_client:/home/haejum-park/install/examples_rclpy_minimal_action_server:/home/haejum-park/install/examples_rclpy_minimal_action_client:/home/haejum-park/install/examples_rclpy_guard_conditions:/home/haejum-park/install/examples_rclpy_executors:/opt/ros/humble:/home/haejum-park/2026_IFAC/install/f110_msgs:${CMAKE_PREFIX_PATH} LD_LIBRARY_PATH=/home/haejum-park/2026_IFAC/install/f110_msgs/lib:${LD_LIBRARY_PATH} PYTHONPATH=/home/haejum-park/2026_IFAC/install/f110_msgs/local/lib/python3.10/dist-packages:${PYTHONPATH} /usr/bin/cmake --install /home/haejum-park/2026_IFAC/build/global_planner
