[0.445s] Invoking command in '/home/haejum-park/2026_IFAC/build/particle_filter_cpp': CMAKE_PREFIX_PATH=/home/haejum-park/2026_IFAC/install/wpnt_publisher:/home/haejum-park/2026_IFAC/install/particle_filter_cpp:/home/haejum-park/2026_IFAC/install/global_planner:/home/haejum-park/2026_IFAC/install/new_map_con:/home/haejum-park/2026_IFAC/install/lap_timer:/home/haejum-park/2026_IFAC/install/amcl_localization:/home/haejum-park/sim_ws/install/f1tenth_gym_ros:/home/haejum-park/install/launch_testing_examples:/home/haejum-park/install/examples_rclpy_pointcloud_publisher:/home/haejum-park/install/examples_rclpy_minimal_subscriber:/home/haejum-park/install/examples_rclpy_minimal_service:/home/haejum-park/install/examples_rclpy_minimal_publisher:/home/haejum-park/install/examples_rclpy_minimal_client:/home/haejum-park/install/examples_rclpy_minimal_action_server:/home/haejum-park/install/examples_rclpy_minimal_action_client:/home/haejum-park/install/examples_rclpy_guard_conditions:/home/haejum-park/install/examples_rclpy_executors:/opt/ros/humble:/home/haejum-park/2026_IFAC/install/f110_msgs:/home/haejum-park/sim_ws/install/wall_follow:/home/haejum-park/sim_ws/install/lab5_pkg:/home/haejum-park/sim_ws/install/homework:/home/haejum-park/sim_ws/install/gap_follow:/home/haejum-park/install/wall_follow:/home/haejum-park/install/my_new_package:/home/haejum-park/install/homework:/home/haejum-park/install/gap_follow:/home/haejum-park/install/examples_rclcpp_wait_set:/home/haejum-park/install/examples_rclcpp_multithreaded_executor:/home/haejum-park/install/examples_rclcpp_minimal_timer:/home/haejum-park/install/examples_rclcpp_minimal_subscriber:/home/haejum-park/install/examples_rclcpp_minimal_service:/home/haejum-park/install/examples_rclcpp_minimal_publisher:/home/haejum-park/install/examples_rclcpp_minimal_composition:/home/haejum-park/install/examples_rclcpp_minimal_client:/home/haejum-park/install/examples_rclcpp_minimal_action_server:/home/haejum-park/install/examples_rclcpp_minimal_action_client:/home/haejum-park/install/examples_rclcpp_cbg_executor:/home/haejum-park/install/examples_rclcpp_async_client /usr/bin/cmake --build /home/haejum-park/2026_IFAC/build/particle_filter_cpp -- -j14 -l14
[0.492s] [ 60%] Built target particle_filter_cpp_lib
[0.512s] [100%] Built target particle_filter_node
[0.545s] Invoked command in '/home/haejum-park/2026_IFAC/build/particle_filter_cpp' returned '0': CMAKE_PREFIX_PATH=/home/haejum-park/2026_IFAC/install/wpnt_publisher:/home/haejum-park/2026_IFAC/install/particle_filter_cpp:/home/haejum-park/2026_IFAC/install/global_planner:/home/haejum-park/2026_IFAC/install/new_map_con:/home/haejum-park/2026_IFAC/install/lap_timer:/home/haejum-park/2026_IFAC/install/amcl_localization:/home/haejum-park/sim_ws/install/f1tenth_gym_ros:/home/haejum-park/install/launch_testing_examples:/home/haejum-park/install/examples_rclpy_pointcloud_publisher:/home/haejum-park/install/examples_rclpy_minimal_subscriber:/home/haejum-park/install/examples_rclpy_minimal_service:/home/haejum-park/install/examples_rclpy_minimal_publisher:/home/haejum-park/install/examples_rclpy_minimal_client:/home/haejum-park/install/examples_rclpy_minimal_action_server:/home/haejum-park/install/examples_rclpy_minimal_action_client:/home/haejum-park/install/examples_rclpy_guard_conditions:/home/haejum-park/install/examples_rclpy_executors:/opt/ros/humble:/home/haejum-park/2026_IFAC/install/f110_msgs:/home/haejum-park/sim_ws/install/wall_follow:/home/haejum-park/sim_ws/install/lab5_pkg:/home/haejum-park/sim_ws/install/homework:/home/haejum-park/sim_ws/install/gap_follow:/home/haejum-park/install/wall_follow:/home/haejum-park/install/my_new_package:/home/haejum-park/install/homework:/home/haejum-park/install/gap_follow:/home/haejum-park/install/examples_rclcpp_wait_set:/home/haejum-park/install/examples_rclcpp_multithreaded_executor:/home/haejum-park/install/examples_rclcpp_minimal_timer:/home/haejum-park/install/examples_rclcpp_minimal_subscriber:/home/haejum-park/install/examples_rclcpp_minimal_service:/home/haejum-park/install/examples_rclcpp_minimal_publisher:/home/haejum-park/install/examples_rclcpp_minimal_composition:/home/haejum-park/install/examples_rclcpp_minimal_client:/home/haejum-park/install/examples_rclcpp_minimal_action_server:/home/haejum-park/install/examples_rclcpp_minimal_action_client:/home/haejum-park/install/examples_rclcpp_cbg_executor:/home/haejum-park/install/examples_rclcpp_async_client /usr/bin/cmake --build /home/haejum-park/2026_IFAC/build/particle_filter_cpp -- -j14 -l14
[0.546s] Invoking command in '/home/haejum-park/2026_IFAC/build/particle_filter_cpp': CMAKE_PREFIX_PATH=/home/haejum-park/2026_IFAC/install/wpnt_publisher:/home/haejum-park/2026_IFAC/install/particle_filter_cpp:/home/haejum-park/2026_IFAC/install/global_planner:/home/haejum-park/2026_IFAC/install/new_map_con:/home/haejum-park/2026_IFAC/install/lap_timer:/home/haejum-park/2026_IFAC/install/amcl_localization:/home/haejum-park/sim_ws/install/f1tenth_gym_ros:/home/haejum-park/install/launch_testing_examples:/home/haejum-park/install/examples_rclpy_pointcloud_publisher:/home/haejum-park/install/examples_rclpy_minimal_subscriber:/home/haejum-park/install/examples_rclpy_minimal_service:/home/haejum-park/install/examples_rclpy_minimal_publisher:/home/haejum-park/install/examples_rclpy_minimal_client:/home/haejum-park/install/examples_rclpy_minimal_action_server:/home/haejum-park/install/examples_rclpy_minimal_action_client:/home/haejum-park/install/examples_rclpy_guard_conditions:/home/haejum-park/install/examples_rclpy_executors:/opt/ros/humble:/home/haejum-park/2026_IFAC/install/f110_msgs:/home/haejum-park/sim_ws/install/wall_follow:/home/haejum-park/sim_ws/install/lab5_pkg:/home/haejum-park/sim_ws/install/homework:/home/haejum-park/sim_ws/install/gap_follow:/home/haejum-park/install/wall_follow:/home/haejum-park/install/my_new_package:/home/haejum-park/install/homework:/home/haejum-park/install/gap_follow:/home/haejum-park/install/examples_rclcpp_wait_set:/home/haejum-park/install/examples_rclcpp_multithreaded_executor:/home/haejum-park/install/examples_rclcpp_minimal_timer:/home/haejum-park/install/examples_rclcpp_minimal_subscriber:/home/haejum-park/install/examples_rclcpp_minimal_service:/home/haejum-park/install/examples_rclcpp_minimal_publisher:/home/haejum-park/install/examples_rclcpp_minimal_composition:/home/haejum-park/install/examples_rclcpp_minimal_client:/home/haejum-park/install/examples_rclcpp_minimal_action_server:/home/haejum-park/install/examples_rclcpp_minimal_action_client:/home/haejum-park/install/examples_rclcpp_cbg_executor:/home/haejum-park/install/examples_rclcpp_async_client /usr/bin/cmake --install /home/haejum-park/2026_IFAC/build/particle_filter_cpp
[0.550s] -- Install configuration: ""
[0.550s] -- Execute custom install script
[0.551s] -- Up-to-date symlink: /home/haejum-park/2026_IFAC/install/particle_filter_cpp/lib/libparticle_filter_cpp_lib.so
[0.551s] -- Up-to-date symlink: /home/haejum-park/2026_IFAC/install/particle_filter_cpp/lib/particle_filter_cpp/particle_filter_node
[0.551s] -- Up-to-date symlink: /home/haejum-park/2026_IFAC/install/particle_filter_cpp/include//particle_filter_cpp/particle_filter.hpp
[0.551s] -- Up-to-date symlink: /home/haejum-park/2026_IFAC/install/particle_filter_cpp/include//particle_filter_cpp/utils.hpp
[0.551s] -- Up-to-date symlink: /home/haejum-park/2026_IFAC/install/particle_filter_cpp/share/particle_filter_cpp/environment/library_path.sh
[0.551s] -- Up-to-date symlink: /home/haejum-park/2026_IFAC/install/particle_filter_cpp/share/particle_filter_cpp/environment/library_path.dsv
[0.551s] -- Up-to-date symlink: /home/haejum-park/2026_IFAC/install/particle_filter_cpp/share/ament_index/resource_index/package_run_dependencies/particle_filter_cpp
[0.551s] -- Up-to-date symlink: /home/haejum-park/2026_IFAC/install/particle_filter_cpp/share/ament_index/resource_index/parent_prefix_path/particle_filter_cpp
[0.551s] -- Up-to-date symlink: /home/haejum-park/2026_IFAC/install/particle_filter_cpp/share/particle_filter_cpp/environment/ament_prefix_path.sh
[0.551s] -- Up-to-date symlink: /home/haejum-park/2026_IFAC/install/particle_filter_cpp/share/particle_filter_cpp/environment/ament_prefix_path.dsv
[0.551s] -- Up-to-date symlink: /home/haejum-park/2026_IFAC/install/particle_filter_cpp/share/particle_filter_cpp/environment/path.sh
[0.551s] -- Up-to-date symlink: /home/haejum-park/2026_IFAC/install/particle_filter_cpp/share/particle_filter_cpp/environment/path.dsv
[0.551s] -- Up-to-date symlink: /home/haejum-park/2026_IFAC/install/particle_filter_cpp/share/particle_filter_cpp/local_setup.bash
[0.552s] -- Up-to-date symlink: /home/haejum-park/2026_IFAC/install/particle_filter_cpp/share/particle_filter_cpp/local_setup.sh
[0.552s] -- Up-to-date symlink: /home/haejum-park/2026_IFAC/install/particle_filter_cpp/share/particle_filter_cpp/local_setup.zsh
[0.552s] -- Up-to-date symlink: /home/haejum-park/2026_IFAC/install/particle_filter_cpp/share/particle_filter_cpp/local_setup.dsv
[0.552s] -- Symlinking: /home/haejum-park/2026_IFAC/install/particle_filter_cpp/share/particle_filter_cpp/package.dsv
[0.562s] -- Up-to-date symlink: /home/haejum-park/2026_IFAC/install/particle_filter_cpp/share/ament_index/resource_index/packages/particle_filter_cpp
[0.562s] -- Up-to-date symlink: /home/haejum-park/2026_IFAC/install/particle_filter_cpp/share/ament_index/resource_index/rclcpp_components/particle_filter_cpp
[0.563s] -- Up-to-date symlink: /home/haejum-park/2026_IFAC/install/particle_filter_cpp/share/particle_filter_cpp/cmake/ament_cmake_export_dependencies-extras.cmake
[0.563s] -- Up-to-date symlink: /home/haejum-park/2026_IFAC/install/particle_filter_cpp/share/particle_filter_cpp/cmake/ament_cmake_export_include_directories-extras.cmake
[0.563s] -- Up-to-date symlink: /home/haejum-park/2026_IFAC/install/particle_filter_cpp/share/particle_filter_cpp/cmake/ament_cmake_export_libraries-extras.cmake
[0.563s] -- Up-to-date symlink: /home/haejum-park/2026_IFAC/install/particle_filter_cpp/share/particle_filter_cpp/cmake/particle_filter_cppConfig.cmake
[0.563s] -- Up-to-date symlink: /home/haejum-park/2026_IFAC/install/particle_filter_cpp/share/particle_filter_cpp/cmake/particle_filter_cppConfig-version.cmake
[0.563s] -- Up-to-date symlink: /home/haejum-park/2026_IFAC/install/particle_filter_cpp/share/particle_filter_cpp/package.xml
[0.563s] -- Up-to-date: /home/haejum-park/2026_IFAC/install/particle_filter_cpp/share/particle_filter_cpp/launch/
[0.565s] -- Up-to-date: /home/haejum-park/2026_IFAC/install/particle_filter_cpp/share/particle_filter_cpp/launch//mcl_launch.py
[0.565s] -- Up-to-date: /home/haejum-park/2026_IFAC/install/particle_filter_cpp/share/particle_filter_cpp/config/
[0.565s] -- Up-to-date: /home/haejum-park/2026_IFAC/install/particle_filter_cpp/share/particle_filter_cpp/config//mcl_config.yaml
[0.565s] -- Up-to-date: /home/haejum-park/2026_IFAC/install/particle_filter_cpp/share/particle_filter_cpp/maps/
[0.565s] -- Up-to-date: /home/haejum-park/2026_IFAC/install/particle_filter_cpp/share/particle_filter_cpp/maps//map_1753950572.pgm
[0.565s] -- Up-to-date: /home/haejum-park/2026_IFAC/install/particle_filter_cpp/share/particle_filter_cpp/maps//redbull_1.yaml
[0.565s] -- Up-to-date: /home/haejum-park/2026_IFAC/install/particle_filter_cpp/share/particle_filter_cpp/maps//Spielberg_map.yaml
[0.565s] -- Up-to-date: /home/haejum-park/2026_IFAC/install/particle_filter_cpp/share/particle_filter_cpp/maps//fuck_f1.yaml
[0.565s] -- Up-to-date: /home/haejum-park/2026_IFAC/install/particle_filter_cpp/share/particle_filter_cpp/maps//new_map1.png
[0.565s] -- Up-to-date: /home/haejum-park/2026_IFAC/install/particle_filter_cpp/share/particle_filter_cpp/maps//map_1755669035.pgm
[0.565s] -- Up-to-date: /home/haejum-park/2026_IFAC/install/particle_filter_cpp/share/particle_filter_cpp/maps//fuck_jg_1.pgm
[0.565s] -- Up-to-date: /home/haejum-park/2026_IFAC/install/particle_filter_cpp/share/particle_filter_cpp/maps//fuck_f1.pgm
[0.565s] -- Up-to-date: /home/haejum-park/2026_IFAC/install/particle_filter_cpp/share/particle_filter_cpp/maps//fmap.png
[0.565s] -- Up-to-date: /home/haejum-park/2026_IFAC/install/particle_filter_cpp/share/particle_filter_cpp/maps//sibal1.yaml
[0.565s] -- Up-to-date: /home/haejum-park/2026_IFAC/install/particle_filter_cpp/share/particle_filter_cpp/maps//levine.pgm
[0.565s] -- Up-to-date: /home/haejum-park/2026_IFAC/install/particle_filter_cpp/share/particle_filter_cpp/maps//levine.yaml
[0.565s] -- Up-to-date: /home/haejum-park/2026_IFAC/install/particle_filter_cpp/share/particle_filter_cpp/maps//map_1755669035.yaml
[0.565s] -- Up-to-date: /home/haejum-park/2026_IFAC/install/particle_filter_cpp/share/particle_filter_cpp/maps//test_map.pgm
[0.565s] -- Up-to-date: /home/haejum-park/2026_IFAC/install/particle_filter_cpp/share/particle_filter_cpp/maps//oct_25_1.yaml
[0.565s] -- Up-to-date: /home/haejum-park/2026_IFAC/install/particle_filter_cpp/share/particle_filter_cpp/maps//test_map.yaml
[0.565s] -- Up-to-date: /home/haejum-park/2026_IFAC/install/particle_filter_cpp/share/particle_filter_cpp/maps//oct_25_1.pgm
[0.566s] -- Up-to-date: /home/haejum-park/2026_IFAC/install/particle_filter_cpp/share/particle_filter_cpp/maps//slam_map.png
[0.566s] -- Up-to-date: /home/haejum-park/2026_IFAC/install/particle_filter_cpp/share/particle_filter_cpp/maps//redbull_1.png
[0.566s] -- Up-to-date: /home/haejum-park/2026_IFAC/install/particle_filter_cpp/share/particle_filter_cpp/maps//Spielberg_map.png
[0.566s] -- Up-to-date: /home/haejum-park/2026_IFAC/install/particle_filter_cpp/share/particle_filter_cpp/maps//first_map.yaml
[0.566s] -- Up-to-date: /home/haejum-park/2026_IFAC/install/particle_filter_cpp/share/particle_filter_cpp/maps//icra_2_clean.png
[0.566s] -- Up-to-date: /home/haejum-park/2026_IFAC/install/particle_filter_cpp/share/particle_filter_cpp/maps//sibal1.png
[0.566s] -- Up-to-date: /home/haejum-park/2026_IFAC/install/particle_filter_cpp/share/particle_filter_cpp/maps//basement_fixed.png
[0.566s] -- Up-to-date: /home/haejum-park/2026_IFAC/install/particle_filter_cpp/share/particle_filter_cpp/maps//f2map.yaml
[0.566s] -- Up-to-date: /home/haejum-park/2026_IFAC/install/particle_filter_cpp/share/particle_filter_cpp/maps//basement_fixed.map.yaml
[0.566s] -- Up-to-date: /home/haejum-park/2026_IFAC/install/particle_filter_cpp/share/particle_filter_cpp/maps//icra_2_clean.yaml
[0.566s] -- Up-to-date: /home/haejum-park/2026_IFAC/install/particle_filter_cpp/share/particle_filter_cpp/maps//labtest.yaml
[0.566s] -- Up-to-date: /home/haejum-park/2026_IFAC/install/particle_filter_cpp/share/particle_filter_cpp/maps//first_map.pgm
[0.566s] -- Up-to-date: /home/haejum-park/2026_IFAC/install/particle_filter_cpp/share/particle_filter_cpp/maps//map_1753950572.yaml
[0.566s] -- Up-to-date: /home/haejum-park/2026_IFAC/install/particle_filter_cpp/share/particle_filter_cpp/maps//slam_map.yaml
[0.566s] -- Up-to-date: /home/haejum-park/2026_IFAC/install/particle_filter_cpp/share/particle_filter_cpp/maps//f2map.pgm
[0.566s] -- Up-to-date: /home/haejum-park/2026_IFAC/install/particle_filter_cpp/share/particle_filter_cpp/maps//labtest.pgm
[0.566s] -- Up-to-date: /home/haejum-park/2026_IFAC/install/particle_filter_cpp/share/particle_filter_cpp/maps//fuck_jg_1.yaml
[0.566s] -- Up-to-date: /home/haejum-park/2026_IFAC/install/particle_filter_cpp/share/particle_filter_cpp/maps//new_map1.yaml
[0.566s] -- Up-to-date: /home/haejum-park/2026_IFAC/install/particle_filter_cpp/share/particle_filter_cpp/maps//fmap.yaml
[0.566s] -- Up-to-date: /home/haejum-park/2026_IFAC/install/particle_filter_cpp/share/particle_filter_cpp/rviz/
[0.566s] -- Up-to-date: /home/haejum-park/2026_IFAC/install/particle_filter_cpp/share/particle_filter_cpp/rviz//particle_filter.rviz
[0.567s] Invoked command in '/home/haejum-park/2026_IFAC/build/particle_filter_cpp' returned '0': CMAKE_PREFIX_PATH=/home/haejum-park/2026_IFAC/install/wpnt_publisher:/home/haejum-park/2026_IFAC/install/particle_filter_cpp:/home/haejum-park/2026_IFAC/install/global_planner:/home/haejum-park/2026_IFAC/install/new_map_con:/home/haejum-park/2026_IFAC/install/lap_timer:/home/haejum-park/2026_IFAC/install/amcl_localization:/home/haejum-park/sim_ws/install/f1tenth_gym_ros:/home/haejum-park/install/launch_testing_examples:/home/haejum-park/install/examples_rclpy_pointcloud_publisher:/home/haejum-park/install/examples_rclpy_minimal_subscriber:/home/haejum-park/install/examples_rclpy_minimal_service:/home/haejum-park/install/examples_rclpy_minimal_publisher:/home/haejum-park/install/examples_rclpy_minimal_client:/home/haejum-park/install/examples_rclpy_minimal_action_server:/home/haejum-park/install/examples_rclpy_minimal_action_client:/home/haejum-park/install/examples_rclpy_guard_conditions:/home/haejum-park/install/examples_rclpy_executors:/opt/ros/humble:/home/haejum-park/2026_IFAC/install/f110_msgs:/home/haejum-park/sim_ws/install/wall_follow:/home/haejum-park/sim_ws/install/lab5_pkg:/home/haejum-park/sim_ws/install/homework:/home/haejum-park/sim_ws/install/gap_follow:/home/haejum-park/install/wall_follow:/home/haejum-park/install/my_new_package:/home/haejum-park/install/homework:/home/haejum-park/install/gap_follow:/home/haejum-park/install/examples_rclcpp_wait_set:/home/haejum-park/install/examples_rclcpp_multithreaded_executor:/home/haejum-park/install/examples_rclcpp_minimal_timer:/home/haejum-park/install/examples_rclcpp_minimal_subscriber:/home/haejum-park/install/examples_rclcpp_minimal_service:/home/haejum-park/install/examples_rclcpp_minimal_publisher:/home/haejum-park/install/examples_rclcpp_minimal_composition:/home/haejum-park/install/examples_rclcpp_minimal_client:/home/haejum-park/install/examples_rclcpp_minimal_action_server:/home/haejum-park/install/examples_rclcpp_minimal_action_client:/home/haejum-park/install/examples_rclcpp_cbg_executor:/home/haejum-park/install/examples_rclcpp_async_client /usr/bin/cmake --install /home/haejum-park/2026_IFAC/build/particle_filter_cpp
