running develop
Removing /home/haejum-park/2026_IFAC/install/new_map_con/lib/python3.10/site-packages/new-map-con.egg-link (link to .)
running egg_info
writing ../build/new_map_con/new_map_con.egg-info/PKG-INFO
writing dependency_links to ../build/new_map_con/new_map_con.egg-info/dependency_links.txt
writing entry points to ../build/new_map_con/new_map_con.egg-info/entry_points.txt
writing requirements to ../build/new_map_con/new_map_con.egg-info/requires.txt
writing top-level names to ../build/new_map_con/new_map_con.egg-info/top_level.txt
reading manifest file '../build/new_map_con/new_map_con.egg-info/SOURCES.txt'
writing manifest file '../build/new_map_con/new_map_con.egg-info/SOURCES.txt'
running build
running build_py
creating /home/haejum-park/2026_IFAC/build/new_map_con/build
creating /home/haejum-park/2026_IFAC/build/new_map_con/build/lib
creating /home/haejum-park/2026_IFAC/build/new_map_con/build/lib/new_map_con
copying new_map_con/MAP_controller.py -> /home/haejum-park/2026_IFAC/build/new_map_con/build/lib/new_map_con
copying new_map_con/MAP_controller copy.py -> /home/haejum-park/2026_IFAC/build/new_map_con/build/lib/new_map_con
copying new_map_con/__init__.py -> /home/haejum-park/2026_IFAC/build/new_map_con/build/lib/new_map_con
copying new_map_con/tester.py -> /home/haejum-park/2026_IFAC/build/new_map_con/build/lib/new_map_con
running install
running install_lib
creating /home/haejum-park/2026_IFAC/install/new_map_con/lib/python3.10/site-packages/new_map_con
copying /home/haejum-park/2026_IFAC/build/new_map_con/build/lib/new_map_con/MAP_controller.py -> /home/haejum-park/2026_IFAC/install/new_map_con/lib/python3.10/site-packages/new_map_con
copying /home/haejum-park/2026_IFAC/build/new_map_con/build/lib/new_map_con/MAP_controller copy.py -> /home/haejum-park/2026_IFAC/install/new_map_con/lib/python3.10/site-packages/new_map_con
copying /home/haejum-park/2026_IFAC/build/new_map_con/build/lib/new_map_con/__init__.py -> /home/haejum-park/2026_IFAC/install/new_map_con/lib/python3.10/site-packages/new_map_con
copying /home/haejum-park/2026_IFAC/build/new_map_con/build/lib/new_map_con/tester.py -> /home/haejum-park/2026_IFAC/install/new_map_con/lib/python3.10/site-packages/new_map_con
byte-compiling /home/haejum-park/2026_IFAC/install/new_map_con/lib/python3.10/site-packages/new_map_con/MAP_controller.py to MAP_controller.cpython-310.pyc
byte-compiling /home/haejum-park/2026_IFAC/install/new_map_con/lib/python3.10/site-packages/new_map_con/MAP_controller copy.py to MAP_controller copy.cpython-310.pyc
byte-compiling /home/haejum-park/2026_IFAC/install/new_map_con/lib/python3.10/site-packages/new_map_con/__init__.py to __init__.cpython-310.pyc
byte-compiling /home/haejum-park/2026_IFAC/install/new_map_con/lib/python3.10/site-packages/new_map_con/tester.py to tester.cpython-310.pyc
running install_data
copying resource/new_map_con -> /home/haejum-park/2026_IFAC/install/new_map_con/share/ament_index/resource_index/packages
copying package.xml -> /home/haejum-park/2026_IFAC/install/new_map_con/share/new_map_con
copying maps/oct28.csv -> /home/haejum-park/2026_IFAC/install/new_map_con/share/new_map_con/maps
running install_egg_info
Copying ../build/new_map_con/new_map_con.egg-info to /home/haejum-park/2026_IFAC/install/new_map_con/lib/python3.10/site-packages/new_map_con-0.0.0-py3.10.egg-info
running install_scripts
Installing MAP script to /home/haejum-park/2026_IFAC/install/new_map_con/lib/new_map_con
writing list of installed files to '/home/haejum-park/2026_IFAC/build/new_map_con/install.log'
