[0.602s] Invoking command in '/home/haejum-park/2026_IFAC/build/new_map_con': PYTHONPATH=/home/haejum-park/2026_IFAC/build/new_map_con/prefix_override:/usr/lib/python3/dist-packages/colcon_core/task/python/colcon_distutils_commands:/home/haejum-park/2026_IFAC/install/new_map_con/lib/python3.10/site-packages:${PYTHONPATH} /usr/bin/python3 -W ignore:setup.py install is deprecated -W ignore:easy_install command is deprecated setup.py develop --uninstall --editable --build-directory /home/haejum-park/2026_IFAC/build/new_map_con/build
[0.732s] running develop
[0.804s] Removing /home/haejum-park/2026_IFAC/install/new_map_con/lib/python3.10/site-packages/new-map-con.egg-link (link to .)
[0.825s] Invoked command in '/home/haejum-park/2026_IFAC/build/new_map_con' returned '0': PYTHONPATH=/home/haejum-park/2026_IFAC/build/new_map_con/prefix_override:/usr/lib/python3/dist-packages/colcon_core/task/python/colcon_distutils_commands:/home/haejum-park/2026_IFAC/install/new_map_con/lib/python3.10/site-packages:${PYTHONPATH} /usr/bin/python3 -W ignore:setup.py install is deprecated -W ignore:easy_install command is deprecated setup.py develop --uninstall --editable --build-directory /home/haejum-park/2026_IFAC/build/new_map_con/build
[0.826s] Invoking command in '/home/haejum-park/2026_IFAC/new_map_con': PYTHONPATH=/home/haejum-park/2026_IFAC/build/new_map_con/prefix_override:/usr/lib/python3/dist-packages/colcon_core/task/python/colcon_distutils_commands:/home/haejum-park/2026_IFAC/install/new_map_con/lib/python3.10/site-packages:${PYTHONPATH} /usr/bin/python3 -W ignore:setup.py install is deprecated -W ignore:easy_install command is deprecated setup.py egg_info --egg-base ../build/new_map_con build --build-base /home/haejum-park/2026_IFAC/build/new_map_con/build install --record /home/haejum-park/2026_IFAC/build/new_map_con/install.log --single-version-externally-managed install_data --force
[0.952s] running egg_info
[0.952s] writing ../build/new_map_con/new_map_con.egg-info/PKG-INFO
[0.952s] writing dependency_links to ../build/new_map_con/new_map_con.egg-info/dependency_links.txt
[0.953s] writing entry points to ../build/new_map_con/new_map_con.egg-info/entry_points.txt
[0.953s] writing requirements to ../build/new_map_con/new_map_con.egg-info/requires.txt
[0.953s] writing top-level names to ../build/new_map_con/new_map_con.egg-info/top_level.txt
[0.953s] reading manifest file '../build/new_map_con/new_map_con.egg-info/SOURCES.txt'
[0.954s] writing manifest file '../build/new_map_con/new_map_con.egg-info/SOURCES.txt'
[0.954s] running build
[0.954s] running build_py
[0.954s] creating /home/haejum-park/2026_IFAC/build/new_map_con/build
[0.954s] creating /home/haejum-park/2026_IFAC/build/new_map_con/build/lib
[0.954s] creating /home/haejum-park/2026_IFAC/build/new_map_con/build/lib/new_map_con
[0.954s] copying new_map_con/MAP_controller.py -> /home/haejum-park/2026_IFAC/build/new_map_con/build/lib/new_map_con
[0.954s] copying new_map_con/MAP_controller copy.py -> /home/haejum-park/2026_IFAC/build/new_map_con/build/lib/new_map_con
[0.954s] copying new_map_con/__init__.py -> /home/haejum-park/2026_IFAC/build/new_map_con/build/lib/new_map_con
[0.954s] copying new_map_con/tester.py -> /home/haejum-park/2026_IFAC/build/new_map_con/build/lib/new_map_con
[0.954s] running install
[0.954s] running install_lib
[0.954s] creating /home/haejum-park/2026_IFAC/install/new_map_con/lib/python3.10/site-packages/new_map_con
[0.954s] copying /home/haejum-park/2026_IFAC/build/new_map_con/build/lib/new_map_con/MAP_controller.py -> /home/haejum-park/2026_IFAC/install/new_map_con/lib/python3.10/site-packages/new_map_con
[0.954s] copying /home/haejum-park/2026_IFAC/build/new_map_con/build/lib/new_map_con/MAP_controller copy.py -> /home/haejum-park/2026_IFAC/install/new_map_con/lib/python3.10/site-packages/new_map_con
[0.954s] copying /home/haejum-park/2026_IFAC/build/new_map_con/build/lib/new_map_con/__init__.py -> /home/haejum-park/2026_IFAC/install/new_map_con/lib/python3.10/site-packages/new_map_con
[0.954s] copying /home/haejum-park/2026_IFAC/build/new_map_con/build/lib/new_map_con/tester.py -> /home/haejum-park/2026_IFAC/install/new_map_con/lib/python3.10/site-packages/new_map_con
[0.955s] byte-compiling /home/haejum-park/2026_IFAC/install/new_map_con/lib/python3.10/site-packages/new_map_con/MAP_controller.py to MAP_controller.cpython-310.pyc
[0.957s] byte-compiling /home/haejum-park/2026_IFAC/install/new_map_con/lib/python3.10/site-packages/new_map_con/MAP_controller copy.py to MAP_controller copy.cpython-310.pyc
[0.958s] byte-compiling /home/haejum-park/2026_IFAC/install/new_map_con/lib/python3.10/site-packages/new_map_con/__init__.py to __init__.cpython-310.pyc
[0.958s] byte-compiling /home/haejum-park/2026_IFAC/install/new_map_con/lib/python3.10/site-packages/new_map_con/tester.py to tester.cpython-310.pyc
[0.958s] running install_data
[0.959s] copying resource/new_map_con -> /home/haejum-park/2026_IFAC/install/new_map_con/share/ament_index/resource_index/packages
[0.959s] copying package.xml -> /home/haejum-park/2026_IFAC/install/new_map_con/share/new_map_con
[0.959s] copying maps/oct28.csv -> /home/haejum-park/2026_IFAC/install/new_map_con/share/new_map_con/maps
[0.959s] running install_egg_info
[0.960s] Copying ../build/new_map_con/new_map_con.egg-info to /home/haejum-park/2026_IFAC/install/new_map_con/lib/python3.10/site-packages/new_map_con-0.0.0-py3.10.egg-info
[0.960s] running install_scripts
[0.970s] Installing MAP script to /home/haejum-park/2026_IFAC/install/new_map_con/lib/new_map_con
[0.970s] writing list of installed files to '/home/haejum-park/2026_IFAC/build/new_map_con/install.log'
[0.986s] Invoked command in '/home/haejum-park/2026_IFAC/new_map_con' returned '0': PYTHONPATH=/home/haejum-park/2026_IFAC/build/new_map_con/prefix_override:/usr/lib/python3/dist-packages/colcon_core/task/python/colcon_distutils_commands:/home/haejum-park/2026_IFAC/install/new_map_con/lib/python3.10/site-packages:${PYTHONPATH} /usr/bin/python3 -W ignore:setup.py install is deprecated -W ignore:easy_install command is deprecated setup.py egg_info --egg-base ../build/new_map_con build --build-base /home/haejum-park/2026_IFAC/build/new_map_con/build install --record /home/haejum-park/2026_IFAC/build/new_map_con/install.log --single-version-externally-managed install_data --force
