[0.017s] Invoking command in '/home/haejum-park/2026_IFAC/build/f110_msgs': CMAKE_PREFIX_PATH=${CMAKE_PREFIX_PATH}:/home/haejum-park/sim_ws/install/f1tenth_gym_ros:/home/haejum-park/install/launch_testing_examples:/home/haejum-park/install/examples_rclpy_pointcloud_publisher:/home/haejum-park/install/examples_rclpy_minimal_subscriber:/home/haejum-park/install/examples_rclpy_minimal_service:/home/haejum-park/install/examples_rclpy_minimal_publisher:/home/haejum-park/install/examples_rclpy_minimal_client:/home/haejum-park/install/examples_rclpy_minimal_action_server:/home/haejum-park/install/examples_rclpy_minimal_action_client:/home/haejum-park/install/examples_rclpy_guard_conditions:/home/haejum-park/install/examples_rclpy_executors:/opt/ros/humble /usr/bin/cmake --build /home/haejum-park/2026_IFAC/build/f110_msgs -- -j14 -l14
[0.432s] [  0%] Built target f110_msgs__cpp
[0.433s] [ 12%] Built target f110_msgs__rosidl_generator_c
[0.433s] [ 12%] Built target ament_cmake_python_symlink_f110_msgs
[0.433s] [ 24%] Built target f110_msgs__rosidl_typesupport_c
[0.433s] [ 36%] Built target f110_msgs__rosidl_typesupport_introspection_c
[0.433s] [ 63%] Built target f110_msgs__rosidl_typesupport_fastrtps_cpp
[0.433s] [ 72%] Built target f110_msgs__rosidl_typesupport_introspection_cpp
[0.433s] [ 72%] Built target f110_msgs__rosidl_typesupport_cpp
[0.433s] [ 84%] Built target f110_msgs__rosidl_typesupport_fastrtps_c
[0.433s] [ 84%] Built target f110_msgs
[0.433s] [ 85%] Built target f110_msgs__py
[0.433s] [ 96%] Built target f110_msgs__rosidl_generator_py
[0.433s] [ 99%] Built target f110_msgs__rosidl_typesupport_c__pyext
[0.433s] [ 99%] Built target f110_msgs__rosidl_typesupport_fastrtps_c__pyext
[0.433s] [100%] Built target f110_msgs__rosidl_typesupport_introspection_c__pyext
[0.433s] running egg_info
[0.433s] writing f110_msgs.egg-info/PKG-INFO
[0.433s] writing dependency_links to f110_msgs.egg-info/dependency_links.txt
[0.434s] writing top-level names to f110_msgs.egg-info/top_level.txt
[0.434s] reading manifest file 'f110_msgs.egg-info/SOURCES.txt'
[0.434s] writing manifest file 'f110_msgs.egg-info/SOURCES.txt'
[0.434s] [100%] Built target ament_cmake_python_build_f110_msgs_egg
[0.437s] Invoked command in '/home/haejum-park/2026_IFAC/build/f110_msgs' returned '0': CMAKE_PREFIX_PATH=${CMAKE_PREFIX_PATH}:/home/haejum-park/sim_ws/install/f1tenth_gym_ros:/home/haejum-park/install/launch_testing_examples:/home/haejum-park/install/examples_rclpy_pointcloud_publisher:/home/haejum-park/install/examples_rclpy_minimal_subscriber:/home/haejum-park/install/examples_rclpy_minimal_service:/home/haejum-park/install/examples_rclpy_minimal_publisher:/home/haejum-park/install/examples_rclpy_minimal_client:/home/haejum-park/install/examples_rclpy_minimal_action_server:/home/haejum-park/install/examples_rclpy_minimal_action_client:/home/haejum-park/install/examples_rclpy_guard_conditions:/home/haejum-park/install/examples_rclpy_executors:/opt/ros/humble /usr/bin/cmake --build /home/haejum-park/2026_IFAC/build/f110_msgs -- -j14 -l14
[0.442s] Invoking command in '/home/haejum-park/2026_IFAC/build/f110_msgs': CMAKE_PREFIX_PATH=${CMAKE_PREFIX_PATH}:/home/haejum-park/sim_ws/install/f1tenth_gym_ros:/home/haejum-park/install/launch_testing_examples:/home/haejum-park/install/examples_rclpy_pointcloud_publisher:/home/haejum-park/install/examples_rclpy_minimal_subscriber:/home/haejum-park/install/examples_rclpy_minimal_service:/home/haejum-park/install/examples_rclpy_minimal_publisher:/home/haejum-park/install/examples_rclpy_minimal_client:/home/haejum-park/install/examples_rclpy_minimal_action_server:/home/haejum-park/install/examples_rclpy_minimal_action_client:/home/haejum-park/install/examples_rclpy_guard_conditions:/home/haejum-park/install/examples_rclpy_executors:/opt/ros/humble /usr/bin/cmake --install /home/haejum-park/2026_IFAC/build/f110_msgs
[0.446s] -- Install configuration: ""
[0.447s] -- Execute custom install script
[0.447s] -- Up-to-date symlink: /home/haejum-park/2026_IFAC/install/f110_msgs/share/ament_index/resource_index/rosidl_interfaces/f110_msgs
[0.447s] -- Up-to-date symlink: /home/haejum-park/2026_IFAC/install/f110_msgs/include/f110_msgs/f110_msgs/msg/car_state.h
[0.447s] -- Up-to-date symlink: /home/haejum-park/2026_IFAC/install/f110_msgs/include/f110_msgs/f110_msgs/msg/car_state_stamped.h
[0.447s] -- Up-to-date symlink: /home/haejum-park/2026_IFAC/install/f110_msgs/include/f110_msgs/f110_msgs/msg/detail/car_state__functions.h
[0.447s] -- Up-to-date symlink: /home/haejum-park/2026_IFAC/install/f110_msgs/include/f110_msgs/f110_msgs/msg/detail/car_state__struct.h
[0.447s] -- Up-to-date symlink: /home/haejum-park/2026_IFAC/install/f110_msgs/include/f110_msgs/f110_msgs/msg/detail/car_state__type_support.h
[0.448s] -- Up-to-date symlink: /home/haejum-park/2026_IFAC/install/f110_msgs/include/f110_msgs/f110_msgs/msg/detail/car_state_stamped__functions.h
[0.448s] -- Up-to-date symlink: /home/haejum-park/2026_IFAC/install/f110_msgs/include/f110_msgs/f110_msgs/msg/detail/car_state_stamped__struct.h
[0.448s] -- Up-to-date symlink: /home/haejum-park/2026_IFAC/install/f110_msgs/include/f110_msgs/f110_msgs/msg/detail/car_state_stamped__type_support.h
[0.448s] -- Up-to-date symlink: /home/haejum-park/2026_IFAC/install/f110_msgs/include/f110_msgs/f110_msgs/msg/detail/gap_data__functions.h
[0.448s] -- Up-to-date symlink: /home/haejum-park/2026_IFAC/install/f110_msgs/include/f110_msgs/f110_msgs/msg/detail/gap_data__struct.h
[0.448s] -- Up-to-date symlink: /home/haejum-park/2026_IFAC/install/f110_msgs/include/f110_msgs/f110_msgs/msg/detail/gap_data__type_support.h
[0.448s] -- Up-to-date symlink: /home/haejum-park/2026_IFAC/install/f110_msgs/include/f110_msgs/f110_msgs/msg/detail/lap_data__functions.h
[0.448s] -- Up-to-date symlink: /home/haejum-park/2026_IFAC/install/f110_msgs/include/f110_msgs/f110_msgs/msg/detail/lap_data__struct.h
[0.448s] -- Up-to-date symlink: /home/haejum-park/2026_IFAC/install/f110_msgs/include/f110_msgs/f110_msgs/msg/detail/lap_data__type_support.h
[0.448s] -- Up-to-date symlink: /home/haejum-park/2026_IFAC/install/f110_msgs/include/f110_msgs/f110_msgs/msg/detail/obstacle__functions.h
[0.448s] -- Up-to-date symlink: /home/haejum-park/2026_IFAC/install/f110_msgs/include/f110_msgs/f110_msgs/msg/detail/obstacle__struct.h
[0.448s] -- Up-to-date symlink: /home/haejum-park/2026_IFAC/install/f110_msgs/include/f110_msgs/f110_msgs/msg/detail/obstacle__type_support.h
[0.448s] -- Up-to-date symlink: /home/haejum-park/2026_IFAC/install/f110_msgs/include/f110_msgs/f110_msgs/msg/detail/obstacle_array__functions.h
[0.448s] -- Up-to-date symlink: /home/haejum-park/2026_IFAC/install/f110_msgs/include/f110_msgs/f110_msgs/msg/detail/obstacle_array__struct.h
[0.448s] -- Up-to-date symlink: /home/haejum-park/2026_IFAC/install/f110_msgs/include/f110_msgs/f110_msgs/msg/detail/obstacle_array__type_support.h
[0.448s] -- Up-to-date symlink: /home/haejum-park/2026_IFAC/install/f110_msgs/include/f110_msgs/f110_msgs/msg/detail/opp_wpnt__functions.h
[0.448s] -- Up-to-date symlink: /home/haejum-park/2026_IFAC/install/f110_msgs/include/f110_msgs/f110_msgs/msg/detail/opp_wpnt__struct.h
[0.448s] -- Up-to-date symlink: /home/haejum-park/2026_IFAC/install/f110_msgs/include/f110_msgs/f110_msgs/msg/detail/opp_wpnt__type_support.h
[0.448s] -- Up-to-date symlink: /home/haejum-park/2026_IFAC/install/f110_msgs/include/f110_msgs/f110_msgs/msg/detail/opponent_trajectories__functions.h
[0.448s] -- Up-to-date symlink: /home/haejum-park/2026_IFAC/install/f110_msgs/include/f110_msgs/f110_msgs/msg/detail/opponent_trajectories__struct.h
[0.448s] -- Up-to-date symlink: /home/haejum-park/2026_IFAC/install/f110_msgs/include/f110_msgs/f110_msgs/msg/detail/opponent_trajectories__type_support.h
[0.448s] -- Up-to-date symlink: /home/haejum-park/2026_IFAC/install/f110_msgs/include/f110_msgs/f110_msgs/msg/detail/opponent_trajectory__functions.h
[0.449s] -- Up-to-date symlink: /home/haejum-park/2026_IFAC/install/f110_msgs/include/f110_msgs/f110_msgs/msg/detail/opponent_trajectory__struct.h
[0.449s] -- Up-to-date symlink: /home/haejum-park/2026_IFAC/install/f110_msgs/include/f110_msgs/f110_msgs/msg/detail/opponent_trajectory__type_support.h
[0.449s] -- Up-to-date symlink: /home/haejum-park/2026_IFAC/install/f110_msgs/include/f110_msgs/f110_msgs/msg/detail/ot_wpnt_array__functions.h
[0.449s] -- Up-to-date symlink: /home/haejum-park/2026_IFAC/install/f110_msgs/include/f110_msgs/f110_msgs/msg/detail/ot_wpnt_array__struct.h
[0.449s] -- Up-to-date symlink: /home/haejum-park/2026_IFAC/install/f110_msgs/include/f110_msgs/f110_msgs/msg/detail/ot_wpnt_array__type_support.h
[0.449s] -- Up-to-date symlink: /home/haejum-park/2026_IFAC/install/f110_msgs/include/f110_msgs/f110_msgs/msg/detail/pid_data__functions.h
[0.449s] -- Up-to-date symlink: /home/haejum-park/2026_IFAC/install/f110_msgs/include/f110_msgs/f110_msgs/msg/detail/pid_data__struct.h
[0.449s] -- Up-to-date symlink: /home/haejum-park/2026_IFAC/install/f110_msgs/include/f110_msgs/f110_msgs/msg/detail/pid_data__type_support.h
[0.449s] -- Up-to-date symlink: /home/haejum-park/2026_IFAC/install/f110_msgs/include/f110_msgs/f110_msgs/msg/detail/proj_opp_point__functions.h
[0.449s] -- Up-to-date symlink: /home/haejum-park/2026_IFAC/install/f110_msgs/include/f110_msgs/f110_msgs/msg/detail/proj_opp_point__struct.h
[0.449s] -- Up-to-date symlink: /home/haejum-park/2026_IFAC/install/f110_msgs/include/f110_msgs/f110_msgs/msg/detail/proj_opp_point__type_support.h
[0.449s] -- Up-to-date symlink: /home/haejum-park/2026_IFAC/install/f110_msgs/include/f110_msgs/f110_msgs/msg/detail/proj_opp_traj__functions.h
[0.449s] -- Up-to-date symlink: /home/haejum-park/2026_IFAC/install/f110_msgs/include/f110_msgs/f110_msgs/msg/detail/proj_opp_traj__struct.h
[0.449s] -- Up-to-date symlink: /home/haejum-park/2026_IFAC/install/f110_msgs/include/f110_msgs/f110_msgs/msg/detail/proj_opp_traj__type_support.h
[0.449s] -- Up-to-date symlink: /home/haejum-park/2026_IFAC/install/f110_msgs/include/f110_msgs/f110_msgs/msg/detail/wpnt__functions.h
[0.449s] -- Up-to-date symlink: /home/haejum-park/2026_IFAC/install/f110_msgs/include/f110_msgs/f110_msgs/msg/detail/wpnt__struct.h
[0.449s] -- Up-to-date symlink: /home/haejum-park/2026_IFAC/install/f110_msgs/include/f110_msgs/f110_msgs/msg/detail/wpnt__type_support.h
[0.449s] -- Up-to-date symlink: /home/haejum-park/2026_IFAC/install/f110_msgs/include/f110_msgs/f110_msgs/msg/detail/wpnt_array__functions.h
[0.449s] -- Up-to-date symlink: /home/haejum-park/2026_IFAC/install/f110_msgs/include/f110_msgs/f110_msgs/msg/detail/wpnt_array__struct.h
[0.449s] -- Up-to-date symlink: /home/haejum-park/2026_IFAC/install/f110_msgs/include/f110_msgs/f110_msgs/msg/detail/wpnt_array__type_support.h
[0.449s] -- Up-to-date symlink: /home/haejum-park/2026_IFAC/install/f110_msgs/include/f110_msgs/f110_msgs/msg/gap_data.h
[0.449s] -- Up-to-date symlink: /home/haejum-park/2026_IFAC/install/f110_msgs/include/f110_msgs/f110_msgs/msg/lap_data.h
[0.450s] -- Up-to-date symlink: /home/haejum-park/2026_IFAC/install/f110_msgs/include/f110_msgs/f110_msgs/msg/obstacle.h
[0.450s] -- Up-to-date symlink: /home/haejum-park/2026_IFAC/install/f110_msgs/include/f110_msgs/f110_msgs/msg/obstacle_array.h
[0.450s] -- Up-to-date symlink: /home/haejum-park/2026_IFAC/install/f110_msgs/include/f110_msgs/f110_msgs/msg/opp_wpnt.h
[0.450s] -- Up-to-date symlink: /home/haejum-park/2026_IFAC/install/f110_msgs/include/f110_msgs/f110_msgs/msg/opponent_trajectories.h
[0.450s] -- Up-to-date symlink: /home/haejum-park/2026_IFAC/install/f110_msgs/include/f110_msgs/f110_msgs/msg/opponent_trajectory.h
[0.450s] -- Up-to-date symlink: /home/haejum-park/2026_IFAC/install/f110_msgs/include/f110_msgs/f110_msgs/msg/ot_wpnt_array.h
[0.450s] -- Up-to-date symlink: /home/haejum-park/2026_IFAC/install/f110_msgs/include/f110_msgs/f110_msgs/msg/pid_data.h
[0.450s] -- Up-to-date symlink: /home/haejum-park/2026_IFAC/install/f110_msgs/include/f110_msgs/f110_msgs/msg/proj_opp_point.h
[0.450s] -- Up-to-date symlink: /home/haejum-park/2026_IFAC/install/f110_msgs/include/f110_msgs/f110_msgs/msg/proj_opp_traj.h
[0.450s] -- Up-to-date symlink: /home/haejum-park/2026_IFAC/install/f110_msgs/include/f110_msgs/f110_msgs/msg/rosidl_generator_c__visibility_control.h
[0.450s] -- Up-to-date symlink: /home/haejum-park/2026_IFAC/install/f110_msgs/include/f110_msgs/f110_msgs/msg/wpnt.h
[0.450s] -- Up-to-date symlink: /home/haejum-park/2026_IFAC/install/f110_msgs/include/f110_msgs/f110_msgs/msg/wpnt_array.h
[0.450s] -- Up-to-date symlink: /home/haejum-park/2026_IFAC/install/f110_msgs/share/f110_msgs/environment/library_path.sh
[0.450s] -- Up-to-date symlink: /home/haejum-park/2026_IFAC/install/f110_msgs/share/f110_msgs/environment/library_path.dsv
[0.451s] -- Up-to-date symlink: /home/haejum-park/2026_IFAC/install/f110_msgs/include/f110_msgs/f110_msgs/msg/detail/car_state__rosidl_typesupport_fastrtps_c.h
[0.451s] -- Up-to-date symlink: /home/haejum-park/2026_IFAC/install/f110_msgs/include/f110_msgs/f110_msgs/msg/detail/car_state_stamped__rosidl_typesupport_fastrtps_c.h
[0.451s] -- Up-to-date symlink: /home/haejum-park/2026_IFAC/install/f110_msgs/include/f110_msgs/f110_msgs/msg/detail/gap_data__rosidl_typesupport_fastrtps_c.h
[0.451s] -- Up-to-date symlink: /home/haejum-park/2026_IFAC/install/f110_msgs/include/f110_msgs/f110_msgs/msg/detail/lap_data__rosidl_typesupport_fastrtps_c.h
[0.451s] -- Up-to-date symlink: /home/haejum-park/2026_IFAC/install/f110_msgs/include/f110_msgs/f110_msgs/msg/detail/obstacle__rosidl_typesupport_fastrtps_c.h
[0.451s] -- Up-to-date symlink: /home/haejum-park/2026_IFAC/install/f110_msgs/include/f110_msgs/f110_msgs/msg/detail/obstacle_array__rosidl_typesupport_fastrtps_c.h
[0.451s] -- Up-to-date symlink: /home/haejum-park/2026_IFAC/install/f110_msgs/include/f110_msgs/f110_msgs/msg/detail/opp_wpnt__rosidl_typesupport_fastrtps_c.h
[0.451s] -- Up-to-date symlink: /home/haejum-park/2026_IFAC/install/f110_msgs/include/f110_msgs/f110_msgs/msg/detail/opponent_trajectories__rosidl_typesupport_fastrtps_c.h
[0.451s] -- Up-to-date symlink: /home/haejum-park/2026_IFAC/install/f110_msgs/include/f110_msgs/f110_msgs/msg/detail/opponent_trajectory__rosidl_typesupport_fastrtps_c.h
[0.451s] -- Up-to-date symlink: /home/haejum-park/2026_IFAC/install/f110_msgs/include/f110_msgs/f110_msgs/msg/detail/ot_wpnt_array__rosidl_typesupport_fastrtps_c.h
[0.451s] -- Up-to-date symlink: /home/haejum-park/2026_IFAC/install/f110_msgs/include/f110_msgs/f110_msgs/msg/detail/pid_data__rosidl_typesupport_fastrtps_c.h
[0.451s] -- Up-to-date symlink: /home/haejum-park/2026_IFAC/install/f110_msgs/include/f110_msgs/f110_msgs/msg/detail/proj_opp_point__rosidl_typesupport_fastrtps_c.h
[0.451s] -- Up-to-date symlink: /home/haejum-park/2026_IFAC/install/f110_msgs/include/f110_msgs/f110_msgs/msg/detail/proj_opp_traj__rosidl_typesupport_fastrtps_c.h
[0.451s] -- Up-to-date symlink: /home/haejum-park/2026_IFAC/install/f110_msgs/include/f110_msgs/f110_msgs/msg/detail/wpnt__rosidl_typesupport_fastrtps_c.h
[0.451s] -- Up-to-date symlink: /home/haejum-park/2026_IFAC/install/f110_msgs/include/f110_msgs/f110_msgs/msg/detail/wpnt_array__rosidl_typesupport_fastrtps_c.h
[0.451s] -- Up-to-date symlink: /home/haejum-park/2026_IFAC/install/f110_msgs/include/f110_msgs/f110_msgs/msg/rosidl_typesupport_fastrtps_c__visibility_control.h
[0.452s] -- Up-to-date symlink: /home/haejum-park/2026_IFAC/install/f110_msgs/include/f110_msgs/f110_msgs/msg/detail/car_state__rosidl_typesupport_introspection_c.h
[0.452s] -- Up-to-date symlink: /home/haejum-park/2026_IFAC/install/f110_msgs/include/f110_msgs/f110_msgs/msg/detail/car_state_stamped__rosidl_typesupport_introspection_c.h
[0.452s] -- Up-to-date symlink: /home/haejum-park/2026_IFAC/install/f110_msgs/include/f110_msgs/f110_msgs/msg/detail/gap_data__rosidl_typesupport_introspection_c.h
[0.452s] -- Up-to-date symlink: /home/haejum-park/2026_IFAC/install/f110_msgs/include/f110_msgs/f110_msgs/msg/detail/lap_data__rosidl_typesupport_introspection_c.h
[0.452s] -- Up-to-date symlink: /home/haejum-park/2026_IFAC/install/f110_msgs/include/f110_msgs/f110_msgs/msg/detail/obstacle__rosidl_typesupport_introspection_c.h
[0.452s] -- Up-to-date symlink: /home/haejum-park/2026_IFAC/install/f110_msgs/include/f110_msgs/f110_msgs/msg/detail/obstacle_array__rosidl_typesupport_introspection_c.h
[0.452s] -- Up-to-date symlink: /home/haejum-park/2026_IFAC/install/f110_msgs/include/f110_msgs/f110_msgs/msg/detail/opp_wpnt__rosidl_typesupport_introspection_c.h
[0.452s] -- Up-to-date symlink: /home/haejum-park/2026_IFAC/install/f110_msgs/include/f110_msgs/f110_msgs/msg/detail/opponent_trajectories__rosidl_typesupport_introspection_c.h
[0.452s] -- Up-to-date symlink: /home/haejum-park/2026_IFAC/install/f110_msgs/include/f110_msgs/f110_msgs/msg/detail/opponent_trajectory__rosidl_typesupport_introspection_c.h
[0.452s] -- Up-to-date symlink: /home/haejum-park/2026_IFAC/install/f110_msgs/include/f110_msgs/f110_msgs/msg/detail/ot_wpnt_array__rosidl_typesupport_introspection_c.h
[0.452s] -- Up-to-date symlink: /home/haejum-park/2026_IFAC/install/f110_msgs/include/f110_msgs/f110_msgs/msg/detail/pid_data__rosidl_typesupport_introspection_c.h
[0.452s] -- Up-to-date symlink: /home/haejum-park/2026_IFAC/install/f110_msgs/include/f110_msgs/f110_msgs/msg/detail/proj_opp_point__rosidl_typesupport_introspection_c.h
[0.452s] -- Up-to-date symlink: /home/haejum-park/2026_IFAC/install/f110_msgs/include/f110_msgs/f110_msgs/msg/detail/proj_opp_traj__rosidl_typesupport_introspection_c.h
[0.452s] -- Up-to-date symlink: /home/haejum-park/2026_IFAC/install/f110_msgs/include/f110_msgs/f110_msgs/msg/detail/wpnt__rosidl_typesupport_introspection_c.h
[0.452s] -- Up-to-date symlink: /home/haejum-park/2026_IFAC/install/f110_msgs/include/f110_msgs/f110_msgs/msg/detail/wpnt_array__rosidl_typesupport_introspection_c.h
[0.452s] -- Up-to-date symlink: /home/haejum-park/2026_IFAC/install/f110_msgs/include/f110_msgs/f110_msgs/msg/rosidl_typesupport_introspection_c__visibility_control.h
[0.453s] -- Up-to-date symlink: /home/haejum-park/2026_IFAC/install/f110_msgs/include/f110_msgs/f110_msgs/msg/car_state.hpp
[0.453s] -- Up-to-date symlink: /home/haejum-park/2026_IFAC/install/f110_msgs/include/f110_msgs/f110_msgs/msg/car_state_stamped.hpp
[0.453s] -- Up-to-date symlink: /home/haejum-park/2026_IFAC/install/f110_msgs/include/f110_msgs/f110_msgs/msg/detail/car_state__builder.hpp
[0.453s] -- Up-to-date symlink: /home/haejum-park/2026_IFAC/install/f110_msgs/include/f110_msgs/f110_msgs/msg/detail/car_state__struct.hpp
[0.453s] -- Up-to-date symlink: /home/haejum-park/2026_IFAC/install/f110_msgs/include/f110_msgs/f110_msgs/msg/detail/car_state__traits.hpp
[0.453s] -- Up-to-date symlink: /home/haejum-park/2026_IFAC/install/f110_msgs/include/f110_msgs/f110_msgs/msg/detail/car_state__type_support.hpp
[0.453s] -- Up-to-date symlink: /home/haejum-park/2026_IFAC/install/f110_msgs/include/f110_msgs/f110_msgs/msg/detail/car_state_stamped__builder.hpp
[0.453s] -- Up-to-date symlink: /home/haejum-park/2026_IFAC/install/f110_msgs/include/f110_msgs/f110_msgs/msg/detail/car_state_stamped__struct.hpp
[0.453s] -- Up-to-date symlink: /home/haejum-park/2026_IFAC/install/f110_msgs/include/f110_msgs/f110_msgs/msg/detail/car_state_stamped__traits.hpp
[0.453s] -- Up-to-date symlink: /home/haejum-park/2026_IFAC/install/f110_msgs/include/f110_msgs/f110_msgs/msg/detail/car_state_stamped__type_support.hpp
[0.453s] -- Up-to-date symlink: /home/haejum-park/2026_IFAC/install/f110_msgs/include/f110_msgs/f110_msgs/msg/detail/gap_data__builder.hpp
[0.453s] -- Up-to-date symlink: /home/haejum-park/2026_IFAC/install/f110_msgs/include/f110_msgs/f110_msgs/msg/detail/gap_data__struct.hpp
[0.453s] -- Up-to-date symlink: /home/haejum-park/2026_IFAC/install/f110_msgs/include/f110_msgs/f110_msgs/msg/detail/gap_data__traits.hpp
[0.453s] -- Up-to-date symlink: /home/haejum-park/2026_IFAC/install/f110_msgs/include/f110_msgs/f110_msgs/msg/detail/gap_data__type_support.hpp
[0.453s] -- Up-to-date symlink: /home/haejum-park/2026_IFAC/install/f110_msgs/include/f110_msgs/f110_msgs/msg/detail/lap_data__builder.hpp
[0.453s] -- Up-to-date symlink: /home/haejum-park/2026_IFAC/install/f110_msgs/include/f110_msgs/f110_msgs/msg/detail/lap_data__struct.hpp
[0.453s] -- Up-to-date symlink: /home/haejum-park/2026_IFAC/install/f110_msgs/include/f110_msgs/f110_msgs/msg/detail/lap_data__traits.hpp
[0.453s] -- Up-to-date symlink: /home/haejum-park/2026_IFAC/install/f110_msgs/include/f110_msgs/f110_msgs/msg/detail/lap_data__type_support.hpp
[0.453s] -- Up-to-date symlink: /home/haejum-park/2026_IFAC/install/f110_msgs/include/f110_msgs/f110_msgs/msg/detail/obstacle__builder.hpp
[0.454s] -- Up-to-date symlink: /home/haejum-park/2026_IFAC/install/f110_msgs/include/f110_msgs/f110_msgs/msg/detail/obstacle__struct.hpp
[0.454s] -- Up-to-date symlink: /home/haejum-park/2026_IFAC/install/f110_msgs/include/f110_msgs/f110_msgs/msg/detail/obstacle__traits.hpp
[0.454s] -- Up-to-date symlink: /home/haejum-park/2026_IFAC/install/f110_msgs/include/f110_msgs/f110_msgs/msg/detail/obstacle__type_support.hpp
[0.454s] -- Up-to-date symlink: /home/haejum-park/2026_IFAC/install/f110_msgs/include/f110_msgs/f110_msgs/msg/detail/obstacle_array__builder.hpp
[0.454s] -- Up-to-date symlink: /home/haejum-park/2026_IFAC/install/f110_msgs/include/f110_msgs/f110_msgs/msg/detail/obstacle_array__struct.hpp
[0.454s] -- Up-to-date symlink: /home/haejum-park/2026_IFAC/install/f110_msgs/include/f110_msgs/f110_msgs/msg/detail/obstacle_array__traits.hpp
[0.454s] -- Up-to-date symlink: /home/haejum-park/2026_IFAC/install/f110_msgs/include/f110_msgs/f110_msgs/msg/detail/obstacle_array__type_support.hpp
[0.454s] -- Up-to-date symlink: /home/haejum-park/2026_IFAC/install/f110_msgs/include/f110_msgs/f110_msgs/msg/detail/opp_wpnt__builder.hpp
[0.454s] -- Up-to-date symlink: /home/haejum-park/2026_IFAC/install/f110_msgs/include/f110_msgs/f110_msgs/msg/detail/opp_wpnt__struct.hpp
[0.454s] -- Up-to-date symlink: /home/haejum-park/2026_IFAC/install/f110_msgs/include/f110_msgs/f110_msgs/msg/detail/opp_wpnt__traits.hpp
[0.454s] -- Up-to-date symlink: /home/haejum-park/2026_IFAC/install/f110_msgs/include/f110_msgs/f110_msgs/msg/detail/opp_wpnt__type_support.hpp
[0.454s] -- Up-to-date symlink: /home/haejum-park/2026_IFAC/install/f110_msgs/include/f110_msgs/f110_msgs/msg/detail/opponent_trajectories__builder.hpp
[0.454s] -- Up-to-date symlink: /home/haejum-park/2026_IFAC/install/f110_msgs/include/f110_msgs/f110_msgs/msg/detail/opponent_trajectories__struct.hpp
[0.454s] -- Up-to-date symlink: /home/haejum-park/2026_IFAC/install/f110_msgs/include/f110_msgs/f110_msgs/msg/detail/opponent_trajectories__traits.hpp
[0.454s] -- Up-to-date symlink: /home/haejum-park/2026_IFAC/install/f110_msgs/include/f110_msgs/f110_msgs/msg/detail/opponent_trajectories__type_support.hpp
[0.454s] -- Up-to-date symlink: /home/haejum-park/2026_IFAC/install/f110_msgs/include/f110_msgs/f110_msgs/msg/detail/opponent_trajectory__builder.hpp
[0.454s] -- Up-to-date symlink: /home/haejum-park/2026_IFAC/install/f110_msgs/include/f110_msgs/f110_msgs/msg/detail/opponent_trajectory__struct.hpp
[0.454s] -- Up-to-date symlink: /home/haejum-park/2026_IFAC/install/f110_msgs/include/f110_msgs/f110_msgs/msg/detail/opponent_trajectory__traits.hpp
[0.454s] -- Up-to-date symlink: /home/haejum-park/2026_IFAC/install/f110_msgs/include/f110_msgs/f110_msgs/msg/detail/opponent_trajectory__type_support.hpp
[0.455s] -- Up-to-date symlink: /home/haejum-park/2026_IFAC/install/f110_msgs/include/f110_msgs/f110_msgs/msg/detail/ot_wpnt_array__builder.hpp
[0.455s] -- Up-to-date symlink: /home/haejum-park/2026_IFAC/install/f110_msgs/include/f110_msgs/f110_msgs/msg/detail/ot_wpnt_array__struct.hpp
[0.455s] -- Up-to-date symlink: /home/haejum-park/2026_IFAC/install/f110_msgs/include/f110_msgs/f110_msgs/msg/detail/ot_wpnt_array__traits.hpp
[0.455s] -- Up-to-date symlink: /home/haejum-park/2026_IFAC/install/f110_msgs/include/f110_msgs/f110_msgs/msg/detail/ot_wpnt_array__type_support.hpp
[0.455s] -- Up-to-date symlink: /home/haejum-park/2026_IFAC/install/f110_msgs/include/f110_msgs/f110_msgs/msg/detail/pid_data__builder.hpp
[0.455s] -- Up-to-date symlink: /home/haejum-park/2026_IFAC/install/f110_msgs/include/f110_msgs/f110_msgs/msg/detail/pid_data__struct.hpp
[0.455s] -- Up-to-date symlink: /home/haejum-park/2026_IFAC/install/f110_msgs/include/f110_msgs/f110_msgs/msg/detail/pid_data__traits.hpp
[0.455s] -- Up-to-date symlink: /home/haejum-park/2026_IFAC/install/f110_msgs/include/f110_msgs/f110_msgs/msg/detail/pid_data__type_support.hpp
[0.455s] -- Up-to-date symlink: /home/haejum-park/2026_IFAC/install/f110_msgs/include/f110_msgs/f110_msgs/msg/detail/proj_opp_point__builder.hpp
[0.455s] -- Up-to-date symlink: /home/haejum-park/2026_IFAC/install/f110_msgs/include/f110_msgs/f110_msgs/msg/detail/proj_opp_point__struct.hpp
[0.455s] -- Up-to-date symlink: /home/haejum-park/2026_IFAC/install/f110_msgs/include/f110_msgs/f110_msgs/msg/detail/proj_opp_point__traits.hpp
[0.455s] -- Up-to-date symlink: /home/haejum-park/2026_IFAC/install/f110_msgs/include/f110_msgs/f110_msgs/msg/detail/proj_opp_point__type_support.hpp
[0.455s] -- Up-to-date symlink: /home/haejum-park/2026_IFAC/install/f110_msgs/include/f110_msgs/f110_msgs/msg/detail/proj_opp_traj__builder.hpp
[0.455s] -- Up-to-date symlink: /home/haejum-park/2026_IFAC/install/f110_msgs/include/f110_msgs/f110_msgs/msg/detail/proj_opp_traj__struct.hpp
[0.455s] -- Up-to-date symlink: /home/haejum-park/2026_IFAC/install/f110_msgs/include/f110_msgs/f110_msgs/msg/detail/proj_opp_traj__traits.hpp
[0.455s] -- Up-to-date symlink: /home/haejum-park/2026_IFAC/install/f110_msgs/include/f110_msgs/f110_msgs/msg/detail/proj_opp_traj__type_support.hpp
[0.455s] -- Up-to-date symlink: /home/haejum-park/2026_IFAC/install/f110_msgs/include/f110_msgs/f110_msgs/msg/detail/wpnt__builder.hpp
[0.455s] -- Up-to-date symlink: /home/haejum-park/2026_IFAC/install/f110_msgs/include/f110_msgs/f110_msgs/msg/detail/wpnt__struct.hpp
[0.455s] -- Up-to-date symlink: /home/haejum-park/2026_IFAC/install/f110_msgs/include/f110_msgs/f110_msgs/msg/detail/wpnt__traits.hpp
[0.455s] -- Up-to-date symlink: /home/haejum-park/2026_IFAC/install/f110_msgs/include/f110_msgs/f110_msgs/msg/detail/wpnt__type_support.hpp
[0.455s] -- Up-to-date symlink: /home/haejum-park/2026_IFAC/install/f110_msgs/include/f110_msgs/f110_msgs/msg/detail/wpnt_array__builder.hpp
[0.456s] -- Up-to-date symlink: /home/haejum-park/2026_IFAC/install/f110_msgs/include/f110_msgs/f110_msgs/msg/detail/wpnt_array__struct.hpp
[0.456s] -- Up-to-date symlink: /home/haejum-park/2026_IFAC/install/f110_msgs/include/f110_msgs/f110_msgs/msg/detail/wpnt_array__traits.hpp
[0.456s] -- Up-to-date symlink: /home/haejum-park/2026_IFAC/install/f110_msgs/include/f110_msgs/f110_msgs/msg/detail/wpnt_array__type_support.hpp
[0.456s] -- Up-to-date symlink: /home/haejum-park/2026_IFAC/install/f110_msgs/include/f110_msgs/f110_msgs/msg/gap_data.hpp
[0.456s] -- Up-to-date symlink: /home/haejum-park/2026_IFAC/install/f110_msgs/include/f110_msgs/f110_msgs/msg/lap_data.hpp
[0.456s] -- Up-to-date symlink: /home/haejum-park/2026_IFAC/install/f110_msgs/include/f110_msgs/f110_msgs/msg/obstacle.hpp
[0.456s] -- Up-to-date symlink: /home/haejum-park/2026_IFAC/install/f110_msgs/include/f110_msgs/f110_msgs/msg/obstacle_array.hpp
[0.456s] -- Up-to-date symlink: /home/haejum-park/2026_IFAC/install/f110_msgs/include/f110_msgs/f110_msgs/msg/opp_wpnt.hpp
[0.456s] -- Up-to-date symlink: /home/haejum-park/2026_IFAC/install/f110_msgs/include/f110_msgs/f110_msgs/msg/opponent_trajectories.hpp
[0.456s] -- Up-to-date symlink: /home/haejum-park/2026_IFAC/install/f110_msgs/include/f110_msgs/f110_msgs/msg/opponent_trajectory.hpp
[0.456s] -- Up-to-date symlink: /home/haejum-park/2026_IFAC/install/f110_msgs/include/f110_msgs/f110_msgs/msg/ot_wpnt_array.hpp
[0.456s] -- Up-to-date symlink: /home/haejum-park/2026_IFAC/install/f110_msgs/include/f110_msgs/f110_msgs/msg/pid_data.hpp
[0.456s] -- Up-to-date symlink: /home/haejum-park/2026_IFAC/install/f110_msgs/include/f110_msgs/f110_msgs/msg/proj_opp_point.hpp
[0.456s] -- Up-to-date symlink: /home/haejum-park/2026_IFAC/install/f110_msgs/include/f110_msgs/f110_msgs/msg/proj_opp_traj.hpp
[0.456s] -- Up-to-date symlink: /home/haejum-park/2026_IFAC/install/f110_msgs/include/f110_msgs/f110_msgs/msg/rosidl_generator_cpp__visibility_control.hpp
[0.456s] -- Up-to-date symlink: /home/haejum-park/2026_IFAC/install/f110_msgs/include/f110_msgs/f110_msgs/msg/wpnt.hpp
[0.456s] -- Up-to-date symlink: /home/haejum-park/2026_IFAC/install/f110_msgs/include/f110_msgs/f110_msgs/msg/wpnt_array.hpp
[0.457s] -- Up-to-date symlink: /home/haejum-park/2026_IFAC/install/f110_msgs/include/f110_msgs/f110_msgs/msg/detail/car_state__rosidl_typesupport_fastrtps_cpp.hpp
[0.457s] -- Up-to-date symlink: /home/haejum-park/2026_IFAC/install/f110_msgs/include/f110_msgs/f110_msgs/msg/detail/car_state_stamped__rosidl_typesupport_fastrtps_cpp.hpp
[0.457s] -- Up-to-date symlink: /home/haejum-park/2026_IFAC/install/f110_msgs/include/f110_msgs/f110_msgs/msg/detail/gap_data__rosidl_typesupport_fastrtps_cpp.hpp
[0.457s] -- Up-to-date symlink: /home/haejum-park/2026_IFAC/install/f110_msgs/include/f110_msgs/f110_msgs/msg/detail/lap_data__rosidl_typesupport_fastrtps_cpp.hpp
[0.457s] -- Up-to-date symlink: /home/haejum-park/2026_IFAC/install/f110_msgs/include/f110_msgs/f110_msgs/msg/detail/obstacle__rosidl_typesupport_fastrtps_cpp.hpp
[0.457s] -- Up-to-date symlink: /home/haejum-park/2026_IFAC/install/f110_msgs/include/f110_msgs/f110_msgs/msg/detail/obstacle_array__rosidl_typesupport_fastrtps_cpp.hpp
[0.457s] -- Up-to-date symlink: /home/haejum-park/2026_IFAC/install/f110_msgs/include/f110_msgs/f110_msgs/msg/detail/opp_wpnt__rosidl_typesupport_fastrtps_cpp.hpp
[0.457s] -- Up-to-date symlink: /home/haejum-park/2026_IFAC/install/f110_msgs/include/f110_msgs/f110_msgs/msg/detail/opponent_trajectories__rosidl_typesupport_fastrtps_cpp.hpp
[0.457s] -- Up-to-date symlink: /home/haejum-park/2026_IFAC/install/f110_msgs/include/f110_msgs/f110_msgs/msg/detail/opponent_trajectory__rosidl_typesupport_fastrtps_cpp.hpp
[0.457s] -- Up-to-date symlink: /home/haejum-park/2026_IFAC/install/f110_msgs/include/f110_msgs/f110_msgs/msg/detail/ot_wpnt_array__rosidl_typesupport_fastrtps_cpp.hpp
[0.457s] -- Up-to-date symlink: /home/haejum-park/2026_IFAC/install/f110_msgs/include/f110_msgs/f110_msgs/msg/detail/pid_data__rosidl_typesupport_fastrtps_cpp.hpp
[0.457s] -- Up-to-date symlink: /home/haejum-park/2026_IFAC/install/f110_msgs/include/f110_msgs/f110_msgs/msg/detail/proj_opp_point__rosidl_typesupport_fastrtps_cpp.hpp
[0.457s] -- Up-to-date symlink: /home/haejum-park/2026_IFAC/install/f110_msgs/include/f110_msgs/f110_msgs/msg/detail/proj_opp_traj__rosidl_typesupport_fastrtps_cpp.hpp
[0.457s] -- Up-to-date symlink: /home/haejum-park/2026_IFAC/install/f110_msgs/include/f110_msgs/f110_msgs/msg/detail/wpnt__rosidl_typesupport_fastrtps_cpp.hpp
[0.457s] -- Up-to-date symlink: /home/haejum-park/2026_IFAC/install/f110_msgs/include/f110_msgs/f110_msgs/msg/detail/wpnt_array__rosidl_typesupport_fastrtps_cpp.hpp
[0.457s] -- Up-to-date symlink: /home/haejum-park/2026_IFAC/install/f110_msgs/include/f110_msgs/f110_msgs/msg/rosidl_typesupport_fastrtps_cpp__visibility_control.h
[0.457s] -- Up-to-date symlink: /home/haejum-park/2026_IFAC/install/f110_msgs/include/f110_msgs/f110_msgs/msg/detail/car_state__rosidl_typesupport_introspection_cpp.hpp
[0.458s] -- Up-to-date symlink: /home/haejum-park/2026_IFAC/install/f110_msgs/include/f110_msgs/f110_msgs/msg/detail/car_state_stamped__rosidl_typesupport_introspection_cpp.hpp
[0.458s] -- Up-to-date symlink: /home/haejum-park/2026_IFAC/install/f110_msgs/include/f110_msgs/f110_msgs/msg/detail/gap_data__rosidl_typesupport_introspection_cpp.hpp
[0.458s] -- Up-to-date symlink: /home/haejum-park/2026_IFAC/install/f110_msgs/include/f110_msgs/f110_msgs/msg/detail/lap_data__rosidl_typesupport_introspection_cpp.hpp
[0.458s] -- Up-to-date symlink: /home/haejum-park/2026_IFAC/install/f110_msgs/include/f110_msgs/f110_msgs/msg/detail/obstacle__rosidl_typesupport_introspection_cpp.hpp
[0.458s] -- Up-to-date symlink: /home/haejum-park/2026_IFAC/install/f110_msgs/include/f110_msgs/f110_msgs/msg/detail/obstacle_array__rosidl_typesupport_introspection_cpp.hpp
[0.458s] -- Up-to-date symlink: /home/haejum-park/2026_IFAC/install/f110_msgs/include/f110_msgs/f110_msgs/msg/detail/opp_wpnt__rosidl_typesupport_introspection_cpp.hpp
[0.458s] -- Up-to-date symlink: /home/haejum-park/2026_IFAC/install/f110_msgs/include/f110_msgs/f110_msgs/msg/detail/opponent_trajectories__rosidl_typesupport_introspection_cpp.hpp
[0.458s] -- Up-to-date symlink: /home/haejum-park/2026_IFAC/install/f110_msgs/include/f110_msgs/f110_msgs/msg/detail/opponent_trajectory__rosidl_typesupport_introspection_cpp.hpp
[0.458s] -- Up-to-date symlink: /home/haejum-park/2026_IFAC/install/f110_msgs/include/f110_msgs/f110_msgs/msg/detail/ot_wpnt_array__rosidl_typesupport_introspection_cpp.hpp
[0.458s] -- Up-to-date symlink: /home/haejum-park/2026_IFAC/install/f110_msgs/include/f110_msgs/f110_msgs/msg/detail/pid_data__rosidl_typesupport_introspection_cpp.hpp
[0.458s] -- Up-to-date symlink: /home/haejum-park/2026_IFAC/install/f110_msgs/include/f110_msgs/f110_msgs/msg/detail/proj_opp_point__rosidl_typesupport_introspection_cpp.hpp
[0.458s] -- Up-to-date symlink: /home/haejum-park/2026_IFAC/install/f110_msgs/include/f110_msgs/f110_msgs/msg/detail/proj_opp_traj__rosidl_typesupport_introspection_cpp.hpp
[0.458s] -- Up-to-date symlink: /home/haejum-park/2026_IFAC/install/f110_msgs/include/f110_msgs/f110_msgs/msg/detail/wpnt__rosidl_typesupport_introspection_cpp.hpp
[0.458s] -- Up-to-date symlink: /home/haejum-park/2026_IFAC/install/f110_msgs/include/f110_msgs/f110_msgs/msg/detail/wpnt_array__rosidl_typesupport_introspection_cpp.hpp
[0.458s] -- Up-to-date symlink: /home/haejum-park/2026_IFAC/install/f110_msgs/share/f110_msgs/environment/pythonpath.sh
[0.459s] -- Up-to-date symlink: /home/haejum-park/2026_IFAC/install/f110_msgs/share/f110_msgs/environment/pythonpath.dsv
[0.459s] -- Up-to-date symlink: /home/haejum-park/2026_IFAC/install/f110_msgs/local/lib/python3.10/dist-packages/f110_msgs-0.0.1-py3.10.egg-info/PKG-INFO
[0.459s] -- Up-to-date symlink: /home/haejum-park/2026_IFAC/install/f110_msgs/local/lib/python3.10/dist-packages/f110_msgs-0.0.1-py3.10.egg-info/SOURCES.txt
[0.459s] -- Up-to-date symlink: /home/haejum-park/2026_IFAC/install/f110_msgs/local/lib/python3.10/dist-packages/f110_msgs-0.0.1-py3.10.egg-info/dependency_links.txt
[0.459s] -- Up-to-date symlink: /home/haejum-park/2026_IFAC/install/f110_msgs/local/lib/python3.10/dist-packages/f110_msgs-0.0.1-py3.10.egg-info/top_level.txt
[0.459s] -- Up-to-date symlink: /home/haejum-park/2026_IFAC/install/f110_msgs/local/lib/python3.10/dist-packages/f110_msgs/__init__.py
[0.459s] -- Up-to-date symlink: /home/haejum-park/2026_IFAC/install/f110_msgs/local/lib/python3.10/dist-packages/f110_msgs/_f110_msgs_s.ep.rosidl_typesupport_c.c
[0.459s] -- Up-to-date symlink: /home/haejum-park/2026_IFAC/install/f110_msgs/local/lib/python3.10/dist-packages/f110_msgs/_f110_msgs_s.ep.rosidl_typesupport_fastrtps_c.c
[0.459s] -- Up-to-date symlink: /home/haejum-park/2026_IFAC/install/f110_msgs/local/lib/python3.10/dist-packages/f110_msgs/_f110_msgs_s.ep.rosidl_typesupport_introspection_c.c
[0.459s] -- Up-to-date symlink: /home/haejum-park/2026_IFAC/install/f110_msgs/local/lib/python3.10/dist-packages/f110_msgs/f110_msgs_s__rosidl_typesupport_c.cpython-310-x86_64-linux-gnu.so
[0.459s] -- Up-to-date symlink: /home/haejum-park/2026_IFAC/install/f110_msgs/local/lib/python3.10/dist-packages/f110_msgs/f110_msgs_s__rosidl_typesupport_fastrtps_c.cpython-310-x86_64-linux-gnu.so
[0.459s] -- Up-to-date symlink: /home/haejum-park/2026_IFAC/install/f110_msgs/local/lib/python3.10/dist-packages/f110_msgs/f110_msgs_s__rosidl_typesupport_introspection_c.cpython-310-x86_64-linux-gnu.so
[0.459s] -- Up-to-date symlink: /home/haejum-park/2026_IFAC/install/f110_msgs/local/lib/python3.10/dist-packages/f110_msgs/libf110_msgs__rosidl_generator_py.so
[0.459s] -- Up-to-date symlink: /home/haejum-park/2026_IFAC/install/f110_msgs/local/lib/python3.10/dist-packages/f110_msgs/msg/__init__.py
[0.460s] -- Up-to-date symlink: /home/haejum-park/2026_IFAC/install/f110_msgs/local/lib/python3.10/dist-packages/f110_msgs/msg/_car_state.py
[0.460s] -- Up-to-date symlink: /home/haejum-park/2026_IFAC/install/f110_msgs/local/lib/python3.10/dist-packages/f110_msgs/msg/_car_state_s.c
[0.460s] -- Up-to-date symlink: /home/haejum-park/2026_IFAC/install/f110_msgs/local/lib/python3.10/dist-packages/f110_msgs/msg/_car_state_stamped.py
[0.460s] -- Up-to-date symlink: /home/haejum-park/2026_IFAC/install/f110_msgs/local/lib/python3.10/dist-packages/f110_msgs/msg/_car_state_stamped_s.c
[0.460s] -- Up-to-date symlink: /home/haejum-park/2026_IFAC/install/f110_msgs/local/lib/python3.10/dist-packages/f110_msgs/msg/_gap_data.py
[0.460s] -- Up-to-date symlink: /home/haejum-park/2026_IFAC/install/f110_msgs/local/lib/python3.10/dist-packages/f110_msgs/msg/_gap_data_s.c
[0.460s] -- Up-to-date symlink: /home/haejum-park/2026_IFAC/install/f110_msgs/local/lib/python3.10/dist-packages/f110_msgs/msg/_lap_data.py
[0.460s] -- Up-to-date symlink: /home/haejum-park/2026_IFAC/install/f110_msgs/local/lib/python3.10/dist-packages/f110_msgs/msg/_lap_data_s.c
[0.460s] -- Up-to-date symlink: /home/haejum-park/2026_IFAC/install/f110_msgs/local/lib/python3.10/dist-packages/f110_msgs/msg/_obstacle.py
[0.460s] -- Up-to-date symlink: /home/haejum-park/2026_IFAC/install/f110_msgs/local/lib/python3.10/dist-packages/f110_msgs/msg/_obstacle_array.py
[0.460s] -- Up-to-date symlink: /home/haejum-park/2026_IFAC/install/f110_msgs/local/lib/python3.10/dist-packages/f110_msgs/msg/_obstacle_array_s.c
[0.460s] -- Up-to-date symlink: /home/haejum-park/2026_IFAC/install/f110_msgs/local/lib/python3.10/dist-packages/f110_msgs/msg/_obstacle_s.c
[0.460s] -- Up-to-date symlink: /home/haejum-park/2026_IFAC/install/f110_msgs/local/lib/python3.10/dist-packages/f110_msgs/msg/_opp_wpnt.py
[0.460s] -- Up-to-date symlink: /home/haejum-park/2026_IFAC/install/f110_msgs/local/lib/python3.10/dist-packages/f110_msgs/msg/_opp_wpnt_s.c
[0.460s] -- Up-to-date symlink: /home/haejum-park/2026_IFAC/install/f110_msgs/local/lib/python3.10/dist-packages/f110_msgs/msg/_opponent_trajectories.py
[0.460s] -- Up-to-date symlink: /home/haejum-park/2026_IFAC/install/f110_msgs/local/lib/python3.10/dist-packages/f110_msgs/msg/_opponent_trajectories_s.c
[0.460s] -- Up-to-date symlink: /home/haejum-park/2026_IFAC/install/f110_msgs/local/lib/python3.10/dist-packages/f110_msgs/msg/_opponent_trajectory.py
[0.460s] -- Up-to-date symlink: /home/haejum-park/2026_IFAC/install/f110_msgs/local/lib/python3.10/dist-packages/f110_msgs/msg/_opponent_trajectory_s.c
[0.460s] -- Up-to-date symlink: /home/haejum-park/2026_IFAC/install/f110_msgs/local/lib/python3.10/dist-packages/f110_msgs/msg/_ot_wpnt_array.py
[0.460s] -- Up-to-date symlink: /home/haejum-park/2026_IFAC/install/f110_msgs/local/lib/python3.10/dist-packages/f110_msgs/msg/_ot_wpnt_array_s.c
[0.460s] -- Up-to-date symlink: /home/haejum-park/2026_IFAC/install/f110_msgs/local/lib/python3.10/dist-packages/f110_msgs/msg/_pid_data.py
[0.460s] -- Up-to-date symlink: /home/haejum-park/2026_IFAC/install/f110_msgs/local/lib/python3.10/dist-packages/f110_msgs/msg/_pid_data_s.c
[0.460s] -- Up-to-date symlink: /home/haejum-park/2026_IFAC/install/f110_msgs/local/lib/python3.10/dist-packages/f110_msgs/msg/_proj_opp_point.py
[0.461s] -- Up-to-date symlink: /home/haejum-park/2026_IFAC/install/f110_msgs/local/lib/python3.10/dist-packages/f110_msgs/msg/_proj_opp_point_s.c
[0.461s] -- Up-to-date symlink: /home/haejum-park/2026_IFAC/install/f110_msgs/local/lib/python3.10/dist-packages/f110_msgs/msg/_proj_opp_traj.py
[0.461s] -- Up-to-date symlink: /home/haejum-park/2026_IFAC/install/f110_msgs/local/lib/python3.10/dist-packages/f110_msgs/msg/_proj_opp_traj_s.c
[0.461s] -- Up-to-date symlink: /home/haejum-park/2026_IFAC/install/f110_msgs/local/lib/python3.10/dist-packages/f110_msgs/msg/_wpnt.py
[0.461s] -- Up-to-date symlink: /home/haejum-park/2026_IFAC/install/f110_msgs/local/lib/python3.10/dist-packages/f110_msgs/msg/_wpnt_array.py
[0.461s] -- Up-to-date symlink: /home/haejum-park/2026_IFAC/install/f110_msgs/local/lib/python3.10/dist-packages/f110_msgs/msg/_wpnt_array_s.c
[0.461s] -- Up-to-date symlink: /home/haejum-park/2026_IFAC/install/f110_msgs/local/lib/python3.10/dist-packages/f110_msgs/msg/_wpnt_s.c
[0.461s] -- Up-to-date symlink: /home/haejum-park/2026_IFAC/install/f110_msgs/local/lib/python3.10/dist-packages/f110_msgs/f110_msgs_s__rosidl_typesupport_fastrtps_c.cpython-310-x86_64-linux-gnu.so
[0.461s] -- Up-to-date symlink: /home/haejum-park/2026_IFAC/install/f110_msgs/local/lib/python3.10/dist-packages/f110_msgs/f110_msgs_s__rosidl_typesupport_introspection_c.cpython-310-x86_64-linux-gnu.so
[0.461s] -- Up-to-date symlink: /home/haejum-park/2026_IFAC/install/f110_msgs/local/lib/python3.10/dist-packages/f110_msgs/f110_msgs_s__rosidl_typesupport_c.cpython-310-x86_64-linux-gnu.so
[0.461s] -- Up-to-date symlink: /home/haejum-park/2026_IFAC/install/f110_msgs/share/f110_msgs/msg/CarState.idl
[0.461s] -- Up-to-date symlink: /home/haejum-park/2026_IFAC/install/f110_msgs/share/f110_msgs/msg/CarStateStamped.idl
[0.462s] -- Up-to-date symlink: /home/haejum-park/2026_IFAC/install/f110_msgs/share/f110_msgs/msg/GapData.idl
[0.462s] -- Up-to-date symlink: /home/haejum-park/2026_IFAC/install/f110_msgs/share/f110_msgs/msg/LapData.idl
[0.462s] -- Up-to-date symlink: /home/haejum-park/2026_IFAC/install/f110_msgs/share/f110_msgs/msg/Obstacle.idl
[0.462s] -- Up-to-date symlink: /home/haejum-park/2026_IFAC/install/f110_msgs/share/f110_msgs/msg/ObstacleArray.idl
[0.462s] -- Up-to-date symlink: /home/haejum-park/2026_IFAC/install/f110_msgs/share/f110_msgs/msg/OTWpntArray.idl
[0.462s] -- Up-to-date symlink: /home/haejum-park/2026_IFAC/install/f110_msgs/share/f110_msgs/msg/OpponentTrajectory.idl
[0.462s] -- Up-to-date symlink: /home/haejum-park/2026_IFAC/install/f110_msgs/share/f110_msgs/msg/OpponentTrajectories.idl
[0.462s] -- Up-to-date symlink: /home/haejum-park/2026_IFAC/install/f110_msgs/share/f110_msgs/msg/OppWpnt.idl
[0.462s] -- Up-to-date symlink: /home/haejum-park/2026_IFAC/install/f110_msgs/share/f110_msgs/msg/PidData.idl
[0.462s] -- Up-to-date symlink: /home/haejum-park/2026_IFAC/install/f110_msgs/share/f110_msgs/msg/ProjOppPoint.idl
[0.462s] -- Up-to-date symlink: /home/haejum-park/2026_IFAC/install/f110_msgs/share/f110_msgs/msg/ProjOppTraj.idl
[0.462s] -- Up-to-date symlink: /home/haejum-park/2026_IFAC/install/f110_msgs/share/f110_msgs/msg/Wpnt.idl
[0.462s] -- Up-to-date symlink: /home/haejum-park/2026_IFAC/install/f110_msgs/share/f110_msgs/msg/WpntArray.idl
[0.462s] -- Up-to-date symlink: /home/haejum-park/2026_IFAC/install/f110_msgs/share/f110_msgs/msg/CarState.msg
[0.462s] -- Up-to-date symlink: /home/haejum-park/2026_IFAC/install/f110_msgs/share/f110_msgs/msg/CarStateStamped.msg
[0.462s] -- Up-to-date symlink: /home/haejum-park/2026_IFAC/install/f110_msgs/share/f110_msgs/msg/GapData.msg
[0.462s] -- Up-to-date symlink: /home/haejum-park/2026_IFAC/install/f110_msgs/share/f110_msgs/msg/LapData.msg
[0.462s] -- Up-to-date symlink: /home/haejum-park/2026_IFAC/install/f110_msgs/share/f110_msgs/msg/Obstacle.msg
[0.462s] -- Up-to-date symlink: /home/haejum-park/2026_IFAC/install/f110_msgs/share/f110_msgs/msg/ObstacleArray.msg
[0.463s] -- Up-to-date symlink: /home/haejum-park/2026_IFAC/install/f110_msgs/share/f110_msgs/msg/OTWpntArray.msg
[0.463s] -- Up-to-date symlink: /home/haejum-park/2026_IFAC/install/f110_msgs/share/f110_msgs/msg/OpponentTrajectory.msg
[0.463s] -- Up-to-date symlink: /home/haejum-park/2026_IFAC/install/f110_msgs/share/f110_msgs/msg/OpponentTrajectories.msg
[0.463s] -- Up-to-date symlink: /home/haejum-park/2026_IFAC/install/f110_msgs/share/f110_msgs/msg/OppWpnt.msg
[0.463s] -- Up-to-date symlink: /home/haejum-park/2026_IFAC/install/f110_msgs/share/f110_msgs/msg/PidData.msg
[0.463s] -- Up-to-date symlink: /home/haejum-park/2026_IFAC/install/f110_msgs/share/f110_msgs/msg/ProjOppPoint.msg
[0.463s] -- Up-to-date symlink: /home/haejum-park/2026_IFAC/install/f110_msgs/share/f110_msgs/msg/ProjOppTraj.msg
[0.463s] -- Up-to-date symlink: /home/haejum-park/2026_IFAC/install/f110_msgs/share/f110_msgs/msg/Wpnt.msg
[0.463s] -- Up-to-date symlink: /home/haejum-park/2026_IFAC/install/f110_msgs/share/f110_msgs/msg/WpntArray.msg
[0.463s] -- Up-to-date symlink: /home/haejum-park/2026_IFAC/install/f110_msgs/share/ament_index/resource_index/package_run_dependencies/f110_msgs
[0.463s] -- Up-to-date symlink: /home/haejum-park/2026_IFAC/install/f110_msgs/share/ament_index/resource_index/parent_prefix_path/f110_msgs
[0.463s] -- Up-to-date symlink: /home/haejum-park/2026_IFAC/install/f110_msgs/share/f110_msgs/environment/ament_prefix_path.sh
[0.463s] -- Up-to-date symlink: /home/haejum-park/2026_IFAC/install/f110_msgs/share/f110_msgs/environment/ament_prefix_path.dsv
[0.463s] -- Up-to-date symlink: /home/haejum-park/2026_IFAC/install/f110_msgs/share/f110_msgs/environment/path.sh
[0.463s] -- Up-to-date symlink: /home/haejum-park/2026_IFAC/install/f110_msgs/share/f110_msgs/environment/path.dsv
[0.463s] -- Up-to-date symlink: /home/haejum-park/2026_IFAC/install/f110_msgs/share/f110_msgs/local_setup.bash
[0.463s] -- Up-to-date symlink: /home/haejum-park/2026_IFAC/install/f110_msgs/share/f110_msgs/local_setup.sh
[0.464s] -- Up-to-date symlink: /home/haejum-park/2026_IFAC/install/f110_msgs/share/f110_msgs/local_setup.zsh
[0.464s] -- Up-to-date symlink: /home/haejum-park/2026_IFAC/install/f110_msgs/share/f110_msgs/local_setup.dsv
[0.464s] -- Symlinking: /home/haejum-park/2026_IFAC/install/f110_msgs/share/f110_msgs/package.dsv
[0.470s] -- Up-to-date symlink: /home/haejum-park/2026_IFAC/install/f110_msgs/share/ament_index/resource_index/packages/f110_msgs
[0.470s] -- Up-to-date symlink: /home/haejum-park/2026_IFAC/install/f110_msgs/share/f110_msgs/cmake/rosidl_cmake-extras.cmake
[0.470s] -- Up-to-date symlink: /home/haejum-park/2026_IFAC/install/f110_msgs/share/f110_msgs/cmake/ament_cmake_export_dependencies-extras.cmake
[0.470s] -- Up-to-date symlink: /home/haejum-park/2026_IFAC/install/f110_msgs/share/f110_msgs/cmake/ament_cmake_export_include_directories-extras.cmake
[0.470s] -- Up-to-date symlink: /home/haejum-park/2026_IFAC/install/f110_msgs/share/f110_msgs/cmake/ament_cmake_export_libraries-extras.cmake
[0.470s] -- Up-to-date symlink: /home/haejum-park/2026_IFAC/install/f110_msgs/share/f110_msgs/cmake/ament_cmake_export_targets-extras.cmake
[0.470s] -- Up-to-date symlink: /home/haejum-park/2026_IFAC/install/f110_msgs/share/f110_msgs/cmake/rosidl_cmake_export_typesupport_targets-extras.cmake
[0.470s] -- Up-to-date symlink: /home/haejum-park/2026_IFAC/install/f110_msgs/share/f110_msgs/cmake/rosidl_cmake_export_typesupport_libraries-extras.cmake
[0.470s] -- Up-to-date symlink: /home/haejum-park/2026_IFAC/install/f110_msgs/share/f110_msgs/cmake/f110_msgsConfig.cmake
[0.470s] -- Up-to-date symlink: /home/haejum-park/2026_IFAC/install/f110_msgs/share/f110_msgs/cmake/f110_msgsConfig-version.cmake
[0.470s] -- Up-to-date symlink: /home/haejum-park/2026_IFAC/install/f110_msgs/share/f110_msgs/package.xml
[0.470s] -- Up-to-date: /home/haejum-park/2026_IFAC/install/f110_msgs/lib/libf110_msgs__rosidl_generator_c.so
[0.470s] -- Up-to-date: /home/haejum-park/2026_IFAC/install/f110_msgs/lib/libf110_msgs__rosidl_typesupport_fastrtps_c.so
[0.470s] -- Up-to-date: /home/haejum-park/2026_IFAC/install/f110_msgs/lib/libf110_msgs__rosidl_typesupport_introspection_c.so
[0.471s] -- Up-to-date: /home/haejum-park/2026_IFAC/install/f110_msgs/lib/libf110_msgs__rosidl_typesupport_c.so
[0.471s] -- Up-to-date: /home/haejum-park/2026_IFAC/install/f110_msgs/lib/libf110_msgs__rosidl_typesupport_fastrtps_cpp.so
[0.471s] -- Up-to-date: /home/haejum-park/2026_IFAC/install/f110_msgs/lib/libf110_msgs__rosidl_typesupport_introspection_cpp.so
[0.471s] -- Up-to-date: /home/haejum-park/2026_IFAC/install/f110_msgs/lib/libf110_msgs__rosidl_typesupport_cpp.so
[0.495s] Listing '/home/haejum-park/2026_IFAC/install/f110_msgs/local/lib/python3.10/dist-packages/f110_msgs'...
[0.495s] Listing '/home/haejum-park/2026_IFAC/install/f110_msgs/local/lib/python3.10/dist-packages/f110_msgs/msg'...
[0.498s] -- Up-to-date: /home/haejum-park/2026_IFAC/install/f110_msgs/lib/libf110_msgs__rosidl_generator_py.so
[0.498s] -- Up-to-date: /home/haejum-park/2026_IFAC/install/f110_msgs/share/f110_msgs/cmake/export_f110_msgs__rosidl_generator_cExport.cmake
[0.498s] -- Up-to-date: /home/haejum-park/2026_IFAC/install/f110_msgs/share/f110_msgs/cmake/export_f110_msgs__rosidl_generator_cExport-noconfig.cmake
[0.498s] -- Up-to-date: /home/haejum-park/2026_IFAC/install/f110_msgs/share/f110_msgs/cmake/export_f110_msgs__rosidl_typesupport_fastrtps_cExport.cmake
[0.498s] -- Up-to-date: /home/haejum-park/2026_IFAC/install/f110_msgs/share/f110_msgs/cmake/export_f110_msgs__rosidl_typesupport_fastrtps_cExport-noconfig.cmake
[0.498s] -- Up-to-date: /home/haejum-park/2026_IFAC/install/f110_msgs/share/f110_msgs/cmake/f110_msgs__rosidl_typesupport_introspection_cExport.cmake
[0.498s] -- Up-to-date: /home/haejum-park/2026_IFAC/install/f110_msgs/share/f110_msgs/cmake/f110_msgs__rosidl_typesupport_introspection_cExport-noconfig.cmake
[0.498s] -- Up-to-date: /home/haejum-park/2026_IFAC/install/f110_msgs/share/f110_msgs/cmake/f110_msgs__rosidl_typesupport_cExport.cmake
[0.498s] -- Up-to-date: /home/haejum-park/2026_IFAC/install/f110_msgs/share/f110_msgs/cmake/f110_msgs__rosidl_typesupport_cExport-noconfig.cmake
[0.498s] -- Up-to-date: /home/haejum-park/2026_IFAC/install/f110_msgs/share/f110_msgs/cmake/export_f110_msgs__rosidl_generator_cppExport.cmake
[0.498s] -- Up-to-date: /home/haejum-park/2026_IFAC/install/f110_msgs/share/f110_msgs/cmake/export_f110_msgs__rosidl_typesupport_fastrtps_cppExport.cmake
[0.498s] -- Up-to-date: /home/haejum-park/2026_IFAC/install/f110_msgs/share/f110_msgs/cmake/export_f110_msgs__rosidl_typesupport_fastrtps_cppExport-noconfig.cmake
[0.498s] -- Up-to-date: /home/haejum-park/2026_IFAC/install/f110_msgs/share/f110_msgs/cmake/f110_msgs__rosidl_typesupport_introspection_cppExport.cmake
[0.498s] -- Up-to-date: /home/haejum-park/2026_IFAC/install/f110_msgs/share/f110_msgs/cmake/f110_msgs__rosidl_typesupport_introspection_cppExport-noconfig.cmake
[0.499s] -- Up-to-date: /home/haejum-park/2026_IFAC/install/f110_msgs/share/f110_msgs/cmake/f110_msgs__rosidl_typesupport_cppExport.cmake
[0.499s] -- Up-to-date: /home/haejum-park/2026_IFAC/install/f110_msgs/share/f110_msgs/cmake/f110_msgs__rosidl_typesupport_cppExport-noconfig.cmake
[0.499s] -- Up-to-date: /home/haejum-park/2026_IFAC/install/f110_msgs/share/f110_msgs/cmake/export_f110_msgs__rosidl_generator_pyExport.cmake
[0.499s] -- Up-to-date: /home/haejum-park/2026_IFAC/install/f110_msgs/share/f110_msgs/cmake/export_f110_msgs__rosidl_generator_pyExport-noconfig.cmake
[0.500s] Invoked command in '/home/haejum-park/2026_IFAC/build/f110_msgs' returned '0': CMAKE_PREFIX_PATH=${CMAKE_PREFIX_PATH}:/home/haejum-park/sim_ws/install/f1tenth_gym_ros:/home/haejum-park/install/launch_testing_examples:/home/haejum-park/install/examples_rclpy_pointcloud_publisher:/home/haejum-park/install/examples_rclpy_minimal_subscriber:/home/haejum-park/install/examples_rclpy_minimal_service:/home/haejum-park/install/examples_rclpy_minimal_publisher:/home/haejum-park/install/examples_rclpy_minimal_client:/home/haejum-park/install/examples_rclpy_minimal_action_server:/home/haejum-park/install/examples_rclpy_minimal_action_client:/home/haejum-park/install/examples_rclpy_guard_conditions:/home/haejum-park/install/examples_rclpy_executors:/opt/ros/humble /usr/bin/cmake --install /home/haejum-park/2026_IFAC/build/f110_msgs
