running develop
Removing /home/haejum-park/2026_IFAC/install/lap_timer/lib/python3.10/site-packages/lap-timer.egg-link (link to .)
running egg_info
writing ../build/lap_timer/lap_timer.egg-info/PKG-INFO
writing dependency_links to ../build/lap_timer/lap_timer.egg-info/dependency_links.txt
writing entry points to ../build/lap_timer/lap_timer.egg-info/entry_points.txt
writing requirements to ../build/lap_timer/lap_timer.egg-info/requires.txt
writing top-level names to ../build/lap_timer/lap_timer.egg-info/top_level.txt
reading manifest file '../build/lap_timer/lap_timer.egg-info/SOURCES.txt'
writing manifest file '../build/lap_timer/lap_timer.egg-info/SOURCES.txt'
running build
running build_py
creating /home/haejum-park/2026_IFAC/build/lap_timer/build
creating /home/haejum-park/2026_IFAC/build/lap_timer/build/lib
creating /home/haejum-park/2026_IFAC/build/lap_timer/build/lib/lap_timer
copying lap_timer/lap_timer_node.py -> /home/haejum-park/2026_IFAC/build/lap_timer/build/lib/lap_timer
copying lap_timer/__init__.py -> /home/haejum-park/2026_IFAC/build/lap_timer/build/lib/lap_timer
running install
running install_lib
creating /home/haejum-park/2026_IFAC/install/lap_timer/lib/python3.10/site-packages/lap_timer
copying /home/haejum-park/2026_IFAC/build/lap_timer/build/lib/lap_timer/lap_timer_node.py -> /home/haejum-park/2026_IFAC/install/lap_timer/lib/python3.10/site-packages/lap_timer
copying /home/haejum-park/2026_IFAC/build/lap_timer/build/lib/lap_timer/__init__.py -> /home/haejum-park/2026_IFAC/install/lap_timer/lib/python3.10/site-packages/lap_timer
byte-compiling /home/haejum-park/2026_IFAC/install/lap_timer/lib/python3.10/site-packages/lap_timer/lap_timer_node.py to lap_timer_node.cpython-310.pyc
byte-compiling /home/haejum-park/2026_IFAC/install/lap_timer/lib/python3.10/site-packages/lap_timer/__init__.py to __init__.cpython-310.pyc
running install_data
copying resource/lap_timer -> /home/haejum-park/2026_IFAC/install/lap_timer/share/ament_index/resource_index/packages
copying package.xml -> /home/haejum-park/2026_IFAC/install/lap_timer/share/lap_timer
copying launch/lap_timer.launch.py -> /home/haejum-park/2026_IFAC/install/lap_timer/share/lap_timer/launch
copying config/params.yaml -> /home/haejum-park/2026_IFAC/install/lap_timer/share/lap_timer/config
copying rviz/lap_hud.rviz -> /home/haejum-park/2026_IFAC/install/lap_timer/share/lap_timer/rviz
running install_egg_info
Copying ../build/lap_timer/lap_timer.egg-info to /home/haejum-park/2026_IFAC/install/lap_timer/lib/python3.10/site-packages/lap_timer-0.1.0-py3.10.egg-info
running install_scripts
Installing lap_timer script to /home/haejum-park/2026_IFAC/install/lap_timer/lib/lap_timer
writing list of installed files to '/home/haejum-park/2026_IFAC/build/lap_timer/install.log'
