[0.606s] Invoking command in '/home/haejum-park/2026_IFAC/build/lap_timer': PYTHONPATH=/home/haejum-park/2026_IFAC/build/lap_timer/prefix_override:/usr/lib/python3/dist-packages/colcon_core/task/python/colcon_distutils_commands:/home/haejum-park/2026_IFAC/install/lap_timer/lib/python3.10/site-packages:${PYTHONPATH} /usr/bin/python3 -W ignore:setup.py install is deprecated -W ignore:easy_install command is deprecated setup.py develop --uninstall --editable --build-directory /home/haejum-park/2026_IFAC/build/lap_timer/build
[0.738s] running develop
[0.806s] Removing /home/haejum-park/2026_IFAC/install/lap_timer/lib/python3.10/site-packages/lap-timer.egg-link (link to .)
[0.830s] Invoked command in '/home/haejum-park/2026_IFAC/build/lap_timer' returned '0': PYTHONPATH=/home/haejum-park/2026_IFAC/build/lap_timer/prefix_override:/usr/lib/python3/dist-packages/colcon_core/task/python/colcon_distutils_commands:/home/haejum-park/2026_IFAC/install/lap_timer/lib/python3.10/site-packages:${PYTHONPATH} /usr/bin/python3 -W ignore:setup.py install is deprecated -W ignore:easy_install command is deprecated setup.py develop --uninstall --editable --build-directory /home/haejum-park/2026_IFAC/build/lap_timer/build
[0.830s] Invoking command in '/home/haejum-park/2026_IFAC/lap_timer': PYTHONPATH=/home/haejum-park/2026_IFAC/build/lap_timer/prefix_override:/usr/lib/python3/dist-packages/colcon_core/task/python/colcon_distutils_commands:/home/haejum-park/2026_IFAC/install/lap_timer/lib/python3.10/site-packages:${PYTHONPATH} /usr/bin/python3 -W ignore:setup.py install is deprecated -W ignore:easy_install command is deprecated setup.py egg_info --egg-base ../build/lap_timer build --build-base /home/haejum-park/2026_IFAC/build/lap_timer/build install --record /home/haejum-park/2026_IFAC/build/lap_timer/install.log --single-version-externally-managed install_data --force
[0.958s] running egg_info
[0.958s] writing ../build/lap_timer/lap_timer.egg-info/PKG-INFO
[0.958s] writing dependency_links to ../build/lap_timer/lap_timer.egg-info/dependency_links.txt
[0.958s] writing entry points to ../build/lap_timer/lap_timer.egg-info/entry_points.txt
[0.958s] writing requirements to ../build/lap_timer/lap_timer.egg-info/requires.txt
[0.959s] writing top-level names to ../build/lap_timer/lap_timer.egg-info/top_level.txt
[0.959s] reading manifest file '../build/lap_timer/lap_timer.egg-info/SOURCES.txt'
[0.960s] writing manifest file '../build/lap_timer/lap_timer.egg-info/SOURCES.txt'
[0.960s] running build
[0.960s] running build_py
[0.960s] creating /home/haejum-park/2026_IFAC/build/lap_timer/build
[0.960s] creating /home/haejum-park/2026_IFAC/build/lap_timer/build/lib
[0.960s] creating /home/haejum-park/2026_IFAC/build/lap_timer/build/lib/lap_timer
[0.960s] copying lap_timer/lap_timer_node.py -> /home/haejum-park/2026_IFAC/build/lap_timer/build/lib/lap_timer
[0.960s] copying lap_timer/__init__.py -> /home/haejum-park/2026_IFAC/build/lap_timer/build/lib/lap_timer
[0.960s] running install
[0.960s] running install_lib
[0.960s] creating /home/haejum-park/2026_IFAC/install/lap_timer/lib/python3.10/site-packages/lap_timer
[0.960s] copying /home/haejum-park/2026_IFAC/build/lap_timer/build/lib/lap_timer/lap_timer_node.py -> /home/haejum-park/2026_IFAC/install/lap_timer/lib/python3.10/site-packages/lap_timer
[0.960s] copying /home/haejum-park/2026_IFAC/build/lap_timer/build/lib/lap_timer/__init__.py -> /home/haejum-park/2026_IFAC/install/lap_timer/lib/python3.10/site-packages/lap_timer
[0.961s] byte-compiling /home/haejum-park/2026_IFAC/install/lap_timer/lib/python3.10/site-packages/lap_timer/lap_timer_node.py to lap_timer_node.cpython-310.pyc
[0.962s] byte-compiling /home/haejum-park/2026_IFAC/install/lap_timer/lib/python3.10/site-packages/lap_timer/__init__.py to __init__.cpython-310.pyc
[0.962s] running install_data
[0.962s] copying resource/lap_timer -> /home/haejum-park/2026_IFAC/install/lap_timer/share/ament_index/resource_index/packages
[0.962s] copying package.xml -> /home/haejum-park/2026_IFAC/install/lap_timer/share/lap_timer
[0.962s] copying launch/lap_timer.launch.py -> /home/haejum-park/2026_IFAC/install/lap_timer/share/lap_timer/launch
[0.962s] copying config/params.yaml -> /home/haejum-park/2026_IFAC/install/lap_timer/share/lap_timer/config
[0.962s] copying rviz/lap_hud.rviz -> /home/haejum-park/2026_IFAC/install/lap_timer/share/lap_timer/rviz
[0.962s] running install_egg_info
[0.963s] Copying ../build/lap_timer/lap_timer.egg-info to /home/haejum-park/2026_IFAC/install/lap_timer/lib/python3.10/site-packages/lap_timer-0.1.0-py3.10.egg-info
[0.963s] running install_scripts
[0.974s] Installing lap_timer script to /home/haejum-park/2026_IFAC/install/lap_timer/lib/lap_timer
[0.974s] writing list of installed files to '/home/haejum-park/2026_IFAC/build/lap_timer/install.log'
[0.991s] Invoked command in '/home/haejum-park/2026_IFAC/lap_timer' returned '0': PYTHONPATH=/home/haejum-park/2026_IFAC/build/lap_timer/prefix_override:/usr/lib/python3/dist-packages/colcon_core/task/python/colcon_distutils_commands:/home/haejum-park/2026_IFAC/install/lap_timer/lib/python3.10/site-packages:${PYTHONPATH} /usr/bin/python3 -W ignore:setup.py install is deprecated -W ignore:easy_install command is deprecated setup.py egg_info --egg-base ../build/lap_timer build --build-base /home/haejum-park/2026_IFAC/build/lap_timer/build install --record /home/haejum-park/2026_IFAC/build/lap_timer/install.log --single-version-externally-managed install_data --force
