[0.012s] Invoking command in '/home/haejum-park/2026_IFAC/build/global_planner': AMENT_PREFIX_PATH=/home/haejum-park/2026_IFAC/install/f110_msgs:${AMENT_PREFIX_PATH} CMAKE_PREFIX_PATH=/home/haejum-park/sim_ws/install/f1tenth_gym_ros:/home/haejum-park/install/launch_testing_examples:/home/haejum-park/install/examples_rclpy_pointcloud_publisher:/home/haejum-park/install/examples_rclpy_minimal_subscriber:/home/haejum-park/install/examples_rclpy_minimal_service:/home/haejum-park/install/examples_rclpy_minimal_publisher:/home/haejum-park/install/examples_rclpy_minimal_client:/home/haejum-park/install/examples_rclpy_minimal_action_server:/home/haejum-park/install/examples_rclpy_minimal_action_client:/home/haejum-park/install/examples_rclpy_guard_conditions:/home/haejum-park/install/examples_rclpy_executors:/opt/ros/humble:/home/haejum-park/2026_IFAC/install/f110_msgs:${CMAKE_PREFIX_PATH} LD_LIBRARY_PATH=/home/haejum-park/2026_IFAC/install/f110_msgs/lib:${LD_LIBRARY_PATH} PYTHONPATH=/home/haejum-park/2026_IFAC/install/f110_msgs/local/lib/python3.10/dist-packages:${PYTHONPATH} /usr/bin/cmake /home/haejum-park/2026_IFAC/planning/global_planner -DCMAKE_INSTALL_PREFIX=/home/haejum-park/2026_IFAC/install/global_planner
[0.017s] -- Found ament_cmake: 1.3.12 (/opt/ros/humble/share/ament_cmake/cmake)
[0.099s] -- Override CMake install command with custom implementation using symlinks instead of copying resources
[0.102s] -- Found rclcpp: 16.0.17 (/opt/ros/humble/share/rclcpp/cmake)
[0.122s] -- Found rosidl_generator_c: 3.1.8 (/opt/ros/humble/share/rosidl_generator_c/cmake)
[0.123s] -- Found rosidl_adapter: 3.1.8 (/opt/ros/humble/share/rosidl_adapter/cmake)
[0.126s] -- Found rosidl_generator_cpp: 3.1.8 (/opt/ros/humble/share/rosidl_generator_cpp/cmake)
[0.131s] -- Using all available rosidl_typesupport_c: rosidl_typesupport_fastrtps_c;rosidl_typesupport_introspection_c
[0.140s] -- Using all available rosidl_typesupport_cpp: rosidl_typesupport_fastrtps_cpp;rosidl_typesupport_introspection_cpp
[0.155s] -- Found rmw_implementation_cmake: 6.1.2 (/opt/ros/humble/share/rmw_implementation_cmake/cmake)
[0.156s] -- Found rmw_fastrtps_cpp: 6.2.9 (/opt/ros/humble/share/rmw_fastrtps_cpp/cmake)
[0.222s] -- Using RMW implementation 'rmw_fastrtps_cpp' as default
[0.243s] -- Found nav_msgs: 4.9.0 (/opt/ros/humble/share/nav_msgs/cmake)
[0.255s] -- Found visualization_msgs: 4.9.0 (/opt/ros/humble/share/visualization_msgs/cmake)
[0.271s] -- Found f110_msgs: 0.0.1 (/home/haejum-park/2026_IFAC/install/f110_msgs/share/f110_msgs/cmake)
[0.321s] -- Configuring done
[0.330s] -- Generating done
[0.333s] -- Build files have been written to: /home/haejum-park/2026_IFAC/build/global_planner
[0.340s] Invoked command in '/home/haejum-park/2026_IFAC/build/global_planner' returned '0': AMENT_PREFIX_PATH=/home/haejum-park/2026_IFAC/install/f110_msgs:${AMENT_PREFIX_PATH} CMAKE_PREFIX_PATH=/home/haejum-park/sim_ws/install/f1tenth_gym_ros:/home/haejum-park/install/launch_testing_examples:/home/haejum-park/install/examples_rclpy_pointcloud_publisher:/home/haejum-park/install/examples_rclpy_minimal_subscriber:/home/haejum-park/install/examples_rclpy_minimal_service:/home/haejum-park/install/examples_rclpy_minimal_publisher:/home/haejum-park/install/examples_rclpy_minimal_client:/home/haejum-park/install/examples_rclpy_minimal_action_server:/home/haejum-park/install/examples_rclpy_minimal_action_client:/home/haejum-park/install/examples_rclpy_guard_conditions:/home/haejum-park/install/examples_rclpy_executors:/opt/ros/humble:/home/haejum-park/2026_IFAC/install/f110_msgs:${CMAKE_PREFIX_PATH} LD_LIBRARY_PATH=/home/haejum-park/2026_IFAC/install/f110_msgs/lib:${LD_LIBRARY_PATH} PYTHONPATH=/home/haejum-park/2026_IFAC/install/f110_msgs/local/lib/python3.10/dist-packages:${PYTHONPATH} /usr/bin/cmake /home/haejum-park/2026_IFAC/planning/global_planner -DCMAKE_INSTALL_PREFIX=/home/haejum-park/2026_IFAC/install/global_planner
[0.340s] Invoking command in '/home/haejum-park/2026_IFAC/build/global_planner': AMENT_PREFIX_PATH=/home/haejum-park/2026_IFAC/install/f110_msgs:${AMENT_PREFIX_PATH} CMAKE_PREFIX_PATH=/home/haejum-park/sim_ws/install/f1tenth_gym_ros:/home/haejum-park/install/launch_testing_examples:/home/haejum-park/install/examples_rclpy_pointcloud_publisher:/home/haejum-park/install/examples_rclpy_minimal_subscriber:/home/haejum-park/install/examples_rclpy_minimal_service:/home/haejum-park/install/examples_rclpy_minimal_publisher:/home/haejum-park/install/examples_rclpy_minimal_client:/home/haejum-park/install/examples_rclpy_minimal_action_server:/home/haejum-park/install/examples_rclpy_minimal_action_client:/home/haejum-park/install/examples_rclpy_guard_conditions:/home/haejum-park/install/examples_rclpy_executors:/opt/ros/humble:/home/haejum-park/2026_IFAC/install/f110_msgs:${CMAKE_PREFIX_PATH} LD_LIBRARY_PATH=/home/haejum-park/2026_IFAC/install/f110_msgs/lib:${LD_LIBRARY_PATH} PYTHONPATH=/home/haejum-park/2026_IFAC/install/f110_msgs/local/lib/python3.10/dist-packages:${PYTHONPATH} /usr/bin/cmake --build /home/haejum-park/2026_IFAC/build/global_planner -- -j14 -l14
[0.362s] [35m[1mConsolidate compiler generated dependencies of target global_planner_rw[0m
[0.362s] [35m[1mConsolidate compiler generated dependencies of target frenet_odom_node[0m
[0.371s] [ 25%] Built target global_planner_rw
[0.371s] [ 50%] Built target frenet_odom_node
[0.379s] [35m[1mConsolidate compiler generated dependencies of target global_trajectory_publisher_node[0m
[0.379s] [35m[1mConsolidate compiler generated dependencies of target global_planner_node[0m
[0.389s] [ 62%] [32mBuilding CXX object CMakeFiles/global_trajectory_publisher_node.dir/src/global_trajectory_publisher_node.cpp.o[0m
[0.389s] [ 87%] Built target global_planner_node
[3.089s] [100%] [32m[1mLinking CXX executable global_trajectory_publisher_node[0m
[3.248s] [100%] Built target global_trajectory_publisher_node
[3.253s] Invoked command in '/home/haejum-park/2026_IFAC/build/global_planner' returned '0': AMENT_PREFIX_PATH=/home/haejum-park/2026_IFAC/install/f110_msgs:${AMENT_PREFIX_PATH} CMAKE_PREFIX_PATH=/home/haejum-park/sim_ws/install/f1tenth_gym_ros:/home/haejum-park/install/launch_testing_examples:/home/haejum-park/install/examples_rclpy_pointcloud_publisher:/home/haejum-park/install/examples_rclpy_minimal_subscriber:/home/haejum-park/install/examples_rclpy_minimal_service:/home/haejum-park/install/examples_rclpy_minimal_publisher:/home/haejum-park/install/examples_rclpy_minimal_client:/home/haejum-park/install/examples_rclpy_minimal_action_server:/home/haejum-park/install/examples_rclpy_minimal_action_client:/home/haejum-park/install/examples_rclpy_guard_conditions:/home/haejum-park/install/examples_rclpy_executors:/opt/ros/humble:/home/haejum-park/2026_IFAC/install/f110_msgs:${CMAKE_PREFIX_PATH} LD_LIBRARY_PATH=/home/haejum-park/2026_IFAC/install/f110_msgs/lib:${LD_LIBRARY_PATH} PYTHONPATH=/home/haejum-park/2026_IFAC/install/f110_msgs/local/lib/python3.10/dist-packages:${PYTHONPATH} /usr/bin/cmake --build /home/haejum-park/2026_IFAC/build/global_planner -- -j14 -l14
[3.258s] Invoking command in '/home/haejum-park/2026_IFAC/build/global_planner': AMENT_PREFIX_PATH=/home/haejum-park/2026_IFAC/install/f110_msgs:${AMENT_PREFIX_PATH} CMAKE_PREFIX_PATH=/home/haejum-park/sim_ws/install/f1tenth_gym_ros:/home/haejum-park/install/launch_testing_examples:/home/haejum-park/install/examples_rclpy_pointcloud_publisher:/home/haejum-park/install/examples_rclpy_minimal_subscriber:/home/haejum-park/install/examples_rclpy_minimal_service:/home/haejum-park/install/examples_rclpy_minimal_publisher:/home/haejum-park/install/examples_rclpy_minimal_client:/home/haejum-park/install/examples_rclpy_minimal_action_server:/home/haejum-park/install/examples_rclpy_minimal_action_client:/home/haejum-park/install/examples_rclpy_guard_conditions:/home/haejum-park/install/examples_rclpy_executors:/opt/ros/humble:/home/haejum-park/2026_IFAC/install/f110_msgs:${CMAKE_PREFIX_PATH} LD_LIBRARY_PATH=/home/haejum-park/2026_IFAC/install/f110_msgs/lib:${LD_LIBRARY_PATH} PYTHONPATH=/home/haejum-park/2026_IFAC/install/f110_msgs/local/lib/python3.10/dist-packages:${PYTHONPATH} /usr/bin/cmake --install /home/haejum-park/2026_IFAC/build/global_planner
[3.262s] -- Install configuration: ""
[3.262s] -- Execute custom install script
[3.262s] -- Up-to-date symlink: /home/haejum-park/2026_IFAC/install/global_planner/lib/global_planner/global_planner_node
[3.262s] -- Up-to-date symlink: /home/haejum-park/2026_IFAC/install/global_planner/lib/global_planner/global_trajectory_publisher_node
[3.262s] -- Up-to-date symlink: /home/haejum-park/2026_IFAC/install/global_planner/lib/global_planner/frenet_odom_node
[3.262s] -- Up-to-date symlink: /home/haejum-park/2026_IFAC/install/global_planner/lib/global_planner/libglobal_planner_rw.a
[3.263s] -- Up-to-date symlink: /home/haejum-park/2026_IFAC/install/global_planner/share/global_planner/launch/global_planning.launch.py
[3.263s] -- Up-to-date symlink: /home/haejum-park/2026_IFAC/install/global_planner/share/global_planner/config/global_planning.yaml
[3.263s] -- Up-to-date symlink: /home/haejum-park/2026_IFAC/install/global_planner/share/global_planner/data/global_waypoints.json
[3.263s] -- Up-to-date symlink: /home/haejum-park/2026_IFAC/install/global_planner/share/ament_index/resource_index/package_run_dependencies/global_planner
[3.263s] -- Up-to-date symlink: /home/haejum-park/2026_IFAC/install/global_planner/share/ament_index/resource_index/parent_prefix_path/global_planner
[3.263s] -- Up-to-date symlink: /home/haejum-park/2026_IFAC/install/global_planner/share/global_planner/environment/ament_prefix_path.sh
[3.263s] -- Up-to-date symlink: /home/haejum-park/2026_IFAC/install/global_planner/share/global_planner/environment/ament_prefix_path.dsv
[3.263s] -- Up-to-date symlink: /home/haejum-park/2026_IFAC/install/global_planner/share/global_planner/environment/path.sh
[3.263s] -- Up-to-date symlink: /home/haejum-park/2026_IFAC/install/global_planner/share/global_planner/environment/path.dsv
[3.263s] -- Up-to-date symlink: /home/haejum-park/2026_IFAC/install/global_planner/share/global_planner/local_setup.bash
[3.263s] -- Up-to-date symlink: /home/haejum-park/2026_IFAC/install/global_planner/share/global_planner/local_setup.sh
[3.263s] -- Up-to-date symlink: /home/haejum-park/2026_IFAC/install/global_planner/share/global_planner/local_setup.zsh
[3.263s] -- Up-to-date symlink: /home/haejum-park/2026_IFAC/install/global_planner/share/global_planner/local_setup.dsv
[3.263s] -- Symlinking: /home/haejum-park/2026_IFAC/install/global_planner/share/global_planner/package.dsv
[3.269s] -- Up-to-date symlink: /home/haejum-park/2026_IFAC/install/global_planner/share/ament_index/resource_index/packages/global_planner
[3.269s] -- Up-to-date symlink: /home/haejum-park/2026_IFAC/install/global_planner/share/global_planner/cmake/global_plannerConfig.cmake
[3.269s] -- Up-to-date symlink: /home/haejum-park/2026_IFAC/install/global_planner/share/global_planner/cmake/global_plannerConfig-version.cmake
[3.269s] -- Up-to-date symlink: /home/haejum-park/2026_IFAC/install/global_planner/share/global_planner/package.xml
[3.270s] Invoked command in '/home/haejum-park/2026_IFAC/build/global_planner' returned '0': AMENT_PREFIX_PATH=/home/haejum-park/2026_IFAC/install/f110_msgs:${AMENT_PREFIX_PATH} CMAKE_PREFIX_PATH=/home/haejum-park/sim_ws/install/f1tenth_gym_ros:/home/haejum-park/install/launch_testing_examples:/home/haejum-park/install/examples_rclpy_pointcloud_publisher:/home/haejum-park/install/examples_rclpy_minimal_subscriber:/home/haejum-park/install/examples_rclpy_minimal_service:/home/haejum-park/install/examples_rclpy_minimal_publisher:/home/haejum-park/install/examples_rclpy_minimal_client:/home/haejum-park/install/examples_rclpy_minimal_action_server:/home/haejum-park/install/examples_rclpy_minimal_action_client:/home/haejum-park/install/examples_rclpy_guard_conditions:/home/haejum-park/install/examples_rclpy_executors:/opt/ros/humble:/home/haejum-park/2026_IFAC/install/f110_msgs:${CMAKE_PREFIX_PATH} LD_LIBRARY_PATH=/home/haejum-park/2026_IFAC/install/f110_msgs/lib:${LD_LIBRARY_PATH} PYTHONPATH=/home/haejum-park/2026_IFAC/install/f110_msgs/local/lib/python3.10/dist-packages:${PYTHONPATH} /usr/bin/cmake --install /home/haejum-park/2026_IFAC/build/global_planner
