[0.014s] Invoking command in '/home/haejum-park/2026_IFAC/build/f110_msgs': CMAKE_PREFIX_PATH=/home/haejum-park/2026_IFAC/install/new_map_con:/home/haejum-park/2026_IFAC/install/lap_timer:/home/haejum-park/sim_ws/install/f1tenth_gym_ros:/home/haejum-park/install/launch_testing_examples:/home/haejum-park/install/examples_rclpy_pointcloud_publisher:/home/haejum-park/install/examples_rclpy_minimal_subscriber:/home/haejum-park/install/examples_rclpy_minimal_service:/home/haejum-park/install/examples_rclpy_minimal_publisher:/home/haejum-park/install/examples_rclpy_minimal_client:/home/haejum-park/install/examples_rclpy_minimal_action_server:/home/haejum-park/install/examples_rclpy_minimal_action_client:/home/haejum-park/install/examples_rclpy_guard_conditions:/home/haejum-park/install/examples_rclpy_executors:/opt/ros/humble:${CMAKE_PREFIX_PATH} /usr/bin/cmake /home/haejum-park/2026_IFAC/f110_msgs -DAMENT_CMAKE_SYMLINK_INSTALL=1 -DCMAKE_INSTALL_PREFIX=/home/haejum-park/2026_IFAC/install/f110_msgs
[0.288s] -- Found ament_cmake: 1.3.12 (/opt/ros/humble/share/ament_cmake/cmake)
[0.288s] -- Override CMake install command with custom implementation using symlinks instead of copying resources
[0.288s] -- Found rosidl_default_generators: 1.2.0 (/opt/ros/humble/share/rosidl_default_generators/cmake)
[0.288s] -- Using all available rosidl_typesupport_c: rosidl_typesupport_fastrtps_c;rosidl_typesupport_introspection_c
[0.288s] -- Found rosidl_adapter: 3.1.8 (/opt/ros/humble/share/rosidl_adapter/cmake)
[0.288s] -- Using all available rosidl_typesupport_cpp: rosidl_typesupport_fastrtps_cpp;rosidl_typesupport_introspection_cpp
[0.288s] -- Found std_msgs: 4.9.0 (/opt/ros/humble/share/std_msgs/cmake)
[0.288s] -- Found geometry_msgs: 4.9.0 (/opt/ros/humble/share/geometry_msgs/cmake)
[0.371s] -- Found ament_cmake_ros: 0.10.0 (/opt/ros/humble/share/ament_cmake_ros/cmake)
[0.535s] -- Using all available rosidl_typesupport_c: rosidl_typesupport_fastrtps_c;rosidl_typesupport_introspection_c
[0.748s] -- Using all available rosidl_typesupport_cpp: rosidl_typesupport_fastrtps_cpp;rosidl_typesupport_introspection_cpp
[0.764s] -- Found python_cmake_module: 0.10.0 (/opt/ros/humble/share/python_cmake_module/cmake)
[0.780s] -- Using PYTHON_EXECUTABLE: /usr/bin/python3
[0.780s] -- Using PYTHON_INCLUDE_DIRS: /usr/include/python3.10
[0.780s] -- Using PYTHON_LIBRARIES: /usr/lib/x86_64-linux-gnu/libpython3.10.so
[0.815s] -- Configuring done
[0.840s] -- Generating done
[0.846s] -- Build files have been written to: /home/haejum-park/2026_IFAC/build/f110_msgs
[0.850s] Invoked command in '/home/haejum-park/2026_IFAC/build/f110_msgs' returned '0': CMAKE_PREFIX_PATH=/home/haejum-park/2026_IFAC/install/new_map_con:/home/haejum-park/2026_IFAC/install/lap_timer:/home/haejum-park/sim_ws/install/f1tenth_gym_ros:/home/haejum-park/install/launch_testing_examples:/home/haejum-park/install/examples_rclpy_pointcloud_publisher:/home/haejum-park/install/examples_rclpy_minimal_subscriber:/home/haejum-park/install/examples_rclpy_minimal_service:/home/haejum-park/install/examples_rclpy_minimal_publisher:/home/haejum-park/install/examples_rclpy_minimal_client:/home/haejum-park/install/examples_rclpy_minimal_action_server:/home/haejum-park/install/examples_rclpy_minimal_action_client:/home/haejum-park/install/examples_rclpy_guard_conditions:/home/haejum-park/install/examples_rclpy_executors:/opt/ros/humble:${CMAKE_PREFIX_PATH} /usr/bin/cmake /home/haejum-park/2026_IFAC/f110_msgs -DAMENT_CMAKE_SYMLINK_INSTALL=1 -DCMAKE_INSTALL_PREFIX=/home/haejum-park/2026_IFAC/install/f110_msgs
[0.852s] Invoking command in '/home/haejum-park/2026_IFAC/build/f110_msgs': CMAKE_PREFIX_PATH=/home/haejum-park/2026_IFAC/install/new_map_con:/home/haejum-park/2026_IFAC/install/lap_timer:/home/haejum-park/sim_ws/install/f1tenth_gym_ros:/home/haejum-park/install/launch_testing_examples:/home/haejum-park/install/examples_rclpy_pointcloud_publisher:/home/haejum-park/install/examples_rclpy_minimal_subscriber:/home/haejum-park/install/examples_rclpy_minimal_service:/home/haejum-park/install/examples_rclpy_minimal_publisher:/home/haejum-park/install/examples_rclpy_minimal_client:/home/haejum-park/install/examples_rclpy_minimal_action_server:/home/haejum-park/install/examples_rclpy_minimal_action_client:/home/haejum-park/install/examples_rclpy_guard_conditions:/home/haejum-park/install/examples_rclpy_executors:/opt/ros/humble:${CMAKE_PREFIX_PATH} /usr/bin/cmake --build /home/haejum-park/2026_IFAC/build/f110_msgs -- -j14 -l14
[0.878s] [35m[1mConsolidate compiler generated dependencies of target f110_msgs__rosidl_generator_c[0m
[0.882s] [  0%] Built target f110_msgs__cpp
[0.886s] [  1%] Built target ament_cmake_python_symlink_f110_msgs
[0.886s] [ 12%] Built target f110_msgs__rosidl_generator_c
[0.889s] [35m[1mConsolidate compiler generated dependencies of target f110_msgs__rosidl_typesupport_cpp[0m
[0.889s] [35m[1mConsolidate compiler generated dependencies of target f110_msgs__rosidl_typesupport_introspection_cpp[0m
[0.889s] [35m[1mConsolidate compiler generated dependencies of target f110_msgs__rosidl_typesupport_fastrtps_cpp[0m
[0.892s] [35m[1mConsolidate compiler generated dependencies of target f110_msgs__rosidl_typesupport_introspection_c[0m
[0.893s] [35m[1mConsolidate compiler generated dependencies of target f110_msgs__rosidl_typesupport_c[0m
[0.893s] [35m[1mConsolidate compiler generated dependencies of target f110_msgs__rosidl_typesupport_fastrtps_c[0m
[0.899s] [ 47%] Built target f110_msgs__rosidl_typesupport_introspection_cpp
[0.899s] [ 47%] Built target f110_msgs__rosidl_typesupport_c
[0.899s] [ 48%] Built target f110_msgs__rosidl_typesupport_cpp
[0.900s] [ 60%] Built target f110_msgs__rosidl_typesupport_introspection_c
[0.900s] [ 72%] Built target f110_msgs__rosidl_typesupport_fastrtps_cpp
[0.904s] [ 84%] Built target f110_msgs__rosidl_typesupport_fastrtps_c
[0.915s] [ 84%] Built target f110_msgs
[0.927s] [ 85%] Built target f110_msgs__py
[0.934s] [35m[1mConsolidate compiler generated dependencies of target f110_msgs__rosidl_generator_py[0m
[0.946s] [ 96%] Built target f110_msgs__rosidl_generator_py
[0.952s] [35m[1mConsolidate compiler generated dependencies of target f110_msgs__rosidl_typesupport_fastrtps_c__pyext[0m
[0.952s] [35m[1mConsolidate compiler generated dependencies of target f110_msgs__rosidl_typesupport_c__pyext[0m
[0.952s] [35m[1mConsolidate compiler generated dependencies of target f110_msgs__rosidl_typesupport_introspection_c__pyext[0m
[0.959s] [ 99%] Built target f110_msgs__rosidl_typesupport_fastrtps_c__pyext
[0.959s] [ 99%] Built target f110_msgs__rosidl_typesupport_c__pyext
[0.959s] [100%] Built target f110_msgs__rosidl_typesupport_introspection_c__pyext
[1.018s] running egg_info
[1.018s] writing f110_msgs.egg-info/PKG-INFO
[1.018s] writing dependency_links to f110_msgs.egg-info/dependency_links.txt
[1.018s] writing top-level names to f110_msgs.egg-info/top_level.txt
[1.019s] reading manifest file 'f110_msgs.egg-info/SOURCES.txt'
[1.019s] writing manifest file 'f110_msgs.egg-info/SOURCES.txt'
[1.034s] [100%] Built target ament_cmake_python_build_f110_msgs_egg
[1.041s] Invoked command in '/home/haejum-park/2026_IFAC/build/f110_msgs' returned '0': CMAKE_PREFIX_PATH=/home/haejum-park/2026_IFAC/install/new_map_con:/home/haejum-park/2026_IFAC/install/lap_timer:/home/haejum-park/sim_ws/install/f1tenth_gym_ros:/home/haejum-park/install/launch_testing_examples:/home/haejum-park/install/examples_rclpy_pointcloud_publisher:/home/haejum-park/install/examples_rclpy_minimal_subscriber:/home/haejum-park/install/examples_rclpy_minimal_service:/home/haejum-park/install/examples_rclpy_minimal_publisher:/home/haejum-park/install/examples_rclpy_minimal_client:/home/haejum-park/install/examples_rclpy_minimal_action_server:/home/haejum-park/install/examples_rclpy_minimal_action_client:/home/haejum-park/install/examples_rclpy_guard_conditions:/home/haejum-park/install/examples_rclpy_executors:/opt/ros/humble:${CMAKE_PREFIX_PATH} /usr/bin/cmake --build /home/haejum-park/2026_IFAC/build/f110_msgs -- -j14 -l14
[1.042s] Invoking command in '/home/haejum-park/2026_IFAC/build/f110_msgs': CMAKE_PREFIX_PATH=/home/haejum-park/2026_IFAC/install/new_map_con:/home/haejum-park/2026_IFAC/install/lap_timer:/home/haejum-park/sim_ws/install/f1tenth_gym_ros:/home/haejum-park/install/launch_testing_examples:/home/haejum-park/install/examples_rclpy_pointcloud_publisher:/home/haejum-park/install/examples_rclpy_minimal_subscriber:/home/haejum-park/install/examples_rclpy_minimal_service:/home/haejum-park/install/examples_rclpy_minimal_publisher:/home/haejum-park/install/examples_rclpy_minimal_client:/home/haejum-park/install/examples_rclpy_minimal_action_server:/home/haejum-park/install/examples_rclpy_minimal_action_client:/home/haejum-park/install/examples_rclpy_guard_conditions:/home/haejum-park/install/examples_rclpy_executors:/opt/ros/humble:${CMAKE_PREFIX_PATH} /usr/bin/cmake --install /home/haejum-park/2026_IFAC/build/f110_msgs
[1.046s] -- Install configuration: ""
[1.046s] -- Execute custom install script
[1.047s] -- Up-to-date symlink: /home/haejum-park/2026_IFAC/install/f110_msgs/share/ament_index/resource_index/rosidl_interfaces/f110_msgs
[1.047s] -- Up-to-date symlink: /home/haejum-park/2026_IFAC/install/f110_msgs/include/f110_msgs/f110_msgs/msg/car_state.h
[1.047s] -- Up-to-date symlink: /home/haejum-park/2026_IFAC/install/f110_msgs/include/f110_msgs/f110_msgs/msg/car_state_stamped.h
[1.047s] -- Up-to-date symlink: /home/haejum-park/2026_IFAC/install/f110_msgs/include/f110_msgs/f110_msgs/msg/detail/car_state__functions.h
[1.047s] -- Up-to-date symlink: /home/haejum-park/2026_IFAC/install/f110_msgs/include/f110_msgs/f110_msgs/msg/detail/car_state__struct.h
[1.047s] -- Up-to-date symlink: /home/haejum-park/2026_IFAC/install/f110_msgs/include/f110_msgs/f110_msgs/msg/detail/car_state__type_support.h
[1.047s] -- Up-to-date symlink: /home/haejum-park/2026_IFAC/install/f110_msgs/include/f110_msgs/f110_msgs/msg/detail/car_state_stamped__functions.h
[1.047s] -- Up-to-date symlink: /home/haejum-park/2026_IFAC/install/f110_msgs/include/f110_msgs/f110_msgs/msg/detail/car_state_stamped__struct.h
[1.047s] -- Up-to-date symlink: /home/haejum-park/2026_IFAC/install/f110_msgs/include/f110_msgs/f110_msgs/msg/detail/car_state_stamped__type_support.h
[1.047s] -- Up-to-date symlink: /home/haejum-park/2026_IFAC/install/f110_msgs/include/f110_msgs/f110_msgs/msg/detail/gap_data__functions.h
[1.047s] -- Up-to-date symlink: /home/haejum-park/2026_IFAC/install/f110_msgs/include/f110_msgs/f110_msgs/msg/detail/gap_data__struct.h
[1.047s] -- Up-to-date symlink: /home/haejum-park/2026_IFAC/install/f110_msgs/include/f110_msgs/f110_msgs/msg/detail/gap_data__type_support.h
[1.047s] -- Up-to-date symlink: /home/haejum-park/2026_IFAC/install/f110_msgs/include/f110_msgs/f110_msgs/msg/detail/lap_data__functions.h
[1.047s] -- Up-to-date symlink: /home/haejum-park/2026_IFAC/install/f110_msgs/include/f110_msgs/f110_msgs/msg/detail/lap_data__struct.h
[1.047s] -- Up-to-date symlink: /home/haejum-park/2026_IFAC/install/f110_msgs/include/f110_msgs/f110_msgs/msg/detail/lap_data__type_support.h
[1.048s] -- Up-to-date symlink: /home/haejum-park/2026_IFAC/install/f110_msgs/include/f110_msgs/f110_msgs/msg/detail/obstacle__functions.h
[1.048s] -- Up-to-date symlink: /home/haejum-park/2026_IFAC/install/f110_msgs/include/f110_msgs/f110_msgs/msg/detail/obstacle__struct.h
[1.048s] -- Up-to-date symlink: /home/haejum-park/2026_IFAC/install/f110_msgs/include/f110_msgs/f110_msgs/msg/detail/obstacle__type_support.h
[1.048s] -- Up-to-date symlink: /home/haejum-park/2026_IFAC/install/f110_msgs/include/f110_msgs/f110_msgs/msg/detail/obstacle_array__functions.h
[1.048s] -- Up-to-date symlink: /home/haejum-park/2026_IFAC/install/f110_msgs/include/f110_msgs/f110_msgs/msg/detail/obstacle_array__struct.h
[1.048s] -- Up-to-date symlink: /home/haejum-park/2026_IFAC/install/f110_msgs/include/f110_msgs/f110_msgs/msg/detail/obstacle_array__type_support.h
[1.048s] -- Up-to-date symlink: /home/haejum-park/2026_IFAC/install/f110_msgs/include/f110_msgs/f110_msgs/msg/detail/opp_wpnt__functions.h
[1.048s] -- Up-to-date symlink: /home/haejum-park/2026_IFAC/install/f110_msgs/include/f110_msgs/f110_msgs/msg/detail/opp_wpnt__struct.h
[1.048s] -- Up-to-date symlink: /home/haejum-park/2026_IFAC/install/f110_msgs/include/f110_msgs/f110_msgs/msg/detail/opp_wpnt__type_support.h
[1.048s] -- Up-to-date symlink: /home/haejum-park/2026_IFAC/install/f110_msgs/include/f110_msgs/f110_msgs/msg/detail/opponent_trajectories__functions.h
[1.048s] -- Up-to-date symlink: /home/haejum-park/2026_IFAC/install/f110_msgs/include/f110_msgs/f110_msgs/msg/detail/opponent_trajectories__struct.h
[1.048s] -- Up-to-date symlink: /home/haejum-park/2026_IFAC/install/f110_msgs/include/f110_msgs/f110_msgs/msg/detail/opponent_trajectories__type_support.h
[1.048s] -- Up-to-date symlink: /home/haejum-park/2026_IFAC/install/f110_msgs/include/f110_msgs/f110_msgs/msg/detail/opponent_trajectory__functions.h
[1.048s] -- Up-to-date symlink: /home/haejum-park/2026_IFAC/install/f110_msgs/include/f110_msgs/f110_msgs/msg/detail/opponent_trajectory__struct.h
[1.048s] -- Up-to-date symlink: /home/haejum-park/2026_IFAC/install/f110_msgs/include/f110_msgs/f110_msgs/msg/detail/opponent_trajectory__type_support.h
[1.048s] -- Up-to-date symlink: /home/haejum-park/2026_IFAC/install/f110_msgs/include/f110_msgs/f110_msgs/msg/detail/ot_wpnt_array__functions.h
[1.048s] -- Up-to-date symlink: /home/haejum-park/2026_IFAC/install/f110_msgs/include/f110_msgs/f110_msgs/msg/detail/ot_wpnt_array__struct.h
[1.048s] -- Up-to-date symlink: /home/haejum-park/2026_IFAC/install/f110_msgs/include/f110_msgs/f110_msgs/msg/detail/ot_wpnt_array__type_support.h
[1.048s] -- Up-to-date symlink: /home/haejum-park/2026_IFAC/install/f110_msgs/include/f110_msgs/f110_msgs/msg/detail/pid_data__functions.h
[1.048s] -- Up-to-date symlink: /home/haejum-park/2026_IFAC/install/f110_msgs/include/f110_msgs/f110_msgs/msg/detail/pid_data__struct.h
[1.049s] -- Up-to-date symlink: /home/haejum-park/2026_IFAC/install/f110_msgs/include/f110_msgs/f110_msgs/msg/detail/pid_data__type_support.h
[1.049s] -- Up-to-date symlink: /home/haejum-park/2026_IFAC/install/f110_msgs/include/f110_msgs/f110_msgs/msg/detail/proj_opp_point__functions.h
[1.049s] -- Up-to-date symlink: /home/haejum-park/2026_IFAC/install/f110_msgs/include/f110_msgs/f110_msgs/msg/detail/proj_opp_point__struct.h
[1.049s] -- Up-to-date symlink: /home/haejum-park/2026_IFAC/install/f110_msgs/include/f110_msgs/f110_msgs/msg/detail/proj_opp_point__type_support.h
[1.049s] -- Up-to-date symlink: /home/haejum-park/2026_IFAC/install/f110_msgs/include/f110_msgs/f110_msgs/msg/detail/proj_opp_traj__functions.h
[1.049s] -- Up-to-date symlink: /home/haejum-park/2026_IFAC/install/f110_msgs/include/f110_msgs/f110_msgs/msg/detail/proj_opp_traj__struct.h
[1.049s] -- Up-to-date symlink: /home/haejum-park/2026_IFAC/install/f110_msgs/include/f110_msgs/f110_msgs/msg/detail/proj_opp_traj__type_support.h
[1.049s] -- Up-to-date symlink: /home/haejum-park/2026_IFAC/install/f110_msgs/include/f110_msgs/f110_msgs/msg/detail/wpnt__functions.h
[1.049s] -- Up-to-date symlink: /home/haejum-park/2026_IFAC/install/f110_msgs/include/f110_msgs/f110_msgs/msg/detail/wpnt__struct.h
[1.049s] -- Up-to-date symlink: /home/haejum-park/2026_IFAC/install/f110_msgs/include/f110_msgs/f110_msgs/msg/detail/wpnt__type_support.h
[1.049s] -- Up-to-date symlink: /home/haejum-park/2026_IFAC/install/f110_msgs/include/f110_msgs/f110_msgs/msg/detail/wpnt_array__functions.h
[1.049s] -- Up-to-date symlink: /home/haejum-park/2026_IFAC/install/f110_msgs/include/f110_msgs/f110_msgs/msg/detail/wpnt_array__struct.h
[1.049s] -- Up-to-date symlink: /home/haejum-park/2026_IFAC/install/f110_msgs/include/f110_msgs/f110_msgs/msg/detail/wpnt_array__type_support.h
[1.049s] -- Up-to-date symlink: /home/haejum-park/2026_IFAC/install/f110_msgs/include/f110_msgs/f110_msgs/msg/gap_data.h
[1.049s] -- Up-to-date symlink: /home/haejum-park/2026_IFAC/install/f110_msgs/include/f110_msgs/f110_msgs/msg/lap_data.h
[1.049s] -- Up-to-date symlink: /home/haejum-park/2026_IFAC/install/f110_msgs/include/f110_msgs/f110_msgs/msg/obstacle.h
[1.049s] -- Up-to-date symlink: /home/haejum-park/2026_IFAC/install/f110_msgs/include/f110_msgs/f110_msgs/msg/obstacle_array.h
[1.049s] -- Up-to-date symlink: /home/haejum-park/2026_IFAC/install/f110_msgs/include/f110_msgs/f110_msgs/msg/opp_wpnt.h
[1.049s] -- Up-to-date symlink: /home/haejum-park/2026_IFAC/install/f110_msgs/include/f110_msgs/f110_msgs/msg/opponent_trajectories.h
[1.049s] -- Up-to-date symlink: /home/haejum-park/2026_IFAC/install/f110_msgs/include/f110_msgs/f110_msgs/msg/opponent_trajectory.h
[1.049s] -- Up-to-date symlink: /home/haejum-park/2026_IFAC/install/f110_msgs/include/f110_msgs/f110_msgs/msg/ot_wpnt_array.h
[1.049s] -- Up-to-date symlink: /home/haejum-park/2026_IFAC/install/f110_msgs/include/f110_msgs/f110_msgs/msg/pid_data.h
[1.050s] -- Up-to-date symlink: /home/haejum-park/2026_IFAC/install/f110_msgs/include/f110_msgs/f110_msgs/msg/proj_opp_point.h
[1.050s] -- Up-to-date symlink: /home/haejum-park/2026_IFAC/install/f110_msgs/include/f110_msgs/f110_msgs/msg/proj_opp_traj.h
[1.050s] -- Up-to-date symlink: /home/haejum-park/2026_IFAC/install/f110_msgs/include/f110_msgs/f110_msgs/msg/rosidl_generator_c__visibility_control.h
[1.050s] -- Up-to-date symlink: /home/haejum-park/2026_IFAC/install/f110_msgs/include/f110_msgs/f110_msgs/msg/wpnt.h
[1.050s] -- Up-to-date symlink: /home/haejum-park/2026_IFAC/install/f110_msgs/include/f110_msgs/f110_msgs/msg/wpnt_array.h
[1.050s] -- Up-to-date symlink: /home/haejum-park/2026_IFAC/install/f110_msgs/share/f110_msgs/environment/library_path.sh
[1.050s] -- Up-to-date symlink: /home/haejum-park/2026_IFAC/install/f110_msgs/share/f110_msgs/environment/library_path.dsv
[1.050s] -- Up-to-date symlink: /home/haejum-park/2026_IFAC/install/f110_msgs/include/f110_msgs/f110_msgs/msg/detail/car_state__rosidl_typesupport_fastrtps_c.h
[1.050s] -- Up-to-date symlink: /home/haejum-park/2026_IFAC/install/f110_msgs/include/f110_msgs/f110_msgs/msg/detail/car_state_stamped__rosidl_typesupport_fastrtps_c.h
[1.050s] -- Up-to-date symlink: /home/haejum-park/2026_IFAC/install/f110_msgs/include/f110_msgs/f110_msgs/msg/detail/gap_data__rosidl_typesupport_fastrtps_c.h
[1.050s] -- Up-to-date symlink: /home/haejum-park/2026_IFAC/install/f110_msgs/include/f110_msgs/f110_msgs/msg/detail/lap_data__rosidl_typesupport_fastrtps_c.h
[1.050s] -- Up-to-date symlink: /home/haejum-park/2026_IFAC/install/f110_msgs/include/f110_msgs/f110_msgs/msg/detail/obstacle__rosidl_typesupport_fastrtps_c.h
[1.050s] -- Up-to-date symlink: /home/haejum-park/2026_IFAC/install/f110_msgs/include/f110_msgs/f110_msgs/msg/detail/obstacle_array__rosidl_typesupport_fastrtps_c.h
[1.050s] -- Up-to-date symlink: /home/haejum-park/2026_IFAC/install/f110_msgs/include/f110_msgs/f110_msgs/msg/detail/opp_wpnt__rosidl_typesupport_fastrtps_c.h
[1.051s] -- Up-to-date symlink: /home/haejum-park/2026_IFAC/install/f110_msgs/include/f110_msgs/f110_msgs/msg/detail/opponent_trajectories__rosidl_typesupport_fastrtps_c.h
[1.051s] -- Up-to-date symlink: /home/haejum-park/2026_IFAC/install/f110_msgs/include/f110_msgs/f110_msgs/msg/detail/opponent_trajectory__rosidl_typesupport_fastrtps_c.h
[1.051s] -- Up-to-date symlink: /home/haejum-park/2026_IFAC/install/f110_msgs/include/f110_msgs/f110_msgs/msg/detail/ot_wpnt_array__rosidl_typesupport_fastrtps_c.h
[1.051s] -- Up-to-date symlink: /home/haejum-park/2026_IFAC/install/f110_msgs/include/f110_msgs/f110_msgs/msg/detail/pid_data__rosidl_typesupport_fastrtps_c.h
[1.051s] -- Up-to-date symlink: /home/haejum-park/2026_IFAC/install/f110_msgs/include/f110_msgs/f110_msgs/msg/detail/proj_opp_point__rosidl_typesupport_fastrtps_c.h
[1.051s] -- Up-to-date symlink: /home/haejum-park/2026_IFAC/install/f110_msgs/include/f110_msgs/f110_msgs/msg/detail/proj_opp_traj__rosidl_typesupport_fastrtps_c.h
[1.051s] -- Up-to-date symlink: /home/haejum-park/2026_IFAC/install/f110_msgs/include/f110_msgs/f110_msgs/msg/detail/wpnt__rosidl_typesupport_fastrtps_c.h
[1.051s] -- Up-to-date symlink: /home/haejum-park/2026_IFAC/install/f110_msgs/include/f110_msgs/f110_msgs/msg/detail/wpnt_array__rosidl_typesupport_fastrtps_c.h
[1.051s] -- Up-to-date symlink: /home/haejum-park/2026_IFAC/install/f110_msgs/include/f110_msgs/f110_msgs/msg/rosidl_typesupport_fastrtps_c__visibility_control.h
[1.051s] -- Up-to-date symlink: /home/haejum-park/2026_IFAC/install/f110_msgs/include/f110_msgs/f110_msgs/msg/detail/car_state__rosidl_typesupport_introspection_c.h
[1.051s] -- Up-to-date symlink: /home/haejum-park/2026_IFAC/install/f110_msgs/include/f110_msgs/f110_msgs/msg/detail/car_state_stamped__rosidl_typesupport_introspection_c.h
[1.051s] -- Up-to-date symlink: /home/haejum-park/2026_IFAC/install/f110_msgs/include/f110_msgs/f110_msgs/msg/detail/gap_data__rosidl_typesupport_introspection_c.h
[1.051s] -- Up-to-date symlink: /home/haejum-park/2026_IFAC/install/f110_msgs/include/f110_msgs/f110_msgs/msg/detail/lap_data__rosidl_typesupport_introspection_c.h
[1.051s] -- Up-to-date symlink: /home/haejum-park/2026_IFAC/install/f110_msgs/include/f110_msgs/f110_msgs/msg/detail/obstacle__rosidl_typesupport_introspection_c.h
[1.051s] -- Up-to-date symlink: /home/haejum-park/2026_IFAC/install/f110_msgs/include/f110_msgs/f110_msgs/msg/detail/obstacle_array__rosidl_typesupport_introspection_c.h
[1.051s] -- Up-to-date symlink: /home/haejum-park/2026_IFAC/install/f110_msgs/include/f110_msgs/f110_msgs/msg/detail/opp_wpnt__rosidl_typesupport_introspection_c.h
[1.051s] -- Up-to-date symlink: /home/haejum-park/2026_IFAC/install/f110_msgs/include/f110_msgs/f110_msgs/msg/detail/opponent_trajectories__rosidl_typesupport_introspection_c.h
[1.052s] -- Up-to-date symlink: /home/haejum-park/2026_IFAC/install/f110_msgs/include/f110_msgs/f110_msgs/msg/detail/opponent_trajectory__rosidl_typesupport_introspection_c.h
[1.052s] -- Up-to-date symlink: /home/haejum-park/2026_IFAC/install/f110_msgs/include/f110_msgs/f110_msgs/msg/detail/ot_wpnt_array__rosidl_typesupport_introspection_c.h
[1.052s] -- Up-to-date symlink: /home/haejum-park/2026_IFAC/install/f110_msgs/include/f110_msgs/f110_msgs/msg/detail/pid_data__rosidl_typesupport_introspection_c.h
[1.052s] -- Up-to-date symlink: /home/haejum-park/2026_IFAC/install/f110_msgs/include/f110_msgs/f110_msgs/msg/detail/proj_opp_point__rosidl_typesupport_introspection_c.h
[1.052s] -- Up-to-date symlink: /home/haejum-park/2026_IFAC/install/f110_msgs/include/f110_msgs/f110_msgs/msg/detail/proj_opp_traj__rosidl_typesupport_introspection_c.h
[1.052s] -- Up-to-date symlink: /home/haejum-park/2026_IFAC/install/f110_msgs/include/f110_msgs/f110_msgs/msg/detail/wpnt__rosidl_typesupport_introspection_c.h
[1.052s] -- Up-to-date symlink: /home/haejum-park/2026_IFAC/install/f110_msgs/include/f110_msgs/f110_msgs/msg/detail/wpnt_array__rosidl_typesupport_introspection_c.h
[1.052s] -- Up-to-date symlink: /home/haejum-park/2026_IFAC/install/f110_msgs/include/f110_msgs/f110_msgs/msg/rosidl_typesupport_introspection_c__visibility_control.h
[1.052s] -- Up-to-date symlink: /home/haejum-park/2026_IFAC/install/f110_msgs/include/f110_msgs/f110_msgs/msg/car_state.hpp
[1.052s] -- Up-to-date symlink: /home/haejum-park/2026_IFAC/install/f110_msgs/include/f110_msgs/f110_msgs/msg/car_state_stamped.hpp
[1.052s] -- Up-to-date symlink: /home/haejum-park/2026_IFAC/install/f110_msgs/include/f110_msgs/f110_msgs/msg/detail/car_state__builder.hpp
[1.052s] -- Up-to-date symlink: /home/haejum-park/2026_IFAC/install/f110_msgs/include/f110_msgs/f110_msgs/msg/detail/car_state__struct.hpp
[1.052s] -- Up-to-date symlink: /home/haejum-park/2026_IFAC/install/f110_msgs/include/f110_msgs/f110_msgs/msg/detail/car_state__traits.hpp
[1.052s] -- Up-to-date symlink: /home/haejum-park/2026_IFAC/install/f110_msgs/include/f110_msgs/f110_msgs/msg/detail/car_state__type_support.hpp
[1.053s] -- Up-to-date symlink: /home/haejum-park/2026_IFAC/install/f110_msgs/include/f110_msgs/f110_msgs/msg/detail/car_state_stamped__builder.hpp
[1.053s] -- Up-to-date symlink: /home/haejum-park/2026_IFAC/install/f110_msgs/include/f110_msgs/f110_msgs/msg/detail/car_state_stamped__struct.hpp
[1.053s] -- Up-to-date symlink: /home/haejum-park/2026_IFAC/install/f110_msgs/include/f110_msgs/f110_msgs/msg/detail/car_state_stamped__traits.hpp
[1.053s] -- Up-to-date symlink: /home/haejum-park/2026_IFAC/install/f110_msgs/include/f110_msgs/f110_msgs/msg/detail/car_state_stamped__type_support.hpp
[1.053s] -- Up-to-date symlink: /home/haejum-park/2026_IFAC/install/f110_msgs/include/f110_msgs/f110_msgs/msg/detail/gap_data__builder.hpp
[1.053s] -- Up-to-date symlink: /home/haejum-park/2026_IFAC/install/f110_msgs/include/f110_msgs/f110_msgs/msg/detail/gap_data__struct.hpp
[1.053s] -- Up-to-date symlink: /home/haejum-park/2026_IFAC/install/f110_msgs/include/f110_msgs/f110_msgs/msg/detail/gap_data__traits.hpp
[1.053s] -- Up-to-date symlink: /home/haejum-park/2026_IFAC/install/f110_msgs/include/f110_msgs/f110_msgs/msg/detail/gap_data__type_support.hpp
[1.053s] -- Up-to-date symlink: /home/haejum-park/2026_IFAC/install/f110_msgs/include/f110_msgs/f110_msgs/msg/detail/lap_data__builder.hpp
[1.053s] -- Up-to-date symlink: /home/haejum-park/2026_IFAC/install/f110_msgs/include/f110_msgs/f110_msgs/msg/detail/lap_data__struct.hpp
[1.053s] -- Up-to-date symlink: /home/haejum-park/2026_IFAC/install/f110_msgs/include/f110_msgs/f110_msgs/msg/detail/lap_data__traits.hpp
[1.053s] -- Up-to-date symlink: /home/haejum-park/2026_IFAC/install/f110_msgs/include/f110_msgs/f110_msgs/msg/detail/lap_data__type_support.hpp
[1.053s] -- Up-to-date symlink: /home/haejum-park/2026_IFAC/install/f110_msgs/include/f110_msgs/f110_msgs/msg/detail/obstacle__builder.hpp
[1.053s] -- Up-to-date symlink: /home/haejum-park/2026_IFAC/install/f110_msgs/include/f110_msgs/f110_msgs/msg/detail/obstacle__struct.hpp
[1.053s] -- Up-to-date symlink: /home/haejum-park/2026_IFAC/install/f110_msgs/include/f110_msgs/f110_msgs/msg/detail/obstacle__traits.hpp
[1.053s] -- Up-to-date symlink: /home/haejum-park/2026_IFAC/install/f110_msgs/include/f110_msgs/f110_msgs/msg/detail/obstacle__type_support.hpp
[1.053s] -- Up-to-date symlink: /home/haejum-park/2026_IFAC/install/f110_msgs/include/f110_msgs/f110_msgs/msg/detail/obstacle_array__builder.hpp
[1.053s] -- Up-to-date symlink: /home/haejum-park/2026_IFAC/install/f110_msgs/include/f110_msgs/f110_msgs/msg/detail/obstacle_array__struct.hpp
[1.053s] -- Up-to-date symlink: /home/haejum-park/2026_IFAC/install/f110_msgs/include/f110_msgs/f110_msgs/msg/detail/obstacle_array__traits.hpp
[1.053s] -- Up-to-date symlink: /home/haejum-park/2026_IFAC/install/f110_msgs/include/f110_msgs/f110_msgs/msg/detail/obstacle_array__type_support.hpp
[1.053s] -- Up-to-date symlink: /home/haejum-park/2026_IFAC/install/f110_msgs/include/f110_msgs/f110_msgs/msg/detail/opp_wpnt__builder.hpp
[1.053s] -- Up-to-date symlink: /home/haejum-park/2026_IFAC/install/f110_msgs/include/f110_msgs/f110_msgs/msg/detail/opp_wpnt__struct.hpp
[1.054s] -- Up-to-date symlink: /home/haejum-park/2026_IFAC/install/f110_msgs/include/f110_msgs/f110_msgs/msg/detail/opp_wpnt__traits.hpp
[1.054s] -- Up-to-date symlink: /home/haejum-park/2026_IFAC/install/f110_msgs/include/f110_msgs/f110_msgs/msg/detail/opp_wpnt__type_support.hpp
[1.054s] -- Up-to-date symlink: /home/haejum-park/2026_IFAC/install/f110_msgs/include/f110_msgs/f110_msgs/msg/detail/opponent_trajectories__builder.hpp
[1.054s] -- Up-to-date symlink: /home/haejum-park/2026_IFAC/install/f110_msgs/include/f110_msgs/f110_msgs/msg/detail/opponent_trajectories__struct.hpp
[1.054s] -- Up-to-date symlink: /home/haejum-park/2026_IFAC/install/f110_msgs/include/f110_msgs/f110_msgs/msg/detail/opponent_trajectories__traits.hpp
[1.054s] -- Up-to-date symlink: /home/haejum-park/2026_IFAC/install/f110_msgs/include/f110_msgs/f110_msgs/msg/detail/opponent_trajectories__type_support.hpp
[1.054s] -- Up-to-date symlink: /home/haejum-park/2026_IFAC/install/f110_msgs/include/f110_msgs/f110_msgs/msg/detail/opponent_trajectory__builder.hpp
[1.054s] -- Up-to-date symlink: /home/haejum-park/2026_IFAC/install/f110_msgs/include/f110_msgs/f110_msgs/msg/detail/opponent_trajectory__struct.hpp
[1.054s] -- Up-to-date symlink: /home/haejum-park/2026_IFAC/install/f110_msgs/include/f110_msgs/f110_msgs/msg/detail/opponent_trajectory__traits.hpp
[1.054s] -- Up-to-date symlink: /home/haejum-park/2026_IFAC/install/f110_msgs/include/f110_msgs/f110_msgs/msg/detail/opponent_trajectory__type_support.hpp
[1.054s] -- Up-to-date symlink: /home/haejum-park/2026_IFAC/install/f110_msgs/include/f110_msgs/f110_msgs/msg/detail/ot_wpnt_array__builder.hpp
[1.054s] -- Up-to-date symlink: /home/haejum-park/2026_IFAC/install/f110_msgs/include/f110_msgs/f110_msgs/msg/detail/ot_wpnt_array__struct.hpp
[1.054s] -- Up-to-date symlink: /home/haejum-park/2026_IFAC/install/f110_msgs/include/f110_msgs/f110_msgs/msg/detail/ot_wpnt_array__traits.hpp
[1.054s] -- Up-to-date symlink: /home/haejum-park/2026_IFAC/install/f110_msgs/include/f110_msgs/f110_msgs/msg/detail/ot_wpnt_array__type_support.hpp
[1.054s] -- Up-to-date symlink: /home/haejum-park/2026_IFAC/install/f110_msgs/include/f110_msgs/f110_msgs/msg/detail/pid_data__builder.hpp
[1.054s] -- Up-to-date symlink: /home/haejum-park/2026_IFAC/install/f110_msgs/include/f110_msgs/f110_msgs/msg/detail/pid_data__struct.hpp
[1.054s] -- Up-to-date symlink: /home/haejum-park/2026_IFAC/install/f110_msgs/include/f110_msgs/f110_msgs/msg/detail/pid_data__traits.hpp
[1.054s] -- Up-to-date symlink: /home/haejum-park/2026_IFAC/install/f110_msgs/include/f110_msgs/f110_msgs/msg/detail/pid_data__type_support.hpp
[1.054s] -- Up-to-date symlink: /home/haejum-park/2026_IFAC/install/f110_msgs/include/f110_msgs/f110_msgs/msg/detail/proj_opp_point__builder.hpp
[1.054s] -- Up-to-date symlink: /home/haejum-park/2026_IFAC/install/f110_msgs/include/f110_msgs/f110_msgs/msg/detail/proj_opp_point__struct.hpp
[1.054s] -- Up-to-date symlink: /home/haejum-park/2026_IFAC/install/f110_msgs/include/f110_msgs/f110_msgs/msg/detail/proj_opp_point__traits.hpp
[1.055s] -- Up-to-date symlink: /home/haejum-park/2026_IFAC/install/f110_msgs/include/f110_msgs/f110_msgs/msg/detail/proj_opp_point__type_support.hpp
[1.055s] -- Up-to-date symlink: /home/haejum-park/2026_IFAC/install/f110_msgs/include/f110_msgs/f110_msgs/msg/detail/proj_opp_traj__builder.hpp
[1.055s] -- Up-to-date symlink: /home/haejum-park/2026_IFAC/install/f110_msgs/include/f110_msgs/f110_msgs/msg/detail/proj_opp_traj__struct.hpp
[1.055s] -- Up-to-date symlink: /home/haejum-park/2026_IFAC/install/f110_msgs/include/f110_msgs/f110_msgs/msg/detail/proj_opp_traj__traits.hpp
[1.055s] -- Up-to-date symlink: /home/haejum-park/2026_IFAC/install/f110_msgs/include/f110_msgs/f110_msgs/msg/detail/proj_opp_traj__type_support.hpp
[1.055s] -- Up-to-date symlink: /home/haejum-park/2026_IFAC/install/f110_msgs/include/f110_msgs/f110_msgs/msg/detail/wpnt__builder.hpp
[1.055s] -- Up-to-date symlink: /home/haejum-park/2026_IFAC/install/f110_msgs/include/f110_msgs/f110_msgs/msg/detail/wpnt__struct.hpp
[1.055s] -- Up-to-date symlink: /home/haejum-park/2026_IFAC/install/f110_msgs/include/f110_msgs/f110_msgs/msg/detail/wpnt__traits.hpp
[1.055s] -- Up-to-date symlink: /home/haejum-park/2026_IFAC/install/f110_msgs/include/f110_msgs/f110_msgs/msg/detail/wpnt__type_support.hpp
[1.055s] -- Up-to-date symlink: /home/haejum-park/2026_IFAC/install/f110_msgs/include/f110_msgs/f110_msgs/msg/detail/wpnt_array__builder.hpp
[1.055s] -- Up-to-date symlink: /home/haejum-park/2026_IFAC/install/f110_msgs/include/f110_msgs/f110_msgs/msg/detail/wpnt_array__struct.hpp
[1.055s] -- Up-to-date symlink: /home/haejum-park/2026_IFAC/install/f110_msgs/include/f110_msgs/f110_msgs/msg/detail/wpnt_array__traits.hpp
[1.055s] -- Up-to-date symlink: /home/haejum-park/2026_IFAC/install/f110_msgs/include/f110_msgs/f110_msgs/msg/detail/wpnt_array__type_support.hpp
[1.055s] -- Up-to-date symlink: /home/haejum-park/2026_IFAC/install/f110_msgs/include/f110_msgs/f110_msgs/msg/gap_data.hpp
[1.055s] -- Up-to-date symlink: /home/haejum-park/2026_IFAC/install/f110_msgs/include/f110_msgs/f110_msgs/msg/lap_data.hpp
[1.055s] -- Up-to-date symlink: /home/haejum-park/2026_IFAC/install/f110_msgs/include/f110_msgs/f110_msgs/msg/obstacle.hpp
[1.055s] -- Up-to-date symlink: /home/haejum-park/2026_IFAC/install/f110_msgs/include/f110_msgs/f110_msgs/msg/obstacle_array.hpp
[1.055s] -- Up-to-date symlink: /home/haejum-park/2026_IFAC/install/f110_msgs/include/f110_msgs/f110_msgs/msg/opp_wpnt.hpp
[1.055s] -- Up-to-date symlink: /home/haejum-park/2026_IFAC/install/f110_msgs/include/f110_msgs/f110_msgs/msg/opponent_trajectories.hpp
[1.055s] -- Up-to-date symlink: /home/haejum-park/2026_IFAC/install/f110_msgs/include/f110_msgs/f110_msgs/msg/opponent_trajectory.hpp
[1.055s] -- Up-to-date symlink: /home/haejum-park/2026_IFAC/install/f110_msgs/include/f110_msgs/f110_msgs/msg/ot_wpnt_array.hpp
[1.055s] -- Up-to-date symlink: /home/haejum-park/2026_IFAC/install/f110_msgs/include/f110_msgs/f110_msgs/msg/pid_data.hpp
[1.055s] -- Up-to-date symlink: /home/haejum-park/2026_IFAC/install/f110_msgs/include/f110_msgs/f110_msgs/msg/proj_opp_point.hpp
[1.056s] -- Up-to-date symlink: /home/haejum-park/2026_IFAC/install/f110_msgs/include/f110_msgs/f110_msgs/msg/proj_opp_traj.hpp
[1.056s] -- Up-to-date symlink: /home/haejum-park/2026_IFAC/install/f110_msgs/include/f110_msgs/f110_msgs/msg/rosidl_generator_cpp__visibility_control.hpp
[1.056s] -- Up-to-date symlink: /home/haejum-park/2026_IFAC/install/f110_msgs/include/f110_msgs/f110_msgs/msg/wpnt.hpp
[1.056s] -- Up-to-date symlink: /home/haejum-park/2026_IFAC/install/f110_msgs/include/f110_msgs/f110_msgs/msg/wpnt_array.hpp
[1.056s] -- Up-to-date symlink: /home/haejum-park/2026_IFAC/install/f110_msgs/include/f110_msgs/f110_msgs/msg/detail/car_state__rosidl_typesupport_fastrtps_cpp.hpp
[1.056s] -- Up-to-date symlink: /home/haejum-park/2026_IFAC/install/f110_msgs/include/f110_msgs/f110_msgs/msg/detail/car_state_stamped__rosidl_typesupport_fastrtps_cpp.hpp
[1.056s] -- Up-to-date symlink: /home/haejum-park/2026_IFAC/install/f110_msgs/include/f110_msgs/f110_msgs/msg/detail/gap_data__rosidl_typesupport_fastrtps_cpp.hpp
[1.056s] -- Up-to-date symlink: /home/haejum-park/2026_IFAC/install/f110_msgs/include/f110_msgs/f110_msgs/msg/detail/lap_data__rosidl_typesupport_fastrtps_cpp.hpp
[1.056s] -- Up-to-date symlink: /home/haejum-park/2026_IFAC/install/f110_msgs/include/f110_msgs/f110_msgs/msg/detail/obstacle__rosidl_typesupport_fastrtps_cpp.hpp
[1.056s] -- Up-to-date symlink: /home/haejum-park/2026_IFAC/install/f110_msgs/include/f110_msgs/f110_msgs/msg/detail/obstacle_array__rosidl_typesupport_fastrtps_cpp.hpp
[1.056s] -- Up-to-date symlink: /home/haejum-park/2026_IFAC/install/f110_msgs/include/f110_msgs/f110_msgs/msg/detail/opp_wpnt__rosidl_typesupport_fastrtps_cpp.hpp
[1.056s] -- Up-to-date symlink: /home/haejum-park/2026_IFAC/install/f110_msgs/include/f110_msgs/f110_msgs/msg/detail/opponent_trajectories__rosidl_typesupport_fastrtps_cpp.hpp
[1.056s] -- Up-to-date symlink: /home/haejum-park/2026_IFAC/install/f110_msgs/include/f110_msgs/f110_msgs/msg/detail/opponent_trajectory__rosidl_typesupport_fastrtps_cpp.hpp
[1.056s] -- Up-to-date symlink: /home/haejum-park/2026_IFAC/install/f110_msgs/include/f110_msgs/f110_msgs/msg/detail/ot_wpnt_array__rosidl_typesupport_fastrtps_cpp.hpp
[1.057s] -- Up-to-date symlink: /home/haejum-park/2026_IFAC/install/f110_msgs/include/f110_msgs/f110_msgs/msg/detail/pid_data__rosidl_typesupport_fastrtps_cpp.hpp
[1.057s] -- Up-to-date symlink: /home/haejum-park/2026_IFAC/install/f110_msgs/include/f110_msgs/f110_msgs/msg/detail/proj_opp_point__rosidl_typesupport_fastrtps_cpp.hpp
[1.057s] -- Up-to-date symlink: /home/haejum-park/2026_IFAC/install/f110_msgs/include/f110_msgs/f110_msgs/msg/detail/proj_opp_traj__rosidl_typesupport_fastrtps_cpp.hpp
[1.057s] -- Up-to-date symlink: /home/haejum-park/2026_IFAC/install/f110_msgs/include/f110_msgs/f110_msgs/msg/detail/wpnt__rosidl_typesupport_fastrtps_cpp.hpp
[1.057s] -- Up-to-date symlink: /home/haejum-park/2026_IFAC/install/f110_msgs/include/f110_msgs/f110_msgs/msg/detail/wpnt_array__rosidl_typesupport_fastrtps_cpp.hpp
[1.057s] -- Up-to-date symlink: /home/haejum-park/2026_IFAC/install/f110_msgs/include/f110_msgs/f110_msgs/msg/rosidl_typesupport_fastrtps_cpp__visibility_control.h
[1.057s] -- Up-to-date symlink: /home/haejum-park/2026_IFAC/install/f110_msgs/include/f110_msgs/f110_msgs/msg/detail/car_state__rosidl_typesupport_introspection_cpp.hpp
[1.057s] -- Up-to-date symlink: /home/haejum-park/2026_IFAC/install/f110_msgs/include/f110_msgs/f110_msgs/msg/detail/car_state_stamped__rosidl_typesupport_introspection_cpp.hpp
[1.057s] -- Up-to-date symlink: /home/haejum-park/2026_IFAC/install/f110_msgs/include/f110_msgs/f110_msgs/msg/detail/gap_data__rosidl_typesupport_introspection_cpp.hpp
[1.057s] -- Up-to-date symlink: /home/haejum-park/2026_IFAC/install/f110_msgs/include/f110_msgs/f110_msgs/msg/detail/lap_data__rosidl_typesupport_introspection_cpp.hpp
[1.057s] -- Up-to-date symlink: /home/haejum-park/2026_IFAC/install/f110_msgs/include/f110_msgs/f110_msgs/msg/detail/obstacle__rosidl_typesupport_introspection_cpp.hpp
[1.057s] -- Up-to-date symlink: /home/haejum-park/2026_IFAC/install/f110_msgs/include/f110_msgs/f110_msgs/msg/detail/obstacle_array__rosidl_typesupport_introspection_cpp.hpp
[1.057s] -- Up-to-date symlink: /home/haejum-park/2026_IFAC/install/f110_msgs/include/f110_msgs/f110_msgs/msg/detail/opp_wpnt__rosidl_typesupport_introspection_cpp.hpp
[1.057s] -- Up-to-date symlink: /home/haejum-park/2026_IFAC/install/f110_msgs/include/f110_msgs/f110_msgs/msg/detail/opponent_trajectories__rosidl_typesupport_introspection_cpp.hpp
[1.057s] -- Up-to-date symlink: /home/haejum-park/2026_IFAC/install/f110_msgs/include/f110_msgs/f110_msgs/msg/detail/opponent_trajectory__rosidl_typesupport_introspection_cpp.hpp
[1.057s] -- Up-to-date symlink: /home/haejum-park/2026_IFAC/install/f110_msgs/include/f110_msgs/f110_msgs/msg/detail/ot_wpnt_array__rosidl_typesupport_introspection_cpp.hpp
[1.057s] -- Up-to-date symlink: /home/haejum-park/2026_IFAC/install/f110_msgs/include/f110_msgs/f110_msgs/msg/detail/pid_data__rosidl_typesupport_introspection_cpp.hpp
[1.057s] -- Up-to-date symlink: /home/haejum-park/2026_IFAC/install/f110_msgs/include/f110_msgs/f110_msgs/msg/detail/proj_opp_point__rosidl_typesupport_introspection_cpp.hpp
[1.058s] -- Up-to-date symlink: /home/haejum-park/2026_IFAC/install/f110_msgs/include/f110_msgs/f110_msgs/msg/detail/proj_opp_traj__rosidl_typesupport_introspection_cpp.hpp
[1.058s] -- Up-to-date symlink: /home/haejum-park/2026_IFAC/install/f110_msgs/include/f110_msgs/f110_msgs/msg/detail/wpnt__rosidl_typesupport_introspection_cpp.hpp
[1.058s] -- Up-to-date symlink: /home/haejum-park/2026_IFAC/install/f110_msgs/include/f110_msgs/f110_msgs/msg/detail/wpnt_array__rosidl_typesupport_introspection_cpp.hpp
[1.058s] -- Up-to-date symlink: /home/haejum-park/2026_IFAC/install/f110_msgs/share/f110_msgs/environment/pythonpath.sh
[1.058s] -- Up-to-date symlink: /home/haejum-park/2026_IFAC/install/f110_msgs/share/f110_msgs/environment/pythonpath.dsv
[1.058s] -- Up-to-date symlink: /home/haejum-park/2026_IFAC/install/f110_msgs/local/lib/python3.10/dist-packages/f110_msgs-0.0.1-py3.10.egg-info/PKG-INFO
[1.058s] -- Up-to-date symlink: /home/haejum-park/2026_IFAC/install/f110_msgs/local/lib/python3.10/dist-packages/f110_msgs-0.0.1-py3.10.egg-info/SOURCES.txt
[1.058s] -- Up-to-date symlink: /home/haejum-park/2026_IFAC/install/f110_msgs/local/lib/python3.10/dist-packages/f110_msgs-0.0.1-py3.10.egg-info/dependency_links.txt
[1.058s] -- Up-to-date symlink: /home/haejum-park/2026_IFAC/install/f110_msgs/local/lib/python3.10/dist-packages/f110_msgs-0.0.1-py3.10.egg-info/top_level.txt
[1.058s] -- Up-to-date symlink: /home/haejum-park/2026_IFAC/install/f110_msgs/local/lib/python3.10/dist-packages/f110_msgs/__init__.py
[1.058s] -- Up-to-date symlink: /home/haejum-park/2026_IFAC/install/f110_msgs/local/lib/python3.10/dist-packages/f110_msgs/_f110_msgs_s.ep.rosidl_typesupport_c.c
[1.059s] -- Up-to-date symlink: /home/haejum-park/2026_IFAC/install/f110_msgs/local/lib/python3.10/dist-packages/f110_msgs/_f110_msgs_s.ep.rosidl_typesupport_fastrtps_c.c
[1.059s] -- Up-to-date symlink: /home/haejum-park/2026_IFAC/install/f110_msgs/local/lib/python3.10/dist-packages/f110_msgs/_f110_msgs_s.ep.rosidl_typesupport_introspection_c.c
[1.059s] -- Up-to-date symlink: /home/haejum-park/2026_IFAC/install/f110_msgs/local/lib/python3.10/dist-packages/f110_msgs/f110_msgs_s__rosidl_typesupport_c.cpython-310-x86_64-linux-gnu.so
[1.059s] -- Up-to-date symlink: /home/haejum-park/2026_IFAC/install/f110_msgs/local/lib/python3.10/dist-packages/f110_msgs/f110_msgs_s__rosidl_typesupport_fastrtps_c.cpython-310-x86_64-linux-gnu.so
[1.059s] -- Up-to-date symlink: /home/haejum-park/2026_IFAC/install/f110_msgs/local/lib/python3.10/dist-packages/f110_msgs/f110_msgs_s__rosidl_typesupport_introspection_c.cpython-310-x86_64-linux-gnu.so
[1.059s] -- Up-to-date symlink: /home/haejum-park/2026_IFAC/install/f110_msgs/local/lib/python3.10/dist-packages/f110_msgs/libf110_msgs__rosidl_generator_py.so
[1.059s] -- Up-to-date symlink: /home/haejum-park/2026_IFAC/install/f110_msgs/local/lib/python3.10/dist-packages/f110_msgs/msg/__init__.py
[1.059s] -- Up-to-date symlink: /home/haejum-park/2026_IFAC/install/f110_msgs/local/lib/python3.10/dist-packages/f110_msgs/msg/_car_state.py
[1.059s] -- Up-to-date symlink: /home/haejum-park/2026_IFAC/install/f110_msgs/local/lib/python3.10/dist-packages/f110_msgs/msg/_car_state_s.c
[1.059s] -- Up-to-date symlink: /home/haejum-park/2026_IFAC/install/f110_msgs/local/lib/python3.10/dist-packages/f110_msgs/msg/_car_state_stamped.py
[1.059s] -- Up-to-date symlink: /home/haejum-park/2026_IFAC/install/f110_msgs/local/lib/python3.10/dist-packages/f110_msgs/msg/_car_state_stamped_s.c
[1.059s] -- Up-to-date symlink: /home/haejum-park/2026_IFAC/install/f110_msgs/local/lib/python3.10/dist-packages/f110_msgs/msg/_gap_data.py
[1.059s] -- Up-to-date symlink: /home/haejum-park/2026_IFAC/install/f110_msgs/local/lib/python3.10/dist-packages/f110_msgs/msg/_gap_data_s.c
[1.059s] -- Up-to-date symlink: /home/haejum-park/2026_IFAC/install/f110_msgs/local/lib/python3.10/dist-packages/f110_msgs/msg/_lap_data.py
[1.059s] -- Up-to-date symlink: /home/haejum-park/2026_IFAC/install/f110_msgs/local/lib/python3.10/dist-packages/f110_msgs/msg/_lap_data_s.c
[1.059s] -- Up-to-date symlink: /home/haejum-park/2026_IFAC/install/f110_msgs/local/lib/python3.10/dist-packages/f110_msgs/msg/_obstacle.py
[1.059s] -- Up-to-date symlink: /home/haejum-park/2026_IFAC/install/f110_msgs/local/lib/python3.10/dist-packages/f110_msgs/msg/_obstacle_array.py
[1.059s] -- Up-to-date symlink: /home/haejum-park/2026_IFAC/install/f110_msgs/local/lib/python3.10/dist-packages/f110_msgs/msg/_obstacle_array_s.c
[1.059s] -- Up-to-date symlink: /home/haejum-park/2026_IFAC/install/f110_msgs/local/lib/python3.10/dist-packages/f110_msgs/msg/_obstacle_s.c
[1.059s] -- Up-to-date symlink: /home/haejum-park/2026_IFAC/install/f110_msgs/local/lib/python3.10/dist-packages/f110_msgs/msg/_opp_wpnt.py
[1.059s] -- Up-to-date symlink: /home/haejum-park/2026_IFAC/install/f110_msgs/local/lib/python3.10/dist-packages/f110_msgs/msg/_opp_wpnt_s.c
[1.059s] -- Up-to-date symlink: /home/haejum-park/2026_IFAC/install/f110_msgs/local/lib/python3.10/dist-packages/f110_msgs/msg/_opponent_trajectories.py
[1.060s] -- Up-to-date symlink: /home/haejum-park/2026_IFAC/install/f110_msgs/local/lib/python3.10/dist-packages/f110_msgs/msg/_opponent_trajectories_s.c
[1.060s] -- Up-to-date symlink: /home/haejum-park/2026_IFAC/install/f110_msgs/local/lib/python3.10/dist-packages/f110_msgs/msg/_opponent_trajectory.py
[1.060s] -- Up-to-date symlink: /home/haejum-park/2026_IFAC/install/f110_msgs/local/lib/python3.10/dist-packages/f110_msgs/msg/_opponent_trajectory_s.c
[1.060s] -- Up-to-date symlink: /home/haejum-park/2026_IFAC/install/f110_msgs/local/lib/python3.10/dist-packages/f110_msgs/msg/_ot_wpnt_array.py
[1.060s] -- Up-to-date symlink: /home/haejum-park/2026_IFAC/install/f110_msgs/local/lib/python3.10/dist-packages/f110_msgs/msg/_ot_wpnt_array_s.c
[1.060s] -- Up-to-date symlink: /home/haejum-park/2026_IFAC/install/f110_msgs/local/lib/python3.10/dist-packages/f110_msgs/msg/_pid_data.py
[1.060s] -- Up-to-date symlink: /home/haejum-park/2026_IFAC/install/f110_msgs/local/lib/python3.10/dist-packages/f110_msgs/msg/_pid_data_s.c
[1.060s] -- Up-to-date symlink: /home/haejum-park/2026_IFAC/install/f110_msgs/local/lib/python3.10/dist-packages/f110_msgs/msg/_proj_opp_point.py
[1.060s] -- Up-to-date symlink: /home/haejum-park/2026_IFAC/install/f110_msgs/local/lib/python3.10/dist-packages/f110_msgs/msg/_proj_opp_point_s.c
[1.060s] -- Up-to-date symlink: /home/haejum-park/2026_IFAC/install/f110_msgs/local/lib/python3.10/dist-packages/f110_msgs/msg/_proj_opp_traj.py
[1.060s] -- Up-to-date symlink: /home/haejum-park/2026_IFAC/install/f110_msgs/local/lib/python3.10/dist-packages/f110_msgs/msg/_proj_opp_traj_s.c
[1.060s] -- Up-to-date symlink: /home/haejum-park/2026_IFAC/install/f110_msgs/local/lib/python3.10/dist-packages/f110_msgs/msg/_wpnt.py
[1.060s] -- Up-to-date symlink: /home/haejum-park/2026_IFAC/install/f110_msgs/local/lib/python3.10/dist-packages/f110_msgs/msg/_wpnt_array.py
[1.060s] -- Up-to-date symlink: /home/haejum-park/2026_IFAC/install/f110_msgs/local/lib/python3.10/dist-packages/f110_msgs/msg/_wpnt_array_s.c
[1.060s] -- Up-to-date symlink: /home/haejum-park/2026_IFAC/install/f110_msgs/local/lib/python3.10/dist-packages/f110_msgs/msg/_wpnt_s.c
[1.060s] -- Up-to-date symlink: /home/haejum-park/2026_IFAC/install/f110_msgs/local/lib/python3.10/dist-packages/f110_msgs/f110_msgs_s__rosidl_typesupport_fastrtps_c.cpython-310-x86_64-linux-gnu.so
[1.060s] -- Up-to-date symlink: /home/haejum-park/2026_IFAC/install/f110_msgs/local/lib/python3.10/dist-packages/f110_msgs/f110_msgs_s__rosidl_typesupport_introspection_c.cpython-310-x86_64-linux-gnu.so
[1.060s] -- Up-to-date symlink: /home/haejum-park/2026_IFAC/install/f110_msgs/local/lib/python3.10/dist-packages/f110_msgs/f110_msgs_s__rosidl_typesupport_c.cpython-310-x86_64-linux-gnu.so
[1.061s] -- Up-to-date symlink: /home/haejum-park/2026_IFAC/install/f110_msgs/share/f110_msgs/msg/CarState.idl
[1.061s] -- Up-to-date symlink: /home/haejum-park/2026_IFAC/install/f110_msgs/share/f110_msgs/msg/CarStateStamped.idl
[1.061s] -- Up-to-date symlink: /home/haejum-park/2026_IFAC/install/f110_msgs/share/f110_msgs/msg/GapData.idl
[1.061s] -- Up-to-date symlink: /home/haejum-park/2026_IFAC/install/f110_msgs/share/f110_msgs/msg/LapData.idl
[1.061s] -- Up-to-date symlink: /home/haejum-park/2026_IFAC/install/f110_msgs/share/f110_msgs/msg/Obstacle.idl
[1.061s] -- Up-to-date symlink: /home/haejum-park/2026_IFAC/install/f110_msgs/share/f110_msgs/msg/ObstacleArray.idl
[1.061s] -- Up-to-date symlink: /home/haejum-park/2026_IFAC/install/f110_msgs/share/f110_msgs/msg/OTWpntArray.idl
[1.061s] -- Up-to-date symlink: /home/haejum-park/2026_IFAC/install/f110_msgs/share/f110_msgs/msg/OpponentTrajectory.idl
[1.061s] -- Up-to-date symlink: /home/haejum-park/2026_IFAC/install/f110_msgs/share/f110_msgs/msg/OpponentTrajectories.idl
[1.061s] -- Up-to-date symlink: /home/haejum-park/2026_IFAC/install/f110_msgs/share/f110_msgs/msg/OppWpnt.idl
[1.061s] -- Up-to-date symlink: /home/haejum-park/2026_IFAC/install/f110_msgs/share/f110_msgs/msg/PidData.idl
[1.061s] -- Up-to-date symlink: /home/haejum-park/2026_IFAC/install/f110_msgs/share/f110_msgs/msg/ProjOppPoint.idl
[1.061s] -- Up-to-date symlink: /home/haejum-park/2026_IFAC/install/f110_msgs/share/f110_msgs/msg/ProjOppTraj.idl
[1.061s] -- Up-to-date symlink: /home/haejum-park/2026_IFAC/install/f110_msgs/share/f110_msgs/msg/Wpnt.idl
[1.061s] -- Up-to-date symlink: /home/haejum-park/2026_IFAC/install/f110_msgs/share/f110_msgs/msg/WpntArray.idl
[1.061s] -- Up-to-date symlink: /home/haejum-park/2026_IFAC/install/f110_msgs/share/f110_msgs/msg/CarState.msg
[1.062s] -- Up-to-date symlink: /home/haejum-park/2026_IFAC/install/f110_msgs/share/f110_msgs/msg/CarStateStamped.msg
[1.062s] -- Up-to-date symlink: /home/haejum-park/2026_IFAC/install/f110_msgs/share/f110_msgs/msg/GapData.msg
[1.062s] -- Up-to-date symlink: /home/haejum-park/2026_IFAC/install/f110_msgs/share/f110_msgs/msg/LapData.msg
[1.062s] -- Up-to-date symlink: /home/haejum-park/2026_IFAC/install/f110_msgs/share/f110_msgs/msg/Obstacle.msg
[1.062s] -- Up-to-date symlink: /home/haejum-park/2026_IFAC/install/f110_msgs/share/f110_msgs/msg/ObstacleArray.msg
[1.062s] -- Up-to-date symlink: /home/haejum-park/2026_IFAC/install/f110_msgs/share/f110_msgs/msg/OTWpntArray.msg
[1.062s] -- Up-to-date symlink: /home/haejum-park/2026_IFAC/install/f110_msgs/share/f110_msgs/msg/OpponentTrajectory.msg
[1.062s] -- Up-to-date symlink: /home/haejum-park/2026_IFAC/install/f110_msgs/share/f110_msgs/msg/OpponentTrajectories.msg
[1.062s] -- Up-to-date symlink: /home/haejum-park/2026_IFAC/install/f110_msgs/share/f110_msgs/msg/OppWpnt.msg
[1.062s] -- Up-to-date symlink: /home/haejum-park/2026_IFAC/install/f110_msgs/share/f110_msgs/msg/PidData.msg
[1.062s] -- Up-to-date symlink: /home/haejum-park/2026_IFAC/install/f110_msgs/share/f110_msgs/msg/ProjOppPoint.msg
[1.062s] -- Up-to-date symlink: /home/haejum-park/2026_IFAC/install/f110_msgs/share/f110_msgs/msg/ProjOppTraj.msg
[1.062s] -- Up-to-date symlink: /home/haejum-park/2026_IFAC/install/f110_msgs/share/f110_msgs/msg/Wpnt.msg
[1.062s] -- Up-to-date symlink: /home/haejum-park/2026_IFAC/install/f110_msgs/share/f110_msgs/msg/WpntArray.msg
[1.062s] -- Up-to-date symlink: /home/haejum-park/2026_IFAC/install/f110_msgs/share/ament_index/resource_index/package_run_dependencies/f110_msgs
[1.062s] -- Up-to-date symlink: /home/haejum-park/2026_IFAC/install/f110_msgs/share/ament_index/resource_index/parent_prefix_path/f110_msgs
[1.062s] -- Up-to-date symlink: /home/haejum-park/2026_IFAC/install/f110_msgs/share/f110_msgs/environment/ament_prefix_path.sh
[1.063s] -- Up-to-date symlink: /home/haejum-park/2026_IFAC/install/f110_msgs/share/f110_msgs/environment/ament_prefix_path.dsv
[1.063s] -- Up-to-date symlink: /home/haejum-park/2026_IFAC/install/f110_msgs/share/f110_msgs/environment/path.sh
[1.063s] -- Up-to-date symlink: /home/haejum-park/2026_IFAC/install/f110_msgs/share/f110_msgs/environment/path.dsv
[1.063s] -- Up-to-date symlink: /home/haejum-park/2026_IFAC/install/f110_msgs/share/f110_msgs/local_setup.bash
[1.063s] -- Up-to-date symlink: /home/haejum-park/2026_IFAC/install/f110_msgs/share/f110_msgs/local_setup.sh
[1.063s] -- Up-to-date symlink: /home/haejum-park/2026_IFAC/install/f110_msgs/share/f110_msgs/local_setup.zsh
[1.063s] -- Up-to-date symlink: /home/haejum-park/2026_IFAC/install/f110_msgs/share/f110_msgs/local_setup.dsv
[1.063s] -- Symlinking: /home/haejum-park/2026_IFAC/install/f110_msgs/share/f110_msgs/package.dsv
[1.068s] -- Up-to-date symlink: /home/haejum-park/2026_IFAC/install/f110_msgs/share/ament_index/resource_index/packages/f110_msgs
[1.068s] -- Up-to-date symlink: /home/haejum-park/2026_IFAC/install/f110_msgs/share/f110_msgs/cmake/rosidl_cmake-extras.cmake
[1.068s] -- Up-to-date symlink: /home/haejum-park/2026_IFAC/install/f110_msgs/share/f110_msgs/cmake/ament_cmake_export_dependencies-extras.cmake
[1.068s] -- Up-to-date symlink: /home/haejum-park/2026_IFAC/install/f110_msgs/share/f110_msgs/cmake/ament_cmake_export_include_directories-extras.cmake
[1.068s] -- Up-to-date symlink: /home/haejum-park/2026_IFAC/install/f110_msgs/share/f110_msgs/cmake/ament_cmake_export_libraries-extras.cmake
[1.068s] -- Up-to-date symlink: /home/haejum-park/2026_IFAC/install/f110_msgs/share/f110_msgs/cmake/ament_cmake_export_targets-extras.cmake
[1.068s] -- Up-to-date symlink: /home/haejum-park/2026_IFAC/install/f110_msgs/share/f110_msgs/cmake/rosidl_cmake_export_typesupport_targets-extras.cmake
[1.068s] -- Up-to-date symlink: /home/haejum-park/2026_IFAC/install/f110_msgs/share/f110_msgs/cmake/rosidl_cmake_export_typesupport_libraries-extras.cmake
[1.068s] -- Up-to-date symlink: /home/haejum-park/2026_IFAC/install/f110_msgs/share/f110_msgs/cmake/f110_msgsConfig.cmake
[1.068s] -- Up-to-date symlink: /home/haejum-park/2026_IFAC/install/f110_msgs/share/f110_msgs/cmake/f110_msgsConfig-version.cmake
[1.068s] -- Up-to-date symlink: /home/haejum-park/2026_IFAC/install/f110_msgs/share/f110_msgs/package.xml
[1.069s] -- Up-to-date: /home/haejum-park/2026_IFAC/install/f110_msgs/lib/libf110_msgs__rosidl_generator_c.so
[1.069s] -- Up-to-date: /home/haejum-park/2026_IFAC/install/f110_msgs/lib/libf110_msgs__rosidl_typesupport_fastrtps_c.so
[1.069s] -- Up-to-date: /home/haejum-park/2026_IFAC/install/f110_msgs/lib/libf110_msgs__rosidl_typesupport_introspection_c.so
[1.069s] -- Up-to-date: /home/haejum-park/2026_IFAC/install/f110_msgs/lib/libf110_msgs__rosidl_typesupport_c.so
[1.069s] -- Up-to-date: /home/haejum-park/2026_IFAC/install/f110_msgs/lib/libf110_msgs__rosidl_typesupport_fastrtps_cpp.so
[1.069s] -- Up-to-date: /home/haejum-park/2026_IFAC/install/f110_msgs/lib/libf110_msgs__rosidl_typesupport_introspection_cpp.so
[1.069s] -- Up-to-date: /home/haejum-park/2026_IFAC/install/f110_msgs/lib/libf110_msgs__rosidl_typesupport_cpp.so
[1.094s] Listing '/home/haejum-park/2026_IFAC/install/f110_msgs/local/lib/python3.10/dist-packages/f110_msgs'...
[1.094s] Compiling '/home/haejum-park/2026_IFAC/install/f110_msgs/local/lib/python3.10/dist-packages/f110_msgs/__init__.py'...
[1.094s] Listing '/home/haejum-park/2026_IFAC/install/f110_msgs/local/lib/python3.10/dist-packages/f110_msgs/msg'...
[1.097s] -- Up-to-date: /home/haejum-park/2026_IFAC/install/f110_msgs/lib/libf110_msgs__rosidl_generator_py.so
[1.097s] -- Up-to-date: /home/haejum-park/2026_IFAC/install/f110_msgs/share/f110_msgs/cmake/export_f110_msgs__rosidl_generator_cExport.cmake
[1.097s] -- Up-to-date: /home/haejum-park/2026_IFAC/install/f110_msgs/share/f110_msgs/cmake/export_f110_msgs__rosidl_generator_cExport-noconfig.cmake
[1.097s] -- Up-to-date: /home/haejum-park/2026_IFAC/install/f110_msgs/share/f110_msgs/cmake/export_f110_msgs__rosidl_typesupport_fastrtps_cExport.cmake
[1.097s] -- Up-to-date: /home/haejum-park/2026_IFAC/install/f110_msgs/share/f110_msgs/cmake/export_f110_msgs__rosidl_typesupport_fastrtps_cExport-noconfig.cmake
[1.097s] -- Up-to-date: /home/haejum-park/2026_IFAC/install/f110_msgs/share/f110_msgs/cmake/f110_msgs__rosidl_typesupport_introspection_cExport.cmake
[1.097s] -- Up-to-date: /home/haejum-park/2026_IFAC/install/f110_msgs/share/f110_msgs/cmake/f110_msgs__rosidl_typesupport_introspection_cExport-noconfig.cmake
[1.097s] -- Up-to-date: /home/haejum-park/2026_IFAC/install/f110_msgs/share/f110_msgs/cmake/f110_msgs__rosidl_typesupport_cExport.cmake
[1.097s] -- Up-to-date: /home/haejum-park/2026_IFAC/install/f110_msgs/share/f110_msgs/cmake/f110_msgs__rosidl_typesupport_cExport-noconfig.cmake
[1.097s] -- Up-to-date: /home/haejum-park/2026_IFAC/install/f110_msgs/share/f110_msgs/cmake/export_f110_msgs__rosidl_generator_cppExport.cmake
[1.097s] -- Up-to-date: /home/haejum-park/2026_IFAC/install/f110_msgs/share/f110_msgs/cmake/export_f110_msgs__rosidl_typesupport_fastrtps_cppExport.cmake
[1.097s] -- Up-to-date: /home/haejum-park/2026_IFAC/install/f110_msgs/share/f110_msgs/cmake/export_f110_msgs__rosidl_typesupport_fastrtps_cppExport-noconfig.cmake
[1.097s] -- Up-to-date: /home/haejum-park/2026_IFAC/install/f110_msgs/share/f110_msgs/cmake/f110_msgs__rosidl_typesupport_introspection_cppExport.cmake
[1.097s] -- Up-to-date: /home/haejum-park/2026_IFAC/install/f110_msgs/share/f110_msgs/cmake/f110_msgs__rosidl_typesupport_introspection_cppExport-noconfig.cmake
[1.097s] -- Up-to-date: /home/haejum-park/2026_IFAC/install/f110_msgs/share/f110_msgs/cmake/f110_msgs__rosidl_typesupport_cppExport.cmake
[1.097s] -- Up-to-date: /home/haejum-park/2026_IFAC/install/f110_msgs/share/f110_msgs/cmake/f110_msgs__rosidl_typesupport_cppExport-noconfig.cmake
[1.097s] -- Up-to-date: /home/haejum-park/2026_IFAC/install/f110_msgs/share/f110_msgs/cmake/export_f110_msgs__rosidl_generator_pyExport.cmake
[1.098s] -- Up-to-date: /home/haejum-park/2026_IFAC/install/f110_msgs/share/f110_msgs/cmake/export_f110_msgs__rosidl_generator_pyExport-noconfig.cmake
[1.099s] Invoked command in '/home/haejum-park/2026_IFAC/build/f110_msgs' returned '0': CMAKE_PREFIX_PATH=/home/haejum-park/2026_IFAC/install/new_map_con:/home/haejum-park/2026_IFAC/install/lap_timer:/home/haejum-park/sim_ws/install/f1tenth_gym_ros:/home/haejum-park/install/launch_testing_examples:/home/haejum-park/install/examples_rclpy_pointcloud_publisher:/home/haejum-park/install/examples_rclpy_minimal_subscriber:/home/haejum-park/install/examples_rclpy_minimal_service:/home/haejum-park/install/examples_rclpy_minimal_publisher:/home/haejum-park/install/examples_rclpy_minimal_client:/home/haejum-park/install/examples_rclpy_minimal_action_server:/home/haejum-park/install/examples_rclpy_minimal_action_client:/home/haejum-park/install/examples_rclpy_guard_conditions:/home/haejum-park/install/examples_rclpy_executors:/opt/ros/humble:${CMAKE_PREFIX_PATH} /usr/bin/cmake --install /home/haejum-park/2026_IFAC/build/f110_msgs
