[0.008s] Invoking command in '/home/haejum-park/2026_IFAC/build/f110_msgs': /usr/bin/cmake /home/haejum-park/2026_IFAC/f110_msgs -DCATKIN_INSTALL_INTO_PREFIX_ROOT=0 -DCMAKE_INSTALL_PREFIX=/home/haejum-park/2026_IFAC/install/f110_msgs
[0.040s] -- The C compiler identification is GNU 11.4.0
[0.072s] -- The CXX compiler identification is GNU 11.4.0
[0.076s] -- Detecting C compiler ABI info
[0.114s] -- Detecting C compiler ABI info - done
[0.118s] -- Check for working C compiler: /usr/bin/cc - skipped
[0.118s] -- Detecting C compile features
[0.118s] -- Detecting C compile features - done
[0.120s] -- Detecting CXX compiler ABI info
[0.164s] -- Detecting CXX compiler ABI info - done
[0.169s] -- Check for working CXX compiler: /usr/bin/c++ - skipped
[0.169s] -- Detecting CXX compile features
[0.169s] -- Detecting CXX compile features - done
[0.178s] [31mCMake Error at CMakeLists.txt:10 (find_package):
[0.178s]   By not providing "Findcatkin.cmake" in CMAKE_MODULE_PATH this project has
[0.178s]   asked CMake to find a package configuration file provided by "catkin", but
[0.178s]   CMake did not find one.
[0.178s] 
[0.178s]   Could not find a package configuration file provided by "catkin" with any
[0.178s]   of the following names:
[0.178s] 
[0.178s]     catkinConfig.cmake
[0.178s]     catkin-config.cmake
[0.178s] 
[0.178s]   Add the installation prefix of "catkin" to CMAKE_PREFIX_PATH or set
[0.178s]   "catkin_DIR" to a directory containing one of the above files.  If "catkin"
[0.178s]   provides a separate development package or SDK, be sure it has been
[0.178s]   installed.
[0.178s] 
[0.178s] [0m
[0.178s] -- Configuring incomplete, errors occurred!
[0.178s] See also "/home/haejum-park/2026_IFAC/build/f110_msgs/CMakeFiles/CMakeOutput.log".
[0.180s] Invoked command in '/home/haejum-park/2026_IFAC/build/f110_msgs' returned '1': /usr/bin/cmake /home/haejum-park/2026_IFAC/f110_msgs -DCATKIN_INSTALL_INTO_PREFIX_ROOT=0 -DCMAKE_INSTALL_PREFIX=/home/haejum-park/2026_IFAC/install/f110_msgs
