-- Found ament_cmake: 1.3.12 (/opt/ros/humble/share/ament_cmake/cmake)
-- Found Python3: /usr/bin/python3 (found version "3.10.12") found components: Interpreter 
-- Override CMake install command with custom implementation using symlinks instead of copying resources
-- Found rosidl_default_generators: 1.2.0 (/opt/ros/humble/share/rosidl_default_generators/cmake)
-- Using all available rosidl_typesupport_c: rosidl_typesupport_fastrtps_c;rosidl_typesupport_introspection_c
-- Found rosidl_adapter: 3.1.8 (/opt/ros/humble/share/rosidl_adapter/cmake)
-- Using all available rosidl_typesupport_cpp: rosidl_typesupport_fastrtps_cpp;rosidl_typesupport_introspection_cpp
-- Found std_msgs: 4.9.0 (/opt/ros/humble/share/std_msgs/cmake)
-- Found geometry_msgs: 4.9.0 (/opt/ros/humble/share/geometry_msgs/cmake)
[31mCMake Error at /opt/ros/humble/share/rosidl_adapter/cmake/rosidl_adapt_interfaces.cmake:59 (message):
  execute_process(/usr/bin/python3 -m rosidl_adapter --package-name f110_msgs
  --arguments-file
  /home/haejum-park/2026_IFAC/build/f110_msgs/rosidl_adapter__arguments__f110_msgs.json
  --output-dir
  /home/haejum-park/2026_IFAC/build/f110_msgs/rosidl_adapter/f110_msgs
  --output-file
  /home/haejum-park/2026_IFAC/build/f110_msgs/rosidl_adapter/f110_msgs.idls)
  returned error code 1:

  KeyError processing template 'struct.idl.em': 'time'

Call Stack (most recent call first):
  /opt/ros/humble/share/rosidl_cmake/cmake/rosidl_generate_interfaces.cmake:130 (rosidl_adapt_interfaces)
  CMakeLists.txt:31 (rosidl_generate_interfaces)

[0m
-- Configuring incomplete, errors occurred!
See also "/home/haejum-park/2026_IFAC/build/f110_msgs/CMakeFiles/CMakeOutput.log".
