running develop
running egg_info
creating new_map_con.egg-info
writing new_map_con.egg-info/PKG-INFO
writing dependency_links to new_map_con.egg-info/dependency_links.txt
writing entry points to new_map_con.egg-info/entry_points.txt
writing requirements to new_map_con.egg-info/requires.txt
writing top-level names to new_map_con.egg-info/top_level.txt
writing manifest file 'new_map_con.egg-info/SOURCES.txt'
reading manifest file 'new_map_con.egg-info/SOURCES.txt'
writing manifest file 'new_map_con.egg-info/SOURCES.txt'
running build_ext
Creating /home/haejum-park/2026_IFAC/install/new_map_con/lib/python3.10/site-packages/new-map-con.egg-link (link to .)
Installing MAP script to /home/haejum-park/2026_IFAC/install/new_map_con/lib/new_map_con

Installed /home/haejum-park/2026_IFAC/build/new_map_con
running symlink_data
creating /home/haejum-park/2026_IFAC/install/new_map_con/share/ament_index
creating /home/haejum-park/2026_IFAC/install/new_map_con/share/ament_index/resource_index
creating /home/haejum-park/2026_IFAC/install/new_map_con/share/ament_index/resource_index/packages
symbolically linking /home/haejum-park/2026_IFAC/build/new_map_con/resource/new_map_con -> /home/haejum-park/2026_IFAC/install/new_map_con/share/ament_index/resource_index/packages
symbolically linking /home/haejum-park/2026_IFAC/build/new_map_con/package.xml -> /home/haejum-park/2026_IFAC/install/new_map_con/share/new_map_con
creating /home/haejum-park/2026_IFAC/install/new_map_con/share/new_map_con/maps
symbolically linking /home/haejum-park/2026_IFAC/build/new_map_con/maps/oct28.csv -> /home/haejum-park/2026_IFAC/install/new_map_con/share/new_map_con/maps
