[0.518s] Invoking command in '/home/haejum-park/2026_IFAC/build/new_map_con': PYTHONPATH=/home/haejum-park/2026_IFAC/build/new_map_con/prefix_override:/usr/lib/python3/dist-packages/colcon_core/task/python/colcon_distutils_commands:/home/haejum-park/2026_IFAC/install/new_map_con/lib/python3.10/site-packages:${PYTHONPATH} /usr/bin/python3 -W ignore:setup.py install is deprecated -W ignore:easy_install command is deprecated setup.py develop --editable --build-directory /home/haejum-park/2026_IFAC/build/new_map_con/build --no-deps symlink_data
[0.650s] running develop
[0.716s] running egg_info
[0.716s] creating new_map_con.egg-info
[0.716s] writing new_map_con.egg-info/PKG-INFO
[0.716s] writing dependency_links to new_map_con.egg-info/dependency_links.txt
[0.717s] writing entry points to new_map_con.egg-info/entry_points.txt
[0.717s] writing requirements to new_map_con.egg-info/requires.txt
[0.717s] writing top-level names to new_map_con.egg-info/top_level.txt
[0.717s] writing manifest file 'new_map_con.egg-info/SOURCES.txt'
[0.717s] reading manifest file 'new_map_con.egg-info/SOURCES.txt'
[0.718s] writing manifest file 'new_map_con.egg-info/SOURCES.txt'
[0.718s] running build_ext
[0.718s] Creating /home/haejum-park/2026_IFAC/install/new_map_con/lib/python3.10/site-packages/new-map-con.egg-link (link to .)
[0.718s] Installing MAP script to /home/haejum-park/2026_IFAC/install/new_map_con/lib/new_map_con
[0.719s] 
[0.719s] Installed /home/haejum-park/2026_IFAC/build/new_map_con
[0.719s] running symlink_data
[0.719s] creating /home/haejum-park/2026_IFAC/install/new_map_con/share/ament_index
[0.719s] creating /home/haejum-park/2026_IFAC/install/new_map_con/share/ament_index/resource_index
[0.719s] creating /home/haejum-park/2026_IFAC/install/new_map_con/share/ament_index/resource_index/packages
[0.719s] symbolically linking /home/haejum-park/2026_IFAC/build/new_map_con/resource/new_map_con -> /home/haejum-park/2026_IFAC/install/new_map_con/share/ament_index/resource_index/packages
[0.719s] symbolically linking /home/haejum-park/2026_IFAC/build/new_map_con/package.xml -> /home/haejum-park/2026_IFAC/install/new_map_con/share/new_map_con
[0.719s] creating /home/haejum-park/2026_IFAC/install/new_map_con/share/new_map_con/maps
[0.719s] symbolically linking /home/haejum-park/2026_IFAC/build/new_map_con/maps/oct28.csv -> /home/haejum-park/2026_IFAC/install/new_map_con/share/new_map_con/maps
[0.746s] Invoked command in '/home/haejum-park/2026_IFAC/build/new_map_con' returned '0': PYTHONPATH=/home/haejum-park/2026_IFAC/build/new_map_con/prefix_override:/usr/lib/python3/dist-packages/colcon_core/task/python/colcon_distutils_commands:/home/haejum-park/2026_IFAC/install/new_map_con/lib/python3.10/site-packages:${PYTHONPATH} /usr/bin/python3 -W ignore:setup.py install is deprecated -W ignore:easy_install command is deprecated setup.py develop --editable --build-directory /home/haejum-park/2026_IFAC/build/new_map_con/build --no-deps symlink_data
