[0.409s] Invoking command in '/home/haejum-park/2026_IFAC/build/particle_filter_cpp': CMAKE_PREFIX_PATH=${CMAKE_PREFIX_PATH}:/home/haejum-park/sim_ws/install/f1tenth_gym_ros:/home/haejum-park/install/launch_testing_examples:/home/haejum-park/install/examples_rclpy_pointcloud_publisher:/home/haejum-park/install/examples_rclpy_minimal_subscriber:/home/haejum-park/install/examples_rclpy_minimal_service:/home/haejum-park/install/examples_rclpy_minimal_publisher:/home/haejum-park/install/examples_rclpy_minimal_client:/home/haejum-park/install/examples_rclpy_minimal_action_server:/home/haejum-park/install/examples_rclpy_minimal_action_client:/home/haejum-park/install/examples_rclpy_guard_conditions:/home/haejum-park/install/examples_rclpy_executors:/opt/ros/humble /usr/bin/cmake /home/haejum-park/2026_IFAC/monte_carlo_localization -DCMAKE_INSTALL_PREFIX=/home/haejum-park/2026_IFAC/install/particle_filter_cpp
[0.416s] -- Found ament_cmake: 1.3.12 (/opt/ros/humble/share/ament_cmake/cmake)
[0.499s] -- Override CMake install command with custom implementation using symlinks instead of copying resources
[0.503s] -- Found rclcpp: 16.0.17 (/opt/ros/humble/share/rclcpp/cmake)
[0.520s] -- Found rosidl_generator_c: 3.1.8 (/opt/ros/humble/share/rosidl_generator_c/cmake)
[0.522s] -- Found rosidl_adapter: 3.1.8 (/opt/ros/humble/share/rosidl_adapter/cmake)
[0.525s] -- Found rosidl_generator_cpp: 3.1.8 (/opt/ros/humble/share/rosidl_generator_cpp/cmake)
[0.530s] -- Using all available rosidl_typesupport_c: rosidl_typesupport_fastrtps_c;rosidl_typesupport_introspection_c
[0.537s] -- Using all available rosidl_typesupport_cpp: rosidl_typesupport_fastrtps_cpp;rosidl_typesupport_introspection_cpp
[0.555s] -- Found rmw_implementation_cmake: 6.1.2 (/opt/ros/humble/share/rmw_implementation_cmake/cmake)
[0.556s] -- Found rmw_fastrtps_cpp: 6.2.9 (/opt/ros/humble/share/rmw_fastrtps_cpp/cmake)
[0.626s] -- Using RMW implementation 'rmw_fastrtps_cpp' as default
[0.647s] -- Found rclcpp_components: 16.0.17 (/opt/ros/humble/share/rclcpp_components/cmake)
[0.655s] -- Found sensor_msgs: 4.9.0 (/opt/ros/humble/share/sensor_msgs/cmake)
[0.668s] -- Found nav_msgs: 4.9.0 (/opt/ros/humble/share/nav_msgs/cmake)
[0.674s] -- Found visualization_msgs: 4.9.0 (/opt/ros/humble/share/visualization_msgs/cmake)
[0.683s] -- Found tf2: 0.25.18 (/opt/ros/humble/share/tf2/cmake)
[0.685s] -- Found tf2_ros: 0.25.18 (/opt/ros/humble/share/tf2_ros/cmake)
[0.710s] -- Found tf2_geometry_msgs: 0.25.18 (/opt/ros/humble/share/tf2_geometry_msgs/cmake)
[0.712s] -- Found eigen3_cmake_module: 0.1.1 (/opt/ros/humble/share/eigen3_cmake_module/cmake)
[0.712s] -- Ensuring Eigen3 include directory is part of orocos-kdl CMake target
[0.713s] -- Found tf2_eigen: 0.25.18 (/opt/ros/humble/share/tf2_eigen/cmake)
[0.714s] -- Found angles: 1.15.0 (/opt/ros/humble/share/angles/cmake)
[0.766s] -- Found ament_lint_auto: 0.12.14 (/opt/ros/humble/share/ament_lint_auto/cmake)
[0.811s] -- Added test 'cppcheck' to perform static code analysis on C / C++ code
[0.811s] -- Configured cppcheck include dirs: /home/haejum-park/2026_IFAC/monte_carlo_localization/include
[0.811s] -- Configured cppcheck exclude dirs and/or files: 
[0.811s] -- Added test 'flake8' to check Python code syntax and style conventions
[0.811s] -- Added test 'lint_cmake' to check CMake code style
[0.811s] -- Added test 'pep257' to check Python code against some of the docstring style conventions in PEP 257
[0.812s] -- Added test 'uncrustify' to check C / C++ code style
[0.812s] -- Configured uncrustify additional arguments: 
[0.812s] -- Added test 'xmllint' to check XML markup files
[0.813s] -- Configuring done
[0.823s] -- Generating done
[0.826s] -- Build files have been written to: /home/haejum-park/2026_IFAC/build/particle_filter_cpp
[0.831s] Invoked command in '/home/haejum-park/2026_IFAC/build/particle_filter_cpp' returned '0': CMAKE_PREFIX_PATH=${CMAKE_PREFIX_PATH}:/home/haejum-park/sim_ws/install/f1tenth_gym_ros:/home/haejum-park/install/launch_testing_examples:/home/haejum-park/install/examples_rclpy_pointcloud_publisher:/home/haejum-park/install/examples_rclpy_minimal_subscriber:/home/haejum-park/install/examples_rclpy_minimal_service:/home/haejum-park/install/examples_rclpy_minimal_publisher:/home/haejum-park/install/examples_rclpy_minimal_client:/home/haejum-park/install/examples_rclpy_minimal_action_server:/home/haejum-park/install/examples_rclpy_minimal_action_client:/home/haejum-park/install/examples_rclpy_guard_conditions:/home/haejum-park/install/examples_rclpy_executors:/opt/ros/humble /usr/bin/cmake /home/haejum-park/2026_IFAC/monte_carlo_localization -DCMAKE_INSTALL_PREFIX=/home/haejum-park/2026_IFAC/install/particle_filter_cpp
[0.832s] Invoking command in '/home/haejum-park/2026_IFAC/build/particle_filter_cpp': CMAKE_PREFIX_PATH=${CMAKE_PREFIX_PATH}:/home/haejum-park/sim_ws/install/f1tenth_gym_ros:/home/haejum-park/install/launch_testing_examples:/home/haejum-park/install/examples_rclpy_pointcloud_publisher:/home/haejum-park/install/examples_rclpy_minimal_subscriber:/home/haejum-park/install/examples_rclpy_minimal_service:/home/haejum-park/install/examples_rclpy_minimal_publisher:/home/haejum-park/install/examples_rclpy_minimal_client:/home/haejum-park/install/examples_rclpy_minimal_action_server:/home/haejum-park/install/examples_rclpy_minimal_action_client:/home/haejum-park/install/examples_rclpy_guard_conditions:/home/haejum-park/install/examples_rclpy_executors:/opt/ros/humble /usr/bin/cmake --build /home/haejum-park/2026_IFAC/build/particle_filter_cpp -- -j14 -l14
[0.856s] [35m[1mConsolidate compiler generated dependencies of target particle_filter_cpp_lib[0m
[0.869s] [ 60%] Built target particle_filter_cpp_lib
[0.874s] [35m[1mConsolidate compiler generated dependencies of target particle_filter_node[0m
[0.885s] [100%] Built target particle_filter_node
[0.892s] Invoked command in '/home/haejum-park/2026_IFAC/build/particle_filter_cpp' returned '0': CMAKE_PREFIX_PATH=${CMAKE_PREFIX_PATH}:/home/haejum-park/sim_ws/install/f1tenth_gym_ros:/home/haejum-park/install/launch_testing_examples:/home/haejum-park/install/examples_rclpy_pointcloud_publisher:/home/haejum-park/install/examples_rclpy_minimal_subscriber:/home/haejum-park/install/examples_rclpy_minimal_service:/home/haejum-park/install/examples_rclpy_minimal_publisher:/home/haejum-park/install/examples_rclpy_minimal_client:/home/haejum-park/install/examples_rclpy_minimal_action_server:/home/haejum-park/install/examples_rclpy_minimal_action_client:/home/haejum-park/install/examples_rclpy_guard_conditions:/home/haejum-park/install/examples_rclpy_executors:/opt/ros/humble /usr/bin/cmake --build /home/haejum-park/2026_IFAC/build/particle_filter_cpp -- -j14 -l14
[0.896s] Invoking command in '/home/haejum-park/2026_IFAC/build/particle_filter_cpp': CMAKE_PREFIX_PATH=${CMAKE_PREFIX_PATH}:/home/haejum-park/sim_ws/install/f1tenth_gym_ros:/home/haejum-park/install/launch_testing_examples:/home/haejum-park/install/examples_rclpy_pointcloud_publisher:/home/haejum-park/install/examples_rclpy_minimal_subscriber:/home/haejum-park/install/examples_rclpy_minimal_service:/home/haejum-park/install/examples_rclpy_minimal_publisher:/home/haejum-park/install/examples_rclpy_minimal_client:/home/haejum-park/install/examples_rclpy_minimal_action_server:/home/haejum-park/install/examples_rclpy_minimal_action_client:/home/haejum-park/install/examples_rclpy_guard_conditions:/home/haejum-park/install/examples_rclpy_executors:/opt/ros/humble /usr/bin/cmake --install /home/haejum-park/2026_IFAC/build/particle_filter_cpp
[0.900s] -- Install configuration: ""
[0.900s] -- Execute custom install script
[0.900s] -- Up-to-date symlink: /home/haejum-park/2026_IFAC/install/particle_filter_cpp/lib/libparticle_filter_cpp_lib.so
[0.900s] -- Up-to-date symlink: /home/haejum-park/2026_IFAC/install/particle_filter_cpp/lib/particle_filter_cpp/particle_filter_node
[0.900s] -- Up-to-date symlink: /home/haejum-park/2026_IFAC/install/particle_filter_cpp/include//particle_filter_cpp/particle_filter.hpp
[0.900s] -- Up-to-date symlink: /home/haejum-park/2026_IFAC/install/particle_filter_cpp/include//particle_filter_cpp/utils.hpp
[0.901s] -- Up-to-date symlink: /home/haejum-park/2026_IFAC/install/particle_filter_cpp/share/particle_filter_cpp/environment/library_path.sh
[0.901s] -- Up-to-date symlink: /home/haejum-park/2026_IFAC/install/particle_filter_cpp/share/particle_filter_cpp/environment/library_path.dsv
[0.901s] -- Up-to-date symlink: /home/haejum-park/2026_IFAC/install/particle_filter_cpp/share/ament_index/resource_index/package_run_dependencies/particle_filter_cpp
[0.901s] -- Up-to-date symlink: /home/haejum-park/2026_IFAC/install/particle_filter_cpp/share/ament_index/resource_index/parent_prefix_path/particle_filter_cpp
[0.901s] -- Up-to-date symlink: /home/haejum-park/2026_IFAC/install/particle_filter_cpp/share/particle_filter_cpp/environment/ament_prefix_path.sh
[0.901s] -- Up-to-date symlink: /home/haejum-park/2026_IFAC/install/particle_filter_cpp/share/particle_filter_cpp/environment/ament_prefix_path.dsv
[0.901s] -- Up-to-date symlink: /home/haejum-park/2026_IFAC/install/particle_filter_cpp/share/particle_filter_cpp/environment/path.sh
[0.901s] -- Up-to-date symlink: /home/haejum-park/2026_IFAC/install/particle_filter_cpp/share/particle_filter_cpp/environment/path.dsv
[0.901s] -- Up-to-date symlink: /home/haejum-park/2026_IFAC/install/particle_filter_cpp/share/particle_filter_cpp/local_setup.bash
[0.901s] -- Up-to-date symlink: /home/haejum-park/2026_IFAC/install/particle_filter_cpp/share/particle_filter_cpp/local_setup.sh
[0.901s] -- Up-to-date symlink: /home/haejum-park/2026_IFAC/install/particle_filter_cpp/share/particle_filter_cpp/local_setup.zsh
[0.901s] -- Up-to-date symlink: /home/haejum-park/2026_IFAC/install/particle_filter_cpp/share/particle_filter_cpp/local_setup.dsv
[0.901s] -- Symlinking: /home/haejum-park/2026_IFAC/install/particle_filter_cpp/share/particle_filter_cpp/package.dsv
[0.906s] -- Up-to-date symlink: /home/haejum-park/2026_IFAC/install/particle_filter_cpp/share/ament_index/resource_index/packages/particle_filter_cpp
[0.906s] -- Up-to-date symlink: /home/haejum-park/2026_IFAC/install/particle_filter_cpp/share/ament_index/resource_index/rclcpp_components/particle_filter_cpp
[0.906s] -- Up-to-date symlink: /home/haejum-park/2026_IFAC/install/particle_filter_cpp/share/particle_filter_cpp/cmake/ament_cmake_export_dependencies-extras.cmake
[0.906s] -- Up-to-date symlink: /home/haejum-park/2026_IFAC/install/particle_filter_cpp/share/particle_filter_cpp/cmake/ament_cmake_export_include_directories-extras.cmake
[0.906s] -- Up-to-date symlink: /home/haejum-park/2026_IFAC/install/particle_filter_cpp/share/particle_filter_cpp/cmake/ament_cmake_export_libraries-extras.cmake
[0.906s] -- Up-to-date symlink: /home/haejum-park/2026_IFAC/install/particle_filter_cpp/share/particle_filter_cpp/cmake/particle_filter_cppConfig.cmake
[0.906s] -- Up-to-date symlink: /home/haejum-park/2026_IFAC/install/particle_filter_cpp/share/particle_filter_cpp/cmake/particle_filter_cppConfig-version.cmake
[0.906s] -- Up-to-date symlink: /home/haejum-park/2026_IFAC/install/particle_filter_cpp/share/particle_filter_cpp/package.xml
[0.906s] -- Up-to-date: /home/haejum-park/2026_IFAC/install/particle_filter_cpp/share/particle_filter_cpp/launch/
[0.906s] -- Up-to-date: /home/haejum-park/2026_IFAC/install/particle_filter_cpp/share/particle_filter_cpp/launch//mcl_launch.py
[0.906s] -- Up-to-date: /home/haejum-park/2026_IFAC/install/particle_filter_cpp/share/particle_filter_cpp/config/
[0.906s] -- Up-to-date: /home/haejum-park/2026_IFAC/install/particle_filter_cpp/share/particle_filter_cpp/config//mcl_config.yaml
[0.906s] -- Up-to-date: /home/haejum-park/2026_IFAC/install/particle_filter_cpp/share/particle_filter_cpp/maps/
[0.906s] -- Up-to-date: /home/haejum-park/2026_IFAC/install/particle_filter_cpp/share/particle_filter_cpp/maps//map_1753950572.pgm
[0.906s] -- Up-to-date: /home/haejum-park/2026_IFAC/install/particle_filter_cpp/share/particle_filter_cpp/maps//redbull_1.yaml
[0.906s] -- Up-to-date: /home/haejum-park/2026_IFAC/install/particle_filter_cpp/share/particle_filter_cpp/maps//Spielberg_map.yaml
[0.907s] -- Up-to-date: /home/haejum-park/2026_IFAC/install/particle_filter_cpp/share/particle_filter_cpp/maps//fuck_f1.yaml
[0.907s] -- Up-to-date: /home/haejum-park/2026_IFAC/install/particle_filter_cpp/share/particle_filter_cpp/maps//new_map1.png
[0.907s] -- Up-to-date: /home/haejum-park/2026_IFAC/install/particle_filter_cpp/share/particle_filter_cpp/maps//map_1755669035.pgm
[0.907s] -- Up-to-date: /home/haejum-park/2026_IFAC/install/particle_filter_cpp/share/particle_filter_cpp/maps//fuck_jg_1.pgm
[0.907s] -- Up-to-date: /home/haejum-park/2026_IFAC/install/particle_filter_cpp/share/particle_filter_cpp/maps//fuck_f1.pgm
[0.907s] -- Up-to-date: /home/haejum-park/2026_IFAC/install/particle_filter_cpp/share/particle_filter_cpp/maps//fmap.png
[0.907s] -- Up-to-date: /home/haejum-park/2026_IFAC/install/particle_filter_cpp/share/particle_filter_cpp/maps//sibal1.yaml
[0.907s] -- Up-to-date: /home/haejum-park/2026_IFAC/install/particle_filter_cpp/share/particle_filter_cpp/maps//levine.pgm
[0.907s] -- Up-to-date: /home/haejum-park/2026_IFAC/install/particle_filter_cpp/share/particle_filter_cpp/maps//levine.yaml
[0.907s] -- Up-to-date: /home/haejum-park/2026_IFAC/install/particle_filter_cpp/share/particle_filter_cpp/maps//map_1755669035.yaml
[0.907s] -- Up-to-date: /home/haejum-park/2026_IFAC/install/particle_filter_cpp/share/particle_filter_cpp/maps//test_map.pgm
[0.907s] -- Up-to-date: /home/haejum-park/2026_IFAC/install/particle_filter_cpp/share/particle_filter_cpp/maps//oct_25_1.yaml
[0.907s] -- Up-to-date: /home/haejum-park/2026_IFAC/install/particle_filter_cpp/share/particle_filter_cpp/maps//test_map.yaml
[0.907s] -- Up-to-date: /home/haejum-park/2026_IFAC/install/particle_filter_cpp/share/particle_filter_cpp/maps//oct_25_1.pgm
[0.907s] -- Up-to-date: /home/haejum-park/2026_IFAC/install/particle_filter_cpp/share/particle_filter_cpp/maps//slam_map.png
[0.907s] -- Up-to-date: /home/haejum-park/2026_IFAC/install/particle_filter_cpp/share/particle_filter_cpp/maps//redbull_1.png
[0.907s] -- Up-to-date: /home/haejum-park/2026_IFAC/install/particle_filter_cpp/share/particle_filter_cpp/maps//Spielberg_map.png
[0.907s] -- Up-to-date: /home/haejum-park/2026_IFAC/install/particle_filter_cpp/share/particle_filter_cpp/maps//first_map.yaml
[0.907s] -- Up-to-date: /home/haejum-park/2026_IFAC/install/particle_filter_cpp/share/particle_filter_cpp/maps//icra_2_clean.png
[0.907s] -- Up-to-date: /home/haejum-park/2026_IFAC/install/particle_filter_cpp/share/particle_filter_cpp/maps//sibal1.png
[0.907s] -- Up-to-date: /home/haejum-park/2026_IFAC/install/particle_filter_cpp/share/particle_filter_cpp/maps//basement_fixed.png
[0.907s] -- Up-to-date: /home/haejum-park/2026_IFAC/install/particle_filter_cpp/share/particle_filter_cpp/maps//f2map.yaml
[0.907s] -- Up-to-date: /home/haejum-park/2026_IFAC/install/particle_filter_cpp/share/particle_filter_cpp/maps//basement_fixed.map.yaml
[0.907s] -- Up-to-date: /home/haejum-park/2026_IFAC/install/particle_filter_cpp/share/particle_filter_cpp/maps//icra_2_clean.yaml
[0.907s] -- Up-to-date: /home/haejum-park/2026_IFAC/install/particle_filter_cpp/share/particle_filter_cpp/maps//labtest.yaml
[0.907s] -- Up-to-date: /home/haejum-park/2026_IFAC/install/particle_filter_cpp/share/particle_filter_cpp/maps//first_map.pgm
[0.907s] -- Up-to-date: /home/haejum-park/2026_IFAC/install/particle_filter_cpp/share/particle_filter_cpp/maps//map_1753950572.yaml
[0.907s] -- Up-to-date: /home/haejum-park/2026_IFAC/install/particle_filter_cpp/share/particle_filter_cpp/maps//slam_map.yaml
[0.907s] -- Up-to-date: /home/haejum-park/2026_IFAC/install/particle_filter_cpp/share/particle_filter_cpp/maps//f2map.pgm
[0.907s] -- Up-to-date: /home/haejum-park/2026_IFAC/install/particle_filter_cpp/share/particle_filter_cpp/maps//labtest.pgm
[0.907s] -- Up-to-date: /home/haejum-park/2026_IFAC/install/particle_filter_cpp/share/particle_filter_cpp/maps//fuck_jg_1.yaml
[0.907s] -- Up-to-date: /home/haejum-park/2026_IFAC/install/particle_filter_cpp/share/particle_filter_cpp/maps//new_map1.yaml
[0.907s] -- Up-to-date: /home/haejum-park/2026_IFAC/install/particle_filter_cpp/share/particle_filter_cpp/maps//fmap.yaml
[0.907s] -- Up-to-date: /home/haejum-park/2026_IFAC/install/particle_filter_cpp/share/particle_filter_cpp/rviz/
[0.907s] -- Up-to-date: /home/haejum-park/2026_IFAC/install/particle_filter_cpp/share/particle_filter_cpp/rviz//particle_filter.rviz
[0.908s] Invoked command in '/home/haejum-park/2026_IFAC/build/particle_filter_cpp' returned '0': CMAKE_PREFIX_PATH=${CMAKE_PREFIX_PATH}:/home/haejum-park/sim_ws/install/f1tenth_gym_ros:/home/haejum-park/install/launch_testing_examples:/home/haejum-park/install/examples_rclpy_pointcloud_publisher:/home/haejum-park/install/examples_rclpy_minimal_subscriber:/home/haejum-park/install/examples_rclpy_minimal_service:/home/haejum-park/install/examples_rclpy_minimal_publisher:/home/haejum-park/install/examples_rclpy_minimal_client:/home/haejum-park/install/examples_rclpy_minimal_action_server:/home/haejum-park/install/examples_rclpy_minimal_action_client:/home/haejum-park/install/examples_rclpy_guard_conditions:/home/haejum-park/install/examples_rclpy_executors:/opt/ros/humble /usr/bin/cmake --install /home/haejum-park/2026_IFAC/build/particle_filter_cpp
