-- Found ament_cmake: 1.3.12 (/opt/ros/humble/share/ament_cmake/cmake)
-- Override CMake install command with custom implementation using symlinks instead of copying resources
-- Found rosidl_default_generators: 1.2.0 (/opt/ros/humble/share/rosidl_default_generators/cmake)
-- Using all available rosidl_typesupport_c: rosidl_typesupport_fastrtps_c;rosidl_typesupport_introspection_c
-- Found rosidl_adapter: 3.1.8 (/opt/ros/humble/share/rosidl_adapter/cmake)
-- Using all available rosidl_typesupport_cpp: rosidl_typesupport_fastrtps_cpp;rosidl_typesupport_introspection_cpp
-- Found std_msgs: 4.9.0 (/opt/ros/humble/share/std_msgs/cmake)
-- Found geometry_msgs: 4.9.0 (/opt/ros/humble/share/geometry_msgs/cmake)
-- Found ament_cmake_ros: 0.10.0 (/opt/ros/humble/share/ament_cmake_ros/cmake)
-- Using all available rosidl_typesupport_c: rosidl_typesupport_fastrtps_c;rosidl_typesupport_introspection_c
-- Using all available rosidl_typesupport_cpp: rosidl_typesupport_fastrtps_cpp;rosidl_typesupport_introspection_cpp
-- Found python_cmake_module: 0.10.0 (/opt/ros/humble/share/python_cmake_module/cmake)
-- Using PYTHON_EXECUTABLE: /usr/bin/python3
-- Using PYTHON_INCLUDE_DIRS: /usr/include/python3.10
-- Using PYTHON_LIBRARIES: /usr/lib/x86_64-linux-gnu/libpython3.10.so
-- Configuring done
-- Generating done
-- Build files have been written to: /home/haejum-park/2026_IFAC/build/f110_msgs
[35m[1mConsolidate compiler generated dependencies of target f110_msgs__rosidl_generator_c[0m
[  0%] Built target f110_msgs__cpp
[  0%] Built target ament_cmake_python_symlink_f110_msgs
[ 12%] Built target f110_msgs__rosidl_generator_c
[35m[1mConsolidate compiler generated dependencies of target f110_msgs__rosidl_typesupport_introspection_cpp[0m
[35m[1mConsolidate compiler generated dependencies of target f110_msgs__rosidl_typesupport_fastrtps_cpp[0m
[35m[1mConsolidate compiler generated dependencies of target f110_msgs__rosidl_typesupport_cpp[0m
[35m[1mConsolidate compiler generated dependencies of target f110_msgs__rosidl_typesupport_c[0m
[35m[1mConsolidate compiler generated dependencies of target f110_msgs__rosidl_typesupport_introspection_c[0m
[35m[1mConsolidate compiler generated dependencies of target f110_msgs__rosidl_typesupport_fastrtps_c[0m
[ 36%] Built target f110_msgs__rosidl_typesupport_c
[ 36%] Built target f110_msgs__rosidl_typesupport_cpp
[ 48%] Built target f110_msgs__rosidl_typesupport_introspection_c
[ 60%] Built target f110_msgs__rosidl_typesupport_fastrtps_cpp
[ 72%] Built target f110_msgs__rosidl_typesupport_fastrtps_c
[ 84%] Built target f110_msgs__rosidl_typesupport_introspection_cpp
[ 84%] Built target f110_msgs
[ 85%] Built target f110_msgs__py
[35m[1mConsolidate compiler generated dependencies of target f110_msgs__rosidl_generator_py[0m
[ 96%] Built target f110_msgs__rosidl_generator_py
[35m[1mConsolidate compiler generated dependencies of target f110_msgs__rosidl_typesupport_fastrtps_c__pyext[0m
[35m[1mConsolidate compiler generated dependencies of target f110_msgs__rosidl_typesupport_c__pyext[0m
[35m[1mConsolidate compiler generated dependencies of target f110_msgs__rosidl_typesupport_introspection_c__pyext[0m
[100%] Built target f110_msgs__rosidl_typesupport_fastrtps_c__pyext
[100%] Built target f110_msgs__rosidl_typesupport_introspection_c__pyext
[100%] Built target f110_msgs__rosidl_typesupport_c__pyext
running egg_info
writing f110_msgs.egg-info/PKG-INFO
writing dependency_links to f110_msgs.egg-info/dependency_links.txt
writing top-level names to f110_msgs.egg-info/top_level.txt
reading manifest file 'f110_msgs.egg-info/SOURCES.txt'
writing manifest file 'f110_msgs.egg-info/SOURCES.txt'
[100%] Built target ament_cmake_python_build_f110_msgs_egg
-- Install configuration: ""
-- Execute custom install script
-- Up-to-date symlink: /home/haejum-park/2026_IFAC/install/f110_msgs/share/ament_index/resource_index/rosidl_interfaces/f110_msgs
-- Up-to-date symlink: /home/haejum-park/2026_IFAC/install/f110_msgs/include/f110_msgs/f110_msgs/msg/car_state.h
-- Up-to-date symlink: /home/haejum-park/2026_IFAC/install/f110_msgs/include/f110_msgs/f110_msgs/msg/car_state_stamped.h
-- Up-to-date symlink: /home/haejum-park/2026_IFAC/install/f110_msgs/include/f110_msgs/f110_msgs/msg/detail/car_state__functions.h
-- Up-to-date symlink: /home/haejum-park/2026_IFAC/install/f110_msgs/include/f110_msgs/f110_msgs/msg/detail/car_state__struct.h
-- Up-to-date symlink: /home/haejum-park/2026_IFAC/install/f110_msgs/include/f110_msgs/f110_msgs/msg/detail/car_state__type_support.h
-- Up-to-date symlink: /home/haejum-park/2026_IFAC/install/f110_msgs/include/f110_msgs/f110_msgs/msg/detail/car_state_stamped__functions.h
-- Up-to-date symlink: /home/haejum-park/2026_IFAC/install/f110_msgs/include/f110_msgs/f110_msgs/msg/detail/car_state_stamped__struct.h
-- Up-to-date symlink: /home/haejum-park/2026_IFAC/install/f110_msgs/include/f110_msgs/f110_msgs/msg/detail/car_state_stamped__type_support.h
-- Up-to-date symlink: /home/haejum-park/2026_IFAC/install/f110_msgs/include/f110_msgs/f110_msgs/msg/detail/gap_data__functions.h
-- Up-to-date symlink: /home/haejum-park/2026_IFAC/install/f110_msgs/include/f110_msgs/f110_msgs/msg/detail/gap_data__struct.h
-- Up-to-date symlink: /home/haejum-park/2026_IFAC/install/f110_msgs/include/f110_msgs/f110_msgs/msg/detail/gap_data__type_support.h
-- Up-to-date symlink: /home/haejum-park/2026_IFAC/install/f110_msgs/include/f110_msgs/f110_msgs/msg/detail/lap_data__functions.h
-- Up-to-date symlink: /home/haejum-park/2026_IFAC/install/f110_msgs/include/f110_msgs/f110_msgs/msg/detail/lap_data__struct.h
-- Up-to-date symlink: /home/haejum-park/2026_IFAC/install/f110_msgs/include/f110_msgs/f110_msgs/msg/detail/lap_data__type_support.h
-- Up-to-date symlink: /home/haejum-park/2026_IFAC/install/f110_msgs/include/f110_msgs/f110_msgs/msg/detail/obstacle__functions.h
-- Up-to-date symlink: /home/haejum-park/2026_IFAC/install/f110_msgs/include/f110_msgs/f110_msgs/msg/detail/obstacle__struct.h
-- Up-to-date symlink: /home/haejum-park/2026_IFAC/install/f110_msgs/include/f110_msgs/f110_msgs/msg/detail/obstacle__type_support.h
-- Up-to-date symlink: /home/haejum-park/2026_IFAC/install/f110_msgs/include/f110_msgs/f110_msgs/msg/detail/obstacle_array__functions.h
-- Up-to-date symlink: /home/haejum-park/2026_IFAC/install/f110_msgs/include/f110_msgs/f110_msgs/msg/detail/obstacle_array__struct.h
-- Up-to-date symlink: /home/haejum-park/2026_IFAC/install/f110_msgs/include/f110_msgs/f110_msgs/msg/detail/obstacle_array__type_support.h
-- Up-to-date symlink: /home/haejum-park/2026_IFAC/install/f110_msgs/include/f110_msgs/f110_msgs/msg/detail/opp_wpnt__functions.h
-- Up-to-date symlink: /home/haejum-park/2026_IFAC/install/f110_msgs/include/f110_msgs/f110_msgs/msg/detail/opp_wpnt__struct.h
-- Up-to-date symlink: /home/haejum-park/2026_IFAC/install/f110_msgs/include/f110_msgs/f110_msgs/msg/detail/opp_wpnt__type_support.h
-- Up-to-date symlink: /home/haejum-park/2026_IFAC/install/f110_msgs/include/f110_msgs/f110_msgs/msg/detail/opponent_trajectories__functions.h
-- Up-to-date symlink: /home/haejum-park/2026_IFAC/install/f110_msgs/include/f110_msgs/f110_msgs/msg/detail/opponent_trajectories__struct.h
-- Up-to-date symlink: /home/haejum-park/2026_IFAC/install/f110_msgs/include/f110_msgs/f110_msgs/msg/detail/opponent_trajectories__type_support.h
-- Up-to-date symlink: /home/haejum-park/2026_IFAC/install/f110_msgs/include/f110_msgs/f110_msgs/msg/detail/opponent_trajectory__functions.h
-- Up-to-date symlink: /home/haejum-park/2026_IFAC/install/f110_msgs/include/f110_msgs/f110_msgs/msg/detail/opponent_trajectory__struct.h
-- Up-to-date symlink: /home/haejum-park/2026_IFAC/install/f110_msgs/include/f110_msgs/f110_msgs/msg/detail/opponent_trajectory__type_support.h
-- Up-to-date symlink: /home/haejum-park/2026_IFAC/install/f110_msgs/include/f110_msgs/f110_msgs/msg/detail/ot_wpnt_array__functions.h
-- Up-to-date symlink: /home/haejum-park/2026_IFAC/install/f110_msgs/include/f110_msgs/f110_msgs/msg/detail/ot_wpnt_array__struct.h
-- Up-to-date symlink: /home/haejum-park/2026_IFAC/install/f110_msgs/include/f110_msgs/f110_msgs/msg/detail/ot_wpnt_array__type_support.h
-- Up-to-date symlink: /home/haejum-park/2026_IFAC/install/f110_msgs/include/f110_msgs/f110_msgs/msg/detail/pid_data__functions.h
-- Up-to-date symlink: /home/haejum-park/2026_IFAC/install/f110_msgs/include/f110_msgs/f110_msgs/msg/detail/pid_data__struct.h
-- Up-to-date symlink: /home/haejum-park/2026_IFAC/install/f110_msgs/include/f110_msgs/f110_msgs/msg/detail/pid_data__type_support.h
-- Up-to-date symlink: /home/haejum-park/2026_IFAC/install/f110_msgs/include/f110_msgs/f110_msgs/msg/detail/proj_opp_point__functions.h
-- Up-to-date symlink: /home/haejum-park/2026_IFAC/install/f110_msgs/include/f110_msgs/f110_msgs/msg/detail/proj_opp_point__struct.h
-- Up-to-date symlink: /home/haejum-park/2026_IFAC/install/f110_msgs/include/f110_msgs/f110_msgs/msg/detail/proj_opp_point__type_support.h
-- Up-to-date symlink: /home/haejum-park/2026_IFAC/install/f110_msgs/include/f110_msgs/f110_msgs/msg/detail/proj_opp_traj__functions.h
-- Up-to-date symlink: /home/haejum-park/2026_IFAC/install/f110_msgs/include/f110_msgs/f110_msgs/msg/detail/proj_opp_traj__struct.h
-- Up-to-date symlink: /home/haejum-park/2026_IFAC/install/f110_msgs/include/f110_msgs/f110_msgs/msg/detail/proj_opp_traj__type_support.h
-- Up-to-date symlink: /home/haejum-park/2026_IFAC/install/f110_msgs/include/f110_msgs/f110_msgs/msg/detail/wpnt__functions.h
-- Up-to-date symlink: /home/haejum-park/2026_IFAC/install/f110_msgs/include/f110_msgs/f110_msgs/msg/detail/wpnt__struct.h
-- Up-to-date symlink: /home/haejum-park/2026_IFAC/install/f110_msgs/include/f110_msgs/f110_msgs/msg/detail/wpnt__type_support.h
-- Up-to-date symlink: /home/haejum-park/2026_IFAC/install/f110_msgs/include/f110_msgs/f110_msgs/msg/detail/wpnt_array__functions.h
-- Up-to-date symlink: /home/haejum-park/2026_IFAC/install/f110_msgs/include/f110_msgs/f110_msgs/msg/detail/wpnt_array__struct.h
-- Up-to-date symlink: /home/haejum-park/2026_IFAC/install/f110_msgs/include/f110_msgs/f110_msgs/msg/detail/wpnt_array__type_support.h
-- Up-to-date symlink: /home/haejum-park/2026_IFAC/install/f110_msgs/include/f110_msgs/f110_msgs/msg/gap_data.h
-- Up-to-date symlink: /home/haejum-park/2026_IFAC/install/f110_msgs/include/f110_msgs/f110_msgs/msg/lap_data.h
-- Up-to-date symlink: /home/haejum-park/2026_IFAC/install/f110_msgs/include/f110_msgs/f110_msgs/msg/obstacle.h
-- Up-to-date symlink: /home/haejum-park/2026_IFAC/install/f110_msgs/include/f110_msgs/f110_msgs/msg/obstacle_array.h
-- Up-to-date symlink: /home/haejum-park/2026_IFAC/install/f110_msgs/include/f110_msgs/f110_msgs/msg/opp_wpnt.h
-- Up-to-date symlink: /home/haejum-park/2026_IFAC/install/f110_msgs/include/f110_msgs/f110_msgs/msg/opponent_trajectories.h
-- Up-to-date symlink: /home/haejum-park/2026_IFAC/install/f110_msgs/include/f110_msgs/f110_msgs/msg/opponent_trajectory.h
-- Up-to-date symlink: /home/haejum-park/2026_IFAC/install/f110_msgs/include/f110_msgs/f110_msgs/msg/ot_wpnt_array.h
-- Up-to-date symlink: /home/haejum-park/2026_IFAC/install/f110_msgs/include/f110_msgs/f110_msgs/msg/pid_data.h
-- Up-to-date symlink: /home/haejum-park/2026_IFAC/install/f110_msgs/include/f110_msgs/f110_msgs/msg/proj_opp_point.h
-- Up-to-date symlink: /home/haejum-park/2026_IFAC/install/f110_msgs/include/f110_msgs/f110_msgs/msg/proj_opp_traj.h
-- Up-to-date symlink: /home/haejum-park/2026_IFAC/install/f110_msgs/include/f110_msgs/f110_msgs/msg/rosidl_generator_c__visibility_control.h
-- Up-to-date symlink: /home/haejum-park/2026_IFAC/install/f110_msgs/include/f110_msgs/f110_msgs/msg/wpnt.h
-- Up-to-date symlink: /home/haejum-park/2026_IFAC/install/f110_msgs/include/f110_msgs/f110_msgs/msg/wpnt_array.h
-- Up-to-date symlink: /home/haejum-park/2026_IFAC/install/f110_msgs/share/f110_msgs/environment/library_path.sh
-- Up-to-date symlink: /home/haejum-park/2026_IFAC/install/f110_msgs/share/f110_msgs/environment/library_path.dsv
-- Up-to-date symlink: /home/haejum-park/2026_IFAC/install/f110_msgs/include/f110_msgs/f110_msgs/msg/detail/car_state__rosidl_typesupport_fastrtps_c.h
-- Up-to-date symlink: /home/haejum-park/2026_IFAC/install/f110_msgs/include/f110_msgs/f110_msgs/msg/detail/car_state_stamped__rosidl_typesupport_fastrtps_c.h
-- Up-to-date symlink: /home/haejum-park/2026_IFAC/install/f110_msgs/include/f110_msgs/f110_msgs/msg/detail/gap_data__rosidl_typesupport_fastrtps_c.h
-- Up-to-date symlink: /home/haejum-park/2026_IFAC/install/f110_msgs/include/f110_msgs/f110_msgs/msg/detail/lap_data__rosidl_typesupport_fastrtps_c.h
-- Up-to-date symlink: /home/haejum-park/2026_IFAC/install/f110_msgs/include/f110_msgs/f110_msgs/msg/detail/obstacle__rosidl_typesupport_fastrtps_c.h
-- Up-to-date symlink: /home/haejum-park/2026_IFAC/install/f110_msgs/include/f110_msgs/f110_msgs/msg/detail/obstacle_array__rosidl_typesupport_fastrtps_c.h
-- Up-to-date symlink: /home/haejum-park/2026_IFAC/install/f110_msgs/include/f110_msgs/f110_msgs/msg/detail/opp_wpnt__rosidl_typesupport_fastrtps_c.h
-- Up-to-date symlink: /home/haejum-park/2026_IFAC/install/f110_msgs/include/f110_msgs/f110_msgs/msg/detail/opponent_trajectories__rosidl_typesupport_fastrtps_c.h
-- Up-to-date symlink: /home/haejum-park/2026_IFAC/install/f110_msgs/include/f110_msgs/f110_msgs/msg/detail/opponent_trajectory__rosidl_typesupport_fastrtps_c.h
-- Up-to-date symlink: /home/haejum-park/2026_IFAC/install/f110_msgs/include/f110_msgs/f110_msgs/msg/detail/ot_wpnt_array__rosidl_typesupport_fastrtps_c.h
-- Up-to-date symlink: /home/haejum-park/2026_IFAC/install/f110_msgs/include/f110_msgs/f110_msgs/msg/detail/pid_data__rosidl_typesupport_fastrtps_c.h
-- Up-to-date symlink: /home/haejum-park/2026_IFAC/install/f110_msgs/include/f110_msgs/f110_msgs/msg/detail/proj_opp_point__rosidl_typesupport_fastrtps_c.h
-- Up-to-date symlink: /home/haejum-park/2026_IFAC/install/f110_msgs/include/f110_msgs/f110_msgs/msg/detail/proj_opp_traj__rosidl_typesupport_fastrtps_c.h
-- Up-to-date symlink: /home/haejum-park/2026_IFAC/install/f110_msgs/include/f110_msgs/f110_msgs/msg/detail/wpnt__rosidl_typesupport_fastrtps_c.h
-- Up-to-date symlink: /home/haejum-park/2026_IFAC/install/f110_msgs/include/f110_msgs/f110_msgs/msg/detail/wpnt_array__rosidl_typesupport_fastrtps_c.h
-- Up-to-date symlink: /home/haejum-park/2026_IFAC/install/f110_msgs/include/f110_msgs/f110_msgs/msg/rosidl_typesupport_fastrtps_c__visibility_control.h
-- Up-to-date symlink: /home/haejum-park/2026_IFAC/install/f110_msgs/include/f110_msgs/f110_msgs/msg/detail/car_state__rosidl_typesupport_introspection_c.h
-- Up-to-date symlink: /home/haejum-park/2026_IFAC/install/f110_msgs/include/f110_msgs/f110_msgs/msg/detail/car_state_stamped__rosidl_typesupport_introspection_c.h
-- Up-to-date symlink: /home/haejum-park/2026_IFAC/install/f110_msgs/include/f110_msgs/f110_msgs/msg/detail/gap_data__rosidl_typesupport_introspection_c.h
-- Up-to-date symlink: /home/haejum-park/2026_IFAC/install/f110_msgs/include/f110_msgs/f110_msgs/msg/detail/lap_data__rosidl_typesupport_introspection_c.h
-- Up-to-date symlink: /home/haejum-park/2026_IFAC/install/f110_msgs/include/f110_msgs/f110_msgs/msg/detail/obstacle__rosidl_typesupport_introspection_c.h
-- Up-to-date symlink: /home/haejum-park/2026_IFAC/install/f110_msgs/include/f110_msgs/f110_msgs/msg/detail/obstacle_array__rosidl_typesupport_introspection_c.h
-- Up-to-date symlink: /home/haejum-park/2026_IFAC/install/f110_msgs/include/f110_msgs/f110_msgs/msg/detail/opp_wpnt__rosidl_typesupport_introspection_c.h
-- Up-to-date symlink: /home/haejum-park/2026_IFAC/install/f110_msgs/include/f110_msgs/f110_msgs/msg/detail/opponent_trajectories__rosidl_typesupport_introspection_c.h
-- Up-to-date symlink: /home/haejum-park/2026_IFAC/install/f110_msgs/include/f110_msgs/f110_msgs/msg/detail/opponent_trajectory__rosidl_typesupport_introspection_c.h
-- Up-to-date symlink: /home/haejum-park/2026_IFAC/install/f110_msgs/include/f110_msgs/f110_msgs/msg/detail/ot_wpnt_array__rosidl_typesupport_introspection_c.h
-- Up-to-date symlink: /home/haejum-park/2026_IFAC/install/f110_msgs/include/f110_msgs/f110_msgs/msg/detail/pid_data__rosidl_typesupport_introspection_c.h
-- Up-to-date symlink: /home/haejum-park/2026_IFAC/install/f110_msgs/include/f110_msgs/f110_msgs/msg/detail/proj_opp_point__rosidl_typesupport_introspection_c.h
-- Up-to-date symlink: /home/haejum-park/2026_IFAC/install/f110_msgs/include/f110_msgs/f110_msgs/msg/detail/proj_opp_traj__rosidl_typesupport_introspection_c.h
-- Up-to-date symlink: /home/haejum-park/2026_IFAC/install/f110_msgs/include/f110_msgs/f110_msgs/msg/detail/wpnt__rosidl_typesupport_introspection_c.h
-- Up-to-date symlink: /home/haejum-park/2026_IFAC/install/f110_msgs/include/f110_msgs/f110_msgs/msg/detail/wpnt_array__rosidl_typesupport_introspection_c.h
-- Up-to-date symlink: /home/haejum-park/2026_IFAC/install/f110_msgs/include/f110_msgs/f110_msgs/msg/rosidl_typesupport_introspection_c__visibility_control.h
-- Up-to-date symlink: /home/haejum-park/2026_IFAC/install/f110_msgs/include/f110_msgs/f110_msgs/msg/car_state.hpp
-- Up-to-date symlink: /home/haejum-park/2026_IFAC/install/f110_msgs/include/f110_msgs/f110_msgs/msg/car_state_stamped.hpp
-- Up-to-date symlink: /home/haejum-park/2026_IFAC/install/f110_msgs/include/f110_msgs/f110_msgs/msg/detail/car_state__builder.hpp
-- Up-to-date symlink: /home/haejum-park/2026_IFAC/install/f110_msgs/include/f110_msgs/f110_msgs/msg/detail/car_state__struct.hpp
-- Up-to-date symlink: /home/haejum-park/2026_IFAC/install/f110_msgs/include/f110_msgs/f110_msgs/msg/detail/car_state__traits.hpp
-- Up-to-date symlink: /home/haejum-park/2026_IFAC/install/f110_msgs/include/f110_msgs/f110_msgs/msg/detail/car_state__type_support.hpp
-- Up-to-date symlink: /home/haejum-park/2026_IFAC/install/f110_msgs/include/f110_msgs/f110_msgs/msg/detail/car_state_stamped__builder.hpp
-- Up-to-date symlink: /home/haejum-park/2026_IFAC/install/f110_msgs/include/f110_msgs/f110_msgs/msg/detail/car_state_stamped__struct.hpp
-- Up-to-date symlink: /home/haejum-park/2026_IFAC/install/f110_msgs/include/f110_msgs/f110_msgs/msg/detail/car_state_stamped__traits.hpp
-- Up-to-date symlink: /home/haejum-park/2026_IFAC/install/f110_msgs/include/f110_msgs/f110_msgs/msg/detail/car_state_stamped__type_support.hpp
-- Up-to-date symlink: /home/haejum-park/2026_IFAC/install/f110_msgs/include/f110_msgs/f110_msgs/msg/detail/gap_data__builder.hpp
-- Up-to-date symlink: /home/haejum-park/2026_IFAC/install/f110_msgs/include/f110_msgs/f110_msgs/msg/detail/gap_data__struct.hpp
-- Up-to-date symlink: /home/haejum-park/2026_IFAC/install/f110_msgs/include/f110_msgs/f110_msgs/msg/detail/gap_data__traits.hpp
-- Up-to-date symlink: /home/haejum-park/2026_IFAC/install/f110_msgs/include/f110_msgs/f110_msgs/msg/detail/gap_data__type_support.hpp
-- Up-to-date symlink: /home/haejum-park/2026_IFAC/install/f110_msgs/include/f110_msgs/f110_msgs/msg/detail/lap_data__builder.hpp
-- Up-to-date symlink: /home/haejum-park/2026_IFAC/install/f110_msgs/include/f110_msgs/f110_msgs/msg/detail/lap_data__struct.hpp
-- Up-to-date symlink: /home/haejum-park/2026_IFAC/install/f110_msgs/include/f110_msgs/f110_msgs/msg/detail/lap_data__traits.hpp
-- Up-to-date symlink: /home/haejum-park/2026_IFAC/install/f110_msgs/include/f110_msgs/f110_msgs/msg/detail/lap_data__type_support.hpp
-- Up-to-date symlink: /home/haejum-park/2026_IFAC/install/f110_msgs/include/f110_msgs/f110_msgs/msg/detail/obstacle__builder.hpp
-- Up-to-date symlink: /home/haejum-park/2026_IFAC/install/f110_msgs/include/f110_msgs/f110_msgs/msg/detail/obstacle__struct.hpp
-- Up-to-date symlink: /home/haejum-park/2026_IFAC/install/f110_msgs/include/f110_msgs/f110_msgs/msg/detail/obstacle__traits.hpp
-- Up-to-date symlink: /home/haejum-park/2026_IFAC/install/f110_msgs/include/f110_msgs/f110_msgs/msg/detail/obstacle__type_support.hpp
-- Up-to-date symlink: /home/haejum-park/2026_IFAC/install/f110_msgs/include/f110_msgs/f110_msgs/msg/detail/obstacle_array__builder.hpp
-- Up-to-date symlink: /home/haejum-park/2026_IFAC/install/f110_msgs/include/f110_msgs/f110_msgs/msg/detail/obstacle_array__struct.hpp
-- Up-to-date symlink: /home/haejum-park/2026_IFAC/install/f110_msgs/include/f110_msgs/f110_msgs/msg/detail/obstacle_array__traits.hpp
-- Up-to-date symlink: /home/haejum-park/2026_IFAC/install/f110_msgs/include/f110_msgs/f110_msgs/msg/detail/obstacle_array__type_support.hpp
-- Up-to-date symlink: /home/haejum-park/2026_IFAC/install/f110_msgs/include/f110_msgs/f110_msgs/msg/detail/opp_wpnt__builder.hpp
-- Up-to-date symlink: /home/haejum-park/2026_IFAC/install/f110_msgs/include/f110_msgs/f110_msgs/msg/detail/opp_wpnt__struct.hpp
-- Up-to-date symlink: /home/haejum-park/2026_IFAC/install/f110_msgs/include/f110_msgs/f110_msgs/msg/detail/opp_wpnt__traits.hpp
-- Up-to-date symlink: /home/haejum-park/2026_IFAC/install/f110_msgs/include/f110_msgs/f110_msgs/msg/detail/opp_wpnt__type_support.hpp
-- Up-to-date symlink: /home/haejum-park/2026_IFAC/install/f110_msgs/include/f110_msgs/f110_msgs/msg/detail/opponent_trajectories__builder.hpp
-- Up-to-date symlink: /home/haejum-park/2026_IFAC/install/f110_msgs/include/f110_msgs/f110_msgs/msg/detail/opponent_trajectories__struct.hpp
-- Up-to-date symlink: /home/haejum-park/2026_IFAC/install/f110_msgs/include/f110_msgs/f110_msgs/msg/detail/opponent_trajectories__traits.hpp
-- Up-to-date symlink: /home/haejum-park/2026_IFAC/install/f110_msgs/include/f110_msgs/f110_msgs/msg/detail/opponent_trajectories__type_support.hpp
-- Up-to-date symlink: /home/haejum-park/2026_IFAC/install/f110_msgs/include/f110_msgs/f110_msgs/msg/detail/opponent_trajectory__builder.hpp
-- Up-to-date symlink: /home/haejum-park/2026_IFAC/install/f110_msgs/include/f110_msgs/f110_msgs/msg/detail/opponent_trajectory__struct.hpp
-- Up-to-date symlink: /home/haejum-park/2026_IFAC/install/f110_msgs/include/f110_msgs/f110_msgs/msg/detail/opponent_trajectory__traits.hpp
-- Up-to-date symlink: /home/haejum-park/2026_IFAC/install/f110_msgs/include/f110_msgs/f110_msgs/msg/detail/opponent_trajectory__type_support.hpp
-- Up-to-date symlink: /home/haejum-park/2026_IFAC/install/f110_msgs/include/f110_msgs/f110_msgs/msg/detail/ot_wpnt_array__builder.hpp
-- Up-to-date symlink: /home/haejum-park/2026_IFAC/install/f110_msgs/include/f110_msgs/f110_msgs/msg/detail/ot_wpnt_array__struct.hpp
-- Up-to-date symlink: /home/haejum-park/2026_IFAC/install/f110_msgs/include/f110_msgs/f110_msgs/msg/detail/ot_wpnt_array__traits.hpp
-- Up-to-date symlink: /home/haejum-park/2026_IFAC/install/f110_msgs/include/f110_msgs/f110_msgs/msg/detail/ot_wpnt_array__type_support.hpp
-- Up-to-date symlink: /home/haejum-park/2026_IFAC/install/f110_msgs/include/f110_msgs/f110_msgs/msg/detail/pid_data__builder.hpp
-- Up-to-date symlink: /home/haejum-park/2026_IFAC/install/f110_msgs/include/f110_msgs/f110_msgs/msg/detail/pid_data__struct.hpp
-- Up-to-date symlink: /home/haejum-park/2026_IFAC/install/f110_msgs/include/f110_msgs/f110_msgs/msg/detail/pid_data__traits.hpp
-- Up-to-date symlink: /home/haejum-park/2026_IFAC/install/f110_msgs/include/f110_msgs/f110_msgs/msg/detail/pid_data__type_support.hpp
-- Up-to-date symlink: /home/haejum-park/2026_IFAC/install/f110_msgs/include/f110_msgs/f110_msgs/msg/detail/proj_opp_point__builder.hpp
-- Up-to-date symlink: /home/haejum-park/2026_IFAC/install/f110_msgs/include/f110_msgs/f110_msgs/msg/detail/proj_opp_point__struct.hpp
-- Up-to-date symlink: /home/haejum-park/2026_IFAC/install/f110_msgs/include/f110_msgs/f110_msgs/msg/detail/proj_opp_point__traits.hpp
-- Up-to-date symlink: /home/haejum-park/2026_IFAC/install/f110_msgs/include/f110_msgs/f110_msgs/msg/detail/proj_opp_point__type_support.hpp
-- Up-to-date symlink: /home/haejum-park/2026_IFAC/install/f110_msgs/include/f110_msgs/f110_msgs/msg/detail/proj_opp_traj__builder.hpp
-- Up-to-date symlink: /home/haejum-park/2026_IFAC/install/f110_msgs/include/f110_msgs/f110_msgs/msg/detail/proj_opp_traj__struct.hpp
-- Up-to-date symlink: /home/haejum-park/2026_IFAC/install/f110_msgs/include/f110_msgs/f110_msgs/msg/detail/proj_opp_traj__traits.hpp
-- Up-to-date symlink: /home/haejum-park/2026_IFAC/install/f110_msgs/include/f110_msgs/f110_msgs/msg/detail/proj_opp_traj__type_support.hpp
-- Up-to-date symlink: /home/haejum-park/2026_IFAC/install/f110_msgs/include/f110_msgs/f110_msgs/msg/detail/wpnt__builder.hpp
-- Up-to-date symlink: /home/haejum-park/2026_IFAC/install/f110_msgs/include/f110_msgs/f110_msgs/msg/detail/wpnt__struct.hpp
-- Up-to-date symlink: /home/haejum-park/2026_IFAC/install/f110_msgs/include/f110_msgs/f110_msgs/msg/detail/wpnt__traits.hpp
-- Up-to-date symlink: /home/haejum-park/2026_IFAC/install/f110_msgs/include/f110_msgs/f110_msgs/msg/detail/wpnt__type_support.hpp
-- Up-to-date symlink: /home/haejum-park/2026_IFAC/install/f110_msgs/include/f110_msgs/f110_msgs/msg/detail/wpnt_array__builder.hpp
-- Up-to-date symlink: /home/haejum-park/2026_IFAC/install/f110_msgs/include/f110_msgs/f110_msgs/msg/detail/wpnt_array__struct.hpp
-- Up-to-date symlink: /home/haejum-park/2026_IFAC/install/f110_msgs/include/f110_msgs/f110_msgs/msg/detail/wpnt_array__traits.hpp
-- Up-to-date symlink: /home/haejum-park/2026_IFAC/install/f110_msgs/include/f110_msgs/f110_msgs/msg/detail/wpnt_array__type_support.hpp
-- Up-to-date symlink: /home/haejum-park/2026_IFAC/install/f110_msgs/include/f110_msgs/f110_msgs/msg/gap_data.hpp
-- Up-to-date symlink: /home/haejum-park/2026_IFAC/install/f110_msgs/include/f110_msgs/f110_msgs/msg/lap_data.hpp
-- Up-to-date symlink: /home/haejum-park/2026_IFAC/install/f110_msgs/include/f110_msgs/f110_msgs/msg/obstacle.hpp
-- Up-to-date symlink: /home/haejum-park/2026_IFAC/install/f110_msgs/include/f110_msgs/f110_msgs/msg/obstacle_array.hpp
-- Up-to-date symlink: /home/haejum-park/2026_IFAC/install/f110_msgs/include/f110_msgs/f110_msgs/msg/opp_wpnt.hpp
-- Up-to-date symlink: /home/haejum-park/2026_IFAC/install/f110_msgs/include/f110_msgs/f110_msgs/msg/opponent_trajectories.hpp
-- Up-to-date symlink: /home/haejum-park/2026_IFAC/install/f110_msgs/include/f110_msgs/f110_msgs/msg/opponent_trajectory.hpp
-- Up-to-date symlink: /home/haejum-park/2026_IFAC/install/f110_msgs/include/f110_msgs/f110_msgs/msg/ot_wpnt_array.hpp
-- Up-to-date symlink: /home/haejum-park/2026_IFAC/install/f110_msgs/include/f110_msgs/f110_msgs/msg/pid_data.hpp
-- Up-to-date symlink: /home/haejum-park/2026_IFAC/install/f110_msgs/include/f110_msgs/f110_msgs/msg/proj_opp_point.hpp
-- Up-to-date symlink: /home/haejum-park/2026_IFAC/install/f110_msgs/include/f110_msgs/f110_msgs/msg/proj_opp_traj.hpp
-- Up-to-date symlink: /home/haejum-park/2026_IFAC/install/f110_msgs/include/f110_msgs/f110_msgs/msg/rosidl_generator_cpp__visibility_control.hpp
-- Up-to-date symlink: /home/haejum-park/2026_IFAC/install/f110_msgs/include/f110_msgs/f110_msgs/msg/wpnt.hpp
-- Up-to-date symlink: /home/haejum-park/2026_IFAC/install/f110_msgs/include/f110_msgs/f110_msgs/msg/wpnt_array.hpp
-- Up-to-date symlink: /home/haejum-park/2026_IFAC/install/f110_msgs/include/f110_msgs/f110_msgs/msg/detail/car_state__rosidl_typesupport_fastrtps_cpp.hpp
-- Up-to-date symlink: /home/haejum-park/2026_IFAC/install/f110_msgs/include/f110_msgs/f110_msgs/msg/detail/car_state_stamped__rosidl_typesupport_fastrtps_cpp.hpp
-- Up-to-date symlink: /home/haejum-park/2026_IFAC/install/f110_msgs/include/f110_msgs/f110_msgs/msg/detail/gap_data__rosidl_typesupport_fastrtps_cpp.hpp
-- Up-to-date symlink: /home/haejum-park/2026_IFAC/install/f110_msgs/include/f110_msgs/f110_msgs/msg/detail/lap_data__rosidl_typesupport_fastrtps_cpp.hpp
-- Up-to-date symlink: /home/haejum-park/2026_IFAC/install/f110_msgs/include/f110_msgs/f110_msgs/msg/detail/obstacle__rosidl_typesupport_fastrtps_cpp.hpp
-- Up-to-date symlink: /home/haejum-park/2026_IFAC/install/f110_msgs/include/f110_msgs/f110_msgs/msg/detail/obstacle_array__rosidl_typesupport_fastrtps_cpp.hpp
-- Up-to-date symlink: /home/haejum-park/2026_IFAC/install/f110_msgs/include/f110_msgs/f110_msgs/msg/detail/opp_wpnt__rosidl_typesupport_fastrtps_cpp.hpp
-- Up-to-date symlink: /home/haejum-park/2026_IFAC/install/f110_msgs/include/f110_msgs/f110_msgs/msg/detail/opponent_trajectories__rosidl_typesupport_fastrtps_cpp.hpp
-- Up-to-date symlink: /home/haejum-park/2026_IFAC/install/f110_msgs/include/f110_msgs/f110_msgs/msg/detail/opponent_trajectory__rosidl_typesupport_fastrtps_cpp.hpp
-- Up-to-date symlink: /home/haejum-park/2026_IFAC/install/f110_msgs/include/f110_msgs/f110_msgs/msg/detail/ot_wpnt_array__rosidl_typesupport_fastrtps_cpp.hpp
-- Up-to-date symlink: /home/haejum-park/2026_IFAC/install/f110_msgs/include/f110_msgs/f110_msgs/msg/detail/pid_data__rosidl_typesupport_fastrtps_cpp.hpp
-- Up-to-date symlink: /home/haejum-park/2026_IFAC/install/f110_msgs/include/f110_msgs/f110_msgs/msg/detail/proj_opp_point__rosidl_typesupport_fastrtps_cpp.hpp
-- Up-to-date symlink: /home/haejum-park/2026_IFAC/install/f110_msgs/include/f110_msgs/f110_msgs/msg/detail/proj_opp_traj__rosidl_typesupport_fastrtps_cpp.hpp
-- Up-to-date symlink: /home/haejum-park/2026_IFAC/install/f110_msgs/include/f110_msgs/f110_msgs/msg/detail/wpnt__rosidl_typesupport_fastrtps_cpp.hpp
-- Up-to-date symlink: /home/haejum-park/2026_IFAC/install/f110_msgs/include/f110_msgs/f110_msgs/msg/detail/wpnt_array__rosidl_typesupport_fastrtps_cpp.hpp
-- Up-to-date symlink: /home/haejum-park/2026_IFAC/install/f110_msgs/include/f110_msgs/f110_msgs/msg/rosidl_typesupport_fastrtps_cpp__visibility_control.h
-- Up-to-date symlink: /home/haejum-park/2026_IFAC/install/f110_msgs/include/f110_msgs/f110_msgs/msg/detail/car_state__rosidl_typesupport_introspection_cpp.hpp
-- Up-to-date symlink: /home/haejum-park/2026_IFAC/install/f110_msgs/include/f110_msgs/f110_msgs/msg/detail/car_state_stamped__rosidl_typesupport_introspection_cpp.hpp
-- Up-to-date symlink: /home/haejum-park/2026_IFAC/install/f110_msgs/include/f110_msgs/f110_msgs/msg/detail/gap_data__rosidl_typesupport_introspection_cpp.hpp
-- Up-to-date symlink: /home/haejum-park/2026_IFAC/install/f110_msgs/include/f110_msgs/f110_msgs/msg/detail/lap_data__rosidl_typesupport_introspection_cpp.hpp
-- Up-to-date symlink: /home/haejum-park/2026_IFAC/install/f110_msgs/include/f110_msgs/f110_msgs/msg/detail/obstacle__rosidl_typesupport_introspection_cpp.hpp
-- Up-to-date symlink: /home/haejum-park/2026_IFAC/install/f110_msgs/include/f110_msgs/f110_msgs/msg/detail/obstacle_array__rosidl_typesupport_introspection_cpp.hpp
-- Up-to-date symlink: /home/haejum-park/2026_IFAC/install/f110_msgs/include/f110_msgs/f110_msgs/msg/detail/opp_wpnt__rosidl_typesupport_introspection_cpp.hpp
-- Up-to-date symlink: /home/haejum-park/2026_IFAC/install/f110_msgs/include/f110_msgs/f110_msgs/msg/detail/opponent_trajectories__rosidl_typesupport_introspection_cpp.hpp
-- Up-to-date symlink: /home/haejum-park/2026_IFAC/install/f110_msgs/include/f110_msgs/f110_msgs/msg/detail/opponent_trajectory__rosidl_typesupport_introspection_cpp.hpp
-- Up-to-date symlink: /home/haejum-park/2026_IFAC/install/f110_msgs/include/f110_msgs/f110_msgs/msg/detail/ot_wpnt_array__rosidl_typesupport_introspection_cpp.hpp
-- Up-to-date symlink: /home/haejum-park/2026_IFAC/install/f110_msgs/include/f110_msgs/f110_msgs/msg/detail/pid_data__rosidl_typesupport_introspection_cpp.hpp
-- Up-to-date symlink: /home/haejum-park/2026_IFAC/install/f110_msgs/include/f110_msgs/f110_msgs/msg/detail/proj_opp_point__rosidl_typesupport_introspection_cpp.hpp
-- Up-to-date symlink: /home/haejum-park/2026_IFAC/install/f110_msgs/include/f110_msgs/f110_msgs/msg/detail/proj_opp_traj__rosidl_typesupport_introspection_cpp.hpp
-- Up-to-date symlink: /home/haejum-park/2026_IFAC/install/f110_msgs/include/f110_msgs/f110_msgs/msg/detail/wpnt__rosidl_typesupport_introspection_cpp.hpp
-- Up-to-date symlink: /home/haejum-park/2026_IFAC/install/f110_msgs/include/f110_msgs/f110_msgs/msg/detail/wpnt_array__rosidl_typesupport_introspection_cpp.hpp
-- Up-to-date symlink: /home/haejum-park/2026_IFAC/install/f110_msgs/share/f110_msgs/environment/pythonpath.sh
-- Up-to-date symlink: /home/haejum-park/2026_IFAC/install/f110_msgs/share/f110_msgs/environment/pythonpath.dsv
-- Up-to-date symlink: /home/haejum-park/2026_IFAC/install/f110_msgs/local/lib/python3.10/dist-packages/f110_msgs-0.0.1-py3.10.egg-info/PKG-INFO
-- Up-to-date symlink: /home/haejum-park/2026_IFAC/install/f110_msgs/local/lib/python3.10/dist-packages/f110_msgs-0.0.1-py3.10.egg-info/SOURCES.txt
-- Up-to-date symlink: /home/haejum-park/2026_IFAC/install/f110_msgs/local/lib/python3.10/dist-packages/f110_msgs-0.0.1-py3.10.egg-info/dependency_links.txt
-- Up-to-date symlink: /home/haejum-park/2026_IFAC/install/f110_msgs/local/lib/python3.10/dist-packages/f110_msgs-0.0.1-py3.10.egg-info/top_level.txt
-- Up-to-date symlink: /home/haejum-park/2026_IFAC/install/f110_msgs/local/lib/python3.10/dist-packages/f110_msgs/__init__.py
-- Up-to-date symlink: /home/haejum-park/2026_IFAC/install/f110_msgs/local/lib/python3.10/dist-packages/f110_msgs/_f110_msgs_s.ep.rosidl_typesupport_c.c
-- Up-to-date symlink: /home/haejum-park/2026_IFAC/install/f110_msgs/local/lib/python3.10/dist-packages/f110_msgs/_f110_msgs_s.ep.rosidl_typesupport_fastrtps_c.c
-- Up-to-date symlink: /home/haejum-park/2026_IFAC/install/f110_msgs/local/lib/python3.10/dist-packages/f110_msgs/_f110_msgs_s.ep.rosidl_typesupport_introspection_c.c
-- Up-to-date symlink: /home/haejum-park/2026_IFAC/install/f110_msgs/local/lib/python3.10/dist-packages/f110_msgs/f110_msgs_s__rosidl_typesupport_c.cpython-310-x86_64-linux-gnu.so
-- Up-to-date symlink: /home/haejum-park/2026_IFAC/install/f110_msgs/local/lib/python3.10/dist-packages/f110_msgs/f110_msgs_s__rosidl_typesupport_fastrtps_c.cpython-310-x86_64-linux-gnu.so
-- Up-to-date symlink: /home/haejum-park/2026_IFAC/install/f110_msgs/local/lib/python3.10/dist-packages/f110_msgs/f110_msgs_s__rosidl_typesupport_introspection_c.cpython-310-x86_64-linux-gnu.so
-- Up-to-date symlink: /home/haejum-park/2026_IFAC/install/f110_msgs/local/lib/python3.10/dist-packages/f110_msgs/libf110_msgs__rosidl_generator_py.so
-- Up-to-date symlink: /home/haejum-park/2026_IFAC/install/f110_msgs/local/lib/python3.10/dist-packages/f110_msgs/msg/__init__.py
-- Up-to-date symlink: /home/haejum-park/2026_IFAC/install/f110_msgs/local/lib/python3.10/dist-packages/f110_msgs/msg/_car_state.py
-- Up-to-date symlink: /home/haejum-park/2026_IFAC/install/f110_msgs/local/lib/python3.10/dist-packages/f110_msgs/msg/_car_state_s.c
-- Up-to-date symlink: /home/haejum-park/2026_IFAC/install/f110_msgs/local/lib/python3.10/dist-packages/f110_msgs/msg/_car_state_stamped.py
-- Up-to-date symlink: /home/haejum-park/2026_IFAC/install/f110_msgs/local/lib/python3.10/dist-packages/f110_msgs/msg/_car_state_stamped_s.c
-- Up-to-date symlink: /home/haejum-park/2026_IFAC/install/f110_msgs/local/lib/python3.10/dist-packages/f110_msgs/msg/_gap_data.py
-- Up-to-date symlink: /home/haejum-park/2026_IFAC/install/f110_msgs/local/lib/python3.10/dist-packages/f110_msgs/msg/_gap_data_s.c
-- Up-to-date symlink: /home/haejum-park/2026_IFAC/install/f110_msgs/local/lib/python3.10/dist-packages/f110_msgs/msg/_lap_data.py
-- Up-to-date symlink: /home/haejum-park/2026_IFAC/install/f110_msgs/local/lib/python3.10/dist-packages/f110_msgs/msg/_lap_data_s.c
-- Up-to-date symlink: /home/haejum-park/2026_IFAC/install/f110_msgs/local/lib/python3.10/dist-packages/f110_msgs/msg/_obstacle.py
-- Up-to-date symlink: /home/haejum-park/2026_IFAC/install/f110_msgs/local/lib/python3.10/dist-packages/f110_msgs/msg/_obstacle_array.py
-- Up-to-date symlink: /home/haejum-park/2026_IFAC/install/f110_msgs/local/lib/python3.10/dist-packages/f110_msgs/msg/_obstacle_array_s.c
-- Up-to-date symlink: /home/haejum-park/2026_IFAC/install/f110_msgs/local/lib/python3.10/dist-packages/f110_msgs/msg/_obstacle_s.c
-- Up-to-date symlink: /home/haejum-park/2026_IFAC/install/f110_msgs/local/lib/python3.10/dist-packages/f110_msgs/msg/_opp_wpnt.py
-- Up-to-date symlink: /home/haejum-park/2026_IFAC/install/f110_msgs/local/lib/python3.10/dist-packages/f110_msgs/msg/_opp_wpnt_s.c
-- Up-to-date symlink: /home/haejum-park/2026_IFAC/install/f110_msgs/local/lib/python3.10/dist-packages/f110_msgs/msg/_opponent_trajectories.py
-- Up-to-date symlink: /home/haejum-park/2026_IFAC/install/f110_msgs/local/lib/python3.10/dist-packages/f110_msgs/msg/_opponent_trajectories_s.c
-- Up-to-date symlink: /home/haejum-park/2026_IFAC/install/f110_msgs/local/lib/python3.10/dist-packages/f110_msgs/msg/_opponent_trajectory.py
-- Up-to-date symlink: /home/haejum-park/2026_IFAC/install/f110_msgs/local/lib/python3.10/dist-packages/f110_msgs/msg/_opponent_trajectory_s.c
-- Up-to-date symlink: /home/haejum-park/2026_IFAC/install/f110_msgs/local/lib/python3.10/dist-packages/f110_msgs/msg/_ot_wpnt_array.py
-- Up-to-date symlink: /home/haejum-park/2026_IFAC/install/f110_msgs/local/lib/python3.10/dist-packages/f110_msgs/msg/_ot_wpnt_array_s.c
-- Up-to-date symlink: /home/haejum-park/2026_IFAC/install/f110_msgs/local/lib/python3.10/dist-packages/f110_msgs/msg/_pid_data.py
-- Up-to-date symlink: /home/haejum-park/2026_IFAC/install/f110_msgs/local/lib/python3.10/dist-packages/f110_msgs/msg/_pid_data_s.c
-- Up-to-date symlink: /home/haejum-park/2026_IFAC/install/f110_msgs/local/lib/python3.10/dist-packages/f110_msgs/msg/_proj_opp_point.py
-- Up-to-date symlink: /home/haejum-park/2026_IFAC/install/f110_msgs/local/lib/python3.10/dist-packages/f110_msgs/msg/_proj_opp_point_s.c
-- Up-to-date symlink: /home/haejum-park/2026_IFAC/install/f110_msgs/local/lib/python3.10/dist-packages/f110_msgs/msg/_proj_opp_traj.py
-- Up-to-date symlink: /home/haejum-park/2026_IFAC/install/f110_msgs/local/lib/python3.10/dist-packages/f110_msgs/msg/_proj_opp_traj_s.c
-- Up-to-date symlink: /home/haejum-park/2026_IFAC/install/f110_msgs/local/lib/python3.10/dist-packages/f110_msgs/msg/_wpnt.py
-- Up-to-date symlink: /home/haejum-park/2026_IFAC/install/f110_msgs/local/lib/python3.10/dist-packages/f110_msgs/msg/_wpnt_array.py
-- Up-to-date symlink: /home/haejum-park/2026_IFAC/install/f110_msgs/local/lib/python3.10/dist-packages/f110_msgs/msg/_wpnt_array_s.c
-- Up-to-date symlink: /home/haejum-park/2026_IFAC/install/f110_msgs/local/lib/python3.10/dist-packages/f110_msgs/msg/_wpnt_s.c
-- Up-to-date symlink: /home/haejum-park/2026_IFAC/install/f110_msgs/local/lib/python3.10/dist-packages/f110_msgs/f110_msgs_s__rosidl_typesupport_fastrtps_c.cpython-310-x86_64-linux-gnu.so
-- Up-to-date symlink: /home/haejum-park/2026_IFAC/install/f110_msgs/local/lib/python3.10/dist-packages/f110_msgs/f110_msgs_s__rosidl_typesupport_introspection_c.cpython-310-x86_64-linux-gnu.so
-- Up-to-date symlink: /home/haejum-park/2026_IFAC/install/f110_msgs/local/lib/python3.10/dist-packages/f110_msgs/f110_msgs_s__rosidl_typesupport_c.cpython-310-x86_64-linux-gnu.so
-- Up-to-date symlink: /home/haejum-park/2026_IFAC/install/f110_msgs/share/f110_msgs/msg/CarState.idl
-- Up-to-date symlink: /home/haejum-park/2026_IFAC/install/f110_msgs/share/f110_msgs/msg/CarStateStamped.idl
-- Up-to-date symlink: /home/haejum-park/2026_IFAC/install/f110_msgs/share/f110_msgs/msg/GapData.idl
-- Up-to-date symlink: /home/haejum-park/2026_IFAC/install/f110_msgs/share/f110_msgs/msg/LapData.idl
-- Up-to-date symlink: /home/haejum-park/2026_IFAC/install/f110_msgs/share/f110_msgs/msg/Obstacle.idl
-- Up-to-date symlink: /home/haejum-park/2026_IFAC/install/f110_msgs/share/f110_msgs/msg/ObstacleArray.idl
-- Up-to-date symlink: /home/haejum-park/2026_IFAC/install/f110_msgs/share/f110_msgs/msg/OTWpntArray.idl
-- Up-to-date symlink: /home/haejum-park/2026_IFAC/install/f110_msgs/share/f110_msgs/msg/OpponentTrajectory.idl
-- Up-to-date symlink: /home/haejum-park/2026_IFAC/install/f110_msgs/share/f110_msgs/msg/OpponentTrajectories.idl
-- Up-to-date symlink: /home/haejum-park/2026_IFAC/install/f110_msgs/share/f110_msgs/msg/OppWpnt.idl
-- Up-to-date symlink: /home/haejum-park/2026_IFAC/install/f110_msgs/share/f110_msgs/msg/PidData.idl
-- Up-to-date symlink: /home/haejum-park/2026_IFAC/install/f110_msgs/share/f110_msgs/msg/ProjOppPoint.idl
-- Up-to-date symlink: /home/haejum-park/2026_IFAC/install/f110_msgs/share/f110_msgs/msg/ProjOppTraj.idl
-- Up-to-date symlink: /home/haejum-park/2026_IFAC/install/f110_msgs/share/f110_msgs/msg/Wpnt.idl
-- Up-to-date symlink: /home/haejum-park/2026_IFAC/install/f110_msgs/share/f110_msgs/msg/WpntArray.idl
-- Up-to-date symlink: /home/haejum-park/2026_IFAC/install/f110_msgs/share/f110_msgs/msg/CarState.msg
-- Up-to-date symlink: /home/haejum-park/2026_IFAC/install/f110_msgs/share/f110_msgs/msg/CarStateStamped.msg
-- Up-to-date symlink: /home/haejum-park/2026_IFAC/install/f110_msgs/share/f110_msgs/msg/GapData.msg
-- Up-to-date symlink: /home/haejum-park/2026_IFAC/install/f110_msgs/share/f110_msgs/msg/LapData.msg
-- Up-to-date symlink: /home/haejum-park/2026_IFAC/install/f110_msgs/share/f110_msgs/msg/Obstacle.msg
-- Up-to-date symlink: /home/haejum-park/2026_IFAC/install/f110_msgs/share/f110_msgs/msg/ObstacleArray.msg
-- Up-to-date symlink: /home/haejum-park/2026_IFAC/install/f110_msgs/share/f110_msgs/msg/OTWpntArray.msg
-- Up-to-date symlink: /home/haejum-park/2026_IFAC/install/f110_msgs/share/f110_msgs/msg/OpponentTrajectory.msg
-- Up-to-date symlink: /home/haejum-park/2026_IFAC/install/f110_msgs/share/f110_msgs/msg/OpponentTrajectories.msg
-- Up-to-date symlink: /home/haejum-park/2026_IFAC/install/f110_msgs/share/f110_msgs/msg/OppWpnt.msg
-- Up-to-date symlink: /home/haejum-park/2026_IFAC/install/f110_msgs/share/f110_msgs/msg/PidData.msg
-- Up-to-date symlink: /home/haejum-park/2026_IFAC/install/f110_msgs/share/f110_msgs/msg/ProjOppPoint.msg
-- Up-to-date symlink: /home/haejum-park/2026_IFAC/install/f110_msgs/share/f110_msgs/msg/ProjOppTraj.msg
-- Up-to-date symlink: /home/haejum-park/2026_IFAC/install/f110_msgs/share/f110_msgs/msg/Wpnt.msg
-- Up-to-date symlink: /home/haejum-park/2026_IFAC/install/f110_msgs/share/f110_msgs/msg/WpntArray.msg
-- Up-to-date symlink: /home/haejum-park/2026_IFAC/install/f110_msgs/share/ament_index/resource_index/package_run_dependencies/f110_msgs
-- Up-to-date symlink: /home/haejum-park/2026_IFAC/install/f110_msgs/share/ament_index/resource_index/parent_prefix_path/f110_msgs
-- Up-to-date symlink: /home/haejum-park/2026_IFAC/install/f110_msgs/share/f110_msgs/environment/ament_prefix_path.sh
-- Up-to-date symlink: /home/haejum-park/2026_IFAC/install/f110_msgs/share/f110_msgs/environment/ament_prefix_path.dsv
-- Up-to-date symlink: /home/haejum-park/2026_IFAC/install/f110_msgs/share/f110_msgs/environment/path.sh
-- Up-to-date symlink: /home/haejum-park/2026_IFAC/install/f110_msgs/share/f110_msgs/environment/path.dsv
-- Up-to-date symlink: /home/haejum-park/2026_IFAC/install/f110_msgs/share/f110_msgs/local_setup.bash
-- Up-to-date symlink: /home/haejum-park/2026_IFAC/install/f110_msgs/share/f110_msgs/local_setup.sh
-- Up-to-date symlink: /home/haejum-park/2026_IFAC/install/f110_msgs/share/f110_msgs/local_setup.zsh
-- Up-to-date symlink: /home/haejum-park/2026_IFAC/install/f110_msgs/share/f110_msgs/local_setup.dsv
-- Symlinking: /home/haejum-park/2026_IFAC/install/f110_msgs/share/f110_msgs/package.dsv
-- Up-to-date symlink: /home/haejum-park/2026_IFAC/install/f110_msgs/share/ament_index/resource_index/packages/f110_msgs
-- Up-to-date symlink: /home/haejum-park/2026_IFAC/install/f110_msgs/share/f110_msgs/cmake/rosidl_cmake-extras.cmake
-- Up-to-date symlink: /home/haejum-park/2026_IFAC/install/f110_msgs/share/f110_msgs/cmake/ament_cmake_export_dependencies-extras.cmake
-- Up-to-date symlink: /home/haejum-park/2026_IFAC/install/f110_msgs/share/f110_msgs/cmake/ament_cmake_export_include_directories-extras.cmake
-- Up-to-date symlink: /home/haejum-park/2026_IFAC/install/f110_msgs/share/f110_msgs/cmake/ament_cmake_export_libraries-extras.cmake
-- Up-to-date symlink: /home/haejum-park/2026_IFAC/install/f110_msgs/share/f110_msgs/cmake/ament_cmake_export_targets-extras.cmake
-- Up-to-date symlink: /home/haejum-park/2026_IFAC/install/f110_msgs/share/f110_msgs/cmake/rosidl_cmake_export_typesupport_targets-extras.cmake
-- Up-to-date symlink: /home/haejum-park/2026_IFAC/install/f110_msgs/share/f110_msgs/cmake/rosidl_cmake_export_typesupport_libraries-extras.cmake
-- Up-to-date symlink: /home/haejum-park/2026_IFAC/install/f110_msgs/share/f110_msgs/cmake/f110_msgsConfig.cmake
-- Up-to-date symlink: /home/haejum-park/2026_IFAC/install/f110_msgs/share/f110_msgs/cmake/f110_msgsConfig-version.cmake
-- Up-to-date symlink: /home/haejum-park/2026_IFAC/install/f110_msgs/share/f110_msgs/package.xml
-- Up-to-date: /home/haejum-park/2026_IFAC/install/f110_msgs/lib/libf110_msgs__rosidl_generator_c.so
-- Up-to-date: /home/haejum-park/2026_IFAC/install/f110_msgs/lib/libf110_msgs__rosidl_typesupport_fastrtps_c.so
-- Up-to-date: /home/haejum-park/2026_IFAC/install/f110_msgs/lib/libf110_msgs__rosidl_typesupport_introspection_c.so
-- Up-to-date: /home/haejum-park/2026_IFAC/install/f110_msgs/lib/libf110_msgs__rosidl_typesupport_c.so
-- Up-to-date: /home/haejum-park/2026_IFAC/install/f110_msgs/lib/libf110_msgs__rosidl_typesupport_fastrtps_cpp.so
-- Up-to-date: /home/haejum-park/2026_IFAC/install/f110_msgs/lib/libf110_msgs__rosidl_typesupport_introspection_cpp.so
-- Up-to-date: /home/haejum-park/2026_IFAC/install/f110_msgs/lib/libf110_msgs__rosidl_typesupport_cpp.so
Listing '/home/haejum-park/2026_IFAC/install/f110_msgs/local/lib/python3.10/dist-packages/f110_msgs'...
Compiling '/home/haejum-park/2026_IFAC/install/f110_msgs/local/lib/python3.10/dist-packages/f110_msgs/__init__.py'...
Listing '/home/haejum-park/2026_IFAC/install/f110_msgs/local/lib/python3.10/dist-packages/f110_msgs/msg'...
-- Up-to-date: /home/haejum-park/2026_IFAC/install/f110_msgs/lib/libf110_msgs__rosidl_generator_py.so
-- Up-to-date: /home/haejum-park/2026_IFAC/install/f110_msgs/share/f110_msgs/cmake/export_f110_msgs__rosidl_generator_cExport.cmake
-- Up-to-date: /home/haejum-park/2026_IFAC/install/f110_msgs/share/f110_msgs/cmake/export_f110_msgs__rosidl_generator_cExport-noconfig.cmake
-- Up-to-date: /home/haejum-park/2026_IFAC/install/f110_msgs/share/f110_msgs/cmake/export_f110_msgs__rosidl_typesupport_fastrtps_cExport.cmake
-- Up-to-date: /home/haejum-park/2026_IFAC/install/f110_msgs/share/f110_msgs/cmake/export_f110_msgs__rosidl_typesupport_fastrtps_cExport-noconfig.cmake
-- Up-to-date: /home/haejum-park/2026_IFAC/install/f110_msgs/share/f110_msgs/cmake/f110_msgs__rosidl_typesupport_introspection_cExport.cmake
-- Up-to-date: /home/haejum-park/2026_IFAC/install/f110_msgs/share/f110_msgs/cmake/f110_msgs__rosidl_typesupport_introspection_cExport-noconfig.cmake
-- Up-to-date: /home/haejum-park/2026_IFAC/install/f110_msgs/share/f110_msgs/cmake/f110_msgs__rosidl_typesupport_cExport.cmake
-- Up-to-date: /home/haejum-park/2026_IFAC/install/f110_msgs/share/f110_msgs/cmake/f110_msgs__rosidl_typesupport_cExport-noconfig.cmake
-- Up-to-date: /home/haejum-park/2026_IFAC/install/f110_msgs/share/f110_msgs/cmake/export_f110_msgs__rosidl_generator_cppExport.cmake
-- Up-to-date: /home/haejum-park/2026_IFAC/install/f110_msgs/share/f110_msgs/cmake/export_f110_msgs__rosidl_typesupport_fastrtps_cppExport.cmake
-- Up-to-date: /home/haejum-park/2026_IFAC/install/f110_msgs/share/f110_msgs/cmake/export_f110_msgs__rosidl_typesupport_fastrtps_cppExport-noconfig.cmake
-- Up-to-date: /home/haejum-park/2026_IFAC/install/f110_msgs/share/f110_msgs/cmake/f110_msgs__rosidl_typesupport_introspection_cppExport.cmake
-- Up-to-date: /home/haejum-park/2026_IFAC/install/f110_msgs/share/f110_msgs/cmake/f110_msgs__rosidl_typesupport_introspection_cppExport-noconfig.cmake
-- Up-to-date: /home/haejum-park/2026_IFAC/install/f110_msgs/share/f110_msgs/cmake/f110_msgs__rosidl_typesupport_cppExport.cmake
-- Up-to-date: /home/haejum-park/2026_IFAC/install/f110_msgs/share/f110_msgs/cmake/f110_msgs__rosidl_typesupport_cppExport-noconfig.cmake
-- Up-to-date: /home/haejum-park/2026_IFAC/install/f110_msgs/share/f110_msgs/cmake/export_f110_msgs__rosidl_generator_pyExport.cmake
-- Up-to-date: /home/haejum-park/2026_IFAC/install/f110_msgs/share/f110_msgs/cmake/export_f110_msgs__rosidl_generator_pyExport-noconfig.cmake
