[0.009s] Invoking command in '/home/haejum-park/2026_IFAC/build/particle_filter_cpp': CMAKE_PREFIX_PATH=${CMAKE_PREFIX_PATH}:/home/haejum-park/sim_ws/install/f1tenth_gym_ros:/home/haejum-park/install/launch_testing_examples:/home/haejum-park/install/examples_rclpy_pointcloud_publisher:/home/haejum-park/install/examples_rclpy_minimal_subscriber:/home/haejum-park/install/examples_rclpy_minimal_service:/home/haejum-park/install/examples_rclpy_minimal_publisher:/home/haejum-park/install/examples_rclpy_minimal_client:/home/haejum-park/install/examples_rclpy_minimal_action_server:/home/haejum-park/install/examples_rclpy_minimal_action_client:/home/haejum-park/install/examples_rclpy_guard_conditions:/home/haejum-park/install/examples_rclpy_executors:/opt/ros/humble /usr/bin/cmake --build /home/haejum-park/2026_IFAC/build/particle_filter_cpp -- -j14 -l14
[0.037s] [35m[1mConsolidate compiler generated dependencies of target particle_filter_cpp_lib[0m
[0.050s] [ 60%] Built target particle_filter_cpp_lib
[0.057s] [35m[1mConsolidate compiler generated dependencies of target particle_filter_node[0m
[0.067s] [100%] Built target particle_filter_node
[0.074s] Invoked command in '/home/haejum-park/2026_IFAC/build/particle_filter_cpp' returned '0': CMAKE_PREFIX_PATH=${CMAKE_PREFIX_PATH}:/home/haejum-park/sim_ws/install/f1tenth_gym_ros:/home/haejum-park/install/launch_testing_examples:/home/haejum-park/install/examples_rclpy_pointcloud_publisher:/home/haejum-park/install/examples_rclpy_minimal_subscriber:/home/haejum-park/install/examples_rclpy_minimal_service:/home/haejum-park/install/examples_rclpy_minimal_publisher:/home/haejum-park/install/examples_rclpy_minimal_client:/home/haejum-park/install/examples_rclpy_minimal_action_server:/home/haejum-park/install/examples_rclpy_minimal_action_client:/home/haejum-park/install/examples_rclpy_guard_conditions:/home/haejum-park/install/examples_rclpy_executors:/opt/ros/humble /usr/bin/cmake --build /home/haejum-park/2026_IFAC/build/particle_filter_cpp -- -j14 -l14
[0.078s] Invoking command in '/home/haejum-park/2026_IFAC/build/particle_filter_cpp': CMAKE_PREFIX_PATH=${CMAKE_PREFIX_PATH}:/home/haejum-park/sim_ws/install/f1tenth_gym_ros:/home/haejum-park/install/launch_testing_examples:/home/haejum-park/install/examples_rclpy_pointcloud_publisher:/home/haejum-park/install/examples_rclpy_minimal_subscriber:/home/haejum-park/install/examples_rclpy_minimal_service:/home/haejum-park/install/examples_rclpy_minimal_publisher:/home/haejum-park/install/examples_rclpy_minimal_client:/home/haejum-park/install/examples_rclpy_minimal_action_server:/home/haejum-park/install/examples_rclpy_minimal_action_client:/home/haejum-park/install/examples_rclpy_guard_conditions:/home/haejum-park/install/examples_rclpy_executors:/opt/ros/humble /usr/bin/cmake --install /home/haejum-park/2026_IFAC/build/particle_filter_cpp
[0.081s] -- Install configuration: ""
[0.081s] -- Execute custom install script
[0.082s] -- Up-to-date symlink: /home/haejum-park/2026_IFAC/install/particle_filter_cpp/lib/libparticle_filter_cpp_lib.so
[0.082s] -- Up-to-date symlink: /home/haejum-park/2026_IFAC/install/particle_filter_cpp/lib/particle_filter_cpp/particle_filter_node
[0.082s] -- Up-to-date symlink: /home/haejum-park/2026_IFAC/install/particle_filter_cpp/include//particle_filter_cpp/particle_filter.hpp
[0.082s] -- Up-to-date symlink: /home/haejum-park/2026_IFAC/install/particle_filter_cpp/include//particle_filter_cpp/utils.hpp
[0.082s] -- Up-to-date symlink: /home/haejum-park/2026_IFAC/install/particle_filter_cpp/share/particle_filter_cpp/environment/library_path.sh
[0.082s] -- Up-to-date symlink: /home/haejum-park/2026_IFAC/install/particle_filter_cpp/share/particle_filter_cpp/environment/library_path.dsv
[0.082s] -- Up-to-date symlink: /home/haejum-park/2026_IFAC/install/particle_filter_cpp/share/ament_index/resource_index/package_run_dependencies/particle_filter_cpp
[0.082s] -- Up-to-date symlink: /home/haejum-park/2026_IFAC/install/particle_filter_cpp/share/ament_index/resource_index/parent_prefix_path/particle_filter_cpp
[0.082s] -- Up-to-date symlink: /home/haejum-park/2026_IFAC/install/particle_filter_cpp/share/particle_filter_cpp/environment/ament_prefix_path.sh
[0.082s] -- Up-to-date symlink: /home/haejum-park/2026_IFAC/install/particle_filter_cpp/share/particle_filter_cpp/environment/ament_prefix_path.dsv
[0.082s] -- Up-to-date symlink: /home/haejum-park/2026_IFAC/install/particle_filter_cpp/share/particle_filter_cpp/environment/path.sh
[0.083s] -- Up-to-date symlink: /home/haejum-park/2026_IFAC/install/particle_filter_cpp/share/particle_filter_cpp/environment/path.dsv
[0.083s] -- Up-to-date symlink: /home/haejum-park/2026_IFAC/install/particle_filter_cpp/share/particle_filter_cpp/local_setup.bash
[0.083s] -- Up-to-date symlink: /home/haejum-park/2026_IFAC/install/particle_filter_cpp/share/particle_filter_cpp/local_setup.sh
[0.083s] -- Up-to-date symlink: /home/haejum-park/2026_IFAC/install/particle_filter_cpp/share/particle_filter_cpp/local_setup.zsh
[0.083s] -- Up-to-date symlink: /home/haejum-park/2026_IFAC/install/particle_filter_cpp/share/particle_filter_cpp/local_setup.dsv
[0.083s] -- Symlinking: /home/haejum-park/2026_IFAC/install/particle_filter_cpp/share/particle_filter_cpp/package.dsv
[0.087s] -- Up-to-date symlink: /home/haejum-park/2026_IFAC/install/particle_filter_cpp/share/ament_index/resource_index/packages/particle_filter_cpp
[0.087s] -- Up-to-date symlink: /home/haejum-park/2026_IFAC/install/particle_filter_cpp/share/ament_index/resource_index/rclcpp_components/particle_filter_cpp
[0.087s] -- Up-to-date symlink: /home/haejum-park/2026_IFAC/install/particle_filter_cpp/share/particle_filter_cpp/cmake/ament_cmake_export_dependencies-extras.cmake
[0.087s] -- Up-to-date symlink: /home/haejum-park/2026_IFAC/install/particle_filter_cpp/share/particle_filter_cpp/cmake/ament_cmake_export_include_directories-extras.cmake
[0.087s] -- Up-to-date symlink: /home/haejum-park/2026_IFAC/install/particle_filter_cpp/share/particle_filter_cpp/cmake/ament_cmake_export_libraries-extras.cmake
[0.087s] -- Up-to-date symlink: /home/haejum-park/2026_IFAC/install/particle_filter_cpp/share/particle_filter_cpp/cmake/particle_filter_cppConfig.cmake
[0.087s] -- Up-to-date symlink: /home/haejum-park/2026_IFAC/install/particle_filter_cpp/share/particle_filter_cpp/cmake/particle_filter_cppConfig-version.cmake
[0.087s] -- Up-to-date symlink: /home/haejum-park/2026_IFAC/install/particle_filter_cpp/share/particle_filter_cpp/package.xml
[0.087s] -- Up-to-date: /home/haejum-park/2026_IFAC/install/particle_filter_cpp/share/particle_filter_cpp/launch/
[0.087s] -- Up-to-date: /home/haejum-park/2026_IFAC/install/particle_filter_cpp/share/particle_filter_cpp/launch//mcl_launch.py
[0.087s] -- Up-to-date: /home/haejum-park/2026_IFAC/install/particle_filter_cpp/share/particle_filter_cpp/config/
[0.087s] -- Up-to-date: /home/haejum-park/2026_IFAC/install/particle_filter_cpp/share/particle_filter_cpp/config//mcl_config.yaml
[0.087s] -- Up-to-date: /home/haejum-park/2026_IFAC/install/particle_filter_cpp/share/particle_filter_cpp/maps/
[0.087s] -- Up-to-date: /home/haejum-park/2026_IFAC/install/particle_filter_cpp/share/particle_filter_cpp/maps//map_1753950572.pgm
[0.088s] -- Up-to-date: /home/haejum-park/2026_IFAC/install/particle_filter_cpp/share/particle_filter_cpp/maps//redbull_1.yaml
[0.088s] -- Up-to-date: /home/haejum-park/2026_IFAC/install/particle_filter_cpp/share/particle_filter_cpp/maps//Spielberg_map.yaml
[0.088s] -- Up-to-date: /home/haejum-park/2026_IFAC/install/particle_filter_cpp/share/particle_filter_cpp/maps//fuck_f1.yaml
[0.088s] -- Up-to-date: /home/haejum-park/2026_IFAC/install/particle_filter_cpp/share/particle_filter_cpp/maps//new_map1.png
[0.088s] -- Up-to-date: /home/haejum-park/2026_IFAC/install/particle_filter_cpp/share/particle_filter_cpp/maps//map_1755669035.pgm
[0.088s] -- Up-to-date: /home/haejum-park/2026_IFAC/install/particle_filter_cpp/share/particle_filter_cpp/maps//fuck_jg_1.pgm
[0.088s] -- Up-to-date: /home/haejum-park/2026_IFAC/install/particle_filter_cpp/share/particle_filter_cpp/maps//fuck_f1.pgm
[0.088s] -- Up-to-date: /home/haejum-park/2026_IFAC/install/particle_filter_cpp/share/particle_filter_cpp/maps//fmap.png
[0.088s] -- Up-to-date: /home/haejum-park/2026_IFAC/install/particle_filter_cpp/share/particle_filter_cpp/maps//sibal1.yaml
[0.088s] -- Up-to-date: /home/haejum-park/2026_IFAC/install/particle_filter_cpp/share/particle_filter_cpp/maps//levine.pgm
[0.088s] -- Up-to-date: /home/haejum-park/2026_IFAC/install/particle_filter_cpp/share/particle_filter_cpp/maps//levine.yaml
[0.088s] -- Up-to-date: /home/haejum-park/2026_IFAC/install/particle_filter_cpp/share/particle_filter_cpp/maps//map_1755669035.yaml
[0.088s] -- Up-to-date: /home/haejum-park/2026_IFAC/install/particle_filter_cpp/share/particle_filter_cpp/maps//test_map.pgm
[0.088s] -- Up-to-date: /home/haejum-park/2026_IFAC/install/particle_filter_cpp/share/particle_filter_cpp/maps//oct_25_1.yaml
[0.088s] -- Up-to-date: /home/haejum-park/2026_IFAC/install/particle_filter_cpp/share/particle_filter_cpp/maps//test_map.yaml
[0.088s] -- Up-to-date: /home/haejum-park/2026_IFAC/install/particle_filter_cpp/share/particle_filter_cpp/maps//oct_25_1.pgm
[0.088s] -- Up-to-date: /home/haejum-park/2026_IFAC/install/particle_filter_cpp/share/particle_filter_cpp/maps//slam_map.png
[0.088s] -- Up-to-date: /home/haejum-park/2026_IFAC/install/particle_filter_cpp/share/particle_filter_cpp/maps//redbull_1.png
[0.088s] -- Up-to-date: /home/haejum-park/2026_IFAC/install/particle_filter_cpp/share/particle_filter_cpp/maps//Spielberg_map.png
[0.088s] -- Up-to-date: /home/haejum-park/2026_IFAC/install/particle_filter_cpp/share/particle_filter_cpp/maps//first_map.yaml
[0.088s] -- Up-to-date: /home/haejum-park/2026_IFAC/install/particle_filter_cpp/share/particle_filter_cpp/maps//icra_2_clean.png
[0.088s] -- Up-to-date: /home/haejum-park/2026_IFAC/install/particle_filter_cpp/share/particle_filter_cpp/maps//sibal1.png
[0.088s] -- Up-to-date: /home/haejum-park/2026_IFAC/install/particle_filter_cpp/share/particle_filter_cpp/maps//basement_fixed.png
[0.088s] -- Up-to-date: /home/haejum-park/2026_IFAC/install/particle_filter_cpp/share/particle_filter_cpp/maps//f2map.yaml
[0.088s] -- Up-to-date: /home/haejum-park/2026_IFAC/install/particle_filter_cpp/share/particle_filter_cpp/maps//basement_fixed.map.yaml
[0.088s] -- Up-to-date: /home/haejum-park/2026_IFAC/install/particle_filter_cpp/share/particle_filter_cpp/maps//icra_2_clean.yaml
[0.088s] -- Up-to-date: /home/haejum-park/2026_IFAC/install/particle_filter_cpp/share/particle_filter_cpp/maps//labtest.yaml
[0.088s] -- Up-to-date: /home/haejum-park/2026_IFAC/install/particle_filter_cpp/share/particle_filter_cpp/maps//first_map.pgm
[0.088s] -- Up-to-date: /home/haejum-park/2026_IFAC/install/particle_filter_cpp/share/particle_filter_cpp/maps//map_1753950572.yaml
[0.088s] -- Up-to-date: /home/haejum-park/2026_IFAC/install/particle_filter_cpp/share/particle_filter_cpp/maps//slam_map.yaml
[0.088s] -- Up-to-date: /home/haejum-park/2026_IFAC/install/particle_filter_cpp/share/particle_filter_cpp/maps//f2map.pgm
[0.088s] -- Up-to-date: /home/haejum-park/2026_IFAC/install/particle_filter_cpp/share/particle_filter_cpp/maps//labtest.pgm
[0.088s] -- Up-to-date: /home/haejum-park/2026_IFAC/install/particle_filter_cpp/share/particle_filter_cpp/maps//fuck_jg_1.yaml
[0.088s] -- Up-to-date: /home/haejum-park/2026_IFAC/install/particle_filter_cpp/share/particle_filter_cpp/maps//new_map1.yaml
[0.089s] -- Up-to-date: /home/haejum-park/2026_IFAC/install/particle_filter_cpp/share/particle_filter_cpp/maps//fmap.yaml
[0.089s] -- Up-to-date: /home/haejum-park/2026_IFAC/install/particle_filter_cpp/share/particle_filter_cpp/rviz/
[0.089s] -- Up-to-date: /home/haejum-park/2026_IFAC/install/particle_filter_cpp/share/particle_filter_cpp/rviz//particle_filter.rviz
[0.089s] Invoked command in '/home/haejum-park/2026_IFAC/build/particle_filter_cpp' returned '0': CMAKE_PREFIX_PATH=${CMAKE_PREFIX_PATH}:/home/haejum-park/sim_ws/install/f1tenth_gym_ros:/home/haejum-park/install/launch_testing_examples:/home/haejum-park/install/examples_rclpy_pointcloud_publisher:/home/haejum-park/install/examples_rclpy_minimal_subscriber:/home/haejum-park/install/examples_rclpy_minimal_service:/home/haejum-park/install/examples_rclpy_minimal_publisher:/home/haejum-park/install/examples_rclpy_minimal_client:/home/haejum-park/install/examples_rclpy_minimal_action_server:/home/haejum-park/install/examples_rclpy_minimal_action_client:/home/haejum-park/install/examples_rclpy_guard_conditions:/home/haejum-park/install/examples_rclpy_executors:/opt/ros/humble /usr/bin/cmake --install /home/haejum-park/2026_IFAC/build/particle_filter_cpp
