running develop
running egg_info
creating amcl_localization.egg-info
writing amcl_localization.egg-info/PKG-INFO
writing dependency_links to amcl_localization.egg-info/dependency_links.txt
writing entry points to amcl_localization.egg-info/entry_points.txt
writing requirements to amcl_localization.egg-info/requires.txt
writing top-level names to amcl_localization.egg-info/top_level.txt
writing manifest file 'amcl_localization.egg-info/SOURCES.txt'
package init file 'amcl_localization/__init__.py' not found (or not a regular file)
reading manifest file 'amcl_localization.egg-info/SOURCES.txt'
writing manifest file 'amcl_localization.egg-info/SOURCES.txt'
running build_ext
Creating /home/haejum-park/2026_IFAC/install/amcl_localization/lib/python3.10/site-packages/amcl-localization.egg-link (link to .)

Installed /home/haejum-park/2026_IFAC/build/amcl_localization
running symlink_data
creating /home/haejum-park/2026_IFAC/install/amcl_localization/share/ament_index
creating /home/haejum-park/2026_IFAC/install/amcl_localization/share/ament_index/resource_index
creating /home/haejum-park/2026_IFAC/install/amcl_localization/share/ament_index/resource_index/packages
symbolically linking /home/haejum-park/2026_IFAC/build/amcl_localization/resource/amcl_localization -> /home/haejum-park/2026_IFAC/install/amcl_localization/share/ament_index/resource_index/packages
symbolically linking /home/haejum-park/2026_IFAC/build/amcl_localization/package.xml -> /home/haejum-park/2026_IFAC/install/amcl_localization/share/amcl_localization
creating /home/haejum-park/2026_IFAC/install/amcl_localization/share/amcl_localization/launch
symbolically linking /home/haejum-park/2026_IFAC/build/amcl_localization/launch/localization_launch.py -> /home/haejum-park/2026_IFAC/install/amcl_localization/share/amcl_localization/launch
creating /home/haejum-park/2026_IFAC/install/amcl_localization/share/amcl_localization/config
symbolically linking /home/haejum-park/2026_IFAC/build/amcl_localization/config/amcl.yaml -> /home/haejum-park/2026_IFAC/install/amcl_localization/share/amcl_localization/config
symbolically linking /home/haejum-park/2026_IFAC/build/amcl_localization/config/lifecycle_manager.yaml -> /home/haejum-park/2026_IFAC/install/amcl_localization/share/amcl_localization/config
symbolically linking /home/haejum-park/2026_IFAC/build/amcl_localization/config/map_server.yaml -> /home/haejum-park/2026_IFAC/install/amcl_localization/share/amcl_localization/config
