[0.698s] Invoking command in '/home/haejum-park/2026_IFAC/new_map_con': PYTHONPATH=/home/haejum-park/2026_IFAC/build/new_map_con/prefix_override:/usr/lib/python3/dist-packages/colcon_core/task/python/colcon_distutils_commands:/home/haejum-park/2026_IFAC/install/new_map_con/lib/python3.10/site-packages:${PYTHONPATH} /usr/bin/python3 -W ignore:setup.py install is deprecated -W ignore:easy_install command is deprecated setup.py egg_info --egg-base ../build/new_map_con build --build-base /home/haejum-park/2026_IFAC/build/new_map_con/build install --record /home/haejum-park/2026_IFAC/build/new_map_con/install.log --single-version-externally-managed install_data
[0.819s] running egg_info
[0.822s] writing ../build/new_map_con/new_map_con.egg-info/PKG-INFO
[0.827s] writing dependency_links to ../build/new_map_con/new_map_con.egg-info/dependency_links.txt
[0.827s] writing entry points to ../build/new_map_con/new_map_con.egg-info/entry_points.txt
[0.827s] writing requirements to ../build/new_map_con/new_map_con.egg-info/requires.txt
[0.827s] writing top-level names to ../build/new_map_con/new_map_con.egg-info/top_level.txt
[0.827s] reading manifest file '../build/new_map_con/new_map_con.egg-info/SOURCES.txt'
[0.827s] writing manifest file '../build/new_map_con/new_map_con.egg-info/SOURCES.txt'
[0.827s] running build
[0.827s] running build_py
[0.827s] running install
[0.827s] running install_lib
[0.827s] running install_data
[0.827s] running install_egg_info
[0.828s] removing '/home/haejum-park/2026_IFAC/install/new_map_con/lib/python3.10/site-packages/new_map_con-0.0.0-py3.10.egg-info' (and everything under it)
[0.828s] Copying ../build/new_map_con/new_map_con.egg-info to /home/haejum-park/2026_IFAC/install/new_map_con/lib/python3.10/site-packages/new_map_con-0.0.0-py3.10.egg-info
[0.828s] running install_scripts
[0.836s] Installing MAP script to /home/haejum-park/2026_IFAC/install/new_map_con/lib/new_map_con
[0.836s] writing list of installed files to '/home/haejum-park/2026_IFAC/build/new_map_con/install.log'
[0.857s] Invoked command in '/home/haejum-park/2026_IFAC/new_map_con' returned '0': PYTHONPATH=/home/haejum-park/2026_IFAC/build/new_map_con/prefix_override:/usr/lib/python3/dist-packages/colcon_core/task/python/colcon_distutils_commands:/home/haejum-park/2026_IFAC/install/new_map_con/lib/python3.10/site-packages:${PYTHONPATH} /usr/bin/python3 -W ignore:setup.py install is deprecated -W ignore:easy_install command is deprecated setup.py egg_info --egg-base ../build/new_map_con build --build-base /home/haejum-park/2026_IFAC/build/new_map_con/build install --record /home/haejum-park/2026_IFAC/build/new_map_con/install.log --single-version-externally-managed install_data
