[0.277s] Invoking command in '/home/haejum-park/2026_IFAC/build/wpnt_publisher': CMAKE_PREFIX_PATH=${CMAKE_PREFIX_PATH}:/home/haejum-park/sim_ws/install/f1tenth_gym_ros:/home/haejum-park/install/launch_testing_examples:/home/haejum-park/install/examples_rclpy_pointcloud_publisher:/home/haejum-park/install/examples_rclpy_minimal_subscriber:/home/haejum-park/install/examples_rclpy_minimal_service:/home/haejum-park/install/examples_rclpy_minimal_publisher:/home/haejum-park/install/examples_rclpy_minimal_client:/home/haejum-park/install/examples_rclpy_minimal_action_server:/home/haejum-park/install/examples_rclpy_minimal_action_client:/home/haejum-park/install/examples_rclpy_guard_conditions:/home/haejum-park/install/examples_rclpy_executors:/opt/ros/humble /usr/bin/cmake /home/haejum-park/2026_IFAC/wpnt_publisher -DAMENT_CMAKE_SYMLINK_INSTALL=1 -DCMAKE_INSTALL_PREFIX=/home/haejum-park/2026_IFAC/install/wpnt_publisher
[0.306s] -- The C compiler identification is GNU 11.4.0
[0.336s] -- The CXX compiler identification is GNU 11.4.0
[0.340s] -- Detecting C compiler ABI info
[0.377s] -- Detecting C compiler ABI info - done
[0.381s] -- Check for working C compiler: /usr/bin/cc - skipped
[0.381s] -- Detecting C compile features
[0.381s] -- Detecting C compile features - done
[0.382s] -- Detecting CXX compiler ABI info
[0.428s] -- Detecting CXX compiler ABI info - done
[0.432s] -- Check for working CXX compiler: /usr/bin/c++ - skipped
[0.432s] -- Detecting CXX compile features
[0.432s] -- Detecting CXX compile features - done
[0.435s] -- Found ament_cmake: 1.3.12 (/opt/ros/humble/share/ament_cmake/cmake)
[0.545s] -- Found Python3: /usr/bin/python3 (found version "3.10.12") found components: Interpreter 
[0.587s] -- Override CMake install command with custom implementation using symlinks instead of copying resources
[0.626s] -- Found rclcpp: 16.0.17 (/opt/ros/humble/share/rclcpp/cmake)
[0.667s] -- Found rosidl_generator_c: 3.1.8 (/opt/ros/humble/share/rosidl_generator_c/cmake)
[0.673s] -- Found rosidl_adapter: 3.1.8 (/opt/ros/humble/share/rosidl_adapter/cmake)
[0.681s] -- Found rosidl_generator_cpp: 3.1.8 (/opt/ros/humble/share/rosidl_generator_cpp/cmake)
[0.690s] -- Using all available rosidl_typesupport_c: rosidl_typesupport_fastrtps_c;rosidl_typesupport_introspection_c
[0.702s] -- Using all available rosidl_typesupport_cpp: rosidl_typesupport_fastrtps_cpp;rosidl_typesupport_introspection_cpp
[0.735s] -- Found rmw_implementation_cmake: 6.1.2 (/opt/ros/humble/share/rmw_implementation_cmake/cmake)
[0.737s] -- Found rmw_fastrtps_cpp: 6.2.9 (/opt/ros/humble/share/rmw_fastrtps_cpp/cmake)
[0.789s] -- Found OpenSSL: /usr/lib/x86_64-linux-gnu/libcrypto.so (found version "3.0.2")  
[0.809s] -- Found FastRTPS: /opt/ros/humble/include  
[0.838s] -- Using RMW implementation 'rmw_fastrtps_cpp' as default
[0.845s] -- Looking for pthread.h
[0.884s] -- Looking for pthread.h - found
[0.885s] -- Performing Test CMAKE_HAVE_LIBC_PTHREAD
[0.926s] -- Performing Test CMAKE_HAVE_LIBC_PTHREAD - Success
[0.926s] -- Found Threads: TRUE  
[0.962s] -- Found nav_msgs: 4.9.0 (/opt/ros/humble/share/nav_msgs/cmake)
[0.990s] -- Configuring incomplete, errors occurred!
[0.990s] See also "/home/haejum-park/2026_IFAC/build/wpnt_publisher/CMakeFiles/CMakeOutput.log".
[0.991s] [31mCMake Error at CMakeLists.txt:13 (find_package):
[0.991s]   By not providing "Findf110_msgs.cmake" in CMAKE_MODULE_PATH this project
[0.991s]   has asked CMake to find a package configuration file provided by
[0.991s]   "f110_msgs", but CMake did not find one.
[0.991s] 
[0.991s]   Could not find a package configuration file provided by "f110_msgs" with
[0.991s]   any of the following names:
[0.991s] 
[0.991s]     f110_msgsConfig.cmake
[0.991s]     f110_msgs-config.cmake
[0.991s] 
[0.991s]   Add the installation prefix of "f110_msgs" to CMAKE_PREFIX_PATH or set
[0.991s]   "f110_msgs_DIR" to a directory containing one of the above files.  If
[0.991s]   "f110_msgs" provides a separate development package or SDK, be sure it has
[0.991s]   been installed.
[0.991s] 
[0.991s] [0m
