[0.144s] DEBUG:colcon:Command line arguments: ['/usr/bin/colcon', 'build', '--symlink-install']
[0.144s] DEBUG:colcon:Parsed command line arguments: Namespace(log_base=None, log_level=None, verb_name='build', build_base='build', install_base='install', merge_install=False, symlink_install=True, test_result_base=None, continue_on_error=False, executor='parallel', parallel_workers=14, event_handlers=None, ignore_user_meta=False, metas=['./colcon.meta'], base_paths=['.'], packages_ignore=None, packages_ignore_regex=None, paths=None, packages_up_to=None, packages_up_to_regex=None, packages_above=None, packages_above_and_dependencies=None, packages_above_depth=None, packages_select_by_dep=None, packages_skip_by_dep=None, packages_skip_up_to=None, packages_select_build_failed=False, packages_skip_build_finished=False, packages_select_test_failures=False, packages_skip_test_passed=False, packages_select=None, packages_skip=None, packages_select_regex=None, packages_skip_regex=None, packages_start=None, packages_end=None, allow_overriding=[], cmake_args=None, cmake_target=None, cmake_target_skip_unavailable=False, cmake_clean_cache=False, cmake_clean_first=False, cmake_force_configure=False, ament_cmake_args=None, catkin_cmake_args=None, catkin_skip_building_tests=False, mixin_files=None, mixin=None, verb_parser=<colcon_mixin.mixin.mixin_argument.MixinArgumentDecorator object at 0x7f8824575c30>, verb_extension=<colcon_core.verb.build.BuildVerb object at 0x7f88245751b0>, main=<bound method BuildVerb.main of <colcon_core.verb.build.BuildVerb object at 0x7f88245751b0>>, mixin_verb=('build',))
[0.288s] Level 1:colcon.colcon_core.package_discovery:discover_packages(colcon_meta) check parameters
[0.288s] Level 1:colcon.colcon_core.package_discovery:discover_packages(recursive) check parameters
[0.288s] Level 1:colcon.colcon_core.package_discovery:discover_packages(ignore) check parameters
[0.288s] Level 1:colcon.colcon_core.package_discovery:discover_packages(path) check parameters
[0.289s] Level 1:colcon.colcon_core.package_discovery:discover_packages(colcon_meta) discover
[0.289s] Level 1:colcon.colcon_core.package_discovery:discover_packages(recursive) discover
[0.289s] INFO:colcon.colcon_core.package_discovery:Crawling recursively for packages in '/home/haejum-park/2026_IFAC'
[0.289s] Level 1:colcon.colcon_core.package_identification:_identify(.) by extensions ['ignore', 'ignore_ament_install']
[0.289s] Level 1:colcon.colcon_core.package_identification:_identify(.) by extension 'ignore'
[0.289s] Level 1:colcon.colcon_core.package_identification:_identify(.) by extension 'ignore_ament_install'
[0.289s] Level 1:colcon.colcon_core.package_identification:_identify(.) by extensions ['colcon_pkg']
[0.289s] Level 1:colcon.colcon_core.package_identification:_identify(.) by extension 'colcon_pkg'
[0.289s] Level 1:colcon.colcon_core.package_identification:_identify(.) by extensions ['colcon_meta']
[0.289s] Level 1:colcon.colcon_core.package_identification:_identify(.) by extension 'colcon_meta'
[0.289s] Level 1:colcon.colcon_core.package_identification:_identify(.) by extensions ['ros']
[0.289s] Level 1:colcon.colcon_core.package_identification:_identify(.) by extension 'ros'
[0.300s] Level 1:colcon.colcon_core.package_identification:_identify(.) by extensions ['cmake', 'python']
[0.300s] Level 1:colcon.colcon_core.package_identification:_identify(.) by extension 'cmake'
[0.300s] Level 1:colcon.colcon_core.package_identification:_identify(.) by extension 'python'
[0.300s] Level 1:colcon.colcon_core.package_identification:_identify(.) by extensions ['python_setup_py']
[0.300s] Level 1:colcon.colcon_core.package_identification:_identify(.) by extension 'python_setup_py'
[0.300s] Level 1:colcon.colcon_core.package_identification:_identify(build) by extensions ['ignore', 'ignore_ament_install']
[0.300s] Level 1:colcon.colcon_core.package_identification:_identify(build) by extension 'ignore'
[0.300s] Level 1:colcon.colcon_core.package_identification:_identify(build) ignored
[0.300s] Level 1:colcon.colcon_core.package_identification:_identify(install) by extensions ['ignore', 'ignore_ament_install']
[0.300s] Level 1:colcon.colcon_core.package_identification:_identify(install) by extension 'ignore'
[0.300s] Level 1:colcon.colcon_core.package_identification:_identify(install) ignored
[0.300s] Level 1:colcon.colcon_core.package_identification:_identify(lap_timer) by extensions ['ignore', 'ignore_ament_install']
[0.300s] Level 1:colcon.colcon_core.package_identification:_identify(lap_timer) by extension 'ignore'
[0.300s] Level 1:colcon.colcon_core.package_identification:_identify(lap_timer) by extension 'ignore_ament_install'
[0.300s] Level 1:colcon.colcon_core.package_identification:_identify(lap_timer) by extensions ['colcon_pkg']
[0.300s] Level 1:colcon.colcon_core.package_identification:_identify(lap_timer) by extension 'colcon_pkg'
[0.300s] Level 1:colcon.colcon_core.package_identification:_identify(lap_timer) by extensions ['colcon_meta']
[0.300s] Level 1:colcon.colcon_core.package_identification:_identify(lap_timer) by extension 'colcon_meta'
[0.300s] Level 1:colcon.colcon_core.package_identification:_identify(lap_timer) by extensions ['ros']
[0.300s] Level 1:colcon.colcon_core.package_identification:_identify(lap_timer) by extension 'ros'
[0.302s] DEBUG:colcon.colcon_core.package_identification:Package 'lap_timer' with type 'ros.ament_python' and name 'lap_timer'
[0.302s] Level 1:colcon.colcon_core.package_identification:_identify(log) by extensions ['ignore', 'ignore_ament_install']
[0.302s] Level 1:colcon.colcon_core.package_identification:_identify(log) by extension 'ignore'
[0.302s] Level 1:colcon.colcon_core.package_identification:_identify(log) ignored
[0.302s] Level 1:colcon.colcon_core.package_identification:_identify(monte_carlo_localization) by extensions ['ignore', 'ignore_ament_install']
[0.302s] Level 1:colcon.colcon_core.package_identification:_identify(monte_carlo_localization) by extension 'ignore'
[0.302s] Level 1:colcon.colcon_core.package_identification:_identify(monte_carlo_localization) by extension 'ignore_ament_install'
[0.302s] Level 1:colcon.colcon_core.package_identification:_identify(monte_carlo_localization) by extensions ['colcon_pkg']
[0.302s] Level 1:colcon.colcon_core.package_identification:_identify(monte_carlo_localization) by extension 'colcon_pkg'
[0.302s] Level 1:colcon.colcon_core.package_identification:_identify(monte_carlo_localization) by extensions ['colcon_meta']
[0.302s] Level 1:colcon.colcon_core.package_identification:_identify(monte_carlo_localization) by extension 'colcon_meta'
[0.302s] Level 1:colcon.colcon_core.package_identification:_identify(monte_carlo_localization) by extensions ['ros']
[0.302s] Level 1:colcon.colcon_core.package_identification:_identify(monte_carlo_localization) by extension 'ros'
[0.303s] DEBUG:colcon.colcon_core.package_identification:Package 'monte_carlo_localization' with type 'ros.ament_cmake' and name 'particle_filter_cpp'
[0.303s] Level 1:colcon.colcon_core.package_identification:_identify(new_map_con) by extensions ['ignore', 'ignore_ament_install']
[0.303s] Level 1:colcon.colcon_core.package_identification:_identify(new_map_con) by extension 'ignore'
[0.303s] Level 1:colcon.colcon_core.package_identification:_identify(new_map_con) by extension 'ignore_ament_install'
[0.303s] Level 1:colcon.colcon_core.package_identification:_identify(new_map_con) by extensions ['colcon_pkg']
[0.303s] Level 1:colcon.colcon_core.package_identification:_identify(new_map_con) by extension 'colcon_pkg'
[0.303s] Level 1:colcon.colcon_core.package_identification:_identify(new_map_con) by extensions ['colcon_meta']
[0.303s] Level 1:colcon.colcon_core.package_identification:_identify(new_map_con) by extension 'colcon_meta'
[0.303s] Level 1:colcon.colcon_core.package_identification:_identify(new_map_con) by extensions ['ros']
[0.303s] Level 1:colcon.colcon_core.package_identification:_identify(new_map_con) by extension 'ros'
[0.303s] DEBUG:colcon.colcon_core.package_identification:Package 'new_map_con' with type 'ros.ament_python' and name 'new_map_con'
[0.303s] Level 1:colcon.colcon_core.package_identification:_identify(planning) by extensions ['ignore', 'ignore_ament_install']
[0.303s] Level 1:colcon.colcon_core.package_identification:_identify(planning) by extension 'ignore'
[0.303s] Level 1:colcon.colcon_core.package_identification:_identify(planning) by extension 'ignore_ament_install'
[0.303s] Level 1:colcon.colcon_core.package_identification:_identify(planning) by extensions ['colcon_pkg']
[0.303s] Level 1:colcon.colcon_core.package_identification:_identify(planning) by extension 'colcon_pkg'
[0.303s] Level 1:colcon.colcon_core.package_identification:_identify(planning) by extensions ['colcon_meta']
[0.303s] Level 1:colcon.colcon_core.package_identification:_identify(planning) by extension 'colcon_meta'
[0.303s] Level 1:colcon.colcon_core.package_identification:_identify(planning) by extensions ['ros']
[0.303s] Level 1:colcon.colcon_core.package_identification:_identify(planning) by extension 'ros'
[0.303s] Level 1:colcon.colcon_core.package_identification:_identify(planning) by extensions ['cmake', 'python']
[0.303s] Level 1:colcon.colcon_core.package_identification:_identify(planning) by extension 'cmake'
[0.303s] Level 1:colcon.colcon_core.package_identification:_identify(planning) by extension 'python'
[0.303s] Level 1:colcon.colcon_core.package_identification:_identify(planning) by extensions ['python_setup_py']
[0.303s] Level 1:colcon.colcon_core.package_identification:_identify(planning) by extension 'python_setup_py'
[0.303s] Level 1:colcon.colcon_core.package_identification:_identify(planning/global_planner) by extensions ['ignore', 'ignore_ament_install']
[0.303s] Level 1:colcon.colcon_core.package_identification:_identify(planning/global_planner) by extension 'ignore'
[0.303s] Level 1:colcon.colcon_core.package_identification:_identify(planning/global_planner) by extension 'ignore_ament_install'
[0.303s] Level 1:colcon.colcon_core.package_identification:_identify(planning/global_planner) by extensions ['colcon_pkg']
[0.303s] Level 1:colcon.colcon_core.package_identification:_identify(planning/global_planner) by extension 'colcon_pkg'
[0.303s] Level 1:colcon.colcon_core.package_identification:_identify(planning/global_planner) by extensions ['colcon_meta']
[0.304s] Level 1:colcon.colcon_core.package_identification:_identify(planning/global_planner) by extension 'colcon_meta'
[0.304s] Level 1:colcon.colcon_core.package_identification:_identify(planning/global_planner) by extensions ['ros']
[0.304s] Level 1:colcon.colcon_core.package_identification:_identify(planning/global_planner) by extension 'ros'
[0.304s] DEBUG:colcon.colcon_core.package_identification:Package 'planning/global_planner' with type 'ros.ament_cmake' and name 'global_planner'
[0.304s] Level 1:colcon.colcon_core.package_identification:_identify(wpnt_publisher) by extensions ['ignore', 'ignore_ament_install']
[0.304s] Level 1:colcon.colcon_core.package_identification:_identify(wpnt_publisher) by extension 'ignore'
[0.304s] Level 1:colcon.colcon_core.package_identification:_identify(wpnt_publisher) by extension 'ignore_ament_install'
[0.304s] Level 1:colcon.colcon_core.package_identification:_identify(wpnt_publisher) by extensions ['colcon_pkg']
[0.304s] Level 1:colcon.colcon_core.package_identification:_identify(wpnt_publisher) by extension 'colcon_pkg'
[0.304s] Level 1:colcon.colcon_core.package_identification:_identify(wpnt_publisher) by extensions ['colcon_meta']
[0.304s] Level 1:colcon.colcon_core.package_identification:_identify(wpnt_publisher) by extension 'colcon_meta'
[0.304s] Level 1:colcon.colcon_core.package_identification:_identify(wpnt_publisher) by extensions ['ros']
[0.304s] Level 1:colcon.colcon_core.package_identification:_identify(wpnt_publisher) by extension 'ros'
[0.304s] DEBUG:colcon.colcon_core.package_identification:Package 'wpnt_publisher' with type 'ros.ament_cmake' and name 'wpnt_publisher'
[0.304s] Level 1:colcon.colcon_core.package_discovery:discover_packages(recursive) using defaults
[0.304s] Level 1:colcon.colcon_core.package_discovery:discover_packages(ignore) discover
[0.304s] Level 1:colcon.colcon_core.package_discovery:discover_packages(ignore) using defaults
[0.304s] Level 1:colcon.colcon_core.package_discovery:discover_packages(path) discover
[0.304s] Level 1:colcon.colcon_core.package_discovery:discover_packages(path) using defaults
[0.319s] Level 1:colcon.colcon_core.package_discovery:discover_packages(prefix_path) check parameters
[0.319s] Level 1:colcon.colcon_core.package_discovery:discover_packages(prefix_path) discover
[0.321s] DEBUG:colcon.colcon_installed_package_information.package_discovery:Found 5 installed packages in /home/haejum-park/sim_ws/install
[0.322s] DEBUG:colcon.colcon_installed_package_information.package_discovery:Found 27 installed packages in /home/haejum-park/install
[0.322s] DEBUG:colcon.colcon_installed_package_information.package_discovery:Found 371 installed packages in /opt/ros/humble
[0.323s] Level 1:colcon.colcon_core.package_discovery:discover_packages(prefix_path) using defaults
[0.345s] Level 5:colcon.colcon_core.verb:set package 'global_planner' build argument 'cmake_args' from command line to 'None'
[0.345s] Level 5:colcon.colcon_core.verb:set package 'global_planner' build argument 'cmake_target' from command line to 'None'
[0.345s] Level 5:colcon.colcon_core.verb:set package 'global_planner' build argument 'cmake_target_skip_unavailable' from command line to 'False'
[0.345s] Level 5:colcon.colcon_core.verb:set package 'global_planner' build argument 'cmake_clean_cache' from command line to 'False'
[0.345s] Level 5:colcon.colcon_core.verb:set package 'global_planner' build argument 'cmake_clean_first' from command line to 'False'
[0.345s] Level 5:colcon.colcon_core.verb:set package 'global_planner' build argument 'cmake_force_configure' from command line to 'False'
[0.345s] Level 5:colcon.colcon_core.verb:set package 'global_planner' build argument 'ament_cmake_args' from command line to 'None'
[0.345s] Level 5:colcon.colcon_core.verb:set package 'global_planner' build argument 'catkin_cmake_args' from command line to 'None'
[0.345s] Level 5:colcon.colcon_core.verb:set package 'global_planner' build argument 'catkin_skip_building_tests' from command line to 'False'
[0.345s] DEBUG:colcon.colcon_core.verb:Building package 'global_planner' with the following arguments: {'ament_cmake_args': None, 'build_base': '/home/haejum-park/2026_IFAC/build/global_planner', 'catkin_cmake_args': None, 'catkin_skip_building_tests': False, 'cmake_args': None, 'cmake_clean_cache': False, 'cmake_clean_first': False, 'cmake_force_configure': False, 'cmake_target': None, 'cmake_target_skip_unavailable': False, 'install_base': '/home/haejum-park/2026_IFAC/install/global_planner', 'merge_install': False, 'path': '/home/haejum-park/2026_IFAC/planning/global_planner', 'symlink_install': True, 'test_result_base': None}
[0.345s] Level 5:colcon.colcon_core.verb:set package 'lap_timer' build argument 'cmake_args' from command line to 'None'
[0.345s] Level 5:colcon.colcon_core.verb:set package 'lap_timer' build argument 'cmake_target' from command line to 'None'
[0.345s] Level 5:colcon.colcon_core.verb:set package 'lap_timer' build argument 'cmake_target_skip_unavailable' from command line to 'False'
[0.345s] Level 5:colcon.colcon_core.verb:set package 'lap_timer' build argument 'cmake_clean_cache' from command line to 'False'
[0.345s] Level 5:colcon.colcon_core.verb:set package 'lap_timer' build argument 'cmake_clean_first' from command line to 'False'
[0.345s] Level 5:colcon.colcon_core.verb:set package 'lap_timer' build argument 'cmake_force_configure' from command line to 'False'
[0.345s] Level 5:colcon.colcon_core.verb:set package 'lap_timer' build argument 'ament_cmake_args' from command line to 'None'
[0.345s] Level 5:colcon.colcon_core.verb:set package 'lap_timer' build argument 'catkin_cmake_args' from command line to 'None'
[0.345s] Level 5:colcon.colcon_core.verb:set package 'lap_timer' build argument 'catkin_skip_building_tests' from command line to 'False'
[0.345s] DEBUG:colcon.colcon_core.verb:Building package 'lap_timer' with the following arguments: {'ament_cmake_args': None, 'build_base': '/home/haejum-park/2026_IFAC/build/lap_timer', 'catkin_cmake_args': None, 'catkin_skip_building_tests': False, 'cmake_args': None, 'cmake_clean_cache': False, 'cmake_clean_first': False, 'cmake_force_configure': False, 'cmake_target': None, 'cmake_target_skip_unavailable': False, 'install_base': '/home/haejum-park/2026_IFAC/install/lap_timer', 'merge_install': False, 'path': '/home/haejum-park/2026_IFAC/lap_timer', 'symlink_install': True, 'test_result_base': None}
[0.345s] Level 5:colcon.colcon_core.verb:set package 'new_map_con' build argument 'cmake_args' from command line to 'None'
[0.346s] Level 5:colcon.colcon_core.verb:set package 'new_map_con' build argument 'cmake_target' from command line to 'None'
[0.346s] Level 5:colcon.colcon_core.verb:set package 'new_map_con' build argument 'cmake_target_skip_unavailable' from command line to 'False'
[0.346s] Level 5:colcon.colcon_core.verb:set package 'new_map_con' build argument 'cmake_clean_cache' from command line to 'False'
[0.346s] Level 5:colcon.colcon_core.verb:set package 'new_map_con' build argument 'cmake_clean_first' from command line to 'False'
[0.346s] Level 5:colcon.colcon_core.verb:set package 'new_map_con' build argument 'cmake_force_configure' from command line to 'False'
[0.346s] Level 5:colcon.colcon_core.verb:set package 'new_map_con' build argument 'ament_cmake_args' from command line to 'None'
[0.346s] Level 5:colcon.colcon_core.verb:set package 'new_map_con' build argument 'catkin_cmake_args' from command line to 'None'
[0.346s] Level 5:colcon.colcon_core.verb:set package 'new_map_con' build argument 'catkin_skip_building_tests' from command line to 'False'
[0.346s] DEBUG:colcon.colcon_core.verb:Building package 'new_map_con' with the following arguments: {'ament_cmake_args': None, 'build_base': '/home/haejum-park/2026_IFAC/build/new_map_con', 'catkin_cmake_args': None, 'catkin_skip_building_tests': False, 'cmake_args': None, 'cmake_clean_cache': False, 'cmake_clean_first': False, 'cmake_force_configure': False, 'cmake_target': None, 'cmake_target_skip_unavailable': False, 'install_base': '/home/haejum-park/2026_IFAC/install/new_map_con', 'merge_install': False, 'path': '/home/haejum-park/2026_IFAC/new_map_con', 'symlink_install': True, 'test_result_base': None}
[0.346s] Level 5:colcon.colcon_core.verb:set package 'particle_filter_cpp' build argument 'cmake_args' from command line to 'None'
[0.346s] Level 5:colcon.colcon_core.verb:set package 'particle_filter_cpp' build argument 'cmake_target' from command line to 'None'
[0.346s] Level 5:colcon.colcon_core.verb:set package 'particle_filter_cpp' build argument 'cmake_target_skip_unavailable' from command line to 'False'
[0.346s] Level 5:colcon.colcon_core.verb:set package 'particle_filter_cpp' build argument 'cmake_clean_cache' from command line to 'False'
[0.346s] Level 5:colcon.colcon_core.verb:set package 'particle_filter_cpp' build argument 'cmake_clean_first' from command line to 'False'
[0.346s] Level 5:colcon.colcon_core.verb:set package 'particle_filter_cpp' build argument 'cmake_force_configure' from command line to 'False'
[0.346s] Level 5:colcon.colcon_core.verb:set package 'particle_filter_cpp' build argument 'ament_cmake_args' from command line to 'None'
[0.346s] Level 5:colcon.colcon_core.verb:set package 'particle_filter_cpp' build argument 'catkin_cmake_args' from command line to 'None'
[0.346s] Level 5:colcon.colcon_core.verb:set package 'particle_filter_cpp' build argument 'catkin_skip_building_tests' from command line to 'False'
[0.346s] DEBUG:colcon.colcon_core.verb:Building package 'particle_filter_cpp' with the following arguments: {'ament_cmake_args': None, 'build_base': '/home/haejum-park/2026_IFAC/build/particle_filter_cpp', 'catkin_cmake_args': None, 'catkin_skip_building_tests': False, 'cmake_args': None, 'cmake_clean_cache': False, 'cmake_clean_first': False, 'cmake_force_configure': False, 'cmake_target': None, 'cmake_target_skip_unavailable': False, 'install_base': '/home/haejum-park/2026_IFAC/install/particle_filter_cpp', 'merge_install': False, 'path': '/home/haejum-park/2026_IFAC/monte_carlo_localization', 'symlink_install': True, 'test_result_base': None}
[0.346s] Level 5:colcon.colcon_core.verb:set package 'wpnt_publisher' build argument 'cmake_args' from command line to 'None'
[0.346s] Level 5:colcon.colcon_core.verb:set package 'wpnt_publisher' build argument 'cmake_target' from command line to 'None'
[0.346s] Level 5:colcon.colcon_core.verb:set package 'wpnt_publisher' build argument 'cmake_target_skip_unavailable' from command line to 'False'
[0.346s] Level 5:colcon.colcon_core.verb:set package 'wpnt_publisher' build argument 'cmake_clean_cache' from command line to 'False'
[0.346s] Level 5:colcon.colcon_core.verb:set package 'wpnt_publisher' build argument 'cmake_clean_first' from command line to 'False'
[0.346s] Level 5:colcon.colcon_core.verb:set package 'wpnt_publisher' build argument 'cmake_force_configure' from command line to 'False'
[0.346s] Level 5:colcon.colcon_core.verb:set package 'wpnt_publisher' build argument 'ament_cmake_args' from command line to 'None'
[0.346s] Level 5:colcon.colcon_core.verb:set package 'wpnt_publisher' build argument 'catkin_cmake_args' from command line to 'None'
[0.346s] Level 5:colcon.colcon_core.verb:set package 'wpnt_publisher' build argument 'catkin_skip_building_tests' from command line to 'False'
[0.346s] DEBUG:colcon.colcon_core.verb:Building package 'wpnt_publisher' with the following arguments: {'ament_cmake_args': None, 'build_base': '/home/haejum-park/2026_IFAC/build/wpnt_publisher', 'catkin_cmake_args': None, 'catkin_skip_building_tests': False, 'cmake_args': None, 'cmake_clean_cache': False, 'cmake_clean_first': False, 'cmake_force_configure': False, 'cmake_target': None, 'cmake_target_skip_unavailable': False, 'install_base': '/home/haejum-park/2026_IFAC/install/wpnt_publisher', 'merge_install': False, 'path': '/home/haejum-park/2026_IFAC/wpnt_publisher', 'symlink_install': True, 'test_result_base': None}
[0.346s] INFO:colcon.colcon_core.executor:Executing jobs using 'parallel' executor
[0.347s] DEBUG:colcon.colcon_parallel_executor.executor.parallel:run_until_complete
[0.348s] INFO:colcon.colcon_ros.task.ament_cmake.build:Building ROS package in '/home/haejum-park/2026_IFAC/planning/global_planner' with build type 'ament_cmake'
[0.348s] INFO:colcon.colcon_cmake.task.cmake.build:Building CMake package in '/home/haejum-park/2026_IFAC/planning/global_planner'
[0.351s] INFO:colcon.colcon_core.plugin_system:Skipping extension 'colcon_core.shell.bat': Not used on non-Windows systems
[0.351s] INFO:colcon.colcon_core.shell:Skip shell extension 'powershell' for command environment: Not usable outside of PowerShell
[0.351s] DEBUG:colcon.colcon_core.shell:Skip shell extension 'dsv' for command environment
[0.354s] INFO:colcon.colcon_ros.task.ament_python.build:Building ROS package in '/home/haejum-park/2026_IFAC/lap_timer' with build type 'ament_python'
[0.354s] Level 1:colcon.colcon_core.shell:create_environment_hook('lap_timer', 'ament_prefix_path')
[0.354s] INFO:colcon.colcon_core.shell:Creating environment hook '/home/haejum-park/2026_IFAC/install/lap_timer/share/lap_timer/hook/ament_prefix_path.ps1'
[0.354s] INFO:colcon.colcon_core.shell:Creating environment descriptor '/home/haejum-park/2026_IFAC/install/lap_timer/share/lap_timer/hook/ament_prefix_path.dsv'
[0.355s] INFO:colcon.colcon_core.shell:Creating environment hook '/home/haejum-park/2026_IFAC/install/lap_timer/share/lap_timer/hook/ament_prefix_path.sh'
[0.355s] INFO:colcon.colcon_core.shell:Skip shell extension 'powershell' for command environment: Not usable outside of PowerShell
[0.355s] DEBUG:colcon.colcon_core.shell:Skip shell extension 'dsv' for command environment
[0.357s] INFO:colcon.colcon_ros.task.ament_python.build:Building ROS package in '/home/haejum-park/2026_IFAC/new_map_con' with build type 'ament_python'
[0.357s] Level 1:colcon.colcon_core.shell:create_environment_hook('new_map_con', 'ament_prefix_path')
[0.357s] INFO:colcon.colcon_core.shell:Creating environment hook '/home/haejum-park/2026_IFAC/install/new_map_con/share/new_map_con/hook/ament_prefix_path.ps1'
[0.357s] INFO:colcon.colcon_core.shell:Creating environment descriptor '/home/haejum-park/2026_IFAC/install/new_map_con/share/new_map_con/hook/ament_prefix_path.dsv'
[0.358s] INFO:colcon.colcon_core.shell:Creating environment hook '/home/haejum-park/2026_IFAC/install/new_map_con/share/new_map_con/hook/ament_prefix_path.sh'
[0.358s] INFO:colcon.colcon_core.shell:Skip shell extension 'powershell' for command environment: Not usable outside of PowerShell
[0.358s] DEBUG:colcon.colcon_core.shell:Skip shell extension 'dsv' for command environment
[0.360s] INFO:colcon.colcon_ros.task.ament_cmake.build:Building ROS package in '/home/haejum-park/2026_IFAC/monte_carlo_localization' with build type 'ament_cmake'
[0.360s] INFO:colcon.colcon_cmake.task.cmake.build:Building CMake package in '/home/haejum-park/2026_IFAC/monte_carlo_localization'
[0.360s] INFO:colcon.colcon_core.shell:Skip shell extension 'powershell' for command environment: Not usable outside of PowerShell
[0.360s] DEBUG:colcon.colcon_core.shell:Skip shell extension 'dsv' for command environment
[0.362s] INFO:colcon.colcon_ros.task.ament_cmake.build:Building ROS package in '/home/haejum-park/2026_IFAC/wpnt_publisher' with build type 'ament_cmake'
[0.362s] INFO:colcon.colcon_cmake.task.cmake.build:Building CMake package in '/home/haejum-park/2026_IFAC/wpnt_publisher'
[0.362s] INFO:colcon.colcon_core.shell:Skip shell extension 'powershell' for command environment: Not usable outside of PowerShell
[0.362s] DEBUG:colcon.colcon_core.shell:Skip shell extension 'dsv' for command environment
[0.365s] DEBUG:colcon.colcon_core.event_handler.log_command:Invoking command in '/home/haejum-park/2026_IFAC/build/global_planner': CMAKE_PREFIX_PATH=${CMAKE_PREFIX_PATH}:/home/haejum-park/sim_ws/install/f1tenth_gym_ros:/home/haejum-park/install/launch_testing_examples:/home/haejum-park/install/examples_rclpy_pointcloud_publisher:/home/haejum-park/install/examples_rclpy_minimal_subscriber:/home/haejum-park/install/examples_rclpy_minimal_service:/home/haejum-park/install/examples_rclpy_minimal_publisher:/home/haejum-park/install/examples_rclpy_minimal_client:/home/haejum-park/install/examples_rclpy_minimal_action_server:/home/haejum-park/install/examples_rclpy_minimal_action_client:/home/haejum-park/install/examples_rclpy_guard_conditions:/home/haejum-park/install/examples_rclpy_executors:/opt/ros/humble /usr/bin/cmake /home/haejum-park/2026_IFAC/planning/global_planner -DAMENT_CMAKE_SYMLINK_INSTALL=1 -DCMAKE_INSTALL_PREFIX=/home/haejum-park/2026_IFAC/install/global_planner
[0.502s] INFO:colcon.colcon_core.task.python.build:Building Python package in '/home/haejum-park/2026_IFAC/lap_timer'
[0.502s] INFO:colcon.colcon_core.shell:Skip shell extension 'powershell' for command environment: Not usable outside of PowerShell
[0.502s] DEBUG:colcon.colcon_core.shell:Skip shell extension 'dsv' for command environment
[0.632s] INFO:colcon.colcon_core.task.python.build:Building Python package in '/home/haejum-park/2026_IFAC/new_map_con'
[0.632s] INFO:colcon.colcon_core.shell:Skip shell extension 'powershell' for command environment: Not usable outside of PowerShell
[0.632s] DEBUG:colcon.colcon_core.shell:Skip shell extension 'dsv' for command environment
[0.637s] DEBUG:colcon.colcon_core.event_handler.log_command:Invoking command in '/home/haejum-park/2026_IFAC/build/particle_filter_cpp': CMAKE_PREFIX_PATH=${CMAKE_PREFIX_PATH}:/home/haejum-park/sim_ws/install/f1tenth_gym_ros:/home/haejum-park/install/launch_testing_examples:/home/haejum-park/install/examples_rclpy_pointcloud_publisher:/home/haejum-park/install/examples_rclpy_minimal_subscriber:/home/haejum-park/install/examples_rclpy_minimal_service:/home/haejum-park/install/examples_rclpy_minimal_publisher:/home/haejum-park/install/examples_rclpy_minimal_client:/home/haejum-park/install/examples_rclpy_minimal_action_server:/home/haejum-park/install/examples_rclpy_minimal_action_client:/home/haejum-park/install/examples_rclpy_guard_conditions:/home/haejum-park/install/examples_rclpy_executors:/opt/ros/humble /usr/bin/cmake /home/haejum-park/2026_IFAC/monte_carlo_localization -DAMENT_CMAKE_SYMLINK_INSTALL=1 -DCMAKE_INSTALL_PREFIX=/home/haejum-park/2026_IFAC/install/particle_filter_cpp
[0.639s] DEBUG:colcon.colcon_core.event_handler.log_command:Invoking command in '/home/haejum-park/2026_IFAC/build/wpnt_publisher': CMAKE_PREFIX_PATH=${CMAKE_PREFIX_PATH}:/home/haejum-park/sim_ws/install/f1tenth_gym_ros:/home/haejum-park/install/launch_testing_examples:/home/haejum-park/install/examples_rclpy_pointcloud_publisher:/home/haejum-park/install/examples_rclpy_minimal_subscriber:/home/haejum-park/install/examples_rclpy_minimal_service:/home/haejum-park/install/examples_rclpy_minimal_publisher:/home/haejum-park/install/examples_rclpy_minimal_client:/home/haejum-park/install/examples_rclpy_minimal_action_server:/home/haejum-park/install/examples_rclpy_minimal_action_client:/home/haejum-park/install/examples_rclpy_guard_conditions:/home/haejum-park/install/examples_rclpy_executors:/opt/ros/humble /usr/bin/cmake /home/haejum-park/2026_IFAC/wpnt_publisher -DAMENT_CMAKE_SYMLINK_INSTALL=1 -DCMAKE_INSTALL_PREFIX=/home/haejum-park/2026_IFAC/install/wpnt_publisher
[0.876s] DEBUG:colcon.colcon_core.event_handler.log_command:Invoking command in '/home/haejum-park/2026_IFAC/build/new_map_con': PYTHONPATH=/home/haejum-park/2026_IFAC/build/new_map_con/prefix_override:/usr/lib/python3/dist-packages/colcon_core/task/python/colcon_distutils_commands:/home/haejum-park/2026_IFAC/install/new_map_con/lib/python3.10/site-packages:${PYTHONPATH} /usr/bin/python3 -W ignore:setup.py install is deprecated -W ignore:easy_install command is deprecated setup.py develop --editable --build-directory /home/haejum-park/2026_IFAC/build/new_map_con/build --no-deps symlink_data
[0.877s] DEBUG:colcon.colcon_core.event_handler.log_command:Invoking command in '/home/haejum-park/2026_IFAC/build/lap_timer': PYTHONPATH=/home/haejum-park/2026_IFAC/build/lap_timer/prefix_override:/usr/lib/python3/dist-packages/colcon_core/task/python/colcon_distutils_commands:/home/haejum-park/2026_IFAC/install/lap_timer/lib/python3.10/site-packages:${PYTHONPATH} /usr/bin/python3 -W ignore:setup.py install is deprecated -W ignore:easy_install command is deprecated setup.py develop --editable --build-directory /home/haejum-park/2026_IFAC/build/lap_timer/build --no-deps symlink_data
[1.093s] Level 1:colcon.colcon_core.shell:create_environment_hook('lap_timer', 'pythonpath_develop')
[1.094s] INFO:colcon.colcon_core.shell:Creating environment hook '/home/haejum-park/2026_IFAC/build/lap_timer/share/lap_timer/hook/pythonpath_develop.ps1'
[1.094s] DEBUG:colcon.colcon_core.event_handler.log_command:Invoked command in '/home/haejum-park/2026_IFAC/build/lap_timer' returned '0': PYTHONPATH=/home/haejum-park/2026_IFAC/build/lap_timer/prefix_override:/usr/lib/python3/dist-packages/colcon_core/task/python/colcon_distutils_commands:/home/haejum-park/2026_IFAC/install/lap_timer/lib/python3.10/site-packages:${PYTHONPATH} /usr/bin/python3 -W ignore:setup.py install is deprecated -W ignore:easy_install command is deprecated setup.py develop --editable --build-directory /home/haejum-park/2026_IFAC/build/lap_timer/build --no-deps symlink_data
[1.094s] INFO:colcon.colcon_core.shell:Creating environment descriptor '/home/haejum-park/2026_IFAC/build/lap_timer/share/lap_timer/hook/pythonpath_develop.dsv'
[1.095s] INFO:colcon.colcon_core.shell:Creating environment hook '/home/haejum-park/2026_IFAC/build/lap_timer/share/lap_timer/hook/pythonpath_develop.sh'
[1.098s] Level 1:colcon.colcon_core.environment:checking '/home/haejum-park/2026_IFAC/install/lap_timer' for CMake module files
[1.099s] Level 1:colcon.colcon_core.environment:checking '/home/haejum-park/2026_IFAC/install/lap_timer' for CMake config files
[1.099s] Level 1:colcon.colcon_core.environment:checking '/home/haejum-park/2026_IFAC/install/lap_timer/lib'
[1.099s] Level 1:colcon.colcon_core.environment:checking '/home/haejum-park/2026_IFAC/install/lap_timer/bin'
[1.099s] Level 1:colcon.colcon_core.environment:checking '/home/haejum-park/2026_IFAC/install/lap_timer/lib/pkgconfig/lap_timer.pc'
[1.100s] Level 1:colcon.colcon_core.environment:checking '/home/haejum-park/2026_IFAC/install/lap_timer/lib/python3.10/site-packages'
[1.100s] Level 1:colcon.colcon_core.shell:create_environment_hook('lap_timer', 'pythonpath')
[1.100s] INFO:colcon.colcon_core.shell:Creating environment hook '/home/haejum-park/2026_IFAC/install/lap_timer/share/lap_timer/hook/pythonpath.ps1'
[1.100s] INFO:colcon.colcon_core.shell:Creating environment descriptor '/home/haejum-park/2026_IFAC/install/lap_timer/share/lap_timer/hook/pythonpath.dsv'
[1.100s] INFO:colcon.colcon_core.shell:Creating environment hook '/home/haejum-park/2026_IFAC/install/lap_timer/share/lap_timer/hook/pythonpath.sh'
[1.100s] Level 1:colcon.colcon_core.environment:checking '/home/haejum-park/2026_IFAC/install/lap_timer/bin'
[1.101s] Level 1:colcon.colcon_core.environment:create_environment_scripts_only(lap_timer)
[1.101s] INFO:colcon.colcon_core.shell:Creating package script '/home/haejum-park/2026_IFAC/install/lap_timer/share/lap_timer/package.ps1'
[1.101s] INFO:colcon.colcon_core.shell:Creating package descriptor '/home/haejum-park/2026_IFAC/install/lap_timer/share/lap_timer/package.dsv'
[1.102s] INFO:colcon.colcon_core.shell:Creating package script '/home/haejum-park/2026_IFAC/install/lap_timer/share/lap_timer/package.sh'
[1.102s] INFO:colcon.colcon_core.shell:Creating package script '/home/haejum-park/2026_IFAC/install/lap_timer/share/lap_timer/package.bash'
[1.103s] INFO:colcon.colcon_core.shell:Creating package script '/home/haejum-park/2026_IFAC/install/lap_timer/share/lap_timer/package.zsh'
[1.103s] Level 1:colcon.colcon_core.environment:create_file_with_runtime_dependencies(/home/haejum-park/2026_IFAC/install/lap_timer/share/colcon-core/packages/lap_timer)
[1.103s] Level 1:colcon.colcon_core.shell:create_environment_hook('new_map_con', 'pythonpath_develop')
[1.103s] INFO:colcon.colcon_core.shell:Creating environment hook '/home/haejum-park/2026_IFAC/build/new_map_con/share/new_map_con/hook/pythonpath_develop.ps1'
[1.104s] DEBUG:colcon.colcon_core.event_handler.log_command:Invoked command in '/home/haejum-park/2026_IFAC/build/new_map_con' returned '0': PYTHONPATH=/home/haejum-park/2026_IFAC/build/new_map_con/prefix_override:/usr/lib/python3/dist-packages/colcon_core/task/python/colcon_distutils_commands:/home/haejum-park/2026_IFAC/install/new_map_con/lib/python3.10/site-packages:${PYTHONPATH} /usr/bin/python3 -W ignore:setup.py install is deprecated -W ignore:easy_install command is deprecated setup.py develop --editable --build-directory /home/haejum-park/2026_IFAC/build/new_map_con/build --no-deps symlink_data
[1.104s] INFO:colcon.colcon_core.shell:Creating environment descriptor '/home/haejum-park/2026_IFAC/build/new_map_con/share/new_map_con/hook/pythonpath_develop.dsv'
[1.104s] INFO:colcon.colcon_core.shell:Creating environment hook '/home/haejum-park/2026_IFAC/build/new_map_con/share/new_map_con/hook/pythonpath_develop.sh'
[1.104s] Level 1:colcon.colcon_core.environment:checking '/home/haejum-park/2026_IFAC/install/new_map_con' for CMake module files
[1.105s] Level 1:colcon.colcon_core.environment:checking '/home/haejum-park/2026_IFAC/install/new_map_con' for CMake config files
[1.105s] Level 1:colcon.colcon_core.environment:checking '/home/haejum-park/2026_IFAC/install/new_map_con/lib'
[1.105s] Level 1:colcon.colcon_core.environment:checking '/home/haejum-park/2026_IFAC/install/new_map_con/bin'
[1.105s] Level 1:colcon.colcon_core.environment:checking '/home/haejum-park/2026_IFAC/install/new_map_con/lib/pkgconfig/new_map_con.pc'
[1.105s] Level 1:colcon.colcon_core.environment:checking '/home/haejum-park/2026_IFAC/install/new_map_con/lib/python3.10/site-packages'
[1.105s] Level 1:colcon.colcon_core.shell:create_environment_hook('new_map_con', 'pythonpath')
[1.105s] INFO:colcon.colcon_core.shell:Creating environment hook '/home/haejum-park/2026_IFAC/install/new_map_con/share/new_map_con/hook/pythonpath.ps1'
[1.105s] INFO:colcon.colcon_core.shell:Creating environment descriptor '/home/haejum-park/2026_IFAC/install/new_map_con/share/new_map_con/hook/pythonpath.dsv'
[1.105s] INFO:colcon.colcon_core.shell:Creating environment hook '/home/haejum-park/2026_IFAC/install/new_map_con/share/new_map_con/hook/pythonpath.sh'
[1.106s] Level 1:colcon.colcon_core.environment:checking '/home/haejum-park/2026_IFAC/install/new_map_con/bin'
[1.106s] Level 1:colcon.colcon_core.environment:create_environment_scripts_only(new_map_con)
[1.106s] INFO:colcon.colcon_core.shell:Creating package script '/home/haejum-park/2026_IFAC/install/new_map_con/share/new_map_con/package.ps1'
[1.106s] INFO:colcon.colcon_core.shell:Creating package descriptor '/home/haejum-park/2026_IFAC/install/new_map_con/share/new_map_con/package.dsv'
[1.106s] INFO:colcon.colcon_core.shell:Creating package script '/home/haejum-park/2026_IFAC/install/new_map_con/share/new_map_con/package.sh'
[1.107s] INFO:colcon.colcon_core.shell:Creating package script '/home/haejum-park/2026_IFAC/install/new_map_con/share/new_map_con/package.bash'
[1.107s] INFO:colcon.colcon_core.shell:Creating package script '/home/haejum-park/2026_IFAC/install/new_map_con/share/new_map_con/package.zsh'
[1.107s] Level 1:colcon.colcon_core.environment:create_file_with_runtime_dependencies(/home/haejum-park/2026_IFAC/install/new_map_con/share/colcon-core/packages/new_map_con)
[1.298s] DEBUG:colcon.colcon_core.event_handler.log_command:Invoked command in '/home/haejum-park/2026_IFAC/build/global_planner' returned '1': CMAKE_PREFIX_PATH=${CMAKE_PREFIX_PATH}:/home/haejum-park/sim_ws/install/f1tenth_gym_ros:/home/haejum-park/install/launch_testing_examples:/home/haejum-park/install/examples_rclpy_pointcloud_publisher:/home/haejum-park/install/examples_rclpy_minimal_subscriber:/home/haejum-park/install/examples_rclpy_minimal_service:/home/haejum-park/install/examples_rclpy_minimal_publisher:/home/haejum-park/install/examples_rclpy_minimal_client:/home/haejum-park/install/examples_rclpy_minimal_action_server:/home/haejum-park/install/examples_rclpy_minimal_action_client:/home/haejum-park/install/examples_rclpy_guard_conditions:/home/haejum-park/install/examples_rclpy_executors:/opt/ros/humble /usr/bin/cmake /home/haejum-park/2026_IFAC/planning/global_planner -DAMENT_CMAKE_SYMLINK_INSTALL=1 -DCMAKE_INSTALL_PREFIX=/home/haejum-park/2026_IFAC/install/global_planner
[1.305s] Level 1:colcon.colcon_core.environment:create_environment_scripts_only(global_planner)
[1.305s] Level 1:colcon.colcon_core.environment:checking '/home/haejum-park/2026_IFAC/install/global_planner' for CMake module files
[1.305s] Level 1:colcon.colcon_core.environment:checking '/home/haejum-park/2026_IFAC/install/global_planner' for CMake config files
[1.306s] Level 1:colcon.colcon_core.environment:checking '/home/haejum-park/2026_IFAC/install/global_planner/bin'
[1.306s] Level 1:colcon.colcon_core.environment:checking '/home/haejum-park/2026_IFAC/install/global_planner/lib/pkgconfig/global_planner.pc'
[1.306s] Level 1:colcon.colcon_core.environment:checking '/home/haejum-park/2026_IFAC/install/global_planner/lib/python3.10/site-packages'
[1.306s] Level 1:colcon.colcon_core.environment:checking '/home/haejum-park/2026_IFAC/install/global_planner/bin'
[1.306s] INFO:colcon.colcon_core.shell:Creating package script '/home/haejum-park/2026_IFAC/install/global_planner/share/global_planner/package.ps1'
[1.306s] INFO:colcon.colcon_core.shell:Creating package descriptor '/home/haejum-park/2026_IFAC/install/global_planner/share/global_planner/package.dsv'
[1.306s] INFO:colcon.colcon_core.shell:Creating package script '/home/haejum-park/2026_IFAC/install/global_planner/share/global_planner/package.sh'
[1.306s] INFO:colcon.colcon_core.shell:Creating package script '/home/haejum-park/2026_IFAC/install/global_planner/share/global_planner/package.bash'
[1.307s] INFO:colcon.colcon_core.shell:Creating package script '/home/haejum-park/2026_IFAC/install/global_planner/share/global_planner/package.zsh'
[1.307s] Level 1:colcon.colcon_core.environment:create_file_with_runtime_dependencies(/home/haejum-park/2026_IFAC/install/global_planner/share/colcon-core/packages/global_planner)
[1.838s] DEBUG:colcon.colcon_parallel_executor.executor.parallel:closing loop
[1.838s] DEBUG:colcon.colcon_parallel_executor.executor.parallel:loop closed
[1.838s] DEBUG:colcon.colcon_parallel_executor.executor.parallel:run_until_complete finished with '1'
[1.838s] DEBUG:colcon.colcon_core.event_reactor:joining thread
[1.849s] INFO:colcon.colcon_core.plugin_system:Skipping extension 'colcon_notification.desktop_notification.notify_send': Could not find 'notify-send'
[1.849s] INFO:colcon.colcon_core.plugin_system:Skipping extension 'colcon_notification.desktop_notification.terminal_notifier': Not used on non-Darwin systems
[1.849s] INFO:colcon.colcon_core.plugin_system:Skipping extension 'colcon_notification.desktop_notification.win32': Not used on non-Windows systems
[1.849s] INFO:colcon.colcon_notification.desktop_notification:Sending desktop notification using 'notify2'
[1.863s] DEBUG:colcon.colcon_core.event_reactor:joined thread
[1.863s] INFO:colcon.colcon_core.shell:Creating prefix script '/home/haejum-park/2026_IFAC/install/local_setup.ps1'
[1.864s] INFO:colcon.colcon_core.shell:Creating prefix util module '/home/haejum-park/2026_IFAC/install/_local_setup_util_ps1.py'
[1.865s] INFO:colcon.colcon_core.shell:Creating prefix chain script '/home/haejum-park/2026_IFAC/install/setup.ps1'
[1.866s] INFO:colcon.colcon_core.shell:Creating prefix script '/home/haejum-park/2026_IFAC/install/local_setup.sh'
[1.866s] INFO:colcon.colcon_core.shell:Creating prefix util module '/home/haejum-park/2026_IFAC/install/_local_setup_util_sh.py'
[1.866s] INFO:colcon.colcon_core.shell:Creating prefix chain script '/home/haejum-park/2026_IFAC/install/setup.sh'
[1.867s] INFO:colcon.colcon_core.shell:Creating prefix script '/home/haejum-park/2026_IFAC/install/local_setup.bash'
[1.868s] INFO:colcon.colcon_core.shell:Creating prefix chain script '/home/haejum-park/2026_IFAC/install/setup.bash'
[1.868s] INFO:colcon.colcon_core.shell:Creating prefix script '/home/haejum-park/2026_IFAC/install/local_setup.zsh'
[1.869s] INFO:colcon.colcon_core.shell:Creating prefix chain script '/home/haejum-park/2026_IFAC/install/setup.zsh'
