-- Found ament_cmake: 1.3.12 (/opt/ros/humble/share/ament_cmake/cmake)
-- Override CMake install command with custom implementation using symlinks instead of copying resources
-- Found rosidl_default_generators: 1.2.0 (/opt/ros/humble/share/rosidl_default_generators/cmake)
-- Using all available rosidl_typesupport_c: rosidl_typesupport_fastrtps_c;rosidl_typesupport_introspection_c
-- Found rosidl_adapter: 3.1.8 (/opt/ros/humble/share/rosidl_adapter/cmake)
-- Using all available rosidl_typesupport_cpp: rosidl_typesupport_fastrtps_cpp;rosidl_typesupport_introspection_cpp
-- Found std_msgs: 4.9.0 (/opt/ros/humble/share/std_msgs/cmake)
-- Found geometry_msgs: 4.9.0 (/opt/ros/humble/share/geometry_msgs/cmake)
-- Found ament_cmake_ros: 0.10.0 (/opt/ros/humble/share/ament_cmake_ros/cmake)
-- Using all available rosidl_typesupport_c: rosidl_typesupport_fastrtps_c;rosidl_typesupport_introspection_c
-- Using all available rosidl_typesupport_cpp: rosidl_typesupport_fastrtps_cpp;rosidl_typesupport_introspection_cpp
-- Found PythonInterp: /usr/bin/python3 (found suitable version "3.10.12", minimum required is "3.6") 
-- Found python_cmake_module: 0.10.0 (/opt/ros/humble/share/python_cmake_module/cmake)
-- Found PythonLibs: /usr/lib/x86_64-linux-gnu/libpython3.10.so (found suitable version "3.10.12", minimum required is "3.5") 
-- Using PYTHON_EXECUTABLE: /usr/bin/python3
-- Using PYTHON_INCLUDE_DIRS: /usr/include/python3.10
-- Using PYTHON_LIBRARIES: /usr/lib/x86_64-linux-gnu/libpython3.10.so
-- Found PythonExtra: .so  
-- Configuring done
-- Generating done
-- Build files have been written to: /home/haejum-park/2026_IFAC/build/f110_msgs
[  1%] [34m[1mGenerating C code for ROS interfaces[0m
[  1%] [34m[1mGenerating C++ code for ROS interfaces[0m
[  1%] Built target ament_cmake_python_symlink_f110_msgs
running egg_info
creating f110_msgs.egg-info
writing f110_msgs.egg-info/PKG-INFO
writing dependency_links to f110_msgs.egg-info/dependency_links.txt
writing top-level names to f110_msgs.egg-info/top_level.txt
writing manifest file 'f110_msgs.egg-info/SOURCES.txt'
reading manifest file 'f110_msgs.egg-info/SOURCES.txt'
writing manifest file 'f110_msgs.egg-info/SOURCES.txt'
[  1%] Built target ament_cmake_python_build_f110_msgs_egg
[  1%] Built target f110_msgs__cpp
[  2%] [34m[1mGenerating C++ type support dispatch for ROS interfaces[0m
[  3%] [34m[1mGenerating C++ type support for eProsima Fast-RTPS[0m
[  3%] [34m[1mGenerating C++ introspection for ROS interfaces[0m
[  3%] [32mBuilding C object CMakeFiles/f110_msgs__rosidl_generator_c.dir/rosidl_generator_c/f110_msgs/msg/detail/lap_data__functions.c.o[0m
[  5%] [32mBuilding C object CMakeFiles/f110_msgs__rosidl_generator_c.dir/rosidl_generator_c/f110_msgs/msg/detail/car_state_stamped__functions.c.o[0m
[  3%] [32mBuilding C object CMakeFiles/f110_msgs__rosidl_generator_c.dir/rosidl_generator_c/f110_msgs/msg/detail/car_state__functions.c.o[0m
[  6%] [32mBuilding C object CMakeFiles/f110_msgs__rosidl_generator_c.dir/rosidl_generator_c/f110_msgs/msg/detail/obstacle_array__functions.c.o[0m
[  5%] [32mBuilding C object CMakeFiles/f110_msgs__rosidl_generator_c.dir/rosidl_generator_c/f110_msgs/msg/detail/gap_data__functions.c.o[0m
[  7%] [32mBuilding C object CMakeFiles/f110_msgs__rosidl_generator_c.dir/rosidl_generator_c/f110_msgs/msg/detail/opponent_trajectory__functions.c.o[0m
[  8%] [32mBuilding C object CMakeFiles/f110_msgs__rosidl_generator_c.dir/rosidl_generator_c/f110_msgs/msg/detail/obstacle__functions.c.o[0m
[  9%] [32mBuilding C object CMakeFiles/f110_msgs__rosidl_generator_c.dir/rosidl_generator_c/f110_msgs/msg/detail/opponent_trajectories__functions.c.o[0m
[  9%] [32mBuilding C object CMakeFiles/f110_msgs__rosidl_generator_c.dir/rosidl_generator_c/f110_msgs/msg/detail/ot_wpnt_array__functions.c.o[0m
[ 10%] [32mBuilding C object CMakeFiles/f110_msgs__rosidl_generator_c.dir/rosidl_generator_c/f110_msgs/msg/detail/opp_wpnt__functions.c.o[0m
[ 10%] [32mBuilding C object CMakeFiles/f110_msgs__rosidl_generator_c.dir/rosidl_generator_c/f110_msgs/msg/detail/pid_data__functions.c.o[0m
[ 12%] [32mBuilding C object CMakeFiles/f110_msgs__rosidl_generator_c.dir/rosidl_generator_c/f110_msgs/msg/detail/proj_opp_traj__functions.c.o[0m
[ 12%] [32mBuilding C object CMakeFiles/f110_msgs__rosidl_generator_c.dir/rosidl_generator_c/f110_msgs/msg/detail/proj_opp_point__functions.c.o[0m
[ 13%] [32mBuilding C object CMakeFiles/f110_msgs__rosidl_generator_c.dir/rosidl_generator_c/f110_msgs/msg/detail/wpnt_array__functions.c.o[0m
[ 13%] [32mBuilding C object CMakeFiles/f110_msgs__rosidl_generator_c.dir/rosidl_generator_c/f110_msgs/msg/detail/wpnt__functions.c.o[0m
[ 14%] [32m[1mLinking C shared library libf110_msgs__rosidl_generator_c.so[0m
[ 14%] Built target f110_msgs__rosidl_generator_c
[ 17%] [34m[1mGenerating C type support dispatch for ROS interfaces[0m
[ 17%] [34m[1mGenerating C type support for eProsima Fast-RTPS[0m
[ 17%] [34m[1mGenerating C introspection for ROS interfaces[0m
[ 21%] [32mBuilding CXX object CMakeFiles/f110_msgs__rosidl_typesupport_cpp.dir/rosidl_typesupport_cpp/f110_msgs/msg/opponent_trajectory__type_support.cpp.o[0m
[ 21%] [32mBuilding CXX object CMakeFiles/f110_msgs__rosidl_typesupport_cpp.dir/rosidl_typesupport_cpp/f110_msgs/msg/car_state_stamped__type_support.cpp.o[0m
[ 21%] [32mBuilding CXX object CMakeFiles/f110_msgs__rosidl_typesupport_cpp.dir/rosidl_typesupport_cpp/f110_msgs/msg/gap_data__type_support.cpp.o[0m
[ 21%] [32mBuilding CXX object CMakeFiles/f110_msgs__rosidl_typesupport_cpp.dir/rosidl_typesupport_cpp/f110_msgs/msg/obstacle__type_support.cpp.o[0m
[ 21%] [32mBuilding CXX object CMakeFiles/f110_msgs__rosidl_typesupport_cpp.dir/rosidl_typesupport_cpp/f110_msgs/msg/lap_data__type_support.cpp.o[0m
[ 21%] [32mBuilding CXX object CMakeFiles/f110_msgs__rosidl_typesupport_cpp.dir/rosidl_typesupport_cpp/f110_msgs/msg/car_state__type_support.cpp.o[0m
[ 22%] [32mBuilding CXX object CMakeFiles/f110_msgs__rosidl_typesupport_cpp.dir/rosidl_typesupport_cpp/f110_msgs/msg/obstacle_array__type_support.cpp.o[0m
[ 22%] [32mBuilding CXX object CMakeFiles/f110_msgs__rosidl_typesupport_cpp.dir/rosidl_typesupport_cpp/f110_msgs/msg/opponent_trajectories__type_support.cpp.o[0m
[ 23%] [32mBuilding CXX object CMakeFiles/f110_msgs__rosidl_typesupport_cpp.dir/rosidl_typesupport_cpp/f110_msgs/msg/ot_wpnt_array__type_support.cpp.o[0m
[ 24%] [32mBuilding CXX object CMakeFiles/f110_msgs__rosidl_typesupport_cpp.dir/rosidl_typesupport_cpp/f110_msgs/msg/opp_wpnt__type_support.cpp.o[0m
[ 24%] [32mBuilding CXX object CMakeFiles/f110_msgs__rosidl_typesupport_c.dir/rosidl_typesupport_c/f110_msgs/msg/car_state__type_support.cpp.o[0m
[ 25%] [32mBuilding CXX object CMakeFiles/f110_msgs__rosidl_typesupport_cpp.dir/rosidl_typesupport_cpp/f110_msgs/msg/pid_data__type_support.cpp.o[0m
[ 26%] [32mBuilding CXX object CMakeFiles/f110_msgs__rosidl_typesupport_c.dir/rosidl_typesupport_c/f110_msgs/msg/car_state_stamped__type_support.cpp.o[0m
[ 26%] [32mBuilding CXX object CMakeFiles/f110_msgs__rosidl_typesupport_cpp.dir/rosidl_typesupport_cpp/f110_msgs/msg/proj_opp_point__type_support.cpp.o[0m
[ 27%] [32mBuilding CXX object CMakeFiles/f110_msgs__rosidl_typesupport_cpp.dir/rosidl_typesupport_cpp/f110_msgs/msg/proj_opp_traj__type_support.cpp.o[0m
[ 28%] [32mBuilding CXX object CMakeFiles/f110_msgs__rosidl_typesupport_c.dir/rosidl_typesupport_c/f110_msgs/msg/gap_data__type_support.cpp.o[0m
[ 28%] [32mBuilding CXX object CMakeFiles/f110_msgs__rosidl_typesupport_c.dir/rosidl_typesupport_c/f110_msgs/msg/lap_data__type_support.cpp.o[0m
[ 29%] [32mBuilding CXX object CMakeFiles/f110_msgs__rosidl_typesupport_c.dir/rosidl_typesupport_c/f110_msgs/msg/obstacle__type_support.cpp.o[0m
[ 30%] [32mBuilding CXX object CMakeFiles/f110_msgs__rosidl_typesupport_c.dir/rosidl_typesupport_c/f110_msgs/msg/obstacle_array__type_support.cpp.o[0m
[ 31%] [32mBuilding CXX object CMakeFiles/f110_msgs__rosidl_typesupport_introspection_cpp.dir/rosidl_typesupport_introspection_cpp/f110_msgs/msg/detail/car_state__type_support.cpp.o[0m
[ 32%] [32mBuilding CXX object CMakeFiles/f110_msgs__rosidl_typesupport_cpp.dir/rosidl_typesupport_cpp/f110_msgs/msg/wpnt__type_support.cpp.o[0m
[ 33%] [32mBuilding CXX object CMakeFiles/f110_msgs__rosidl_typesupport_introspection_cpp.dir/rosidl_typesupport_introspection_cpp/f110_msgs/msg/detail/car_state_stamped__type_support.cpp.o[0m
[ 34%] [32mBuilding CXX object CMakeFiles/f110_msgs__rosidl_typesupport_c.dir/rosidl_typesupport_c/f110_msgs/msg/ot_wpnt_array__type_support.cpp.o[0m
[ 34%] [32mBuilding CXX object CMakeFiles/f110_msgs__rosidl_typesupport_introspection_cpp.dir/rosidl_typesupport_introspection_cpp/f110_msgs/msg/detail/gap_data__type_support.cpp.o[0m
[ 34%] [32mBuilding CXX object CMakeFiles/f110_msgs__rosidl_typesupport_c.dir/rosidl_typesupport_c/f110_msgs/msg/opponent_trajectory__type_support.cpp.o[0m
[ 34%] [32mBuilding CXX object CMakeFiles/f110_msgs__rosidl_typesupport_cpp.dir/rosidl_typesupport_cpp/f110_msgs/msg/wpnt_array__type_support.cpp.o[0m
[ 35%] [32mBuilding CXX object CMakeFiles/f110_msgs__rosidl_typesupport_c.dir/rosidl_typesupport_c/f110_msgs/msg/opponent_trajectories__type_support.cpp.o[0m
[ 36%] [32mBuilding CXX object CMakeFiles/f110_msgs__rosidl_typesupport_c.dir/rosidl_typesupport_c/f110_msgs/msg/opp_wpnt__type_support.cpp.o[0m
[ 37%] [32mBuilding CXX object CMakeFiles/f110_msgs__rosidl_typesupport_fastrtps_cpp.dir/rosidl_typesupport_fastrtps_cpp/f110_msgs/msg/detail/dds_fastrtps/car_state__type_support.cpp.o[0m
[ 38%] [32mBuilding CXX object CMakeFiles/f110_msgs__rosidl_typesupport_c.dir/rosidl_typesupport_c/f110_msgs/msg/proj_opp_point__type_support.cpp.o[0m
[ 38%] [32mBuilding CXX object CMakeFiles/f110_msgs__rosidl_typesupport_c.dir/rosidl_typesupport_c/f110_msgs/msg/pid_data__type_support.cpp.o[0m
[ 39%] [32mBuilding CXX object CMakeFiles/f110_msgs__rosidl_typesupport_introspection_cpp.dir/rosidl_typesupport_introspection_cpp/f110_msgs/msg/detail/lap_data__type_support.cpp.o[0m
[ 40%] [32mBuilding CXX object CMakeFiles/f110_msgs__rosidl_typesupport_c.dir/rosidl_typesupport_c/f110_msgs/msg/proj_opp_traj__type_support.cpp.o[0m
[ 41%] [32mBuilding CXX object CMakeFiles/f110_msgs__rosidl_typesupport_introspection_cpp.dir/rosidl_typesupport_introspection_cpp/f110_msgs/msg/detail/obstacle__type_support.cpp.o[0m
[ 41%] [32mBuilding CXX object CMakeFiles/f110_msgs__rosidl_typesupport_c.dir/rosidl_typesupport_c/f110_msgs/msg/wpnt__type_support.cpp.o[0m
[ 42%] [32mBuilding CXX object CMakeFiles/f110_msgs__rosidl_typesupport_introspection_cpp.dir/rosidl_typesupport_introspection_cpp/f110_msgs/msg/detail/obstacle_array__type_support.cpp.o[0m
[ 43%] [32mBuilding C object CMakeFiles/f110_msgs__rosidl_typesupport_introspection_c.dir/rosidl_typesupport_introspection_c/f110_msgs/msg/detail/car_state__type_support.c.o[0m
[ 44%] [32mBuilding CXX object CMakeFiles/f110_msgs__rosidl_typesupport_c.dir/rosidl_typesupport_c/f110_msgs/msg/wpnt_array__type_support.cpp.o[0m
[ 44%] [32mBuilding CXX object CMakeFiles/f110_msgs__rosidl_typesupport_introspection_cpp.dir/rosidl_typesupport_introspection_cpp/f110_msgs/msg/detail/ot_wpnt_array__type_support.cpp.o[0m
[ 45%] [32m[1mLinking CXX shared library libf110_msgs__rosidl_typesupport_c.so[0m
[ 45%] [32mBuilding C object CMakeFiles/f110_msgs__rosidl_typesupport_introspection_c.dir/rosidl_typesupport_introspection_c/f110_msgs/msg/detail/car_state_stamped__type_support.c.o[0m
[ 46%] [32mBuilding CXX object CMakeFiles/f110_msgs__rosidl_typesupport_introspection_cpp.dir/rosidl_typesupport_introspection_cpp/f110_msgs/msg/detail/opponent_trajectory__type_support.cpp.o[0m
[ 47%] [32mBuilding CXX object CMakeFiles/f110_msgs__rosidl_typesupport_introspection_cpp.dir/rosidl_typesupport_introspection_cpp/f110_msgs/msg/detail/opponent_trajectories__type_support.cpp.o[0m
[ 48%] [32mBuilding C object CMakeFiles/f110_msgs__rosidl_typesupport_introspection_c.dir/rosidl_typesupport_introspection_c/f110_msgs/msg/detail/gap_data__type_support.c.o[0m
[ 49%] [32m[1mLinking CXX shared library libf110_msgs__rosidl_typesupport_cpp.so[0m
[ 49%] Built target f110_msgs__rosidl_typesupport_c
[ 50%] [32mBuilding CXX object CMakeFiles/f110_msgs__rosidl_typesupport_fastrtps_c.dir/rosidl_typesupport_fastrtps_c/f110_msgs/msg/detail/car_state__type_support_c.cpp.o[0m
[ 51%] [32mBuilding C object CMakeFiles/f110_msgs__rosidl_typesupport_introspection_c.dir/rosidl_typesupport_introspection_c/f110_msgs/msg/detail/lap_data__type_support.c.o[0m
[ 52%] [32mBuilding CXX object CMakeFiles/f110_msgs__rosidl_typesupport_fastrtps_c.dir/rosidl_typesupport_fastrtps_c/f110_msgs/msg/detail/car_state_stamped__type_support_c.cpp.o[0m
[ 52%] [32mBuilding CXX object CMakeFiles/f110_msgs__rosidl_typesupport_fastrtps_cpp.dir/rosidl_typesupport_fastrtps_cpp/f110_msgs/msg/detail/dds_fastrtps/car_state_stamped__type_support.cpp.o[0m
[ 52%] Built target f110_msgs__rosidl_typesupport_cpp
[ 53%] [32mBuilding C object CMakeFiles/f110_msgs__rosidl_typesupport_introspection_c.dir/rosidl_typesupport_introspection_c/f110_msgs/msg/detail/obstacle__type_support.c.o[0m
[ 54%] [32mBuilding CXX object CMakeFiles/f110_msgs__rosidl_typesupport_fastrtps_c.dir/rosidl_typesupport_fastrtps_c/f110_msgs/msg/detail/lap_data__type_support_c.cpp.o[0m
[ 55%] [32mBuilding CXX object CMakeFiles/f110_msgs__rosidl_typesupport_fastrtps_c.dir/rosidl_typesupport_fastrtps_c/f110_msgs/msg/detail/gap_data__type_support_c.cpp.o[0m
[ 55%] [32mBuilding C object CMakeFiles/f110_msgs__rosidl_typesupport_introspection_c.dir/rosidl_typesupport_introspection_c/f110_msgs/msg/detail/obstacle_array__type_support.c.o[0m
[ 55%] [32mBuilding CXX object CMakeFiles/f110_msgs__rosidl_typesupport_fastrtps_c.dir/rosidl_typesupport_fastrtps_c/f110_msgs/msg/detail/obstacle__type_support_c.cpp.o[0m
[ 56%] [32mBuilding C object CMakeFiles/f110_msgs__rosidl_typesupport_introspection_c.dir/rosidl_typesupport_introspection_c/f110_msgs/msg/detail/ot_wpnt_array__type_support.c.o[0m
[ 57%] [32mBuilding C object CMakeFiles/f110_msgs__rosidl_typesupport_introspection_c.dir/rosidl_typesupport_introspection_c/f110_msgs/msg/detail/opponent_trajectory__type_support.c.o[0m
[ 57%] [32mBuilding CXX object CMakeFiles/f110_msgs__rosidl_typesupport_fastrtps_cpp.dir/rosidl_typesupport_fastrtps_cpp/f110_msgs/msg/detail/dds_fastrtps/gap_data__type_support.cpp.o[0m
[ 57%] [32mBuilding C object CMakeFiles/f110_msgs__rosidl_typesupport_introspection_c.dir/rosidl_typesupport_introspection_c/f110_msgs/msg/detail/opponent_trajectories__type_support.c.o[0m
[ 58%] [32mBuilding CXX object CMakeFiles/f110_msgs__rosidl_typesupport_fastrtps_c.dir/rosidl_typesupport_fastrtps_c/f110_msgs/msg/detail/obstacle_array__type_support_c.cpp.o[0m
[ 59%] [32mBuilding C object CMakeFiles/f110_msgs__rosidl_typesupport_introspection_c.dir/rosidl_typesupport_introspection_c/f110_msgs/msg/detail/opp_wpnt__type_support.c.o[0m
[ 59%] [32mBuilding CXX object CMakeFiles/f110_msgs__rosidl_typesupport_introspection_cpp.dir/rosidl_typesupport_introspection_cpp/f110_msgs/msg/detail/opp_wpnt__type_support.cpp.o[0m
[ 60%] [32mBuilding CXX object CMakeFiles/f110_msgs__rosidl_typesupport_fastrtps_c.dir/rosidl_typesupport_fastrtps_c/f110_msgs/msg/detail/ot_wpnt_array__type_support_c.cpp.o[0m
[ 61%] [32mBuilding C object CMakeFiles/f110_msgs__rosidl_typesupport_introspection_c.dir/rosidl_typesupport_introspection_c/f110_msgs/msg/detail/pid_data__type_support.c.o[0m
[ 61%] [32mBuilding CXX object CMakeFiles/f110_msgs__rosidl_typesupport_fastrtps_c.dir/rosidl_typesupport_fastrtps_c/f110_msgs/msg/detail/opponent_trajectory__type_support_c.cpp.o[0m
[ 62%] [32mBuilding CXX object CMakeFiles/f110_msgs__rosidl_typesupport_fastrtps_cpp.dir/rosidl_typesupport_fastrtps_cpp/f110_msgs/msg/detail/dds_fastrtps/lap_data__type_support.cpp.o[0m
[ 62%] [32mBuilding C object CMakeFiles/f110_msgs__rosidl_typesupport_introspection_c.dir/rosidl_typesupport_introspection_c/f110_msgs/msg/detail/proj_opp_point__type_support.c.o[0m
[ 63%] [32mBuilding CXX object CMakeFiles/f110_msgs__rosidl_typesupport_introspection_cpp.dir/rosidl_typesupport_introspection_cpp/f110_msgs/msg/detail/pid_data__type_support.cpp.o[0m
[ 64%] [32mBuilding CXX object CMakeFiles/f110_msgs__rosidl_typesupport_fastrtps_c.dir/rosidl_typesupport_fastrtps_c/f110_msgs/msg/detail/opponent_trajectories__type_support_c.cpp.o[0m
[ 66%] [32mBuilding CXX object CMakeFiles/f110_msgs__rosidl_typesupport_fastrtps_c.dir/rosidl_typesupport_fastrtps_c/f110_msgs/msg/detail/opp_wpnt__type_support_c.cpp.o[0m
[ 66%] [32mBuilding C object CMakeFiles/f110_msgs__rosidl_typesupport_introspection_c.dir/rosidl_typesupport_introspection_c/f110_msgs/msg/detail/proj_opp_traj__type_support.c.o[0m
[ 67%] [32mBuilding C object CMakeFiles/f110_msgs__rosidl_typesupport_introspection_c.dir/rosidl_typesupport_introspection_c/f110_msgs/msg/detail/wpnt__type_support.c.o[0m
[ 68%] [32mBuilding CXX object CMakeFiles/f110_msgs__rosidl_typesupport_fastrtps_cpp.dir/rosidl_typesupport_fastrtps_cpp/f110_msgs/msg/detail/dds_fastrtps/obstacle__type_support.cpp.o[0m
[ 69%] [32mBuilding CXX object CMakeFiles/f110_msgs__rosidl_typesupport_introspection_cpp.dir/rosidl_typesupport_introspection_cpp/f110_msgs/msg/detail/proj_opp_point__type_support.cpp.o[0m
[ 69%] [32mBuilding CXX object CMakeFiles/f110_msgs__rosidl_typesupport_fastrtps_cpp.dir/rosidl_typesupport_fastrtps_cpp/f110_msgs/msg/detail/dds_fastrtps/obstacle_array__type_support.cpp.o[0m
[ 70%] [32mBuilding C object CMakeFiles/f110_msgs__rosidl_typesupport_introspection_c.dir/rosidl_typesupport_introspection_c/f110_msgs/msg/detail/wpnt_array__type_support.c.o[0m
[ 70%] [32m[1mLinking C shared library libf110_msgs__rosidl_typesupport_introspection_c.so[0m
[ 71%] [32mBuilding CXX object CMakeFiles/f110_msgs__rosidl_typesupport_fastrtps_cpp.dir/rosidl_typesupport_fastrtps_cpp/f110_msgs/msg/detail/dds_fastrtps/ot_wpnt_array__type_support.cpp.o[0m
[ 72%] [32mBuilding CXX object CMakeFiles/f110_msgs__rosidl_typesupport_fastrtps_c.dir/rosidl_typesupport_fastrtps_c/f110_msgs/msg/detail/pid_data__type_support_c.cpp.o[0m
[ 72%] Built target f110_msgs__rosidl_typesupport_introspection_c
[ 72%] [32mBuilding CXX object CMakeFiles/f110_msgs__rosidl_typesupport_fastrtps_c.dir/rosidl_typesupport_fastrtps_c/f110_msgs/msg/detail/proj_opp_point__type_support_c.cpp.o[0m
[ 73%] [32mBuilding CXX object CMakeFiles/f110_msgs__rosidl_typesupport_fastrtps_cpp.dir/rosidl_typesupport_fastrtps_cpp/f110_msgs/msg/detail/dds_fastrtps/opponent_trajectory__type_support.cpp.o[0m
[ 74%] [32mBuilding CXX object CMakeFiles/f110_msgs__rosidl_typesupport_fastrtps_c.dir/rosidl_typesupport_fastrtps_c/f110_msgs/msg/detail/proj_opp_traj__type_support_c.cpp.o[0m
[ 74%] [32mBuilding CXX object CMakeFiles/f110_msgs__rosidl_typesupport_introspection_cpp.dir/rosidl_typesupport_introspection_cpp/f110_msgs/msg/detail/proj_opp_traj__type_support.cpp.o[0m
[ 75%] [32mBuilding CXX object CMakeFiles/f110_msgs__rosidl_typesupport_introspection_cpp.dir/rosidl_typesupport_introspection_cpp/f110_msgs/msg/detail/wpnt__type_support.cpp.o[0m
[ 76%] [32mBuilding CXX object CMakeFiles/f110_msgs__rosidl_typesupport_fastrtps_c.dir/rosidl_typesupport_fastrtps_c/f110_msgs/msg/detail/wpnt__type_support_c.cpp.o[0m
[ 77%] [32mBuilding CXX object CMakeFiles/f110_msgs__rosidl_typesupport_introspection_cpp.dir/rosidl_typesupport_introspection_cpp/f110_msgs/msg/detail/wpnt_array__type_support.cpp.o[0m
[ 77%] [32mBuilding CXX object CMakeFiles/f110_msgs__rosidl_typesupport_fastrtps_cpp.dir/rosidl_typesupport_fastrtps_cpp/f110_msgs/msg/detail/dds_fastrtps/opponent_trajectories__type_support.cpp.o[0m
[ 78%] [32mBuilding CXX object CMakeFiles/f110_msgs__rosidl_typesupport_fastrtps_cpp.dir/rosidl_typesupport_fastrtps_cpp/f110_msgs/msg/detail/dds_fastrtps/opp_wpnt__type_support.cpp.o[0m
[ 78%] [32mBuilding CXX object CMakeFiles/f110_msgs__rosidl_typesupport_fastrtps_c.dir/rosidl_typesupport_fastrtps_c/f110_msgs/msg/detail/wpnt_array__type_support_c.cpp.o[0m
[ 79%] [32mBuilding CXX object CMakeFiles/f110_msgs__rosidl_typesupport_fastrtps_cpp.dir/rosidl_typesupport_fastrtps_cpp/f110_msgs/msg/detail/dds_fastrtps/pid_data__type_support.cpp.o[0m
[ 80%] [32mBuilding CXX object CMakeFiles/f110_msgs__rosidl_typesupport_fastrtps_cpp.dir/rosidl_typesupport_fastrtps_cpp/f110_msgs/msg/detail/dds_fastrtps/proj_opp_point__type_support.cpp.o[0m
[ 80%] [32mBuilding CXX object CMakeFiles/f110_msgs__rosidl_typesupport_fastrtps_cpp.dir/rosidl_typesupport_fastrtps_cpp/f110_msgs/msg/detail/dds_fastrtps/proj_opp_traj__type_support.cpp.o[0m
[ 81%] [32mBuilding CXX object CMakeFiles/f110_msgs__rosidl_typesupport_fastrtps_cpp.dir/rosidl_typesupport_fastrtps_cpp/f110_msgs/msg/detail/dds_fastrtps/wpnt__type_support.cpp.o[0m
[ 82%] [32mBuilding CXX object CMakeFiles/f110_msgs__rosidl_typesupport_fastrtps_cpp.dir/rosidl_typesupport_fastrtps_cpp/f110_msgs/msg/detail/dds_fastrtps/wpnt_array__type_support.cpp.o[0m
[ 83%] [32m[1mLinking CXX shared library libf110_msgs__rosidl_typesupport_introspection_cpp.so[0m
[ 84%] [32m[1mLinking CXX shared library libf110_msgs__rosidl_typesupport_fastrtps_c.so[0m
[ 84%] Built target f110_msgs__rosidl_typesupport_introspection_cpp
[ 84%] Built target f110_msgs__rosidl_typesupport_fastrtps_c
[ 84%] [32m[1mLinking CXX shared library libf110_msgs__rosidl_typesupport_fastrtps_cpp.so[0m
[ 84%] Built target f110_msgs__rosidl_typesupport_fastrtps_cpp
[ 84%] Built target f110_msgs
[ 85%] [34m[1mGenerating Python code for ROS interfaces[0m
[ 85%] Built target f110_msgs__py
[ 87%] [32mBuilding C object CMakeFiles/f110_msgs__rosidl_generator_py.dir/rosidl_generator_py/f110_msgs/msg/_car_state_s.c.o[0m
[ 87%] [32mBuilding C object CMakeFiles/f110_msgs__rosidl_generator_py.dir/rosidl_generator_py/f110_msgs/msg/_gap_data_s.c.o[0m
[ 87%] [32mBuilding C object CMakeFiles/f110_msgs__rosidl_generator_py.dir/rosidl_generator_py/f110_msgs/msg/_car_state_stamped_s.c.o[0m
[ 88%] [32mBuilding C object CMakeFiles/f110_msgs__rosidl_generator_py.dir/rosidl_generator_py/f110_msgs/msg/_ot_wpnt_array_s.c.o[0m
[ 89%] [32mBuilding C object CMakeFiles/f110_msgs__rosidl_generator_py.dir/rosidl_generator_py/f110_msgs/msg/_lap_data_s.c.o[0m
[ 89%] [32mBuilding C object CMakeFiles/f110_msgs__rosidl_generator_py.dir/rosidl_generator_py/f110_msgs/msg/_obstacle_s.c.o[0m
[ 90%] [32mBuilding C object CMakeFiles/f110_msgs__rosidl_generator_py.dir/rosidl_generator_py/f110_msgs/msg/_opponent_trajectories_s.c.o[0m
[ 91%] [32mBuilding C object CMakeFiles/f110_msgs__rosidl_generator_py.dir/rosidl_generator_py/f110_msgs/msg/_obstacle_array_s.c.o[0m
[ 91%] [32mBuilding C object CMakeFiles/f110_msgs__rosidl_generator_py.dir/rosidl_generator_py/f110_msgs/msg/_pid_data_s.c.o[0m
[ 92%] [32mBuilding C object CMakeFiles/f110_msgs__rosidl_generator_py.dir/rosidl_generator_py/f110_msgs/msg/_opp_wpnt_s.c.o[0m
[ 93%] [32mBuilding C object CMakeFiles/f110_msgs__rosidl_generator_py.dir/rosidl_generator_py/f110_msgs/msg/_proj_opp_point_s.c.o[0m
[ 93%] [32mBuilding C object CMakeFiles/f110_msgs__rosidl_generator_py.dir/rosidl_generator_py/f110_msgs/msg/_opponent_trajectory_s.c.o[0m
[ 94%] [32mBuilding C object CMakeFiles/f110_msgs__rosidl_generator_py.dir/rosidl_generator_py/f110_msgs/msg/_wpnt_s.c.o[0m
[ 95%] [32mBuilding C object CMakeFiles/f110_msgs__rosidl_generator_py.dir/rosidl_generator_py/f110_msgs/msg/_proj_opp_traj_s.c.o[0m
[ 95%] [32mBuilding C object CMakeFiles/f110_msgs__rosidl_generator_py.dir/rosidl_generator_py/f110_msgs/msg/_wpnt_array_s.c.o[0m
[ 96%] [32m[1mLinking C shared library rosidl_generator_py/f110_msgs/libf110_msgs__rosidl_generator_py.so[0m
[ 96%] Built target f110_msgs__rosidl_generator_py
[ 99%] [32mBuilding C object CMakeFiles/f110_msgs__rosidl_typesupport_c__pyext.dir/rosidl_generator_py/f110_msgs/_f110_msgs_s.ep.rosidl_typesupport_c.c.o[0m
[ 99%] [32mBuilding C object CMakeFiles/f110_msgs__rosidl_typesupport_fastrtps_c__pyext.dir/rosidl_generator_py/f110_msgs/_f110_msgs_s.ep.rosidl_typesupport_fastrtps_c.c.o[0m
[ 99%] [32mBuilding C object CMakeFiles/f110_msgs__rosidl_typesupport_introspection_c__pyext.dir/rosidl_generator_py/f110_msgs/_f110_msgs_s.ep.rosidl_typesupport_introspection_c.c.o[0m
[ 99%] [32m[1mLinking C shared library rosidl_generator_py/f110_msgs/f110_msgs_s__rosidl_typesupport_fastrtps_c.cpython-310-x86_64-linux-gnu.so[0m
[100%] [32m[1mLinking C shared library rosidl_generator_py/f110_msgs/f110_msgs_s__rosidl_typesupport_introspection_c.cpython-310-x86_64-linux-gnu.so[0m
[100%] [32m[1mLinking C shared library rosidl_generator_py/f110_msgs/f110_msgs_s__rosidl_typesupport_c.cpython-310-x86_64-linux-gnu.so[0m
[100%] Built target f110_msgs__rosidl_typesupport_fastrtps_c__pyext
[100%] Built target f110_msgs__rosidl_typesupport_c__pyext
[100%] Built target f110_msgs__rosidl_typesupport_introspection_c__pyext
-- Install configuration: ""
-- Execute custom install script
-- Symlinking: /home/haejum-park/2026_IFAC/install/f110_msgs/share/ament_index/resource_index/rosidl_interfaces/f110_msgs
-- Symlinking: /home/haejum-park/2026_IFAC/install/f110_msgs/include/f110_msgs/f110_msgs/msg/car_state.h
-- Symlinking: /home/haejum-park/2026_IFAC/install/f110_msgs/include/f110_msgs/f110_msgs/msg/car_state_stamped.h
-- Symlinking: /home/haejum-park/2026_IFAC/install/f110_msgs/include/f110_msgs/f110_msgs/msg/detail/car_state__functions.h
-- Symlinking: /home/haejum-park/2026_IFAC/install/f110_msgs/include/f110_msgs/f110_msgs/msg/detail/car_state__struct.h
-- Symlinking: /home/haejum-park/2026_IFAC/install/f110_msgs/include/f110_msgs/f110_msgs/msg/detail/car_state__type_support.h
-- Symlinking: /home/haejum-park/2026_IFAC/install/f110_msgs/include/f110_msgs/f110_msgs/msg/detail/car_state_stamped__functions.h
-- Symlinking: /home/haejum-park/2026_IFAC/install/f110_msgs/include/f110_msgs/f110_msgs/msg/detail/car_state_stamped__struct.h
-- Symlinking: /home/haejum-park/2026_IFAC/install/f110_msgs/include/f110_msgs/f110_msgs/msg/detail/car_state_stamped__type_support.h
-- Symlinking: /home/haejum-park/2026_IFAC/install/f110_msgs/include/f110_msgs/f110_msgs/msg/detail/gap_data__functions.h
-- Symlinking: /home/haejum-park/2026_IFAC/install/f110_msgs/include/f110_msgs/f110_msgs/msg/detail/gap_data__struct.h
-- Symlinking: /home/haejum-park/2026_IFAC/install/f110_msgs/include/f110_msgs/f110_msgs/msg/detail/gap_data__type_support.h
-- Symlinking: /home/haejum-park/2026_IFAC/install/f110_msgs/include/f110_msgs/f110_msgs/msg/detail/lap_data__functions.h
-- Symlinking: /home/haejum-park/2026_IFAC/install/f110_msgs/include/f110_msgs/f110_msgs/msg/detail/lap_data__struct.h
-- Symlinking: /home/haejum-park/2026_IFAC/install/f110_msgs/include/f110_msgs/f110_msgs/msg/detail/lap_data__type_support.h
-- Symlinking: /home/haejum-park/2026_IFAC/install/f110_msgs/include/f110_msgs/f110_msgs/msg/detail/obstacle__functions.h
-- Symlinking: /home/haejum-park/2026_IFAC/install/f110_msgs/include/f110_msgs/f110_msgs/msg/detail/obstacle__struct.h
-- Symlinking: /home/haejum-park/2026_IFAC/install/f110_msgs/include/f110_msgs/f110_msgs/msg/detail/obstacle__type_support.h
-- Symlinking: /home/haejum-park/2026_IFAC/install/f110_msgs/include/f110_msgs/f110_msgs/msg/detail/obstacle_array__functions.h
-- Symlinking: /home/haejum-park/2026_IFAC/install/f110_msgs/include/f110_msgs/f110_msgs/msg/detail/obstacle_array__struct.h
-- Symlinking: /home/haejum-park/2026_IFAC/install/f110_msgs/include/f110_msgs/f110_msgs/msg/detail/obstacle_array__type_support.h
-- Symlinking: /home/haejum-park/2026_IFAC/install/f110_msgs/include/f110_msgs/f110_msgs/msg/detail/opp_wpnt__functions.h
-- Symlinking: /home/haejum-park/2026_IFAC/install/f110_msgs/include/f110_msgs/f110_msgs/msg/detail/opp_wpnt__struct.h
-- Symlinking: /home/haejum-park/2026_IFAC/install/f110_msgs/include/f110_msgs/f110_msgs/msg/detail/opp_wpnt__type_support.h
-- Symlinking: /home/haejum-park/2026_IFAC/install/f110_msgs/include/f110_msgs/f110_msgs/msg/detail/opponent_trajectories__functions.h
-- Symlinking: /home/haejum-park/2026_IFAC/install/f110_msgs/include/f110_msgs/f110_msgs/msg/detail/opponent_trajectories__struct.h
-- Symlinking: /home/haejum-park/2026_IFAC/install/f110_msgs/include/f110_msgs/f110_msgs/msg/detail/opponent_trajectories__type_support.h
-- Symlinking: /home/haejum-park/2026_IFAC/install/f110_msgs/include/f110_msgs/f110_msgs/msg/detail/opponent_trajectory__functions.h
-- Symlinking: /home/haejum-park/2026_IFAC/install/f110_msgs/include/f110_msgs/f110_msgs/msg/detail/opponent_trajectory__struct.h
-- Symlinking: /home/haejum-park/2026_IFAC/install/f110_msgs/include/f110_msgs/f110_msgs/msg/detail/opponent_trajectory__type_support.h
-- Symlinking: /home/haejum-park/2026_IFAC/install/f110_msgs/include/f110_msgs/f110_msgs/msg/detail/ot_wpnt_array__functions.h
-- Symlinking: /home/haejum-park/2026_IFAC/install/f110_msgs/include/f110_msgs/f110_msgs/msg/detail/ot_wpnt_array__struct.h
-- Symlinking: /home/haejum-park/2026_IFAC/install/f110_msgs/include/f110_msgs/f110_msgs/msg/detail/ot_wpnt_array__type_support.h
-- Symlinking: /home/haejum-park/2026_IFAC/install/f110_msgs/include/f110_msgs/f110_msgs/msg/detail/pid_data__functions.h
-- Symlinking: /home/haejum-park/2026_IFAC/install/f110_msgs/include/f110_msgs/f110_msgs/msg/detail/pid_data__struct.h
-- Symlinking: /home/haejum-park/2026_IFAC/install/f110_msgs/include/f110_msgs/f110_msgs/msg/detail/pid_data__type_support.h
-- Symlinking: /home/haejum-park/2026_IFAC/install/f110_msgs/include/f110_msgs/f110_msgs/msg/detail/proj_opp_point__functions.h
-- Symlinking: /home/haejum-park/2026_IFAC/install/f110_msgs/include/f110_msgs/f110_msgs/msg/detail/proj_opp_point__struct.h
-- Symlinking: /home/haejum-park/2026_IFAC/install/f110_msgs/include/f110_msgs/f110_msgs/msg/detail/proj_opp_point__type_support.h
-- Symlinking: /home/haejum-park/2026_IFAC/install/f110_msgs/include/f110_msgs/f110_msgs/msg/detail/proj_opp_traj__functions.h
-- Symlinking: /home/haejum-park/2026_IFAC/install/f110_msgs/include/f110_msgs/f110_msgs/msg/detail/proj_opp_traj__struct.h
-- Symlinking: /home/haejum-park/2026_IFAC/install/f110_msgs/include/f110_msgs/f110_msgs/msg/detail/proj_opp_traj__type_support.h
-- Symlinking: /home/haejum-park/2026_IFAC/install/f110_msgs/include/f110_msgs/f110_msgs/msg/detail/wpnt__functions.h
-- Symlinking: /home/haejum-park/2026_IFAC/install/f110_msgs/include/f110_msgs/f110_msgs/msg/detail/wpnt__struct.h
-- Symlinking: /home/haejum-park/2026_IFAC/install/f110_msgs/include/f110_msgs/f110_msgs/msg/detail/wpnt__type_support.h
-- Symlinking: /home/haejum-park/2026_IFAC/install/f110_msgs/include/f110_msgs/f110_msgs/msg/detail/wpnt_array__functions.h
-- Symlinking: /home/haejum-park/2026_IFAC/install/f110_msgs/include/f110_msgs/f110_msgs/msg/detail/wpnt_array__struct.h
-- Symlinking: /home/haejum-park/2026_IFAC/install/f110_msgs/include/f110_msgs/f110_msgs/msg/detail/wpnt_array__type_support.h
-- Symlinking: /home/haejum-park/2026_IFAC/install/f110_msgs/include/f110_msgs/f110_msgs/msg/gap_data.h
-- Symlinking: /home/haejum-park/2026_IFAC/install/f110_msgs/include/f110_msgs/f110_msgs/msg/lap_data.h
-- Symlinking: /home/haejum-park/2026_IFAC/install/f110_msgs/include/f110_msgs/f110_msgs/msg/obstacle.h
-- Symlinking: /home/haejum-park/2026_IFAC/install/f110_msgs/include/f110_msgs/f110_msgs/msg/obstacle_array.h
-- Symlinking: /home/haejum-park/2026_IFAC/install/f110_msgs/include/f110_msgs/f110_msgs/msg/opp_wpnt.h
-- Symlinking: /home/haejum-park/2026_IFAC/install/f110_msgs/include/f110_msgs/f110_msgs/msg/opponent_trajectories.h
-- Symlinking: /home/haejum-park/2026_IFAC/install/f110_msgs/include/f110_msgs/f110_msgs/msg/opponent_trajectory.h
-- Symlinking: /home/haejum-park/2026_IFAC/install/f110_msgs/include/f110_msgs/f110_msgs/msg/ot_wpnt_array.h
-- Symlinking: /home/haejum-park/2026_IFAC/install/f110_msgs/include/f110_msgs/f110_msgs/msg/pid_data.h
-- Symlinking: /home/haejum-park/2026_IFAC/install/f110_msgs/include/f110_msgs/f110_msgs/msg/proj_opp_point.h
-- Symlinking: /home/haejum-park/2026_IFAC/install/f110_msgs/include/f110_msgs/f110_msgs/msg/proj_opp_traj.h
-- Symlinking: /home/haejum-park/2026_IFAC/install/f110_msgs/include/f110_msgs/f110_msgs/msg/rosidl_generator_c__visibility_control.h
-- Symlinking: /home/haejum-park/2026_IFAC/install/f110_msgs/include/f110_msgs/f110_msgs/msg/wpnt.h
-- Symlinking: /home/haejum-park/2026_IFAC/install/f110_msgs/include/f110_msgs/f110_msgs/msg/wpnt_array.h
-- Symlinking: /home/haejum-park/2026_IFAC/install/f110_msgs/share/f110_msgs/environment/library_path.sh
-- Symlinking: /home/haejum-park/2026_IFAC/install/f110_msgs/share/f110_msgs/environment/library_path.dsv
-- Symlinking: /home/haejum-park/2026_IFAC/install/f110_msgs/include/f110_msgs/f110_msgs/msg/detail/car_state__rosidl_typesupport_fastrtps_c.h
-- Symlinking: /home/haejum-park/2026_IFAC/install/f110_msgs/include/f110_msgs/f110_msgs/msg/detail/car_state_stamped__rosidl_typesupport_fastrtps_c.h
-- Symlinking: /home/haejum-park/2026_IFAC/install/f110_msgs/include/f110_msgs/f110_msgs/msg/detail/gap_data__rosidl_typesupport_fastrtps_c.h
-- Symlinking: /home/haejum-park/2026_IFAC/install/f110_msgs/include/f110_msgs/f110_msgs/msg/detail/lap_data__rosidl_typesupport_fastrtps_c.h
-- Symlinking: /home/haejum-park/2026_IFAC/install/f110_msgs/include/f110_msgs/f110_msgs/msg/detail/obstacle__rosidl_typesupport_fastrtps_c.h
-- Symlinking: /home/haejum-park/2026_IFAC/install/f110_msgs/include/f110_msgs/f110_msgs/msg/detail/obstacle_array__rosidl_typesupport_fastrtps_c.h
-- Symlinking: /home/haejum-park/2026_IFAC/install/f110_msgs/include/f110_msgs/f110_msgs/msg/detail/opp_wpnt__rosidl_typesupport_fastrtps_c.h
-- Symlinking: /home/haejum-park/2026_IFAC/install/f110_msgs/include/f110_msgs/f110_msgs/msg/detail/opponent_trajectories__rosidl_typesupport_fastrtps_c.h
-- Symlinking: /home/haejum-park/2026_IFAC/install/f110_msgs/include/f110_msgs/f110_msgs/msg/detail/opponent_trajectory__rosidl_typesupport_fastrtps_c.h
-- Symlinking: /home/haejum-park/2026_IFAC/install/f110_msgs/include/f110_msgs/f110_msgs/msg/detail/ot_wpnt_array__rosidl_typesupport_fastrtps_c.h
-- Symlinking: /home/haejum-park/2026_IFAC/install/f110_msgs/include/f110_msgs/f110_msgs/msg/detail/pid_data__rosidl_typesupport_fastrtps_c.h
-- Symlinking: /home/haejum-park/2026_IFAC/install/f110_msgs/include/f110_msgs/f110_msgs/msg/detail/proj_opp_point__rosidl_typesupport_fastrtps_c.h
-- Symlinking: /home/haejum-park/2026_IFAC/install/f110_msgs/include/f110_msgs/f110_msgs/msg/detail/proj_opp_traj__rosidl_typesupport_fastrtps_c.h
-- Symlinking: /home/haejum-park/2026_IFAC/install/f110_msgs/include/f110_msgs/f110_msgs/msg/detail/wpnt__rosidl_typesupport_fastrtps_c.h
-- Symlinking: /home/haejum-park/2026_IFAC/install/f110_msgs/include/f110_msgs/f110_msgs/msg/detail/wpnt_array__rosidl_typesupport_fastrtps_c.h
-- Symlinking: /home/haejum-park/2026_IFAC/install/f110_msgs/include/f110_msgs/f110_msgs/msg/rosidl_typesupport_fastrtps_c__visibility_control.h
-- Symlinking: /home/haejum-park/2026_IFAC/install/f110_msgs/include/f110_msgs/f110_msgs/msg/detail/car_state__rosidl_typesupport_introspection_c.h
-- Symlinking: /home/haejum-park/2026_IFAC/install/f110_msgs/include/f110_msgs/f110_msgs/msg/detail/car_state_stamped__rosidl_typesupport_introspection_c.h
-- Symlinking: /home/haejum-park/2026_IFAC/install/f110_msgs/include/f110_msgs/f110_msgs/msg/detail/gap_data__rosidl_typesupport_introspection_c.h
-- Symlinking: /home/haejum-park/2026_IFAC/install/f110_msgs/include/f110_msgs/f110_msgs/msg/detail/lap_data__rosidl_typesupport_introspection_c.h
-- Symlinking: /home/haejum-park/2026_IFAC/install/f110_msgs/include/f110_msgs/f110_msgs/msg/detail/obstacle__rosidl_typesupport_introspection_c.h
-- Symlinking: /home/haejum-park/2026_IFAC/install/f110_msgs/include/f110_msgs/f110_msgs/msg/detail/obstacle_array__rosidl_typesupport_introspection_c.h
-- Symlinking: /home/haejum-park/2026_IFAC/install/f110_msgs/include/f110_msgs/f110_msgs/msg/detail/opp_wpnt__rosidl_typesupport_introspection_c.h
-- Symlinking: /home/haejum-park/2026_IFAC/install/f110_msgs/include/f110_msgs/f110_msgs/msg/detail/opponent_trajectories__rosidl_typesupport_introspection_c.h
-- Symlinking: /home/haejum-park/2026_IFAC/install/f110_msgs/include/f110_msgs/f110_msgs/msg/detail/opponent_trajectory__rosidl_typesupport_introspection_c.h
-- Symlinking: /home/haejum-park/2026_IFAC/install/f110_msgs/include/f110_msgs/f110_msgs/msg/detail/ot_wpnt_array__rosidl_typesupport_introspection_c.h
-- Symlinking: /home/haejum-park/2026_IFAC/install/f110_msgs/include/f110_msgs/f110_msgs/msg/detail/pid_data__rosidl_typesupport_introspection_c.h
-- Symlinking: /home/haejum-park/2026_IFAC/install/f110_msgs/include/f110_msgs/f110_msgs/msg/detail/proj_opp_point__rosidl_typesupport_introspection_c.h
-- Symlinking: /home/haejum-park/2026_IFAC/install/f110_msgs/include/f110_msgs/f110_msgs/msg/detail/proj_opp_traj__rosidl_typesupport_introspection_c.h
-- Symlinking: /home/haejum-park/2026_IFAC/install/f110_msgs/include/f110_msgs/f110_msgs/msg/detail/wpnt__rosidl_typesupport_introspection_c.h
-- Symlinking: /home/haejum-park/2026_IFAC/install/f110_msgs/include/f110_msgs/f110_msgs/msg/detail/wpnt_array__rosidl_typesupport_introspection_c.h
-- Symlinking: /home/haejum-park/2026_IFAC/install/f110_msgs/include/f110_msgs/f110_msgs/msg/rosidl_typesupport_introspection_c__visibility_control.h
-- Symlinking: /home/haejum-park/2026_IFAC/install/f110_msgs/include/f110_msgs/f110_msgs/msg/car_state.hpp
-- Symlinking: /home/haejum-park/2026_IFAC/install/f110_msgs/include/f110_msgs/f110_msgs/msg/car_state_stamped.hpp
-- Symlinking: /home/haejum-park/2026_IFAC/install/f110_msgs/include/f110_msgs/f110_msgs/msg/detail/car_state__builder.hpp
-- Symlinking: /home/haejum-park/2026_IFAC/install/f110_msgs/include/f110_msgs/f110_msgs/msg/detail/car_state__struct.hpp
-- Symlinking: /home/haejum-park/2026_IFAC/install/f110_msgs/include/f110_msgs/f110_msgs/msg/detail/car_state__traits.hpp
-- Symlinking: /home/haejum-park/2026_IFAC/install/f110_msgs/include/f110_msgs/f110_msgs/msg/detail/car_state__type_support.hpp
-- Symlinking: /home/haejum-park/2026_IFAC/install/f110_msgs/include/f110_msgs/f110_msgs/msg/detail/car_state_stamped__builder.hpp
-- Symlinking: /home/haejum-park/2026_IFAC/install/f110_msgs/include/f110_msgs/f110_msgs/msg/detail/car_state_stamped__struct.hpp
-- Symlinking: /home/haejum-park/2026_IFAC/install/f110_msgs/include/f110_msgs/f110_msgs/msg/detail/car_state_stamped__traits.hpp
-- Symlinking: /home/haejum-park/2026_IFAC/install/f110_msgs/include/f110_msgs/f110_msgs/msg/detail/car_state_stamped__type_support.hpp
-- Symlinking: /home/haejum-park/2026_IFAC/install/f110_msgs/include/f110_msgs/f110_msgs/msg/detail/gap_data__builder.hpp
-- Symlinking: /home/haejum-park/2026_IFAC/install/f110_msgs/include/f110_msgs/f110_msgs/msg/detail/gap_data__struct.hpp
-- Symlinking: /home/haejum-park/2026_IFAC/install/f110_msgs/include/f110_msgs/f110_msgs/msg/detail/gap_data__traits.hpp
-- Symlinking: /home/haejum-park/2026_IFAC/install/f110_msgs/include/f110_msgs/f110_msgs/msg/detail/gap_data__type_support.hpp
-- Symlinking: /home/haejum-park/2026_IFAC/install/f110_msgs/include/f110_msgs/f110_msgs/msg/detail/lap_data__builder.hpp
-- Symlinking: /home/haejum-park/2026_IFAC/install/f110_msgs/include/f110_msgs/f110_msgs/msg/detail/lap_data__struct.hpp
-- Symlinking: /home/haejum-park/2026_IFAC/install/f110_msgs/include/f110_msgs/f110_msgs/msg/detail/lap_data__traits.hpp
-- Symlinking: /home/haejum-park/2026_IFAC/install/f110_msgs/include/f110_msgs/f110_msgs/msg/detail/lap_data__type_support.hpp
-- Symlinking: /home/haejum-park/2026_IFAC/install/f110_msgs/include/f110_msgs/f110_msgs/msg/detail/obstacle__builder.hpp
-- Symlinking: /home/haejum-park/2026_IFAC/install/f110_msgs/include/f110_msgs/f110_msgs/msg/detail/obstacle__struct.hpp
-- Symlinking: /home/haejum-park/2026_IFAC/install/f110_msgs/include/f110_msgs/f110_msgs/msg/detail/obstacle__traits.hpp
-- Symlinking: /home/haejum-park/2026_IFAC/install/f110_msgs/include/f110_msgs/f110_msgs/msg/detail/obstacle__type_support.hpp
-- Symlinking: /home/haejum-park/2026_IFAC/install/f110_msgs/include/f110_msgs/f110_msgs/msg/detail/obstacle_array__builder.hpp
-- Symlinking: /home/haejum-park/2026_IFAC/install/f110_msgs/include/f110_msgs/f110_msgs/msg/detail/obstacle_array__struct.hpp
-- Symlinking: /home/haejum-park/2026_IFAC/install/f110_msgs/include/f110_msgs/f110_msgs/msg/detail/obstacle_array__traits.hpp
-- Symlinking: /home/haejum-park/2026_IFAC/install/f110_msgs/include/f110_msgs/f110_msgs/msg/detail/obstacle_array__type_support.hpp
-- Symlinking: /home/haejum-park/2026_IFAC/install/f110_msgs/include/f110_msgs/f110_msgs/msg/detail/opp_wpnt__builder.hpp
-- Symlinking: /home/haejum-park/2026_IFAC/install/f110_msgs/include/f110_msgs/f110_msgs/msg/detail/opp_wpnt__struct.hpp
-- Symlinking: /home/haejum-park/2026_IFAC/install/f110_msgs/include/f110_msgs/f110_msgs/msg/detail/opp_wpnt__traits.hpp
-- Symlinking: /home/haejum-park/2026_IFAC/install/f110_msgs/include/f110_msgs/f110_msgs/msg/detail/opp_wpnt__type_support.hpp
-- Symlinking: /home/haejum-park/2026_IFAC/install/f110_msgs/include/f110_msgs/f110_msgs/msg/detail/opponent_trajectories__builder.hpp
-- Symlinking: /home/haejum-park/2026_IFAC/install/f110_msgs/include/f110_msgs/f110_msgs/msg/detail/opponent_trajectories__struct.hpp
-- Symlinking: /home/haejum-park/2026_IFAC/install/f110_msgs/include/f110_msgs/f110_msgs/msg/detail/opponent_trajectories__traits.hpp
-- Symlinking: /home/haejum-park/2026_IFAC/install/f110_msgs/include/f110_msgs/f110_msgs/msg/detail/opponent_trajectories__type_support.hpp
-- Symlinking: /home/haejum-park/2026_IFAC/install/f110_msgs/include/f110_msgs/f110_msgs/msg/detail/opponent_trajectory__builder.hpp
-- Symlinking: /home/haejum-park/2026_IFAC/install/f110_msgs/include/f110_msgs/f110_msgs/msg/detail/opponent_trajectory__struct.hpp
-- Symlinking: /home/haejum-park/2026_IFAC/install/f110_msgs/include/f110_msgs/f110_msgs/msg/detail/opponent_trajectory__traits.hpp
-- Symlinking: /home/haejum-park/2026_IFAC/install/f110_msgs/include/f110_msgs/f110_msgs/msg/detail/opponent_trajectory__type_support.hpp
-- Symlinking: /home/haejum-park/2026_IFAC/install/f110_msgs/include/f110_msgs/f110_msgs/msg/detail/ot_wpnt_array__builder.hpp
-- Symlinking: /home/haejum-park/2026_IFAC/install/f110_msgs/include/f110_msgs/f110_msgs/msg/detail/ot_wpnt_array__struct.hpp
-- Symlinking: /home/haejum-park/2026_IFAC/install/f110_msgs/include/f110_msgs/f110_msgs/msg/detail/ot_wpnt_array__traits.hpp
-- Symlinking: /home/haejum-park/2026_IFAC/install/f110_msgs/include/f110_msgs/f110_msgs/msg/detail/ot_wpnt_array__type_support.hpp
-- Symlinking: /home/haejum-park/2026_IFAC/install/f110_msgs/include/f110_msgs/f110_msgs/msg/detail/pid_data__builder.hpp
-- Symlinking: /home/haejum-park/2026_IFAC/install/f110_msgs/include/f110_msgs/f110_msgs/msg/detail/pid_data__struct.hpp
-- Symlinking: /home/haejum-park/2026_IFAC/install/f110_msgs/include/f110_msgs/f110_msgs/msg/detail/pid_data__traits.hpp
-- Symlinking: /home/haejum-park/2026_IFAC/install/f110_msgs/include/f110_msgs/f110_msgs/msg/detail/pid_data__type_support.hpp
-- Symlinking: /home/haejum-park/2026_IFAC/install/f110_msgs/include/f110_msgs/f110_msgs/msg/detail/proj_opp_point__builder.hpp
-- Symlinking: /home/haejum-park/2026_IFAC/install/f110_msgs/include/f110_msgs/f110_msgs/msg/detail/proj_opp_point__struct.hpp
-- Symlinking: /home/haejum-park/2026_IFAC/install/f110_msgs/include/f110_msgs/f110_msgs/msg/detail/proj_opp_point__traits.hpp
-- Symlinking: /home/haejum-park/2026_IFAC/install/f110_msgs/include/f110_msgs/f110_msgs/msg/detail/proj_opp_point__type_support.hpp
-- Symlinking: /home/haejum-park/2026_IFAC/install/f110_msgs/include/f110_msgs/f110_msgs/msg/detail/proj_opp_traj__builder.hpp
-- Symlinking: /home/haejum-park/2026_IFAC/install/f110_msgs/include/f110_msgs/f110_msgs/msg/detail/proj_opp_traj__struct.hpp
-- Symlinking: /home/haejum-park/2026_IFAC/install/f110_msgs/include/f110_msgs/f110_msgs/msg/detail/proj_opp_traj__traits.hpp
-- Symlinking: /home/haejum-park/2026_IFAC/install/f110_msgs/include/f110_msgs/f110_msgs/msg/detail/proj_opp_traj__type_support.hpp
-- Symlinking: /home/haejum-park/2026_IFAC/install/f110_msgs/include/f110_msgs/f110_msgs/msg/detail/wpnt__builder.hpp
-- Symlinking: /home/haejum-park/2026_IFAC/install/f110_msgs/include/f110_msgs/f110_msgs/msg/detail/wpnt__struct.hpp
-- Symlinking: /home/haejum-park/2026_IFAC/install/f110_msgs/include/f110_msgs/f110_msgs/msg/detail/wpnt__traits.hpp
-- Symlinking: /home/haejum-park/2026_IFAC/install/f110_msgs/include/f110_msgs/f110_msgs/msg/detail/wpnt__type_support.hpp
-- Symlinking: /home/haejum-park/2026_IFAC/install/f110_msgs/include/f110_msgs/f110_msgs/msg/detail/wpnt_array__builder.hpp
-- Symlinking: /home/haejum-park/2026_IFAC/install/f110_msgs/include/f110_msgs/f110_msgs/msg/detail/wpnt_array__struct.hpp
-- Symlinking: /home/haejum-park/2026_IFAC/install/f110_msgs/include/f110_msgs/f110_msgs/msg/detail/wpnt_array__traits.hpp
-- Symlinking: /home/haejum-park/2026_IFAC/install/f110_msgs/include/f110_msgs/f110_msgs/msg/detail/wpnt_array__type_support.hpp
-- Symlinking: /home/haejum-park/2026_IFAC/install/f110_msgs/include/f110_msgs/f110_msgs/msg/gap_data.hpp
-- Symlinking: /home/haejum-park/2026_IFAC/install/f110_msgs/include/f110_msgs/f110_msgs/msg/lap_data.hpp
-- Symlinking: /home/haejum-park/2026_IFAC/install/f110_msgs/include/f110_msgs/f110_msgs/msg/obstacle.hpp
-- Symlinking: /home/haejum-park/2026_IFAC/install/f110_msgs/include/f110_msgs/f110_msgs/msg/obstacle_array.hpp
-- Symlinking: /home/haejum-park/2026_IFAC/install/f110_msgs/include/f110_msgs/f110_msgs/msg/opp_wpnt.hpp
-- Symlinking: /home/haejum-park/2026_IFAC/install/f110_msgs/include/f110_msgs/f110_msgs/msg/opponent_trajectories.hpp
-- Symlinking: /home/haejum-park/2026_IFAC/install/f110_msgs/include/f110_msgs/f110_msgs/msg/opponent_trajectory.hpp
-- Symlinking: /home/haejum-park/2026_IFAC/install/f110_msgs/include/f110_msgs/f110_msgs/msg/ot_wpnt_array.hpp
-- Symlinking: /home/haejum-park/2026_IFAC/install/f110_msgs/include/f110_msgs/f110_msgs/msg/pid_data.hpp
-- Symlinking: /home/haejum-park/2026_IFAC/install/f110_msgs/include/f110_msgs/f110_msgs/msg/proj_opp_point.hpp
-- Symlinking: /home/haejum-park/2026_IFAC/install/f110_msgs/include/f110_msgs/f110_msgs/msg/proj_opp_traj.hpp
-- Symlinking: /home/haejum-park/2026_IFAC/install/f110_msgs/include/f110_msgs/f110_msgs/msg/rosidl_generator_cpp__visibility_control.hpp
-- Symlinking: /home/haejum-park/2026_IFAC/install/f110_msgs/include/f110_msgs/f110_msgs/msg/wpnt.hpp
-- Symlinking: /home/haejum-park/2026_IFAC/install/f110_msgs/include/f110_msgs/f110_msgs/msg/wpnt_array.hpp
-- Symlinking: /home/haejum-park/2026_IFAC/install/f110_msgs/include/f110_msgs/f110_msgs/msg/detail/car_state__rosidl_typesupport_fastrtps_cpp.hpp
-- Symlinking: /home/haejum-park/2026_IFAC/install/f110_msgs/include/f110_msgs/f110_msgs/msg/detail/car_state_stamped__rosidl_typesupport_fastrtps_cpp.hpp
-- Symlinking: /home/haejum-park/2026_IFAC/install/f110_msgs/include/f110_msgs/f110_msgs/msg/detail/gap_data__rosidl_typesupport_fastrtps_cpp.hpp
-- Symlinking: /home/haejum-park/2026_IFAC/install/f110_msgs/include/f110_msgs/f110_msgs/msg/detail/lap_data__rosidl_typesupport_fastrtps_cpp.hpp
-- Symlinking: /home/haejum-park/2026_IFAC/install/f110_msgs/include/f110_msgs/f110_msgs/msg/detail/obstacle__rosidl_typesupport_fastrtps_cpp.hpp
-- Symlinking: /home/haejum-park/2026_IFAC/install/f110_msgs/include/f110_msgs/f110_msgs/msg/detail/obstacle_array__rosidl_typesupport_fastrtps_cpp.hpp
-- Symlinking: /home/haejum-park/2026_IFAC/install/f110_msgs/include/f110_msgs/f110_msgs/msg/detail/opp_wpnt__rosidl_typesupport_fastrtps_cpp.hpp
-- Symlinking: /home/haejum-park/2026_IFAC/install/f110_msgs/include/f110_msgs/f110_msgs/msg/detail/opponent_trajectories__rosidl_typesupport_fastrtps_cpp.hpp
-- Symlinking: /home/haejum-park/2026_IFAC/install/f110_msgs/include/f110_msgs/f110_msgs/msg/detail/opponent_trajectory__rosidl_typesupport_fastrtps_cpp.hpp
-- Symlinking: /home/haejum-park/2026_IFAC/install/f110_msgs/include/f110_msgs/f110_msgs/msg/detail/ot_wpnt_array__rosidl_typesupport_fastrtps_cpp.hpp
-- Symlinking: /home/haejum-park/2026_IFAC/install/f110_msgs/include/f110_msgs/f110_msgs/msg/detail/pid_data__rosidl_typesupport_fastrtps_cpp.hpp
-- Symlinking: /home/haejum-park/2026_IFAC/install/f110_msgs/include/f110_msgs/f110_msgs/msg/detail/proj_opp_point__rosidl_typesupport_fastrtps_cpp.hpp
-- Symlinking: /home/haejum-park/2026_IFAC/install/f110_msgs/include/f110_msgs/f110_msgs/msg/detail/proj_opp_traj__rosidl_typesupport_fastrtps_cpp.hpp
-- Symlinking: /home/haejum-park/2026_IFAC/install/f110_msgs/include/f110_msgs/f110_msgs/msg/detail/wpnt__rosidl_typesupport_fastrtps_cpp.hpp
-- Symlinking: /home/haejum-park/2026_IFAC/install/f110_msgs/include/f110_msgs/f110_msgs/msg/detail/wpnt_array__rosidl_typesupport_fastrtps_cpp.hpp
-- Symlinking: /home/haejum-park/2026_IFAC/install/f110_msgs/include/f110_msgs/f110_msgs/msg/rosidl_typesupport_fastrtps_cpp__visibility_control.h
-- Symlinking: /home/haejum-park/2026_IFAC/install/f110_msgs/include/f110_msgs/f110_msgs/msg/detail/car_state__rosidl_typesupport_introspection_cpp.hpp
-- Symlinking: /home/haejum-park/2026_IFAC/install/f110_msgs/include/f110_msgs/f110_msgs/msg/detail/car_state_stamped__rosidl_typesupport_introspection_cpp.hpp
-- Symlinking: /home/haejum-park/2026_IFAC/install/f110_msgs/include/f110_msgs/f110_msgs/msg/detail/gap_data__rosidl_typesupport_introspection_cpp.hpp
-- Symlinking: /home/haejum-park/2026_IFAC/install/f110_msgs/include/f110_msgs/f110_msgs/msg/detail/lap_data__rosidl_typesupport_introspection_cpp.hpp
-- Symlinking: /home/haejum-park/2026_IFAC/install/f110_msgs/include/f110_msgs/f110_msgs/msg/detail/obstacle__rosidl_typesupport_introspection_cpp.hpp
-- Symlinking: /home/haejum-park/2026_IFAC/install/f110_msgs/include/f110_msgs/f110_msgs/msg/detail/obstacle_array__rosidl_typesupport_introspection_cpp.hpp
-- Symlinking: /home/haejum-park/2026_IFAC/install/f110_msgs/include/f110_msgs/f110_msgs/msg/detail/opp_wpnt__rosidl_typesupport_introspection_cpp.hpp
-- Symlinking: /home/haejum-park/2026_IFAC/install/f110_msgs/include/f110_msgs/f110_msgs/msg/detail/opponent_trajectories__rosidl_typesupport_introspection_cpp.hpp
-- Symlinking: /home/haejum-park/2026_IFAC/install/f110_msgs/include/f110_msgs/f110_msgs/msg/detail/opponent_trajectory__rosidl_typesupport_introspection_cpp.hpp
-- Symlinking: /home/haejum-park/2026_IFAC/install/f110_msgs/include/f110_msgs/f110_msgs/msg/detail/ot_wpnt_array__rosidl_typesupport_introspection_cpp.hpp
-- Symlinking: /home/haejum-park/2026_IFAC/install/f110_msgs/include/f110_msgs/f110_msgs/msg/detail/pid_data__rosidl_typesupport_introspection_cpp.hpp
-- Symlinking: /home/haejum-park/2026_IFAC/install/f110_msgs/include/f110_msgs/f110_msgs/msg/detail/proj_opp_point__rosidl_typesupport_introspection_cpp.hpp
-- Symlinking: /home/haejum-park/2026_IFAC/install/f110_msgs/include/f110_msgs/f110_msgs/msg/detail/proj_opp_traj__rosidl_typesupport_introspection_cpp.hpp
-- Symlinking: /home/haejum-park/2026_IFAC/install/f110_msgs/include/f110_msgs/f110_msgs/msg/detail/wpnt__rosidl_typesupport_introspection_cpp.hpp
-- Symlinking: /home/haejum-park/2026_IFAC/install/f110_msgs/include/f110_msgs/f110_msgs/msg/detail/wpnt_array__rosidl_typesupport_introspection_cpp.hpp
-- Symlinking: /home/haejum-park/2026_IFAC/install/f110_msgs/share/f110_msgs/environment/pythonpath.sh
-- Symlinking: /home/haejum-park/2026_IFAC/install/f110_msgs/share/f110_msgs/environment/pythonpath.dsv
-- Symlinking: /home/haejum-park/2026_IFAC/install/f110_msgs/local/lib/python3.10/dist-packages/f110_msgs-0.0.1-py3.10.egg-info/PKG-INFO
-- Symlinking: /home/haejum-park/2026_IFAC/install/f110_msgs/local/lib/python3.10/dist-packages/f110_msgs-0.0.1-py3.10.egg-info/SOURCES.txt
-- Symlinking: /home/haejum-park/2026_IFAC/install/f110_msgs/local/lib/python3.10/dist-packages/f110_msgs-0.0.1-py3.10.egg-info/dependency_links.txt
-- Symlinking: /home/haejum-park/2026_IFAC/install/f110_msgs/local/lib/python3.10/dist-packages/f110_msgs-0.0.1-py3.10.egg-info/top_level.txt
-- Symlinking: /home/haejum-park/2026_IFAC/install/f110_msgs/local/lib/python3.10/dist-packages/f110_msgs/__init__.py
-- Symlinking: /home/haejum-park/2026_IFAC/install/f110_msgs/local/lib/python3.10/dist-packages/f110_msgs/_f110_msgs_s.ep.rosidl_typesupport_c.c
-- Symlinking: /home/haejum-park/2026_IFAC/install/f110_msgs/local/lib/python3.10/dist-packages/f110_msgs/_f110_msgs_s.ep.rosidl_typesupport_fastrtps_c.c
-- Symlinking: /home/haejum-park/2026_IFAC/install/f110_msgs/local/lib/python3.10/dist-packages/f110_msgs/_f110_msgs_s.ep.rosidl_typesupport_introspection_c.c
-- Symlinking: /home/haejum-park/2026_IFAC/install/f110_msgs/local/lib/python3.10/dist-packages/f110_msgs/f110_msgs_s__rosidl_typesupport_c.cpython-310-x86_64-linux-gnu.so
-- Symlinking: /home/haejum-park/2026_IFAC/install/f110_msgs/local/lib/python3.10/dist-packages/f110_msgs/f110_msgs_s__rosidl_typesupport_fastrtps_c.cpython-310-x86_64-linux-gnu.so
-- Symlinking: /home/haejum-park/2026_IFAC/install/f110_msgs/local/lib/python3.10/dist-packages/f110_msgs/f110_msgs_s__rosidl_typesupport_introspection_c.cpython-310-x86_64-linux-gnu.so
-- Symlinking: /home/haejum-park/2026_IFAC/install/f110_msgs/local/lib/python3.10/dist-packages/f110_msgs/libf110_msgs__rosidl_generator_py.so
-- Symlinking: /home/haejum-park/2026_IFAC/install/f110_msgs/local/lib/python3.10/dist-packages/f110_msgs/msg/__init__.py
-- Symlinking: /home/haejum-park/2026_IFAC/install/f110_msgs/local/lib/python3.10/dist-packages/f110_msgs/msg/_car_state.py
-- Symlinking: /home/haejum-park/2026_IFAC/install/f110_msgs/local/lib/python3.10/dist-packages/f110_msgs/msg/_car_state_s.c
-- Symlinking: /home/haejum-park/2026_IFAC/install/f110_msgs/local/lib/python3.10/dist-packages/f110_msgs/msg/_car_state_stamped.py
-- Symlinking: /home/haejum-park/2026_IFAC/install/f110_msgs/local/lib/python3.10/dist-packages/f110_msgs/msg/_car_state_stamped_s.c
-- Symlinking: /home/haejum-park/2026_IFAC/install/f110_msgs/local/lib/python3.10/dist-packages/f110_msgs/msg/_gap_data.py
-- Symlinking: /home/haejum-park/2026_IFAC/install/f110_msgs/local/lib/python3.10/dist-packages/f110_msgs/msg/_gap_data_s.c
-- Symlinking: /home/haejum-park/2026_IFAC/install/f110_msgs/local/lib/python3.10/dist-packages/f110_msgs/msg/_lap_data.py
-- Symlinking: /home/haejum-park/2026_IFAC/install/f110_msgs/local/lib/python3.10/dist-packages/f110_msgs/msg/_lap_data_s.c
-- Symlinking: /home/haejum-park/2026_IFAC/install/f110_msgs/local/lib/python3.10/dist-packages/f110_msgs/msg/_obstacle.py
-- Symlinking: /home/haejum-park/2026_IFAC/install/f110_msgs/local/lib/python3.10/dist-packages/f110_msgs/msg/_obstacle_array.py
-- Symlinking: /home/haejum-park/2026_IFAC/install/f110_msgs/local/lib/python3.10/dist-packages/f110_msgs/msg/_obstacle_array_s.c
-- Symlinking: /home/haejum-park/2026_IFAC/install/f110_msgs/local/lib/python3.10/dist-packages/f110_msgs/msg/_obstacle_s.c
-- Symlinking: /home/haejum-park/2026_IFAC/install/f110_msgs/local/lib/python3.10/dist-packages/f110_msgs/msg/_opp_wpnt.py
-- Symlinking: /home/haejum-park/2026_IFAC/install/f110_msgs/local/lib/python3.10/dist-packages/f110_msgs/msg/_opp_wpnt_s.c
-- Symlinking: /home/haejum-park/2026_IFAC/install/f110_msgs/local/lib/python3.10/dist-packages/f110_msgs/msg/_opponent_trajectories.py
-- Symlinking: /home/haejum-park/2026_IFAC/install/f110_msgs/local/lib/python3.10/dist-packages/f110_msgs/msg/_opponent_trajectories_s.c
-- Symlinking: /home/haejum-park/2026_IFAC/install/f110_msgs/local/lib/python3.10/dist-packages/f110_msgs/msg/_opponent_trajectory.py
-- Symlinking: /home/haejum-park/2026_IFAC/install/f110_msgs/local/lib/python3.10/dist-packages/f110_msgs/msg/_opponent_trajectory_s.c
-- Symlinking: /home/haejum-park/2026_IFAC/install/f110_msgs/local/lib/python3.10/dist-packages/f110_msgs/msg/_ot_wpnt_array.py
-- Symlinking: /home/haejum-park/2026_IFAC/install/f110_msgs/local/lib/python3.10/dist-packages/f110_msgs/msg/_ot_wpnt_array_s.c
-- Symlinking: /home/haejum-park/2026_IFAC/install/f110_msgs/local/lib/python3.10/dist-packages/f110_msgs/msg/_pid_data.py
-- Symlinking: /home/haejum-park/2026_IFAC/install/f110_msgs/local/lib/python3.10/dist-packages/f110_msgs/msg/_pid_data_s.c
-- Symlinking: /home/haejum-park/2026_IFAC/install/f110_msgs/local/lib/python3.10/dist-packages/f110_msgs/msg/_proj_opp_point.py
-- Symlinking: /home/haejum-park/2026_IFAC/install/f110_msgs/local/lib/python3.10/dist-packages/f110_msgs/msg/_proj_opp_point_s.c
-- Symlinking: /home/haejum-park/2026_IFAC/install/f110_msgs/local/lib/python3.10/dist-packages/f110_msgs/msg/_proj_opp_traj.py
-- Symlinking: /home/haejum-park/2026_IFAC/install/f110_msgs/local/lib/python3.10/dist-packages/f110_msgs/msg/_proj_opp_traj_s.c
-- Symlinking: /home/haejum-park/2026_IFAC/install/f110_msgs/local/lib/python3.10/dist-packages/f110_msgs/msg/_wpnt.py
-- Symlinking: /home/haejum-park/2026_IFAC/install/f110_msgs/local/lib/python3.10/dist-packages/f110_msgs/msg/_wpnt_array.py
-- Symlinking: /home/haejum-park/2026_IFAC/install/f110_msgs/local/lib/python3.10/dist-packages/f110_msgs/msg/_wpnt_array_s.c
-- Symlinking: /home/haejum-park/2026_IFAC/install/f110_msgs/local/lib/python3.10/dist-packages/f110_msgs/msg/_wpnt_s.c
-- Up-to-date symlink: /home/haejum-park/2026_IFAC/install/f110_msgs/local/lib/python3.10/dist-packages/f110_msgs/f110_msgs_s__rosidl_typesupport_fastrtps_c.cpython-310-x86_64-linux-gnu.so
-- Up-to-date symlink: /home/haejum-park/2026_IFAC/install/f110_msgs/local/lib/python3.10/dist-packages/f110_msgs/f110_msgs_s__rosidl_typesupport_introspection_c.cpython-310-x86_64-linux-gnu.so
-- Up-to-date symlink: /home/haejum-park/2026_IFAC/install/f110_msgs/local/lib/python3.10/dist-packages/f110_msgs/f110_msgs_s__rosidl_typesupport_c.cpython-310-x86_64-linux-gnu.so
-- Symlinking: /home/haejum-park/2026_IFAC/install/f110_msgs/share/f110_msgs/msg/CarState.idl
-- Symlinking: /home/haejum-park/2026_IFAC/install/f110_msgs/share/f110_msgs/msg/CarStateStamped.idl
-- Symlinking: /home/haejum-park/2026_IFAC/install/f110_msgs/share/f110_msgs/msg/GapData.idl
-- Symlinking: /home/haejum-park/2026_IFAC/install/f110_msgs/share/f110_msgs/msg/LapData.idl
-- Symlinking: /home/haejum-park/2026_IFAC/install/f110_msgs/share/f110_msgs/msg/Obstacle.idl
-- Symlinking: /home/haejum-park/2026_IFAC/install/f110_msgs/share/f110_msgs/msg/ObstacleArray.idl
-- Symlinking: /home/haejum-park/2026_IFAC/install/f110_msgs/share/f110_msgs/msg/OTWpntArray.idl
-- Symlinking: /home/haejum-park/2026_IFAC/install/f110_msgs/share/f110_msgs/msg/OpponentTrajectory.idl
-- Symlinking: /home/haejum-park/2026_IFAC/install/f110_msgs/share/f110_msgs/msg/OpponentTrajectories.idl
-- Symlinking: /home/haejum-park/2026_IFAC/install/f110_msgs/share/f110_msgs/msg/OppWpnt.idl
-- Symlinking: /home/haejum-park/2026_IFAC/install/f110_msgs/share/f110_msgs/msg/PidData.idl
-- Symlinking: /home/haejum-park/2026_IFAC/install/f110_msgs/share/f110_msgs/msg/ProjOppPoint.idl
-- Symlinking: /home/haejum-park/2026_IFAC/install/f110_msgs/share/f110_msgs/msg/ProjOppTraj.idl
-- Symlinking: /home/haejum-park/2026_IFAC/install/f110_msgs/share/f110_msgs/msg/Wpnt.idl
-- Symlinking: /home/haejum-park/2026_IFAC/install/f110_msgs/share/f110_msgs/msg/WpntArray.idl
-- Symlinking: /home/haejum-park/2026_IFAC/install/f110_msgs/share/f110_msgs/msg/CarState.msg
-- Symlinking: /home/haejum-park/2026_IFAC/install/f110_msgs/share/f110_msgs/msg/CarStateStamped.msg
-- Symlinking: /home/haejum-park/2026_IFAC/install/f110_msgs/share/f110_msgs/msg/GapData.msg
-- Symlinking: /home/haejum-park/2026_IFAC/install/f110_msgs/share/f110_msgs/msg/LapData.msg
-- Symlinking: /home/haejum-park/2026_IFAC/install/f110_msgs/share/f110_msgs/msg/Obstacle.msg
-- Symlinking: /home/haejum-park/2026_IFAC/install/f110_msgs/share/f110_msgs/msg/ObstacleArray.msg
-- Symlinking: /home/haejum-park/2026_IFAC/install/f110_msgs/share/f110_msgs/msg/OTWpntArray.msg
-- Symlinking: /home/haejum-park/2026_IFAC/install/f110_msgs/share/f110_msgs/msg/OpponentTrajectory.msg
-- Symlinking: /home/haejum-park/2026_IFAC/install/f110_msgs/share/f110_msgs/msg/OpponentTrajectories.msg
-- Symlinking: /home/haejum-park/2026_IFAC/install/f110_msgs/share/f110_msgs/msg/OppWpnt.msg
-- Symlinking: /home/haejum-park/2026_IFAC/install/f110_msgs/share/f110_msgs/msg/PidData.msg
-- Symlinking: /home/haejum-park/2026_IFAC/install/f110_msgs/share/f110_msgs/msg/ProjOppPoint.msg
-- Symlinking: /home/haejum-park/2026_IFAC/install/f110_msgs/share/f110_msgs/msg/ProjOppTraj.msg
-- Symlinking: /home/haejum-park/2026_IFAC/install/f110_msgs/share/f110_msgs/msg/Wpnt.msg
-- Symlinking: /home/haejum-park/2026_IFAC/install/f110_msgs/share/f110_msgs/msg/WpntArray.msg
-- Symlinking: /home/haejum-park/2026_IFAC/install/f110_msgs/share/ament_index/resource_index/package_run_dependencies/f110_msgs
-- Symlinking: /home/haejum-park/2026_IFAC/install/f110_msgs/share/ament_index/resource_index/parent_prefix_path/f110_msgs
-- Symlinking: /home/haejum-park/2026_IFAC/install/f110_msgs/share/f110_msgs/environment/ament_prefix_path.sh
-- Symlinking: /home/haejum-park/2026_IFAC/install/f110_msgs/share/f110_msgs/environment/ament_prefix_path.dsv
-- Symlinking: /home/haejum-park/2026_IFAC/install/f110_msgs/share/f110_msgs/environment/path.sh
-- Symlinking: /home/haejum-park/2026_IFAC/install/f110_msgs/share/f110_msgs/environment/path.dsv
-- Symlinking: /home/haejum-park/2026_IFAC/install/f110_msgs/share/f110_msgs/local_setup.bash
-- Symlinking: /home/haejum-park/2026_IFAC/install/f110_msgs/share/f110_msgs/local_setup.sh
-- Symlinking: /home/haejum-park/2026_IFAC/install/f110_msgs/share/f110_msgs/local_setup.zsh
-- Symlinking: /home/haejum-park/2026_IFAC/install/f110_msgs/share/f110_msgs/local_setup.dsv
-- Symlinking: /home/haejum-park/2026_IFAC/install/f110_msgs/share/f110_msgs/package.dsv
-- Symlinking: /home/haejum-park/2026_IFAC/install/f110_msgs/share/ament_index/resource_index/packages/f110_msgs
-- Symlinking: /home/haejum-park/2026_IFAC/install/f110_msgs/share/f110_msgs/cmake/rosidl_cmake-extras.cmake
-- Symlinking: /home/haejum-park/2026_IFAC/install/f110_msgs/share/f110_msgs/cmake/ament_cmake_export_dependencies-extras.cmake
-- Symlinking: /home/haejum-park/2026_IFAC/install/f110_msgs/share/f110_msgs/cmake/ament_cmake_export_include_directories-extras.cmake
-- Symlinking: /home/haejum-park/2026_IFAC/install/f110_msgs/share/f110_msgs/cmake/ament_cmake_export_libraries-extras.cmake
-- Symlinking: /home/haejum-park/2026_IFAC/install/f110_msgs/share/f110_msgs/cmake/ament_cmake_export_targets-extras.cmake
-- Symlinking: /home/haejum-park/2026_IFAC/install/f110_msgs/share/f110_msgs/cmake/rosidl_cmake_export_typesupport_targets-extras.cmake
-- Symlinking: /home/haejum-park/2026_IFAC/install/f110_msgs/share/f110_msgs/cmake/rosidl_cmake_export_typesupport_libraries-extras.cmake
-- Symlinking: /home/haejum-park/2026_IFAC/install/f110_msgs/share/f110_msgs/cmake/f110_msgsConfig.cmake
-- Symlinking: /home/haejum-park/2026_IFAC/install/f110_msgs/share/f110_msgs/cmake/f110_msgsConfig-version.cmake
-- Symlinking: /home/haejum-park/2026_IFAC/install/f110_msgs/share/f110_msgs/package.xml
-- Installing: /home/haejum-park/2026_IFAC/install/f110_msgs/lib/libf110_msgs__rosidl_generator_c.so
-- Set runtime path of "/home/haejum-park/2026_IFAC/install/f110_msgs/lib/libf110_msgs__rosidl_generator_c.so" to ""
-- Installing: /home/haejum-park/2026_IFAC/install/f110_msgs/lib/libf110_msgs__rosidl_typesupport_fastrtps_c.so
-- Set runtime path of "/home/haejum-park/2026_IFAC/install/f110_msgs/lib/libf110_msgs__rosidl_typesupport_fastrtps_c.so" to ""
-- Installing: /home/haejum-park/2026_IFAC/install/f110_msgs/lib/libf110_msgs__rosidl_typesupport_introspection_c.so
-- Set runtime path of "/home/haejum-park/2026_IFAC/install/f110_msgs/lib/libf110_msgs__rosidl_typesupport_introspection_c.so" to ""
-- Installing: /home/haejum-park/2026_IFAC/install/f110_msgs/lib/libf110_msgs__rosidl_typesupport_c.so
-- Set runtime path of "/home/haejum-park/2026_IFAC/install/f110_msgs/lib/libf110_msgs__rosidl_typesupport_c.so" to ""
-- Installing: /home/haejum-park/2026_IFAC/install/f110_msgs/lib/libf110_msgs__rosidl_typesupport_fastrtps_cpp.so
-- Set runtime path of "/home/haejum-park/2026_IFAC/install/f110_msgs/lib/libf110_msgs__rosidl_typesupport_fastrtps_cpp.so" to ""
-- Installing: /home/haejum-park/2026_IFAC/install/f110_msgs/lib/libf110_msgs__rosidl_typesupport_introspection_cpp.so
-- Set runtime path of "/home/haejum-park/2026_IFAC/install/f110_msgs/lib/libf110_msgs__rosidl_typesupport_introspection_cpp.so" to ""
-- Installing: /home/haejum-park/2026_IFAC/install/f110_msgs/lib/libf110_msgs__rosidl_typesupport_cpp.so
-- Set runtime path of "/home/haejum-park/2026_IFAC/install/f110_msgs/lib/libf110_msgs__rosidl_typesupport_cpp.so" to ""
Listing '/home/haejum-park/2026_IFAC/install/f110_msgs/local/lib/python3.10/dist-packages/f110_msgs'...
Compiling '/home/haejum-park/2026_IFAC/install/f110_msgs/local/lib/python3.10/dist-packages/f110_msgs/__init__.py'...
Listing '/home/haejum-park/2026_IFAC/install/f110_msgs/local/lib/python3.10/dist-packages/f110_msgs/msg'...
Compiling '/home/haejum-park/2026_IFAC/install/f110_msgs/local/lib/python3.10/dist-packages/f110_msgs/msg/__init__.py'...
Compiling '/home/haejum-park/2026_IFAC/install/f110_msgs/local/lib/python3.10/dist-packages/f110_msgs/msg/_car_state.py'...
Compiling '/home/haejum-park/2026_IFAC/install/f110_msgs/local/lib/python3.10/dist-packages/f110_msgs/msg/_car_state_stamped.py'...
Compiling '/home/haejum-park/2026_IFAC/install/f110_msgs/local/lib/python3.10/dist-packages/f110_msgs/msg/_gap_data.py'...
Compiling '/home/haejum-park/2026_IFAC/install/f110_msgs/local/lib/python3.10/dist-packages/f110_msgs/msg/_lap_data.py'...
Compiling '/home/haejum-park/2026_IFAC/install/f110_msgs/local/lib/python3.10/dist-packages/f110_msgs/msg/_obstacle.py'...
Compiling '/home/haejum-park/2026_IFAC/install/f110_msgs/local/lib/python3.10/dist-packages/f110_msgs/msg/_obstacle_array.py'...
Compiling '/home/haejum-park/2026_IFAC/install/f110_msgs/local/lib/python3.10/dist-packages/f110_msgs/msg/_opp_wpnt.py'...
Compiling '/home/haejum-park/2026_IFAC/install/f110_msgs/local/lib/python3.10/dist-packages/f110_msgs/msg/_opponent_trajectories.py'...
Compiling '/home/haejum-park/2026_IFAC/install/f110_msgs/local/lib/python3.10/dist-packages/f110_msgs/msg/_opponent_trajectory.py'...
Compiling '/home/haejum-park/2026_IFAC/install/f110_msgs/local/lib/python3.10/dist-packages/f110_msgs/msg/_ot_wpnt_array.py'...
Compiling '/home/haejum-park/2026_IFAC/install/f110_msgs/local/lib/python3.10/dist-packages/f110_msgs/msg/_pid_data.py'...
Compiling '/home/haejum-park/2026_IFAC/install/f110_msgs/local/lib/python3.10/dist-packages/f110_msgs/msg/_proj_opp_point.py'...
Compiling '/home/haejum-park/2026_IFAC/install/f110_msgs/local/lib/python3.10/dist-packages/f110_msgs/msg/_proj_opp_traj.py'...
Compiling '/home/haejum-park/2026_IFAC/install/f110_msgs/local/lib/python3.10/dist-packages/f110_msgs/msg/_wpnt.py'...
Compiling '/home/haejum-park/2026_IFAC/install/f110_msgs/local/lib/python3.10/dist-packages/f110_msgs/msg/_wpnt_array.py'...
-- Installing: /home/haejum-park/2026_IFAC/install/f110_msgs/lib/libf110_msgs__rosidl_generator_py.so
-- Set runtime path of "/home/haejum-park/2026_IFAC/install/f110_msgs/lib/libf110_msgs__rosidl_generator_py.so" to ""
-- Installing: /home/haejum-park/2026_IFAC/install/f110_msgs/share/f110_msgs/cmake/export_f110_msgs__rosidl_generator_cExport.cmake
-- Installing: /home/haejum-park/2026_IFAC/install/f110_msgs/share/f110_msgs/cmake/export_f110_msgs__rosidl_generator_cExport-noconfig.cmake
-- Installing: /home/haejum-park/2026_IFAC/install/f110_msgs/share/f110_msgs/cmake/export_f110_msgs__rosidl_typesupport_fastrtps_cExport.cmake
-- Installing: /home/haejum-park/2026_IFAC/install/f110_msgs/share/f110_msgs/cmake/export_f110_msgs__rosidl_typesupport_fastrtps_cExport-noconfig.cmake
-- Installing: /home/haejum-park/2026_IFAC/install/f110_msgs/share/f110_msgs/cmake/f110_msgs__rosidl_typesupport_introspection_cExport.cmake
-- Installing: /home/haejum-park/2026_IFAC/install/f110_msgs/share/f110_msgs/cmake/f110_msgs__rosidl_typesupport_introspection_cExport-noconfig.cmake
-- Installing: /home/haejum-park/2026_IFAC/install/f110_msgs/share/f110_msgs/cmake/f110_msgs__rosidl_typesupport_cExport.cmake
-- Installing: /home/haejum-park/2026_IFAC/install/f110_msgs/share/f110_msgs/cmake/f110_msgs__rosidl_typesupport_cExport-noconfig.cmake
-- Installing: /home/haejum-park/2026_IFAC/install/f110_msgs/share/f110_msgs/cmake/export_f110_msgs__rosidl_generator_cppExport.cmake
-- Installing: /home/haejum-park/2026_IFAC/install/f110_msgs/share/f110_msgs/cmake/export_f110_msgs__rosidl_typesupport_fastrtps_cppExport.cmake
-- Installing: /home/haejum-park/2026_IFAC/install/f110_msgs/share/f110_msgs/cmake/export_f110_msgs__rosidl_typesupport_fastrtps_cppExport-noconfig.cmake
-- Installing: /home/haejum-park/2026_IFAC/install/f110_msgs/share/f110_msgs/cmake/f110_msgs__rosidl_typesupport_introspection_cppExport.cmake
-- Installing: /home/haejum-park/2026_IFAC/install/f110_msgs/share/f110_msgs/cmake/f110_msgs__rosidl_typesupport_introspection_cppExport-noconfig.cmake
-- Installing: /home/haejum-park/2026_IFAC/install/f110_msgs/share/f110_msgs/cmake/f110_msgs__rosidl_typesupport_cppExport.cmake
-- Installing: /home/haejum-park/2026_IFAC/install/f110_msgs/share/f110_msgs/cmake/f110_msgs__rosidl_typesupport_cppExport-noconfig.cmake
-- Installing: /home/haejum-park/2026_IFAC/install/f110_msgs/share/f110_msgs/cmake/export_f110_msgs__rosidl_generator_pyExport.cmake
-- Installing: /home/haejum-park/2026_IFAC/install/f110_msgs/share/f110_msgs/cmake/export_f110_msgs__rosidl_generator_pyExport-noconfig.cmake
