[0.007s] Invoking command in '/home/haejum-park/2026_IFAC/build/f110_msgs': CMAKE_PREFIX_PATH=${CMAKE_PREFIX_PATH}:/home/haejum-park/2026_IFAC/install/new_map_con:/home/haejum-park/2026_IFAC/install/lap_timer:/home/haejum-park/sim_ws/install/f1tenth_gym_ros:/home/haejum-park/install/launch_testing_examples:/home/haejum-park/install/examples_rclpy_pointcloud_publisher:/home/haejum-park/install/examples_rclpy_minimal_subscriber:/home/haejum-park/install/examples_rclpy_minimal_service:/home/haejum-park/install/examples_rclpy_minimal_publisher:/home/haejum-park/install/examples_rclpy_minimal_client:/home/haejum-park/install/examples_rclpy_minimal_action_server:/home/haejum-park/install/examples_rclpy_minimal_action_client:/home/haejum-park/install/examples_rclpy_guard_conditions:/home/haejum-park/install/examples_rclpy_executors:/opt/ros/humble /usr/bin/cmake /home/haejum-park/2026_IFAC/f110_msgs -DCMAKE_INSTALL_PREFIX=/home/haejum-park/2026_IFAC/install/f110_msgs
[0.016s] -- Found ament_cmake: 1.3.12 (/opt/ros/humble/share/ament_cmake/cmake)
[0.099s] -- Override CMake install command with custom implementation using symlinks instead of copying resources
[0.103s] -- Found rosidl_default_generators: 1.2.0 (/opt/ros/humble/share/rosidl_default_generators/cmake)
[0.106s] -- Using all available rosidl_typesupport_c: rosidl_typesupport_fastrtps_c;rosidl_typesupport_introspection_c
[0.107s] -- Found rosidl_adapter: 3.1.8 (/opt/ros/humble/share/rosidl_adapter/cmake)
[0.126s] -- Using all available rosidl_typesupport_cpp: rosidl_typesupport_fastrtps_cpp;rosidl_typesupport_introspection_cpp
[0.138s] -- Found std_msgs: 4.9.0 (/opt/ros/humble/share/std_msgs/cmake)
[0.150s] -- Found geometry_msgs: 4.9.0 (/opt/ros/humble/share/geometry_msgs/cmake)
[0.374s] -- Found ament_cmake_ros: 0.10.0 (/opt/ros/humble/share/ament_cmake_ros/cmake)
[0.533s] -- Using all available rosidl_typesupport_c: rosidl_typesupport_fastrtps_c;rosidl_typesupport_introspection_c
[0.745s] -- Using all available rosidl_typesupport_cpp: rosidl_typesupport_fastrtps_cpp;rosidl_typesupport_introspection_cpp
[0.762s] -- Found PythonInterp: /usr/bin/python3 (found suitable version "3.10.12", minimum required is "3.6") 
[0.764s] -- Found python_cmake_module: 0.10.0 (/opt/ros/humble/share/python_cmake_module/cmake)
[0.783s] -- Found PythonLibs: /usr/lib/x86_64-linux-gnu/libpython3.10.so (found suitable version "3.10.12", minimum required is "3.5") 
[0.784s] -- Using PYTHON_EXECUTABLE: /usr/bin/python3
[0.784s] -- Using PYTHON_INCLUDE_DIRS: /usr/include/python3.10
[0.784s] -- Using PYTHON_LIBRARIES: /usr/lib/x86_64-linux-gnu/libpython3.10.so
[0.798s] -- Found PythonExtra: .so  
[0.851s] -- Configuring done
[0.878s] -- Generating done
[0.884s] -- Build files have been written to: /home/haejum-park/2026_IFAC/build/f110_msgs
[0.890s] Invoked command in '/home/haejum-park/2026_IFAC/build/f110_msgs' returned '0': CMAKE_PREFIX_PATH=${CMAKE_PREFIX_PATH}:/home/haejum-park/2026_IFAC/install/new_map_con:/home/haejum-park/2026_IFAC/install/lap_timer:/home/haejum-park/sim_ws/install/f1tenth_gym_ros:/home/haejum-park/install/launch_testing_examples:/home/haejum-park/install/examples_rclpy_pointcloud_publisher:/home/haejum-park/install/examples_rclpy_minimal_subscriber:/home/haejum-park/install/examples_rclpy_minimal_service:/home/haejum-park/install/examples_rclpy_minimal_publisher:/home/haejum-park/install/examples_rclpy_minimal_client:/home/haejum-park/install/examples_rclpy_minimal_action_server:/home/haejum-park/install/examples_rclpy_minimal_action_client:/home/haejum-park/install/examples_rclpy_guard_conditions:/home/haejum-park/install/examples_rclpy_executors:/opt/ros/humble /usr/bin/cmake /home/haejum-park/2026_IFAC/f110_msgs -DCMAKE_INSTALL_PREFIX=/home/haejum-park/2026_IFAC/install/f110_msgs
[0.890s] Invoking command in '/home/haejum-park/2026_IFAC/build/f110_msgs': CMAKE_PREFIX_PATH=${CMAKE_PREFIX_PATH}:/home/haejum-park/2026_IFAC/install/new_map_con:/home/haejum-park/2026_IFAC/install/lap_timer:/home/haejum-park/sim_ws/install/f1tenth_gym_ros:/home/haejum-park/install/launch_testing_examples:/home/haejum-park/install/examples_rclpy_pointcloud_publisher:/home/haejum-park/install/examples_rclpy_minimal_subscriber:/home/haejum-park/install/examples_rclpy_minimal_service:/home/haejum-park/install/examples_rclpy_minimal_publisher:/home/haejum-park/install/examples_rclpy_minimal_client:/home/haejum-park/install/examples_rclpy_minimal_action_server:/home/haejum-park/install/examples_rclpy_minimal_action_client:/home/haejum-park/install/examples_rclpy_guard_conditions:/home/haejum-park/install/examples_rclpy_executors:/opt/ros/humble /usr/bin/cmake --build /home/haejum-park/2026_IFAC/build/f110_msgs -- -j14 -l14
[0.915s] [  1%] [34m[1mGenerating C code for ROS interfaces[0m
[0.921s] [  1%] [34m[1mGenerating C++ code for ROS interfaces[0m
[0.924s] [  1%] Built target ament_cmake_python_symlink_f110_msgs
[1.051s] running egg_info
[1.051s] creating f110_msgs.egg-info
[1.051s] writing f110_msgs.egg-info/PKG-INFO
[1.052s] writing dependency_links to f110_msgs.egg-info/dependency_links.txt
[1.052s] writing top-level names to f110_msgs.egg-info/top_level.txt
[1.052s] writing manifest file 'f110_msgs.egg-info/SOURCES.txt'
[1.052s] reading manifest file 'f110_msgs.egg-info/SOURCES.txt'
[1.052s] writing manifest file 'f110_msgs.egg-info/SOURCES.txt'
[1.067s] [  1%] Built target ament_cmake_python_build_f110_msgs_egg
[1.367s] [  1%] Built target f110_msgs__cpp
[1.375s] [  2%] [34m[1mGenerating C++ type support dispatch for ROS interfaces[0m
[1.375s] [  3%] [34m[1mGenerating C++ type support for eProsima Fast-RTPS[0m
[1.375s] [  3%] [34m[1mGenerating C++ introspection for ROS interfaces[0m
[1.391s] [  3%] [32mBuilding C object CMakeFiles/f110_msgs__rosidl_generator_c.dir/rosidl_generator_c/f110_msgs/msg/detail/lap_data__functions.c.o[0m
[1.392s] [  5%] [32mBuilding C object CMakeFiles/f110_msgs__rosidl_generator_c.dir/rosidl_generator_c/f110_msgs/msg/detail/car_state_stamped__functions.c.o[0m
[1.392s] [  3%] [32mBuilding C object CMakeFiles/f110_msgs__rosidl_generator_c.dir/rosidl_generator_c/f110_msgs/msg/detail/car_state__functions.c.o[0m
[1.392s] [  6%] [32mBuilding C object CMakeFiles/f110_msgs__rosidl_generator_c.dir/rosidl_generator_c/f110_msgs/msg/detail/obstacle_array__functions.c.o[0m
[1.392s] [  5%] [32mBuilding C object CMakeFiles/f110_msgs__rosidl_generator_c.dir/rosidl_generator_c/f110_msgs/msg/detail/gap_data__functions.c.o[0m
[1.392s] [  7%] [32mBuilding C object CMakeFiles/f110_msgs__rosidl_generator_c.dir/rosidl_generator_c/f110_msgs/msg/detail/opponent_trajectory__functions.c.o[0m
[1.392s] [  8%] [32mBuilding C object CMakeFiles/f110_msgs__rosidl_generator_c.dir/rosidl_generator_c/f110_msgs/msg/detail/obstacle__functions.c.o[0m
[1.392s] [  9%] [32mBuilding C object CMakeFiles/f110_msgs__rosidl_generator_c.dir/rosidl_generator_c/f110_msgs/msg/detail/opponent_trajectories__functions.c.o[0m
[1.392s] [  9%] [32mBuilding C object CMakeFiles/f110_msgs__rosidl_generator_c.dir/rosidl_generator_c/f110_msgs/msg/detail/ot_wpnt_array__functions.c.o[0m
[1.394s] [ 10%] [32mBuilding C object CMakeFiles/f110_msgs__rosidl_generator_c.dir/rosidl_generator_c/f110_msgs/msg/detail/opp_wpnt__functions.c.o[0m
[1.396s] [ 10%] [32mBuilding C object CMakeFiles/f110_msgs__rosidl_generator_c.dir/rosidl_generator_c/f110_msgs/msg/detail/pid_data__functions.c.o[0m
[1.417s] [ 12%] [32mBuilding C object CMakeFiles/f110_msgs__rosidl_generator_c.dir/rosidl_generator_c/f110_msgs/msg/detail/proj_opp_traj__functions.c.o[0m
[1.417s] [ 12%] [32mBuilding C object CMakeFiles/f110_msgs__rosidl_generator_c.dir/rosidl_generator_c/f110_msgs/msg/detail/proj_opp_point__functions.c.o[0m
[1.418s] [ 13%] [32mBuilding C object CMakeFiles/f110_msgs__rosidl_generator_c.dir/rosidl_generator_c/f110_msgs/msg/detail/wpnt_array__functions.c.o[0m
[1.418s] [ 13%] [32mBuilding C object CMakeFiles/f110_msgs__rosidl_generator_c.dir/rosidl_generator_c/f110_msgs/msg/detail/wpnt__functions.c.o[0m
[1.444s] [ 14%] [32m[1mLinking C shared library libf110_msgs__rosidl_generator_c.so[0m
[1.467s] [ 14%] Built target f110_msgs__rosidl_generator_c
[1.474s] [ 17%] [34m[1mGenerating C type support dispatch for ROS interfaces[0m
[1.474s] [ 17%] [34m[1mGenerating C type support for eProsima Fast-RTPS[0m
[1.474s] [ 17%] [34m[1mGenerating C introspection for ROS interfaces[0m
[1.667s] [ 21%] [32mBuilding CXX object CMakeFiles/f110_msgs__rosidl_typesupport_cpp.dir/rosidl_typesupport_cpp/f110_msgs/msg/opponent_trajectory__type_support.cpp.o[0m
[1.667s] [ 21%] [32mBuilding CXX object CMakeFiles/f110_msgs__rosidl_typesupport_cpp.dir/rosidl_typesupport_cpp/f110_msgs/msg/car_state_stamped__type_support.cpp.o[0m
[1.667s] [ 21%] [32mBuilding CXX object CMakeFiles/f110_msgs__rosidl_typesupport_cpp.dir/rosidl_typesupport_cpp/f110_msgs/msg/gap_data__type_support.cpp.o[0m
[1.667s] [ 21%] [32mBuilding CXX object CMakeFiles/f110_msgs__rosidl_typesupport_cpp.dir/rosidl_typesupport_cpp/f110_msgs/msg/obstacle__type_support.cpp.o[0m
[1.667s] [ 21%] [32mBuilding CXX object CMakeFiles/f110_msgs__rosidl_typesupport_cpp.dir/rosidl_typesupport_cpp/f110_msgs/msg/lap_data__type_support.cpp.o[0m
[1.667s] [ 21%] [32mBuilding CXX object CMakeFiles/f110_msgs__rosidl_typesupport_cpp.dir/rosidl_typesupport_cpp/f110_msgs/msg/car_state__type_support.cpp.o[0m
[1.667s] [ 22%] [32mBuilding CXX object CMakeFiles/f110_msgs__rosidl_typesupport_cpp.dir/rosidl_typesupport_cpp/f110_msgs/msg/obstacle_array__type_support.cpp.o[0m
[1.668s] [ 22%] [32mBuilding CXX object CMakeFiles/f110_msgs__rosidl_typesupport_cpp.dir/rosidl_typesupport_cpp/f110_msgs/msg/opponent_trajectories__type_support.cpp.o[0m
[1.668s] [ 23%] [32mBuilding CXX object CMakeFiles/f110_msgs__rosidl_typesupport_cpp.dir/rosidl_typesupport_cpp/f110_msgs/msg/ot_wpnt_array__type_support.cpp.o[0m
[1.806s] [ 24%] [32mBuilding CXX object CMakeFiles/f110_msgs__rosidl_typesupport_cpp.dir/rosidl_typesupport_cpp/f110_msgs/msg/opp_wpnt__type_support.cpp.o[0m
[1.813s] [ 24%] [32mBuilding CXX object CMakeFiles/f110_msgs__rosidl_typesupport_c.dir/rosidl_typesupport_c/f110_msgs/msg/car_state__type_support.cpp.o[0m
[1.818s] [ 25%] [32mBuilding CXX object CMakeFiles/f110_msgs__rosidl_typesupport_cpp.dir/rosidl_typesupport_cpp/f110_msgs/msg/pid_data__type_support.cpp.o[0m
[1.818s] [ 26%] [32mBuilding CXX object CMakeFiles/f110_msgs__rosidl_typesupport_c.dir/rosidl_typesupport_c/f110_msgs/msg/car_state_stamped__type_support.cpp.o[0m
[1.823s] [ 26%] [32mBuilding CXX object CMakeFiles/f110_msgs__rosidl_typesupport_cpp.dir/rosidl_typesupport_cpp/f110_msgs/msg/proj_opp_point__type_support.cpp.o[0m
[1.824s] [ 27%] [32mBuilding CXX object CMakeFiles/f110_msgs__rosidl_typesupport_cpp.dir/rosidl_typesupport_cpp/f110_msgs/msg/proj_opp_traj__type_support.cpp.o[0m
[1.827s] [ 28%] [32mBuilding CXX object CMakeFiles/f110_msgs__rosidl_typesupport_c.dir/rosidl_typesupport_c/f110_msgs/msg/gap_data__type_support.cpp.o[0m
[1.831s] [ 28%] [32mBuilding CXX object CMakeFiles/f110_msgs__rosidl_typesupport_c.dir/rosidl_typesupport_c/f110_msgs/msg/lap_data__type_support.cpp.o[0m
[1.832s] [ 29%] [32mBuilding CXX object CMakeFiles/f110_msgs__rosidl_typesupport_c.dir/rosidl_typesupport_c/f110_msgs/msg/obstacle__type_support.cpp.o[0m
[1.835s] [ 30%] [32mBuilding CXX object CMakeFiles/f110_msgs__rosidl_typesupport_c.dir/rosidl_typesupport_c/f110_msgs/msg/obstacle_array__type_support.cpp.o[0m
[1.836s] [ 31%] [32mBuilding CXX object CMakeFiles/f110_msgs__rosidl_typesupport_introspection_cpp.dir/rosidl_typesupport_introspection_cpp/f110_msgs/msg/detail/car_state__type_support.cpp.o[0m
[1.839s] [ 32%] [32mBuilding CXX object CMakeFiles/f110_msgs__rosidl_typesupport_cpp.dir/rosidl_typesupport_cpp/f110_msgs/msg/wpnt__type_support.cpp.o[0m
[1.840s] [ 33%] [32mBuilding CXX object CMakeFiles/f110_msgs__rosidl_typesupport_introspection_cpp.dir/rosidl_typesupport_introspection_cpp/f110_msgs/msg/detail/car_state_stamped__type_support.cpp.o[0m
[1.844s] [ 34%] [32mBuilding CXX object CMakeFiles/f110_msgs__rosidl_typesupport_c.dir/rosidl_typesupport_c/f110_msgs/msg/ot_wpnt_array__type_support.cpp.o[0m
[1.847s] [ 34%] [32mBuilding CXX object CMakeFiles/f110_msgs__rosidl_typesupport_introspection_cpp.dir/rosidl_typesupport_introspection_cpp/f110_msgs/msg/detail/gap_data__type_support.cpp.o[0m
[1.850s] [ 34%] [32mBuilding CXX object CMakeFiles/f110_msgs__rosidl_typesupport_c.dir/rosidl_typesupport_c/f110_msgs/msg/opponent_trajectory__type_support.cpp.o[0m
[1.853s] [ 34%] [32mBuilding CXX object CMakeFiles/f110_msgs__rosidl_typesupport_cpp.dir/rosidl_typesupport_cpp/f110_msgs/msg/wpnt_array__type_support.cpp.o[0m
[1.866s] [ 35%] [32mBuilding CXX object CMakeFiles/f110_msgs__rosidl_typesupport_c.dir/rosidl_typesupport_c/f110_msgs/msg/opponent_trajectories__type_support.cpp.o[0m
[1.869s] [ 36%] [32mBuilding CXX object CMakeFiles/f110_msgs__rosidl_typesupport_c.dir/rosidl_typesupport_c/f110_msgs/msg/opp_wpnt__type_support.cpp.o[0m
[1.880s] [ 37%] [32mBuilding CXX object CMakeFiles/f110_msgs__rosidl_typesupport_fastrtps_cpp.dir/rosidl_typesupport_fastrtps_cpp/f110_msgs/msg/detail/dds_fastrtps/car_state__type_support.cpp.o[0m
[1.886s] [ 38%] [32mBuilding CXX object CMakeFiles/f110_msgs__rosidl_typesupport_c.dir/rosidl_typesupport_c/f110_msgs/msg/proj_opp_point__type_support.cpp.o[0m
[1.887s] [ 38%] [32mBuilding CXX object CMakeFiles/f110_msgs__rosidl_typesupport_c.dir/rosidl_typesupport_c/f110_msgs/msg/pid_data__type_support.cpp.o[0m
[1.903s] [ 39%] [32mBuilding CXX object CMakeFiles/f110_msgs__rosidl_typesupport_introspection_cpp.dir/rosidl_typesupport_introspection_cpp/f110_msgs/msg/detail/lap_data__type_support.cpp.o[0m
[1.906s] [ 40%] [32mBuilding CXX object CMakeFiles/f110_msgs__rosidl_typesupport_c.dir/rosidl_typesupport_c/f110_msgs/msg/proj_opp_traj__type_support.cpp.o[0m
[1.923s] [ 41%] [32mBuilding CXX object CMakeFiles/f110_msgs__rosidl_typesupport_introspection_cpp.dir/rosidl_typesupport_introspection_cpp/f110_msgs/msg/detail/obstacle__type_support.cpp.o[0m
[1.925s] [ 41%] [32mBuilding CXX object CMakeFiles/f110_msgs__rosidl_typesupport_c.dir/rosidl_typesupport_c/f110_msgs/msg/wpnt__type_support.cpp.o[0m
[1.939s] [ 42%] [32mBuilding CXX object CMakeFiles/f110_msgs__rosidl_typesupport_introspection_cpp.dir/rosidl_typesupport_introspection_cpp/f110_msgs/msg/detail/obstacle_array__type_support.cpp.o[0m
[1.940s] [ 43%] [32mBuilding C object CMakeFiles/f110_msgs__rosidl_typesupport_introspection_c.dir/rosidl_typesupport_introspection_c/f110_msgs/msg/detail/car_state__type_support.c.o[0m
[1.948s] [ 44%] [32mBuilding CXX object CMakeFiles/f110_msgs__rosidl_typesupport_c.dir/rosidl_typesupport_c/f110_msgs/msg/wpnt_array__type_support.cpp.o[0m
[1.953s] [ 44%] [32mBuilding CXX object CMakeFiles/f110_msgs__rosidl_typesupport_introspection_cpp.dir/rosidl_typesupport_introspection_cpp/f110_msgs/msg/detail/ot_wpnt_array__type_support.cpp.o[0m
[1.965s] [ 45%] [32m[1mLinking CXX shared library libf110_msgs__rosidl_typesupport_c.so[0m
[1.971s] [ 45%] [32mBuilding C object CMakeFiles/f110_msgs__rosidl_typesupport_introspection_c.dir/rosidl_typesupport_introspection_c/f110_msgs/msg/detail/car_state_stamped__type_support.c.o[0m
[1.971s] [ 46%] [32mBuilding CXX object CMakeFiles/f110_msgs__rosidl_typesupport_introspection_cpp.dir/rosidl_typesupport_introspection_cpp/f110_msgs/msg/detail/opponent_trajectory__type_support.cpp.o[0m
[1.994s] [ 47%] [32mBuilding CXX object CMakeFiles/f110_msgs__rosidl_typesupport_introspection_cpp.dir/rosidl_typesupport_introspection_cpp/f110_msgs/msg/detail/opponent_trajectories__type_support.cpp.o[0m
[1.994s] [ 48%] [32mBuilding C object CMakeFiles/f110_msgs__rosidl_typesupport_introspection_c.dir/rosidl_typesupport_introspection_c/f110_msgs/msg/detail/gap_data__type_support.c.o[0m
[1.995s] [ 49%] [32m[1mLinking CXX shared library libf110_msgs__rosidl_typesupport_cpp.so[0m
[1.997s] [ 49%] Built target f110_msgs__rosidl_typesupport_c
[2.000s] [ 50%] [32mBuilding CXX object CMakeFiles/f110_msgs__rosidl_typesupport_fastrtps_c.dir/rosidl_typesupport_fastrtps_c/f110_msgs/msg/detail/car_state__type_support_c.cpp.o[0m
[2.004s] [ 51%] [32mBuilding C object CMakeFiles/f110_msgs__rosidl_typesupport_introspection_c.dir/rosidl_typesupport_introspection_c/f110_msgs/msg/detail/lap_data__type_support.c.o[0m
[2.019s] [ 52%] [32mBuilding CXX object CMakeFiles/f110_msgs__rosidl_typesupport_fastrtps_c.dir/rosidl_typesupport_fastrtps_c/f110_msgs/msg/detail/car_state_stamped__type_support_c.cpp.o[0m
[2.020s] [ 52%] [32mBuilding CXX object CMakeFiles/f110_msgs__rosidl_typesupport_fastrtps_cpp.dir/rosidl_typesupport_fastrtps_cpp/f110_msgs/msg/detail/dds_fastrtps/car_state_stamped__type_support.cpp.o[0m
[2.025s] [ 52%] Built target f110_msgs__rosidl_typesupport_cpp
[2.028s] [ 53%] [32mBuilding C object CMakeFiles/f110_msgs__rosidl_typesupport_introspection_c.dir/rosidl_typesupport_introspection_c/f110_msgs/msg/detail/obstacle__type_support.c.o[0m
[2.033s] [ 54%] [32mBuilding CXX object CMakeFiles/f110_msgs__rosidl_typesupport_fastrtps_c.dir/rosidl_typesupport_fastrtps_c/f110_msgs/msg/detail/lap_data__type_support_c.cpp.o[0m
[2.034s] [ 55%] [32mBuilding CXX object CMakeFiles/f110_msgs__rosidl_typesupport_fastrtps_c.dir/rosidl_typesupport_fastrtps_c/f110_msgs/msg/detail/gap_data__type_support_c.cpp.o[0m
[2.047s] [ 55%] [32mBuilding C object CMakeFiles/f110_msgs__rosidl_typesupport_introspection_c.dir/rosidl_typesupport_introspection_c/f110_msgs/msg/detail/obstacle_array__type_support.c.o[0m
[2.052s] [ 55%] [32mBuilding CXX object CMakeFiles/f110_msgs__rosidl_typesupport_fastrtps_c.dir/rosidl_typesupport_fastrtps_c/f110_msgs/msg/detail/obstacle__type_support_c.cpp.o[0m
[2.070s] [ 56%] [32mBuilding C object CMakeFiles/f110_msgs__rosidl_typesupport_introspection_c.dir/rosidl_typesupport_introspection_c/f110_msgs/msg/detail/ot_wpnt_array__type_support.c.o[0m
[2.077s] [ 57%] [32mBuilding C object CMakeFiles/f110_msgs__rosidl_typesupport_introspection_c.dir/rosidl_typesupport_introspection_c/f110_msgs/msg/detail/opponent_trajectory__type_support.c.o[0m
[2.084s] [ 57%] [32mBuilding CXX object CMakeFiles/f110_msgs__rosidl_typesupport_fastrtps_cpp.dir/rosidl_typesupport_fastrtps_cpp/f110_msgs/msg/detail/dds_fastrtps/gap_data__type_support.cpp.o[0m
[2.098s] [ 57%] [32mBuilding C object CMakeFiles/f110_msgs__rosidl_typesupport_introspection_c.dir/rosidl_typesupport_introspection_c/f110_msgs/msg/detail/opponent_trajectories__type_support.c.o[0m
[2.111s] [ 58%] [32mBuilding CXX object CMakeFiles/f110_msgs__rosidl_typesupport_fastrtps_c.dir/rosidl_typesupport_fastrtps_c/f110_msgs/msg/detail/obstacle_array__type_support_c.cpp.o[0m
[2.141s] [ 59%] [32mBuilding C object CMakeFiles/f110_msgs__rosidl_typesupport_introspection_c.dir/rosidl_typesupport_introspection_c/f110_msgs/msg/detail/opp_wpnt__type_support.c.o[0m
[2.147s] [ 59%] [32mBuilding CXX object CMakeFiles/f110_msgs__rosidl_typesupport_introspection_cpp.dir/rosidl_typesupport_introspection_cpp/f110_msgs/msg/detail/opp_wpnt__type_support.cpp.o[0m
[2.157s] [ 60%] [32mBuilding CXX object CMakeFiles/f110_msgs__rosidl_typesupport_fastrtps_c.dir/rosidl_typesupport_fastrtps_c/f110_msgs/msg/detail/ot_wpnt_array__type_support_c.cpp.o[0m
[2.167s] [ 61%] [32mBuilding C object CMakeFiles/f110_msgs__rosidl_typesupport_introspection_c.dir/rosidl_typesupport_introspection_c/f110_msgs/msg/detail/pid_data__type_support.c.o[0m
[2.182s] [ 61%] [32mBuilding CXX object CMakeFiles/f110_msgs__rosidl_typesupport_fastrtps_c.dir/rosidl_typesupport_fastrtps_c/f110_msgs/msg/detail/opponent_trajectory__type_support_c.cpp.o[0m
[2.182s] [ 62%] [32mBuilding CXX object CMakeFiles/f110_msgs__rosidl_typesupport_fastrtps_cpp.dir/rosidl_typesupport_fastrtps_cpp/f110_msgs/msg/detail/dds_fastrtps/lap_data__type_support.cpp.o[0m
[2.191s] [ 62%] [32mBuilding C object CMakeFiles/f110_msgs__rosidl_typesupport_introspection_c.dir/rosidl_typesupport_introspection_c/f110_msgs/msg/detail/proj_opp_point__type_support.c.o[0m
[2.198s] [ 63%] [32mBuilding CXX object CMakeFiles/f110_msgs__rosidl_typesupport_introspection_cpp.dir/rosidl_typesupport_introspection_cpp/f110_msgs/msg/detail/pid_data__type_support.cpp.o[0m
[2.201s] [ 64%] [32mBuilding CXX object CMakeFiles/f110_msgs__rosidl_typesupport_fastrtps_c.dir/rosidl_typesupport_fastrtps_c/f110_msgs/msg/detail/opponent_trajectories__type_support_c.cpp.o[0m
[2.208s] [ 66%] [32mBuilding CXX object CMakeFiles/f110_msgs__rosidl_typesupport_fastrtps_c.dir/rosidl_typesupport_fastrtps_c/f110_msgs/msg/detail/opp_wpnt__type_support_c.cpp.o[0m
[2.209s] [ 66%] [32mBuilding C object CMakeFiles/f110_msgs__rosidl_typesupport_introspection_c.dir/rosidl_typesupport_introspection_c/f110_msgs/msg/detail/proj_opp_traj__type_support.c.o[0m
[2.221s] [ 67%] [32mBuilding C object CMakeFiles/f110_msgs__rosidl_typesupport_introspection_c.dir/rosidl_typesupport_introspection_c/f110_msgs/msg/detail/wpnt__type_support.c.o[0m
[2.230s] [ 68%] [32mBuilding CXX object CMakeFiles/f110_msgs__rosidl_typesupport_fastrtps_cpp.dir/rosidl_typesupport_fastrtps_cpp/f110_msgs/msg/detail/dds_fastrtps/obstacle__type_support.cpp.o[0m
[2.236s] [ 69%] [32mBuilding CXX object CMakeFiles/f110_msgs__rosidl_typesupport_introspection_cpp.dir/rosidl_typesupport_introspection_cpp/f110_msgs/msg/detail/proj_opp_point__type_support.cpp.o[0m
[2.237s] [ 69%] [32mBuilding CXX object CMakeFiles/f110_msgs__rosidl_typesupport_fastrtps_cpp.dir/rosidl_typesupport_fastrtps_cpp/f110_msgs/msg/detail/dds_fastrtps/obstacle_array__type_support.cpp.o[0m
[2.242s] [ 70%] [32mBuilding C object CMakeFiles/f110_msgs__rosidl_typesupport_introspection_c.dir/rosidl_typesupport_introspection_c/f110_msgs/msg/detail/wpnt_array__type_support.c.o[0m
[2.267s] [ 70%] [32m[1mLinking C shared library libf110_msgs__rosidl_typesupport_introspection_c.so[0m
[2.269s] [ 71%] [32mBuilding CXX object CMakeFiles/f110_msgs__rosidl_typesupport_fastrtps_cpp.dir/rosidl_typesupport_fastrtps_cpp/f110_msgs/msg/detail/dds_fastrtps/ot_wpnt_array__type_support.cpp.o[0m
[2.279s] [ 72%] [32mBuilding CXX object CMakeFiles/f110_msgs__rosidl_typesupport_fastrtps_c.dir/rosidl_typesupport_fastrtps_c/f110_msgs/msg/detail/pid_data__type_support_c.cpp.o[0m
[2.294s] [ 72%] Built target f110_msgs__rosidl_typesupport_introspection_c
[2.301s] [ 72%] [32mBuilding CXX object CMakeFiles/f110_msgs__rosidl_typesupport_fastrtps_c.dir/rosidl_typesupport_fastrtps_c/f110_msgs/msg/detail/proj_opp_point__type_support_c.cpp.o[0m
[2.316s] [ 73%] [32mBuilding CXX object CMakeFiles/f110_msgs__rosidl_typesupport_fastrtps_cpp.dir/rosidl_typesupport_fastrtps_cpp/f110_msgs/msg/detail/dds_fastrtps/opponent_trajectory__type_support.cpp.o[0m
[2.320s] [ 74%] [32mBuilding CXX object CMakeFiles/f110_msgs__rosidl_typesupport_fastrtps_c.dir/rosidl_typesupport_fastrtps_c/f110_msgs/msg/detail/proj_opp_traj__type_support_c.cpp.o[0m
[2.356s] [ 74%] [32mBuilding CXX object CMakeFiles/f110_msgs__rosidl_typesupport_introspection_cpp.dir/rosidl_typesupport_introspection_cpp/f110_msgs/msg/detail/proj_opp_traj__type_support.cpp.o[0m
[2.358s] [ 75%] [32mBuilding CXX object CMakeFiles/f110_msgs__rosidl_typesupport_introspection_cpp.dir/rosidl_typesupport_introspection_cpp/f110_msgs/msg/detail/wpnt__type_support.cpp.o[0m
[2.363s] [ 76%] [32mBuilding CXX object CMakeFiles/f110_msgs__rosidl_typesupport_fastrtps_c.dir/rosidl_typesupport_fastrtps_c/f110_msgs/msg/detail/wpnt__type_support_c.cpp.o[0m
[2.371s] [ 77%] [32mBuilding CXX object CMakeFiles/f110_msgs__rosidl_typesupport_introspection_cpp.dir/rosidl_typesupport_introspection_cpp/f110_msgs/msg/detail/wpnt_array__type_support.cpp.o[0m
[2.371s] [ 77%] [32mBuilding CXX object CMakeFiles/f110_msgs__rosidl_typesupport_fastrtps_cpp.dir/rosidl_typesupport_fastrtps_cpp/f110_msgs/msg/detail/dds_fastrtps/opponent_trajectories__type_support.cpp.o[0m
[2.379s] [ 78%] [32mBuilding CXX object CMakeFiles/f110_msgs__rosidl_typesupport_fastrtps_cpp.dir/rosidl_typesupport_fastrtps_cpp/f110_msgs/msg/detail/dds_fastrtps/opp_wpnt__type_support.cpp.o[0m
[2.421s] [ 78%] [32mBuilding CXX object CMakeFiles/f110_msgs__rosidl_typesupport_fastrtps_c.dir/rosidl_typesupport_fastrtps_c/f110_msgs/msg/detail/wpnt_array__type_support_c.cpp.o[0m
[2.461s] [ 79%] [32mBuilding CXX object CMakeFiles/f110_msgs__rosidl_typesupport_fastrtps_cpp.dir/rosidl_typesupport_fastrtps_cpp/f110_msgs/msg/detail/dds_fastrtps/pid_data__type_support.cpp.o[0m
[2.473s] [ 80%] [32mBuilding CXX object CMakeFiles/f110_msgs__rosidl_typesupport_fastrtps_cpp.dir/rosidl_typesupport_fastrtps_cpp/f110_msgs/msg/detail/dds_fastrtps/proj_opp_point__type_support.cpp.o[0m
[2.481s] [ 80%] [32mBuilding CXX object CMakeFiles/f110_msgs__rosidl_typesupport_fastrtps_cpp.dir/rosidl_typesupport_fastrtps_cpp/f110_msgs/msg/detail/dds_fastrtps/proj_opp_traj__type_support.cpp.o[0m
[2.484s] [ 81%] [32mBuilding CXX object CMakeFiles/f110_msgs__rosidl_typesupport_fastrtps_cpp.dir/rosidl_typesupport_fastrtps_cpp/f110_msgs/msg/detail/dds_fastrtps/wpnt__type_support.cpp.o[0m
[2.484s] [ 82%] [32mBuilding CXX object CMakeFiles/f110_msgs__rosidl_typesupport_fastrtps_cpp.dir/rosidl_typesupport_fastrtps_cpp/f110_msgs/msg/detail/dds_fastrtps/wpnt_array__type_support.cpp.o[0m
[2.571s] [ 83%] [32m[1mLinking CXX shared library libf110_msgs__rosidl_typesupport_introspection_cpp.so[0m
[2.582s] [ 84%] [32m[1mLinking CXX shared library libf110_msgs__rosidl_typesupport_fastrtps_c.so[0m
[2.624s] [ 84%] Built target f110_msgs__rosidl_typesupport_introspection_cpp
[2.633s] [ 84%] Built target f110_msgs__rosidl_typesupport_fastrtps_c
[2.691s] [ 84%] [32m[1mLinking CXX shared library libf110_msgs__rosidl_typesupport_fastrtps_cpp.so[0m
[2.738s] [ 84%] Built target f110_msgs__rosidl_typesupport_fastrtps_cpp
[2.750s] [ 84%] Built target f110_msgs
[2.761s] [ 85%] [34m[1mGenerating Python code for ROS interfaces[0m
[3.464s] [ 85%] Built target f110_msgs__py
[3.476s] [ 87%] [32mBuilding C object CMakeFiles/f110_msgs__rosidl_generator_py.dir/rosidl_generator_py/f110_msgs/msg/_car_state_s.c.o[0m
[3.476s] [ 87%] [32mBuilding C object CMakeFiles/f110_msgs__rosidl_generator_py.dir/rosidl_generator_py/f110_msgs/msg/_gap_data_s.c.o[0m
[3.476s] [ 87%] [32mBuilding C object CMakeFiles/f110_msgs__rosidl_generator_py.dir/rosidl_generator_py/f110_msgs/msg/_car_state_stamped_s.c.o[0m
[3.476s] [ 88%] [32mBuilding C object CMakeFiles/f110_msgs__rosidl_generator_py.dir/rosidl_generator_py/f110_msgs/msg/_ot_wpnt_array_s.c.o[0m
[3.477s] [ 89%] [32mBuilding C object CMakeFiles/f110_msgs__rosidl_generator_py.dir/rosidl_generator_py/f110_msgs/msg/_lap_data_s.c.o[0m
[3.477s] [ 89%] [32mBuilding C object CMakeFiles/f110_msgs__rosidl_generator_py.dir/rosidl_generator_py/f110_msgs/msg/_obstacle_s.c.o[0m
[3.477s] [ 90%] [32mBuilding C object CMakeFiles/f110_msgs__rosidl_generator_py.dir/rosidl_generator_py/f110_msgs/msg/_opponent_trajectories_s.c.o[0m
[3.477s] [ 91%] [32mBuilding C object CMakeFiles/f110_msgs__rosidl_generator_py.dir/rosidl_generator_py/f110_msgs/msg/_obstacle_array_s.c.o[0m
[3.477s] [ 91%] [32mBuilding C object CMakeFiles/f110_msgs__rosidl_generator_py.dir/rosidl_generator_py/f110_msgs/msg/_pid_data_s.c.o[0m
[3.477s] [ 92%] [32mBuilding C object CMakeFiles/f110_msgs__rosidl_generator_py.dir/rosidl_generator_py/f110_msgs/msg/_opp_wpnt_s.c.o[0m
[3.480s] [ 93%] [32mBuilding C object CMakeFiles/f110_msgs__rosidl_generator_py.dir/rosidl_generator_py/f110_msgs/msg/_proj_opp_point_s.c.o[0m
[3.480s] [ 93%] [32mBuilding C object CMakeFiles/f110_msgs__rosidl_generator_py.dir/rosidl_generator_py/f110_msgs/msg/_opponent_trajectory_s.c.o[0m
[3.480s] [ 94%] [32mBuilding C object CMakeFiles/f110_msgs__rosidl_generator_py.dir/rosidl_generator_py/f110_msgs/msg/_wpnt_s.c.o[0m
[3.480s] [ 95%] [32mBuilding C object CMakeFiles/f110_msgs__rosidl_generator_py.dir/rosidl_generator_py/f110_msgs/msg/_proj_opp_traj_s.c.o[0m
[3.536s] [ 95%] [32mBuilding C object CMakeFiles/f110_msgs__rosidl_generator_py.dir/rosidl_generator_py/f110_msgs/msg/_wpnt_array_s.c.o[0m
[3.592s] [ 96%] [32m[1mLinking C shared library rosidl_generator_py/f110_msgs/libf110_msgs__rosidl_generator_py.so[0m
[3.618s] [ 96%] Built target f110_msgs__rosidl_generator_py
[3.630s] [ 99%] [32mBuilding C object CMakeFiles/f110_msgs__rosidl_typesupport_c__pyext.dir/rosidl_generator_py/f110_msgs/_f110_msgs_s.ep.rosidl_typesupport_c.c.o[0m
[3.630s] [ 99%] [32mBuilding C object CMakeFiles/f110_msgs__rosidl_typesupport_fastrtps_c__pyext.dir/rosidl_generator_py/f110_msgs/_f110_msgs_s.ep.rosidl_typesupport_fastrtps_c.c.o[0m
[3.630s] [ 99%] [32mBuilding C object CMakeFiles/f110_msgs__rosidl_typesupport_introspection_c__pyext.dir/rosidl_generator_py/f110_msgs/_f110_msgs_s.ep.rosidl_typesupport_introspection_c.c.o[0m
[3.699s] [ 99%] [32m[1mLinking C shared library rosidl_generator_py/f110_msgs/f110_msgs_s__rosidl_typesupport_fastrtps_c.cpython-310-x86_64-linux-gnu.so[0m
[3.701s] [100%] [32m[1mLinking C shared library rosidl_generator_py/f110_msgs/f110_msgs_s__rosidl_typesupport_introspection_c.cpython-310-x86_64-linux-gnu.so[0m
[3.702s] [100%] [32m[1mLinking C shared library rosidl_generator_py/f110_msgs/f110_msgs_s__rosidl_typesupport_c.cpython-310-x86_64-linux-gnu.so[0m
[3.723s] [100%] Built target f110_msgs__rosidl_typesupport_fastrtps_c__pyext
[3.724s] [100%] Built target f110_msgs__rosidl_typesupport_c__pyext
[3.724s] [100%] Built target f110_msgs__rosidl_typesupport_introspection_c__pyext
[3.731s] Invoked command in '/home/haejum-park/2026_IFAC/build/f110_msgs' returned '0': CMAKE_PREFIX_PATH=${CMAKE_PREFIX_PATH}:/home/haejum-park/2026_IFAC/install/new_map_con:/home/haejum-park/2026_IFAC/install/lap_timer:/home/haejum-park/sim_ws/install/f1tenth_gym_ros:/home/haejum-park/install/launch_testing_examples:/home/haejum-park/install/examples_rclpy_pointcloud_publisher:/home/haejum-park/install/examples_rclpy_minimal_subscriber:/home/haejum-park/install/examples_rclpy_minimal_service:/home/haejum-park/install/examples_rclpy_minimal_publisher:/home/haejum-park/install/examples_rclpy_minimal_client:/home/haejum-park/install/examples_rclpy_minimal_action_server:/home/haejum-park/install/examples_rclpy_minimal_action_client:/home/haejum-park/install/examples_rclpy_guard_conditions:/home/haejum-park/install/examples_rclpy_executors:/opt/ros/humble /usr/bin/cmake --build /home/haejum-park/2026_IFAC/build/f110_msgs -- -j14 -l14
[3.737s] Invoking command in '/home/haejum-park/2026_IFAC/build/f110_msgs': CMAKE_PREFIX_PATH=${CMAKE_PREFIX_PATH}:/home/haejum-park/2026_IFAC/install/new_map_con:/home/haejum-park/2026_IFAC/install/lap_timer:/home/haejum-park/sim_ws/install/f1tenth_gym_ros:/home/haejum-park/install/launch_testing_examples:/home/haejum-park/install/examples_rclpy_pointcloud_publisher:/home/haejum-park/install/examples_rclpy_minimal_subscriber:/home/haejum-park/install/examples_rclpy_minimal_service:/home/haejum-park/install/examples_rclpy_minimal_publisher:/home/haejum-park/install/examples_rclpy_minimal_client:/home/haejum-park/install/examples_rclpy_minimal_action_server:/home/haejum-park/install/examples_rclpy_minimal_action_client:/home/haejum-park/install/examples_rclpy_guard_conditions:/home/haejum-park/install/examples_rclpy_executors:/opt/ros/humble /usr/bin/cmake --install /home/haejum-park/2026_IFAC/build/f110_msgs
[3.740s] -- Install configuration: ""
[3.741s] -- Execute custom install script
[3.741s] -- Symlinking: /home/haejum-park/2026_IFAC/install/f110_msgs/share/ament_index/resource_index/rosidl_interfaces/f110_msgs
[3.745s] -- Symlinking: /home/haejum-park/2026_IFAC/install/f110_msgs/include/f110_msgs/f110_msgs/msg/car_state.h
[3.750s] -- Symlinking: /home/haejum-park/2026_IFAC/install/f110_msgs/include/f110_msgs/f110_msgs/msg/car_state_stamped.h
[3.754s] -- Symlinking: /home/haejum-park/2026_IFAC/install/f110_msgs/include/f110_msgs/f110_msgs/msg/detail/car_state__functions.h
[3.758s] -- Symlinking: /home/haejum-park/2026_IFAC/install/f110_msgs/include/f110_msgs/f110_msgs/msg/detail/car_state__struct.h
[3.762s] -- Symlinking: /home/haejum-park/2026_IFAC/install/f110_msgs/include/f110_msgs/f110_msgs/msg/detail/car_state__type_support.h
[3.767s] -- Symlinking: /home/haejum-park/2026_IFAC/install/f110_msgs/include/f110_msgs/f110_msgs/msg/detail/car_state_stamped__functions.h
[3.771s] -- Symlinking: /home/haejum-park/2026_IFAC/install/f110_msgs/include/f110_msgs/f110_msgs/msg/detail/car_state_stamped__struct.h
[3.775s] -- Symlinking: /home/haejum-park/2026_IFAC/install/f110_msgs/include/f110_msgs/f110_msgs/msg/detail/car_state_stamped__type_support.h
[3.778s] -- Symlinking: /home/haejum-park/2026_IFAC/install/f110_msgs/include/f110_msgs/f110_msgs/msg/detail/gap_data__functions.h
[3.782s] -- Symlinking: /home/haejum-park/2026_IFAC/install/f110_msgs/include/f110_msgs/f110_msgs/msg/detail/gap_data__struct.h
[3.786s] -- Symlinking: /home/haejum-park/2026_IFAC/install/f110_msgs/include/f110_msgs/f110_msgs/msg/detail/gap_data__type_support.h
[3.790s] -- Symlinking: /home/haejum-park/2026_IFAC/install/f110_msgs/include/f110_msgs/f110_msgs/msg/detail/lap_data__functions.h
[3.794s] -- Symlinking: /home/haejum-park/2026_IFAC/install/f110_msgs/include/f110_msgs/f110_msgs/msg/detail/lap_data__struct.h
[3.798s] -- Symlinking: /home/haejum-park/2026_IFAC/install/f110_msgs/include/f110_msgs/f110_msgs/msg/detail/lap_data__type_support.h
[3.803s] -- Symlinking: /home/haejum-park/2026_IFAC/install/f110_msgs/include/f110_msgs/f110_msgs/msg/detail/obstacle__functions.h
[3.806s] -- Symlinking: /home/haejum-park/2026_IFAC/install/f110_msgs/include/f110_msgs/f110_msgs/msg/detail/obstacle__struct.h
[3.810s] -- Symlinking: /home/haejum-park/2026_IFAC/install/f110_msgs/include/f110_msgs/f110_msgs/msg/detail/obstacle__type_support.h
[3.814s] -- Symlinking: /home/haejum-park/2026_IFAC/install/f110_msgs/include/f110_msgs/f110_msgs/msg/detail/obstacle_array__functions.h
[3.819s] -- Symlinking: /home/haejum-park/2026_IFAC/install/f110_msgs/include/f110_msgs/f110_msgs/msg/detail/obstacle_array__struct.h
[3.823s] -- Symlinking: /home/haejum-park/2026_IFAC/install/f110_msgs/include/f110_msgs/f110_msgs/msg/detail/obstacle_array__type_support.h
[3.826s] -- Symlinking: /home/haejum-park/2026_IFAC/install/f110_msgs/include/f110_msgs/f110_msgs/msg/detail/opp_wpnt__functions.h
[3.830s] -- Symlinking: /home/haejum-park/2026_IFAC/install/f110_msgs/include/f110_msgs/f110_msgs/msg/detail/opp_wpnt__struct.h
[3.834s] -- Symlinking: /home/haejum-park/2026_IFAC/install/f110_msgs/include/f110_msgs/f110_msgs/msg/detail/opp_wpnt__type_support.h
[3.838s] -- Symlinking: /home/haejum-park/2026_IFAC/install/f110_msgs/include/f110_msgs/f110_msgs/msg/detail/opponent_trajectories__functions.h
[3.842s] -- Symlinking: /home/haejum-park/2026_IFAC/install/f110_msgs/include/f110_msgs/f110_msgs/msg/detail/opponent_trajectories__struct.h
[3.846s] -- Symlinking: /home/haejum-park/2026_IFAC/install/f110_msgs/include/f110_msgs/f110_msgs/msg/detail/opponent_trajectories__type_support.h
[3.850s] -- Symlinking: /home/haejum-park/2026_IFAC/install/f110_msgs/include/f110_msgs/f110_msgs/msg/detail/opponent_trajectory__functions.h
[3.854s] -- Symlinking: /home/haejum-park/2026_IFAC/install/f110_msgs/include/f110_msgs/f110_msgs/msg/detail/opponent_trajectory__struct.h
[3.857s] -- Symlinking: /home/haejum-park/2026_IFAC/install/f110_msgs/include/f110_msgs/f110_msgs/msg/detail/opponent_trajectory__type_support.h
[3.862s] -- Symlinking: /home/haejum-park/2026_IFAC/install/f110_msgs/include/f110_msgs/f110_msgs/msg/detail/ot_wpnt_array__functions.h
[3.865s] -- Symlinking: /home/haejum-park/2026_IFAC/install/f110_msgs/include/f110_msgs/f110_msgs/msg/detail/ot_wpnt_array__struct.h
[3.869s] -- Symlinking: /home/haejum-park/2026_IFAC/install/f110_msgs/include/f110_msgs/f110_msgs/msg/detail/ot_wpnt_array__type_support.h
[3.873s] -- Symlinking: /home/haejum-park/2026_IFAC/install/f110_msgs/include/f110_msgs/f110_msgs/msg/detail/pid_data__functions.h
[3.877s] -- Symlinking: /home/haejum-park/2026_IFAC/install/f110_msgs/include/f110_msgs/f110_msgs/msg/detail/pid_data__struct.h
[3.882s] -- Symlinking: /home/haejum-park/2026_IFAC/install/f110_msgs/include/f110_msgs/f110_msgs/msg/detail/pid_data__type_support.h
[3.886s] -- Symlinking: /home/haejum-park/2026_IFAC/install/f110_msgs/include/f110_msgs/f110_msgs/msg/detail/proj_opp_point__functions.h
[3.889s] -- Symlinking: /home/haejum-park/2026_IFAC/install/f110_msgs/include/f110_msgs/f110_msgs/msg/detail/proj_opp_point__struct.h
[3.893s] -- Symlinking: /home/haejum-park/2026_IFAC/install/f110_msgs/include/f110_msgs/f110_msgs/msg/detail/proj_opp_point__type_support.h
[3.897s] -- Symlinking: /home/haejum-park/2026_IFAC/install/f110_msgs/include/f110_msgs/f110_msgs/msg/detail/proj_opp_traj__functions.h
[3.901s] -- Symlinking: /home/haejum-park/2026_IFAC/install/f110_msgs/include/f110_msgs/f110_msgs/msg/detail/proj_opp_traj__struct.h
[3.905s] -- Symlinking: /home/haejum-park/2026_IFAC/install/f110_msgs/include/f110_msgs/f110_msgs/msg/detail/proj_opp_traj__type_support.h
[3.909s] -- Symlinking: /home/haejum-park/2026_IFAC/install/f110_msgs/include/f110_msgs/f110_msgs/msg/detail/wpnt__functions.h
[3.913s] -- Symlinking: /home/haejum-park/2026_IFAC/install/f110_msgs/include/f110_msgs/f110_msgs/msg/detail/wpnt__struct.h
[3.918s] -- Symlinking: /home/haejum-park/2026_IFAC/install/f110_msgs/include/f110_msgs/f110_msgs/msg/detail/wpnt__type_support.h
[3.923s] -- Symlinking: /home/haejum-park/2026_IFAC/install/f110_msgs/include/f110_msgs/f110_msgs/msg/detail/wpnt_array__functions.h
[3.928s] -- Symlinking: /home/haejum-park/2026_IFAC/install/f110_msgs/include/f110_msgs/f110_msgs/msg/detail/wpnt_array__struct.h
[3.932s] -- Symlinking: /home/haejum-park/2026_IFAC/install/f110_msgs/include/f110_msgs/f110_msgs/msg/detail/wpnt_array__type_support.h
[3.936s] -- Symlinking: /home/haejum-park/2026_IFAC/install/f110_msgs/include/f110_msgs/f110_msgs/msg/gap_data.h
[3.940s] -- Symlinking: /home/haejum-park/2026_IFAC/install/f110_msgs/include/f110_msgs/f110_msgs/msg/lap_data.h
[3.944s] -- Symlinking: /home/haejum-park/2026_IFAC/install/f110_msgs/include/f110_msgs/f110_msgs/msg/obstacle.h
[3.948s] -- Symlinking: /home/haejum-park/2026_IFAC/install/f110_msgs/include/f110_msgs/f110_msgs/msg/obstacle_array.h
[3.952s] -- Symlinking: /home/haejum-park/2026_IFAC/install/f110_msgs/include/f110_msgs/f110_msgs/msg/opp_wpnt.h
[3.956s] -- Symlinking: /home/haejum-park/2026_IFAC/install/f110_msgs/include/f110_msgs/f110_msgs/msg/opponent_trajectories.h
[3.960s] -- Symlinking: /home/haejum-park/2026_IFAC/install/f110_msgs/include/f110_msgs/f110_msgs/msg/opponent_trajectory.h
[3.964s] -- Symlinking: /home/haejum-park/2026_IFAC/install/f110_msgs/include/f110_msgs/f110_msgs/msg/ot_wpnt_array.h
[3.968s] -- Symlinking: /home/haejum-park/2026_IFAC/install/f110_msgs/include/f110_msgs/f110_msgs/msg/pid_data.h
[3.972s] -- Symlinking: /home/haejum-park/2026_IFAC/install/f110_msgs/include/f110_msgs/f110_msgs/msg/proj_opp_point.h
[3.976s] -- Symlinking: /home/haejum-park/2026_IFAC/install/f110_msgs/include/f110_msgs/f110_msgs/msg/proj_opp_traj.h
[3.981s] -- Symlinking: /home/haejum-park/2026_IFAC/install/f110_msgs/include/f110_msgs/f110_msgs/msg/rosidl_generator_c__visibility_control.h
[3.985s] -- Symlinking: /home/haejum-park/2026_IFAC/install/f110_msgs/include/f110_msgs/f110_msgs/msg/wpnt.h
[3.989s] -- Symlinking: /home/haejum-park/2026_IFAC/install/f110_msgs/include/f110_msgs/f110_msgs/msg/wpnt_array.h
[3.993s] -- Symlinking: /home/haejum-park/2026_IFAC/install/f110_msgs/share/f110_msgs/environment/library_path.sh
[3.996s] -- Symlinking: /home/haejum-park/2026_IFAC/install/f110_msgs/share/f110_msgs/environment/library_path.dsv
[4.001s] -- Symlinking: /home/haejum-park/2026_IFAC/install/f110_msgs/include/f110_msgs/f110_msgs/msg/detail/car_state__rosidl_typesupport_fastrtps_c.h
[4.004s] -- Symlinking: /home/haejum-park/2026_IFAC/install/f110_msgs/include/f110_msgs/f110_msgs/msg/detail/car_state_stamped__rosidl_typesupport_fastrtps_c.h
[4.008s] -- Symlinking: /home/haejum-park/2026_IFAC/install/f110_msgs/include/f110_msgs/f110_msgs/msg/detail/gap_data__rosidl_typesupport_fastrtps_c.h
[4.013s] -- Symlinking: /home/haejum-park/2026_IFAC/install/f110_msgs/include/f110_msgs/f110_msgs/msg/detail/lap_data__rosidl_typesupport_fastrtps_c.h
[4.017s] -- Symlinking: /home/haejum-park/2026_IFAC/install/f110_msgs/include/f110_msgs/f110_msgs/msg/detail/obstacle__rosidl_typesupport_fastrtps_c.h
[4.021s] -- Symlinking: /home/haejum-park/2026_IFAC/install/f110_msgs/include/f110_msgs/f110_msgs/msg/detail/obstacle_array__rosidl_typesupport_fastrtps_c.h
[4.025s] -- Symlinking: /home/haejum-park/2026_IFAC/install/f110_msgs/include/f110_msgs/f110_msgs/msg/detail/opp_wpnt__rosidl_typesupport_fastrtps_c.h
[4.029s] -- Symlinking: /home/haejum-park/2026_IFAC/install/f110_msgs/include/f110_msgs/f110_msgs/msg/detail/opponent_trajectories__rosidl_typesupport_fastrtps_c.h
[4.034s] -- Symlinking: /home/haejum-park/2026_IFAC/install/f110_msgs/include/f110_msgs/f110_msgs/msg/detail/opponent_trajectory__rosidl_typesupport_fastrtps_c.h
[4.038s] -- Symlinking: /home/haejum-park/2026_IFAC/install/f110_msgs/include/f110_msgs/f110_msgs/msg/detail/ot_wpnt_array__rosidl_typesupport_fastrtps_c.h
[4.041s] -- Symlinking: /home/haejum-park/2026_IFAC/install/f110_msgs/include/f110_msgs/f110_msgs/msg/detail/pid_data__rosidl_typesupport_fastrtps_c.h
[4.045s] -- Symlinking: /home/haejum-park/2026_IFAC/install/f110_msgs/include/f110_msgs/f110_msgs/msg/detail/proj_opp_point__rosidl_typesupport_fastrtps_c.h
[4.049s] -- Symlinking: /home/haejum-park/2026_IFAC/install/f110_msgs/include/f110_msgs/f110_msgs/msg/detail/proj_opp_traj__rosidl_typesupport_fastrtps_c.h
[4.053s] -- Symlinking: /home/haejum-park/2026_IFAC/install/f110_msgs/include/f110_msgs/f110_msgs/msg/detail/wpnt__rosidl_typesupport_fastrtps_c.h
[4.057s] -- Symlinking: /home/haejum-park/2026_IFAC/install/f110_msgs/include/f110_msgs/f110_msgs/msg/detail/wpnt_array__rosidl_typesupport_fastrtps_c.h
[4.061s] -- Symlinking: /home/haejum-park/2026_IFAC/install/f110_msgs/include/f110_msgs/f110_msgs/msg/rosidl_typesupport_fastrtps_c__visibility_control.h
[4.066s] -- Symlinking: /home/haejum-park/2026_IFAC/install/f110_msgs/include/f110_msgs/f110_msgs/msg/detail/car_state__rosidl_typesupport_introspection_c.h
[4.070s] -- Symlinking: /home/haejum-park/2026_IFAC/install/f110_msgs/include/f110_msgs/f110_msgs/msg/detail/car_state_stamped__rosidl_typesupport_introspection_c.h
[4.074s] -- Symlinking: /home/haejum-park/2026_IFAC/install/f110_msgs/include/f110_msgs/f110_msgs/msg/detail/gap_data__rosidl_typesupport_introspection_c.h
[4.078s] -- Symlinking: /home/haejum-park/2026_IFAC/install/f110_msgs/include/f110_msgs/f110_msgs/msg/detail/lap_data__rosidl_typesupport_introspection_c.h
[4.083s] -- Symlinking: /home/haejum-park/2026_IFAC/install/f110_msgs/include/f110_msgs/f110_msgs/msg/detail/obstacle__rosidl_typesupport_introspection_c.h
[4.087s] -- Symlinking: /home/haejum-park/2026_IFAC/install/f110_msgs/include/f110_msgs/f110_msgs/msg/detail/obstacle_array__rosidl_typesupport_introspection_c.h
[4.091s] -- Symlinking: /home/haejum-park/2026_IFAC/install/f110_msgs/include/f110_msgs/f110_msgs/msg/detail/opp_wpnt__rosidl_typesupport_introspection_c.h
[4.095s] -- Symlinking: /home/haejum-park/2026_IFAC/install/f110_msgs/include/f110_msgs/f110_msgs/msg/detail/opponent_trajectories__rosidl_typesupport_introspection_c.h
[4.099s] -- Symlinking: /home/haejum-park/2026_IFAC/install/f110_msgs/include/f110_msgs/f110_msgs/msg/detail/opponent_trajectory__rosidl_typesupport_introspection_c.h
[4.102s] -- Symlinking: /home/haejum-park/2026_IFAC/install/f110_msgs/include/f110_msgs/f110_msgs/msg/detail/ot_wpnt_array__rosidl_typesupport_introspection_c.h
[4.106s] -- Symlinking: /home/haejum-park/2026_IFAC/install/f110_msgs/include/f110_msgs/f110_msgs/msg/detail/pid_data__rosidl_typesupport_introspection_c.h
[4.110s] -- Symlinking: /home/haejum-park/2026_IFAC/install/f110_msgs/include/f110_msgs/f110_msgs/msg/detail/proj_opp_point__rosidl_typesupport_introspection_c.h
[4.114s] -- Symlinking: /home/haejum-park/2026_IFAC/install/f110_msgs/include/f110_msgs/f110_msgs/msg/detail/proj_opp_traj__rosidl_typesupport_introspection_c.h
[4.118s] -- Symlinking: /home/haejum-park/2026_IFAC/install/f110_msgs/include/f110_msgs/f110_msgs/msg/detail/wpnt__rosidl_typesupport_introspection_c.h
[4.123s] -- Symlinking: /home/haejum-park/2026_IFAC/install/f110_msgs/include/f110_msgs/f110_msgs/msg/detail/wpnt_array__rosidl_typesupport_introspection_c.h
[4.127s] -- Symlinking: /home/haejum-park/2026_IFAC/install/f110_msgs/include/f110_msgs/f110_msgs/msg/rosidl_typesupport_introspection_c__visibility_control.h
[4.132s] -- Symlinking: /home/haejum-park/2026_IFAC/install/f110_msgs/include/f110_msgs/f110_msgs/msg/car_state.hpp
[4.136s] -- Symlinking: /home/haejum-park/2026_IFAC/install/f110_msgs/include/f110_msgs/f110_msgs/msg/car_state_stamped.hpp
[4.140s] -- Symlinking: /home/haejum-park/2026_IFAC/install/f110_msgs/include/f110_msgs/f110_msgs/msg/detail/car_state__builder.hpp
[4.144s] -- Symlinking: /home/haejum-park/2026_IFAC/install/f110_msgs/include/f110_msgs/f110_msgs/msg/detail/car_state__struct.hpp
[4.148s] -- Symlinking: /home/haejum-park/2026_IFAC/install/f110_msgs/include/f110_msgs/f110_msgs/msg/detail/car_state__traits.hpp
[4.152s] -- Symlinking: /home/haejum-park/2026_IFAC/install/f110_msgs/include/f110_msgs/f110_msgs/msg/detail/car_state__type_support.hpp
[4.156s] -- Symlinking: /home/haejum-park/2026_IFAC/install/f110_msgs/include/f110_msgs/f110_msgs/msg/detail/car_state_stamped__builder.hpp
[4.160s] -- Symlinking: /home/haejum-park/2026_IFAC/install/f110_msgs/include/f110_msgs/f110_msgs/msg/detail/car_state_stamped__struct.hpp
[4.164s] -- Symlinking: /home/haejum-park/2026_IFAC/install/f110_msgs/include/f110_msgs/f110_msgs/msg/detail/car_state_stamped__traits.hpp
[4.168s] -- Symlinking: /home/haejum-park/2026_IFAC/install/f110_msgs/include/f110_msgs/f110_msgs/msg/detail/car_state_stamped__type_support.hpp
[4.173s] -- Symlinking: /home/haejum-park/2026_IFAC/install/f110_msgs/include/f110_msgs/f110_msgs/msg/detail/gap_data__builder.hpp
[4.177s] -- Symlinking: /home/haejum-park/2026_IFAC/install/f110_msgs/include/f110_msgs/f110_msgs/msg/detail/gap_data__struct.hpp
[4.181s] -- Symlinking: /home/haejum-park/2026_IFAC/install/f110_msgs/include/f110_msgs/f110_msgs/msg/detail/gap_data__traits.hpp
[4.185s] -- Symlinking: /home/haejum-park/2026_IFAC/install/f110_msgs/include/f110_msgs/f110_msgs/msg/detail/gap_data__type_support.hpp
[4.189s] -- Symlinking: /home/haejum-park/2026_IFAC/install/f110_msgs/include/f110_msgs/f110_msgs/msg/detail/lap_data__builder.hpp
[4.193s] -- Symlinking: /home/haejum-park/2026_IFAC/install/f110_msgs/include/f110_msgs/f110_msgs/msg/detail/lap_data__struct.hpp
[4.197s] -- Symlinking: /home/haejum-park/2026_IFAC/install/f110_msgs/include/f110_msgs/f110_msgs/msg/detail/lap_data__traits.hpp
[4.201s] -- Symlinking: /home/haejum-park/2026_IFAC/install/f110_msgs/include/f110_msgs/f110_msgs/msg/detail/lap_data__type_support.hpp
[4.205s] -- Symlinking: /home/haejum-park/2026_IFAC/install/f110_msgs/include/f110_msgs/f110_msgs/msg/detail/obstacle__builder.hpp
[4.209s] -- Symlinking: /home/haejum-park/2026_IFAC/install/f110_msgs/include/f110_msgs/f110_msgs/msg/detail/obstacle__struct.hpp
[4.213s] -- Symlinking: /home/haejum-park/2026_IFAC/install/f110_msgs/include/f110_msgs/f110_msgs/msg/detail/obstacle__traits.hpp
[4.218s] -- Symlinking: /home/haejum-park/2026_IFAC/install/f110_msgs/include/f110_msgs/f110_msgs/msg/detail/obstacle__type_support.hpp
[4.222s] -- Symlinking: /home/haejum-park/2026_IFAC/install/f110_msgs/include/f110_msgs/f110_msgs/msg/detail/obstacle_array__builder.hpp
[4.225s] -- Symlinking: /home/haejum-park/2026_IFAC/install/f110_msgs/include/f110_msgs/f110_msgs/msg/detail/obstacle_array__struct.hpp
[4.229s] -- Symlinking: /home/haejum-park/2026_IFAC/install/f110_msgs/include/f110_msgs/f110_msgs/msg/detail/obstacle_array__traits.hpp
[4.233s] -- Symlinking: /home/haejum-park/2026_IFAC/install/f110_msgs/include/f110_msgs/f110_msgs/msg/detail/obstacle_array__type_support.hpp
[4.237s] -- Symlinking: /home/haejum-park/2026_IFAC/install/f110_msgs/include/f110_msgs/f110_msgs/msg/detail/opp_wpnt__builder.hpp
[4.241s] -- Symlinking: /home/haejum-park/2026_IFAC/install/f110_msgs/include/f110_msgs/f110_msgs/msg/detail/opp_wpnt__struct.hpp
[4.245s] -- Symlinking: /home/haejum-park/2026_IFAC/install/f110_msgs/include/f110_msgs/f110_msgs/msg/detail/opp_wpnt__traits.hpp
[4.249s] -- Symlinking: /home/haejum-park/2026_IFAC/install/f110_msgs/include/f110_msgs/f110_msgs/msg/detail/opp_wpnt__type_support.hpp
[4.253s] -- Symlinking: /home/haejum-park/2026_IFAC/install/f110_msgs/include/f110_msgs/f110_msgs/msg/detail/opponent_trajectories__builder.hpp
[4.257s] -- Symlinking: /home/haejum-park/2026_IFAC/install/f110_msgs/include/f110_msgs/f110_msgs/msg/detail/opponent_trajectories__struct.hpp
[4.261s] -- Symlinking: /home/haejum-park/2026_IFAC/install/f110_msgs/include/f110_msgs/f110_msgs/msg/detail/opponent_trajectories__traits.hpp
[4.265s] -- Symlinking: /home/haejum-park/2026_IFAC/install/f110_msgs/include/f110_msgs/f110_msgs/msg/detail/opponent_trajectories__type_support.hpp
[4.269s] -- Symlinking: /home/haejum-park/2026_IFAC/install/f110_msgs/include/f110_msgs/f110_msgs/msg/detail/opponent_trajectory__builder.hpp
[4.273s] -- Symlinking: /home/haejum-park/2026_IFAC/install/f110_msgs/include/f110_msgs/f110_msgs/msg/detail/opponent_trajectory__struct.hpp
[4.277s] -- Symlinking: /home/haejum-park/2026_IFAC/install/f110_msgs/include/f110_msgs/f110_msgs/msg/detail/opponent_trajectory__traits.hpp
[4.281s] -- Symlinking: /home/haejum-park/2026_IFAC/install/f110_msgs/include/f110_msgs/f110_msgs/msg/detail/opponent_trajectory__type_support.hpp
[4.285s] -- Symlinking: /home/haejum-park/2026_IFAC/install/f110_msgs/include/f110_msgs/f110_msgs/msg/detail/ot_wpnt_array__builder.hpp
[4.289s] -- Symlinking: /home/haejum-park/2026_IFAC/install/f110_msgs/include/f110_msgs/f110_msgs/msg/detail/ot_wpnt_array__struct.hpp
[4.293s] -- Symlinking: /home/haejum-park/2026_IFAC/install/f110_msgs/include/f110_msgs/f110_msgs/msg/detail/ot_wpnt_array__traits.hpp
[4.297s] -- Symlinking: /home/haejum-park/2026_IFAC/install/f110_msgs/include/f110_msgs/f110_msgs/msg/detail/ot_wpnt_array__type_support.hpp
[4.301s] -- Symlinking: /home/haejum-park/2026_IFAC/install/f110_msgs/include/f110_msgs/f110_msgs/msg/detail/pid_data__builder.hpp
[4.305s] -- Symlinking: /home/haejum-park/2026_IFAC/install/f110_msgs/include/f110_msgs/f110_msgs/msg/detail/pid_data__struct.hpp
[4.309s] -- Symlinking: /home/haejum-park/2026_IFAC/install/f110_msgs/include/f110_msgs/f110_msgs/msg/detail/pid_data__traits.hpp
[4.313s] -- Symlinking: /home/haejum-park/2026_IFAC/install/f110_msgs/include/f110_msgs/f110_msgs/msg/detail/pid_data__type_support.hpp
[4.317s] -- Symlinking: /home/haejum-park/2026_IFAC/install/f110_msgs/include/f110_msgs/f110_msgs/msg/detail/proj_opp_point__builder.hpp
[4.321s] -- Symlinking: /home/haejum-park/2026_IFAC/install/f110_msgs/include/f110_msgs/f110_msgs/msg/detail/proj_opp_point__struct.hpp
[4.325s] -- Symlinking: /home/haejum-park/2026_IFAC/install/f110_msgs/include/f110_msgs/f110_msgs/msg/detail/proj_opp_point__traits.hpp
[4.329s] -- Symlinking: /home/haejum-park/2026_IFAC/install/f110_msgs/include/f110_msgs/f110_msgs/msg/detail/proj_opp_point__type_support.hpp
[4.333s] -- Symlinking: /home/haejum-park/2026_IFAC/install/f110_msgs/include/f110_msgs/f110_msgs/msg/detail/proj_opp_traj__builder.hpp
[4.337s] -- Symlinking: /home/haejum-park/2026_IFAC/install/f110_msgs/include/f110_msgs/f110_msgs/msg/detail/proj_opp_traj__struct.hpp
[4.341s] -- Symlinking: /home/haejum-park/2026_IFAC/install/f110_msgs/include/f110_msgs/f110_msgs/msg/detail/proj_opp_traj__traits.hpp
[4.345s] -- Symlinking: /home/haejum-park/2026_IFAC/install/f110_msgs/include/f110_msgs/f110_msgs/msg/detail/proj_opp_traj__type_support.hpp
[4.349s] -- Symlinking: /home/haejum-park/2026_IFAC/install/f110_msgs/include/f110_msgs/f110_msgs/msg/detail/wpnt__builder.hpp
[4.353s] -- Symlinking: /home/haejum-park/2026_IFAC/install/f110_msgs/include/f110_msgs/f110_msgs/msg/detail/wpnt__struct.hpp
[4.357s] -- Symlinking: /home/haejum-park/2026_IFAC/install/f110_msgs/include/f110_msgs/f110_msgs/msg/detail/wpnt__traits.hpp
[4.361s] -- Symlinking: /home/haejum-park/2026_IFAC/install/f110_msgs/include/f110_msgs/f110_msgs/msg/detail/wpnt__type_support.hpp
[4.365s] -- Symlinking: /home/haejum-park/2026_IFAC/install/f110_msgs/include/f110_msgs/f110_msgs/msg/detail/wpnt_array__builder.hpp
[4.369s] -- Symlinking: /home/haejum-park/2026_IFAC/install/f110_msgs/include/f110_msgs/f110_msgs/msg/detail/wpnt_array__struct.hpp
[4.373s] -- Symlinking: /home/haejum-park/2026_IFAC/install/f110_msgs/include/f110_msgs/f110_msgs/msg/detail/wpnt_array__traits.hpp
[4.377s] -- Symlinking: /home/haejum-park/2026_IFAC/install/f110_msgs/include/f110_msgs/f110_msgs/msg/detail/wpnt_array__type_support.hpp
[4.381s] -- Symlinking: /home/haejum-park/2026_IFAC/install/f110_msgs/include/f110_msgs/f110_msgs/msg/gap_data.hpp
[4.385s] -- Symlinking: /home/haejum-park/2026_IFAC/install/f110_msgs/include/f110_msgs/f110_msgs/msg/lap_data.hpp
[4.389s] -- Symlinking: /home/haejum-park/2026_IFAC/install/f110_msgs/include/f110_msgs/f110_msgs/msg/obstacle.hpp
[4.393s] -- Symlinking: /home/haejum-park/2026_IFAC/install/f110_msgs/include/f110_msgs/f110_msgs/msg/obstacle_array.hpp
[4.397s] -- Symlinking: /home/haejum-park/2026_IFAC/install/f110_msgs/include/f110_msgs/f110_msgs/msg/opp_wpnt.hpp
[4.401s] -- Symlinking: /home/haejum-park/2026_IFAC/install/f110_msgs/include/f110_msgs/f110_msgs/msg/opponent_trajectories.hpp
[4.405s] -- Symlinking: /home/haejum-park/2026_IFAC/install/f110_msgs/include/f110_msgs/f110_msgs/msg/opponent_trajectory.hpp
[4.409s] -- Symlinking: /home/haejum-park/2026_IFAC/install/f110_msgs/include/f110_msgs/f110_msgs/msg/ot_wpnt_array.hpp
[4.413s] -- Symlinking: /home/haejum-park/2026_IFAC/install/f110_msgs/include/f110_msgs/f110_msgs/msg/pid_data.hpp
[4.417s] -- Symlinking: /home/haejum-park/2026_IFAC/install/f110_msgs/include/f110_msgs/f110_msgs/msg/proj_opp_point.hpp
[4.422s] -- Symlinking: /home/haejum-park/2026_IFAC/install/f110_msgs/include/f110_msgs/f110_msgs/msg/proj_opp_traj.hpp
[4.426s] -- Symlinking: /home/haejum-park/2026_IFAC/install/f110_msgs/include/f110_msgs/f110_msgs/msg/rosidl_generator_cpp__visibility_control.hpp
[4.430s] -- Symlinking: /home/haejum-park/2026_IFAC/install/f110_msgs/include/f110_msgs/f110_msgs/msg/wpnt.hpp
[4.435s] -- Symlinking: /home/haejum-park/2026_IFAC/install/f110_msgs/include/f110_msgs/f110_msgs/msg/wpnt_array.hpp
[4.440s] -- Symlinking: /home/haejum-park/2026_IFAC/install/f110_msgs/include/f110_msgs/f110_msgs/msg/detail/car_state__rosidl_typesupport_fastrtps_cpp.hpp
[4.444s] -- Symlinking: /home/haejum-park/2026_IFAC/install/f110_msgs/include/f110_msgs/f110_msgs/msg/detail/car_state_stamped__rosidl_typesupport_fastrtps_cpp.hpp
[4.448s] -- Symlinking: /home/haejum-park/2026_IFAC/install/f110_msgs/include/f110_msgs/f110_msgs/msg/detail/gap_data__rosidl_typesupport_fastrtps_cpp.hpp
[4.452s] -- Symlinking: /home/haejum-park/2026_IFAC/install/f110_msgs/include/f110_msgs/f110_msgs/msg/detail/lap_data__rosidl_typesupport_fastrtps_cpp.hpp
[4.456s] -- Symlinking: /home/haejum-park/2026_IFAC/install/f110_msgs/include/f110_msgs/f110_msgs/msg/detail/obstacle__rosidl_typesupport_fastrtps_cpp.hpp
[4.461s] -- Symlinking: /home/haejum-park/2026_IFAC/install/f110_msgs/include/f110_msgs/f110_msgs/msg/detail/obstacle_array__rosidl_typesupport_fastrtps_cpp.hpp
[4.465s] -- Symlinking: /home/haejum-park/2026_IFAC/install/f110_msgs/include/f110_msgs/f110_msgs/msg/detail/opp_wpnt__rosidl_typesupport_fastrtps_cpp.hpp
[4.469s] -- Symlinking: /home/haejum-park/2026_IFAC/install/f110_msgs/include/f110_msgs/f110_msgs/msg/detail/opponent_trajectories__rosidl_typesupport_fastrtps_cpp.hpp
[4.473s] -- Symlinking: /home/haejum-park/2026_IFAC/install/f110_msgs/include/f110_msgs/f110_msgs/msg/detail/opponent_trajectory__rosidl_typesupport_fastrtps_cpp.hpp
[4.477s] -- Symlinking: /home/haejum-park/2026_IFAC/install/f110_msgs/include/f110_msgs/f110_msgs/msg/detail/ot_wpnt_array__rosidl_typesupport_fastrtps_cpp.hpp
[4.481s] -- Symlinking: /home/haejum-park/2026_IFAC/install/f110_msgs/include/f110_msgs/f110_msgs/msg/detail/pid_data__rosidl_typesupport_fastrtps_cpp.hpp
[4.485s] -- Symlinking: /home/haejum-park/2026_IFAC/install/f110_msgs/include/f110_msgs/f110_msgs/msg/detail/proj_opp_point__rosidl_typesupport_fastrtps_cpp.hpp
[4.489s] -- Symlinking: /home/haejum-park/2026_IFAC/install/f110_msgs/include/f110_msgs/f110_msgs/msg/detail/proj_opp_traj__rosidl_typesupport_fastrtps_cpp.hpp
[4.493s] -- Symlinking: /home/haejum-park/2026_IFAC/install/f110_msgs/include/f110_msgs/f110_msgs/msg/detail/wpnt__rosidl_typesupport_fastrtps_cpp.hpp
[4.497s] -- Symlinking: /home/haejum-park/2026_IFAC/install/f110_msgs/include/f110_msgs/f110_msgs/msg/detail/wpnt_array__rosidl_typesupport_fastrtps_cpp.hpp
[4.501s] -- Symlinking: /home/haejum-park/2026_IFAC/install/f110_msgs/include/f110_msgs/f110_msgs/msg/rosidl_typesupport_fastrtps_cpp__visibility_control.h
[4.505s] -- Symlinking: /home/haejum-park/2026_IFAC/install/f110_msgs/include/f110_msgs/f110_msgs/msg/detail/car_state__rosidl_typesupport_introspection_cpp.hpp
[4.509s] -- Symlinking: /home/haejum-park/2026_IFAC/install/f110_msgs/include/f110_msgs/f110_msgs/msg/detail/car_state_stamped__rosidl_typesupport_introspection_cpp.hpp
[4.513s] -- Symlinking: /home/haejum-park/2026_IFAC/install/f110_msgs/include/f110_msgs/f110_msgs/msg/detail/gap_data__rosidl_typesupport_introspection_cpp.hpp
[4.518s] -- Symlinking: /home/haejum-park/2026_IFAC/install/f110_msgs/include/f110_msgs/f110_msgs/msg/detail/lap_data__rosidl_typesupport_introspection_cpp.hpp
[4.522s] -- Symlinking: /home/haejum-park/2026_IFAC/install/f110_msgs/include/f110_msgs/f110_msgs/msg/detail/obstacle__rosidl_typesupport_introspection_cpp.hpp
[4.526s] -- Symlinking: /home/haejum-park/2026_IFAC/install/f110_msgs/include/f110_msgs/f110_msgs/msg/detail/obstacle_array__rosidl_typesupport_introspection_cpp.hpp
[4.530s] -- Symlinking: /home/haejum-park/2026_IFAC/install/f110_msgs/include/f110_msgs/f110_msgs/msg/detail/opp_wpnt__rosidl_typesupport_introspection_cpp.hpp
[4.534s] -- Symlinking: /home/haejum-park/2026_IFAC/install/f110_msgs/include/f110_msgs/f110_msgs/msg/detail/opponent_trajectories__rosidl_typesupport_introspection_cpp.hpp
[4.538s] -- Symlinking: /home/haejum-park/2026_IFAC/install/f110_msgs/include/f110_msgs/f110_msgs/msg/detail/opponent_trajectory__rosidl_typesupport_introspection_cpp.hpp
[4.542s] -- Symlinking: /home/haejum-park/2026_IFAC/install/f110_msgs/include/f110_msgs/f110_msgs/msg/detail/ot_wpnt_array__rosidl_typesupport_introspection_cpp.hpp
[4.546s] -- Symlinking: /home/haejum-park/2026_IFAC/install/f110_msgs/include/f110_msgs/f110_msgs/msg/detail/pid_data__rosidl_typesupport_introspection_cpp.hpp
[4.550s] -- Symlinking: /home/haejum-park/2026_IFAC/install/f110_msgs/include/f110_msgs/f110_msgs/msg/detail/proj_opp_point__rosidl_typesupport_introspection_cpp.hpp
[4.554s] -- Symlinking: /home/haejum-park/2026_IFAC/install/f110_msgs/include/f110_msgs/f110_msgs/msg/detail/proj_opp_traj__rosidl_typesupport_introspection_cpp.hpp
[4.558s] -- Symlinking: /home/haejum-park/2026_IFAC/install/f110_msgs/include/f110_msgs/f110_msgs/msg/detail/wpnt__rosidl_typesupport_introspection_cpp.hpp
[4.562s] -- Symlinking: /home/haejum-park/2026_IFAC/install/f110_msgs/include/f110_msgs/f110_msgs/msg/detail/wpnt_array__rosidl_typesupport_introspection_cpp.hpp
[4.566s] -- Symlinking: /home/haejum-park/2026_IFAC/install/f110_msgs/share/f110_msgs/environment/pythonpath.sh
[4.570s] -- Symlinking: /home/haejum-park/2026_IFAC/install/f110_msgs/share/f110_msgs/environment/pythonpath.dsv
[4.574s] -- Symlinking: /home/haejum-park/2026_IFAC/install/f110_msgs/local/lib/python3.10/dist-packages/f110_msgs-0.0.1-py3.10.egg-info/PKG-INFO
[4.578s] -- Symlinking: /home/haejum-park/2026_IFAC/install/f110_msgs/local/lib/python3.10/dist-packages/f110_msgs-0.0.1-py3.10.egg-info/SOURCES.txt
[4.582s] -- Symlinking: /home/haejum-park/2026_IFAC/install/f110_msgs/local/lib/python3.10/dist-packages/f110_msgs-0.0.1-py3.10.egg-info/dependency_links.txt
[4.586s] -- Symlinking: /home/haejum-park/2026_IFAC/install/f110_msgs/local/lib/python3.10/dist-packages/f110_msgs-0.0.1-py3.10.egg-info/top_level.txt
[4.591s] -- Symlinking: /home/haejum-park/2026_IFAC/install/f110_msgs/local/lib/python3.10/dist-packages/f110_msgs/__init__.py
[4.595s] -- Symlinking: /home/haejum-park/2026_IFAC/install/f110_msgs/local/lib/python3.10/dist-packages/f110_msgs/_f110_msgs_s.ep.rosidl_typesupport_c.c
[4.599s] -- Symlinking: /home/haejum-park/2026_IFAC/install/f110_msgs/local/lib/python3.10/dist-packages/f110_msgs/_f110_msgs_s.ep.rosidl_typesupport_fastrtps_c.c
[4.603s] -- Symlinking: /home/haejum-park/2026_IFAC/install/f110_msgs/local/lib/python3.10/dist-packages/f110_msgs/_f110_msgs_s.ep.rosidl_typesupport_introspection_c.c
[4.607s] -- Symlinking: /home/haejum-park/2026_IFAC/install/f110_msgs/local/lib/python3.10/dist-packages/f110_msgs/f110_msgs_s__rosidl_typesupport_c.cpython-310-x86_64-linux-gnu.so
[4.611s] -- Symlinking: /home/haejum-park/2026_IFAC/install/f110_msgs/local/lib/python3.10/dist-packages/f110_msgs/f110_msgs_s__rosidl_typesupport_fastrtps_c.cpython-310-x86_64-linux-gnu.so
[4.615s] -- Symlinking: /home/haejum-park/2026_IFAC/install/f110_msgs/local/lib/python3.10/dist-packages/f110_msgs/f110_msgs_s__rosidl_typesupport_introspection_c.cpython-310-x86_64-linux-gnu.so
[4.619s] -- Symlinking: /home/haejum-park/2026_IFAC/install/f110_msgs/local/lib/python3.10/dist-packages/f110_msgs/libf110_msgs__rosidl_generator_py.so
[4.623s] -- Symlinking: /home/haejum-park/2026_IFAC/install/f110_msgs/local/lib/python3.10/dist-packages/f110_msgs/msg/__init__.py
[4.627s] -- Symlinking: /home/haejum-park/2026_IFAC/install/f110_msgs/local/lib/python3.10/dist-packages/f110_msgs/msg/_car_state.py
[4.631s] -- Symlinking: /home/haejum-park/2026_IFAC/install/f110_msgs/local/lib/python3.10/dist-packages/f110_msgs/msg/_car_state_s.c
[4.636s] -- Symlinking: /home/haejum-park/2026_IFAC/install/f110_msgs/local/lib/python3.10/dist-packages/f110_msgs/msg/_car_state_stamped.py
[4.640s] -- Symlinking: /home/haejum-park/2026_IFAC/install/f110_msgs/local/lib/python3.10/dist-packages/f110_msgs/msg/_car_state_stamped_s.c
[4.644s] -- Symlinking: /home/haejum-park/2026_IFAC/install/f110_msgs/local/lib/python3.10/dist-packages/f110_msgs/msg/_gap_data.py
[4.647s] -- Symlinking: /home/haejum-park/2026_IFAC/install/f110_msgs/local/lib/python3.10/dist-packages/f110_msgs/msg/_gap_data_s.c
[4.651s] -- Symlinking: /home/haejum-park/2026_IFAC/install/f110_msgs/local/lib/python3.10/dist-packages/f110_msgs/msg/_lap_data.py
[4.656s] -- Symlinking: /home/haejum-park/2026_IFAC/install/f110_msgs/local/lib/python3.10/dist-packages/f110_msgs/msg/_lap_data_s.c
[4.660s] -- Symlinking: /home/haejum-park/2026_IFAC/install/f110_msgs/local/lib/python3.10/dist-packages/f110_msgs/msg/_obstacle.py
[4.664s] -- Symlinking: /home/haejum-park/2026_IFAC/install/f110_msgs/local/lib/python3.10/dist-packages/f110_msgs/msg/_obstacle_array.py
[4.668s] -- Symlinking: /home/haejum-park/2026_IFAC/install/f110_msgs/local/lib/python3.10/dist-packages/f110_msgs/msg/_obstacle_array_s.c
[4.673s] -- Symlinking: /home/haejum-park/2026_IFAC/install/f110_msgs/local/lib/python3.10/dist-packages/f110_msgs/msg/_obstacle_s.c
[4.677s] -- Symlinking: /home/haejum-park/2026_IFAC/install/f110_msgs/local/lib/python3.10/dist-packages/f110_msgs/msg/_opp_wpnt.py
[4.681s] -- Symlinking: /home/haejum-park/2026_IFAC/install/f110_msgs/local/lib/python3.10/dist-packages/f110_msgs/msg/_opp_wpnt_s.c
[4.685s] -- Symlinking: /home/haejum-park/2026_IFAC/install/f110_msgs/local/lib/python3.10/dist-packages/f110_msgs/msg/_opponent_trajectories.py
[4.690s] -- Symlinking: /home/haejum-park/2026_IFAC/install/f110_msgs/local/lib/python3.10/dist-packages/f110_msgs/msg/_opponent_trajectories_s.c
[4.694s] -- Symlinking: /home/haejum-park/2026_IFAC/install/f110_msgs/local/lib/python3.10/dist-packages/f110_msgs/msg/_opponent_trajectory.py
[4.698s] -- Symlinking: /home/haejum-park/2026_IFAC/install/f110_msgs/local/lib/python3.10/dist-packages/f110_msgs/msg/_opponent_trajectory_s.c
[4.702s] -- Symlinking: /home/haejum-park/2026_IFAC/install/f110_msgs/local/lib/python3.10/dist-packages/f110_msgs/msg/_ot_wpnt_array.py
[4.706s] -- Symlinking: /home/haejum-park/2026_IFAC/install/f110_msgs/local/lib/python3.10/dist-packages/f110_msgs/msg/_ot_wpnt_array_s.c
[4.710s] -- Symlinking: /home/haejum-park/2026_IFAC/install/f110_msgs/local/lib/python3.10/dist-packages/f110_msgs/msg/_pid_data.py
[4.713s] -- Symlinking: /home/haejum-park/2026_IFAC/install/f110_msgs/local/lib/python3.10/dist-packages/f110_msgs/msg/_pid_data_s.c
[4.718s] -- Symlinking: /home/haejum-park/2026_IFAC/install/f110_msgs/local/lib/python3.10/dist-packages/f110_msgs/msg/_proj_opp_point.py
[4.722s] -- Symlinking: /home/haejum-park/2026_IFAC/install/f110_msgs/local/lib/python3.10/dist-packages/f110_msgs/msg/_proj_opp_point_s.c
[4.726s] -- Symlinking: /home/haejum-park/2026_IFAC/install/f110_msgs/local/lib/python3.10/dist-packages/f110_msgs/msg/_proj_opp_traj.py
[4.730s] -- Symlinking: /home/haejum-park/2026_IFAC/install/f110_msgs/local/lib/python3.10/dist-packages/f110_msgs/msg/_proj_opp_traj_s.c
[4.734s] -- Symlinking: /home/haejum-park/2026_IFAC/install/f110_msgs/local/lib/python3.10/dist-packages/f110_msgs/msg/_wpnt.py
[4.738s] -- Symlinking: /home/haejum-park/2026_IFAC/install/f110_msgs/local/lib/python3.10/dist-packages/f110_msgs/msg/_wpnt_array.py
[4.742s] -- Symlinking: /home/haejum-park/2026_IFAC/install/f110_msgs/local/lib/python3.10/dist-packages/f110_msgs/msg/_wpnt_array_s.c
[4.746s] -- Symlinking: /home/haejum-park/2026_IFAC/install/f110_msgs/local/lib/python3.10/dist-packages/f110_msgs/msg/_wpnt_s.c
[4.750s] -- Up-to-date symlink: /home/haejum-park/2026_IFAC/install/f110_msgs/local/lib/python3.10/dist-packages/f110_msgs/f110_msgs_s__rosidl_typesupport_fastrtps_c.cpython-310-x86_64-linux-gnu.so
[4.750s] -- Up-to-date symlink: /home/haejum-park/2026_IFAC/install/f110_msgs/local/lib/python3.10/dist-packages/f110_msgs/f110_msgs_s__rosidl_typesupport_introspection_c.cpython-310-x86_64-linux-gnu.so
[4.750s] -- Up-to-date symlink: /home/haejum-park/2026_IFAC/install/f110_msgs/local/lib/python3.10/dist-packages/f110_msgs/f110_msgs_s__rosidl_typesupport_c.cpython-310-x86_64-linux-gnu.so
[4.751s] -- Symlinking: /home/haejum-park/2026_IFAC/install/f110_msgs/share/f110_msgs/msg/CarState.idl
[4.754s] -- Symlinking: /home/haejum-park/2026_IFAC/install/f110_msgs/share/f110_msgs/msg/CarStateStamped.idl
[4.759s] -- Symlinking: /home/haejum-park/2026_IFAC/install/f110_msgs/share/f110_msgs/msg/GapData.idl
[4.763s] -- Symlinking: /home/haejum-park/2026_IFAC/install/f110_msgs/share/f110_msgs/msg/LapData.idl
[4.767s] -- Symlinking: /home/haejum-park/2026_IFAC/install/f110_msgs/share/f110_msgs/msg/Obstacle.idl
[4.772s] -- Symlinking: /home/haejum-park/2026_IFAC/install/f110_msgs/share/f110_msgs/msg/ObstacleArray.idl
[4.775s] -- Symlinking: /home/haejum-park/2026_IFAC/install/f110_msgs/share/f110_msgs/msg/OTWpntArray.idl
[4.780s] -- Symlinking: /home/haejum-park/2026_IFAC/install/f110_msgs/share/f110_msgs/msg/OpponentTrajectory.idl
[4.784s] -- Symlinking: /home/haejum-park/2026_IFAC/install/f110_msgs/share/f110_msgs/msg/OpponentTrajectories.idl
[4.788s] -- Symlinking: /home/haejum-park/2026_IFAC/install/f110_msgs/share/f110_msgs/msg/OppWpnt.idl
[4.792s] -- Symlinking: /home/haejum-park/2026_IFAC/install/f110_msgs/share/f110_msgs/msg/PidData.idl
[4.796s] -- Symlinking: /home/haejum-park/2026_IFAC/install/f110_msgs/share/f110_msgs/msg/ProjOppPoint.idl
[4.800s] -- Symlinking: /home/haejum-park/2026_IFAC/install/f110_msgs/share/f110_msgs/msg/ProjOppTraj.idl
[4.804s] -- Symlinking: /home/haejum-park/2026_IFAC/install/f110_msgs/share/f110_msgs/msg/Wpnt.idl
[4.808s] -- Symlinking: /home/haejum-park/2026_IFAC/install/f110_msgs/share/f110_msgs/msg/WpntArray.idl
[4.812s] -- Symlinking: /home/haejum-park/2026_IFAC/install/f110_msgs/share/f110_msgs/msg/CarState.msg
[4.817s] -- Symlinking: /home/haejum-park/2026_IFAC/install/f110_msgs/share/f110_msgs/msg/CarStateStamped.msg
[4.821s] -- Symlinking: /home/haejum-park/2026_IFAC/install/f110_msgs/share/f110_msgs/msg/GapData.msg
[4.825s] -- Symlinking: /home/haejum-park/2026_IFAC/install/f110_msgs/share/f110_msgs/msg/LapData.msg
[4.829s] -- Symlinking: /home/haejum-park/2026_IFAC/install/f110_msgs/share/f110_msgs/msg/Obstacle.msg
[4.833s] -- Symlinking: /home/haejum-park/2026_IFAC/install/f110_msgs/share/f110_msgs/msg/ObstacleArray.msg
[4.837s] -- Symlinking: /home/haejum-park/2026_IFAC/install/f110_msgs/share/f110_msgs/msg/OTWpntArray.msg
[4.841s] -- Symlinking: /home/haejum-park/2026_IFAC/install/f110_msgs/share/f110_msgs/msg/OpponentTrajectory.msg
[4.846s] -- Symlinking: /home/haejum-park/2026_IFAC/install/f110_msgs/share/f110_msgs/msg/OpponentTrajectories.msg
[4.850s] -- Symlinking: /home/haejum-park/2026_IFAC/install/f110_msgs/share/f110_msgs/msg/OppWpnt.msg
[4.854s] -- Symlinking: /home/haejum-park/2026_IFAC/install/f110_msgs/share/f110_msgs/msg/PidData.msg
[4.858s] -- Symlinking: /home/haejum-park/2026_IFAC/install/f110_msgs/share/f110_msgs/msg/ProjOppPoint.msg
[4.862s] -- Symlinking: /home/haejum-park/2026_IFAC/install/f110_msgs/share/f110_msgs/msg/ProjOppTraj.msg
[4.866s] -- Symlinking: /home/haejum-park/2026_IFAC/install/f110_msgs/share/f110_msgs/msg/Wpnt.msg
[4.870s] -- Symlinking: /home/haejum-park/2026_IFAC/install/f110_msgs/share/f110_msgs/msg/WpntArray.msg
[4.874s] -- Symlinking: /home/haejum-park/2026_IFAC/install/f110_msgs/share/ament_index/resource_index/package_run_dependencies/f110_msgs
[4.878s] -- Symlinking: /home/haejum-park/2026_IFAC/install/f110_msgs/share/ament_index/resource_index/parent_prefix_path/f110_msgs
[4.882s] -- Symlinking: /home/haejum-park/2026_IFAC/install/f110_msgs/share/f110_msgs/environment/ament_prefix_path.sh
[4.886s] -- Symlinking: /home/haejum-park/2026_IFAC/install/f110_msgs/share/f110_msgs/environment/ament_prefix_path.dsv
[4.890s] -- Symlinking: /home/haejum-park/2026_IFAC/install/f110_msgs/share/f110_msgs/environment/path.sh
[4.894s] -- Symlinking: /home/haejum-park/2026_IFAC/install/f110_msgs/share/f110_msgs/environment/path.dsv
[4.898s] -- Symlinking: /home/haejum-park/2026_IFAC/install/f110_msgs/share/f110_msgs/local_setup.bash
[4.902s] -- Symlinking: /home/haejum-park/2026_IFAC/install/f110_msgs/share/f110_msgs/local_setup.sh
[4.906s] -- Symlinking: /home/haejum-park/2026_IFAC/install/f110_msgs/share/f110_msgs/local_setup.zsh
[4.910s] -- Symlinking: /home/haejum-park/2026_IFAC/install/f110_msgs/share/f110_msgs/local_setup.dsv
[4.914s] -- Symlinking: /home/haejum-park/2026_IFAC/install/f110_msgs/share/f110_msgs/package.dsv
[4.919s] -- Symlinking: /home/haejum-park/2026_IFAC/install/f110_msgs/share/ament_index/resource_index/packages/f110_msgs
[4.923s] -- Symlinking: /home/haejum-park/2026_IFAC/install/f110_msgs/share/f110_msgs/cmake/rosidl_cmake-extras.cmake
[4.927s] -- Symlinking: /home/haejum-park/2026_IFAC/install/f110_msgs/share/f110_msgs/cmake/ament_cmake_export_dependencies-extras.cmake
[4.932s] -- Symlinking: /home/haejum-park/2026_IFAC/install/f110_msgs/share/f110_msgs/cmake/ament_cmake_export_include_directories-extras.cmake
[4.937s] -- Symlinking: /home/haejum-park/2026_IFAC/install/f110_msgs/share/f110_msgs/cmake/ament_cmake_export_libraries-extras.cmake
[4.941s] -- Symlinking: /home/haejum-park/2026_IFAC/install/f110_msgs/share/f110_msgs/cmake/ament_cmake_export_targets-extras.cmake
[4.946s] -- Symlinking: /home/haejum-park/2026_IFAC/install/f110_msgs/share/f110_msgs/cmake/rosidl_cmake_export_typesupport_targets-extras.cmake
[4.950s] -- Symlinking: /home/haejum-park/2026_IFAC/install/f110_msgs/share/f110_msgs/cmake/rosidl_cmake_export_typesupport_libraries-extras.cmake
[4.955s] -- Symlinking: /home/haejum-park/2026_IFAC/install/f110_msgs/share/f110_msgs/cmake/f110_msgsConfig.cmake
[4.959s] -- Symlinking: /home/haejum-park/2026_IFAC/install/f110_msgs/share/f110_msgs/cmake/f110_msgsConfig-version.cmake
[4.963s] -- Symlinking: /home/haejum-park/2026_IFAC/install/f110_msgs/share/f110_msgs/package.xml
[4.968s] -- Installing: /home/haejum-park/2026_IFAC/install/f110_msgs/lib/libf110_msgs__rosidl_generator_c.so
[4.968s] -- Set runtime path of "/home/haejum-park/2026_IFAC/install/f110_msgs/lib/libf110_msgs__rosidl_generator_c.so" to ""
[4.968s] -- Installing: /home/haejum-park/2026_IFAC/install/f110_msgs/lib/libf110_msgs__rosidl_typesupport_fastrtps_c.so
[4.968s] -- Set runtime path of "/home/haejum-park/2026_IFAC/install/f110_msgs/lib/libf110_msgs__rosidl_typesupport_fastrtps_c.so" to ""
[4.968s] -- Installing: /home/haejum-park/2026_IFAC/install/f110_msgs/lib/libf110_msgs__rosidl_typesupport_introspection_c.so
[4.968s] -- Set runtime path of "/home/haejum-park/2026_IFAC/install/f110_msgs/lib/libf110_msgs__rosidl_typesupport_introspection_c.so" to ""
[4.969s] -- Installing: /home/haejum-park/2026_IFAC/install/f110_msgs/lib/libf110_msgs__rosidl_typesupport_c.so
[4.969s] -- Set runtime path of "/home/haejum-park/2026_IFAC/install/f110_msgs/lib/libf110_msgs__rosidl_typesupport_c.so" to ""
[4.969s] -- Installing: /home/haejum-park/2026_IFAC/install/f110_msgs/lib/libf110_msgs__rosidl_typesupport_fastrtps_cpp.so
[4.969s] -- Set runtime path of "/home/haejum-park/2026_IFAC/install/f110_msgs/lib/libf110_msgs__rosidl_typesupport_fastrtps_cpp.so" to ""
[4.969s] -- Installing: /home/haejum-park/2026_IFAC/install/f110_msgs/lib/libf110_msgs__rosidl_typesupport_introspection_cpp.so
[4.969s] -- Set runtime path of "/home/haejum-park/2026_IFAC/install/f110_msgs/lib/libf110_msgs__rosidl_typesupport_introspection_cpp.so" to ""
[4.969s] -- Installing: /home/haejum-park/2026_IFAC/install/f110_msgs/lib/libf110_msgs__rosidl_typesupport_cpp.so
[4.969s] -- Set runtime path of "/home/haejum-park/2026_IFAC/install/f110_msgs/lib/libf110_msgs__rosidl_typesupport_cpp.so" to ""
[5.004s] Listing '/home/haejum-park/2026_IFAC/install/f110_msgs/local/lib/python3.10/dist-packages/f110_msgs'...
[5.005s] Compiling '/home/haejum-park/2026_IFAC/install/f110_msgs/local/lib/python3.10/dist-packages/f110_msgs/__init__.py'...
[5.005s] Listing '/home/haejum-park/2026_IFAC/install/f110_msgs/local/lib/python3.10/dist-packages/f110_msgs/msg'...
[5.005s] Compiling '/home/haejum-park/2026_IFAC/install/f110_msgs/local/lib/python3.10/dist-packages/f110_msgs/msg/__init__.py'...
[5.005s] Compiling '/home/haejum-park/2026_IFAC/install/f110_msgs/local/lib/python3.10/dist-packages/f110_msgs/msg/_car_state.py'...
[5.005s] Compiling '/home/haejum-park/2026_IFAC/install/f110_msgs/local/lib/python3.10/dist-packages/f110_msgs/msg/_car_state_stamped.py'...
[5.005s] Compiling '/home/haejum-park/2026_IFAC/install/f110_msgs/local/lib/python3.10/dist-packages/f110_msgs/msg/_gap_data.py'...
[5.005s] Compiling '/home/haejum-park/2026_IFAC/install/f110_msgs/local/lib/python3.10/dist-packages/f110_msgs/msg/_lap_data.py'...
[5.005s] Compiling '/home/haejum-park/2026_IFAC/install/f110_msgs/local/lib/python3.10/dist-packages/f110_msgs/msg/_obstacle.py'...
[5.005s] Compiling '/home/haejum-park/2026_IFAC/install/f110_msgs/local/lib/python3.10/dist-packages/f110_msgs/msg/_obstacle_array.py'...
[5.005s] Compiling '/home/haejum-park/2026_IFAC/install/f110_msgs/local/lib/python3.10/dist-packages/f110_msgs/msg/_opp_wpnt.py'...
[5.005s] Compiling '/home/haejum-park/2026_IFAC/install/f110_msgs/local/lib/python3.10/dist-packages/f110_msgs/msg/_opponent_trajectories.py'...
[5.005s] Compiling '/home/haejum-park/2026_IFAC/install/f110_msgs/local/lib/python3.10/dist-packages/f110_msgs/msg/_opponent_trajectory.py'...
[5.005s] Compiling '/home/haejum-park/2026_IFAC/install/f110_msgs/local/lib/python3.10/dist-packages/f110_msgs/msg/_ot_wpnt_array.py'...
[5.006s] Compiling '/home/haejum-park/2026_IFAC/install/f110_msgs/local/lib/python3.10/dist-packages/f110_msgs/msg/_pid_data.py'...
[5.006s] Compiling '/home/haejum-park/2026_IFAC/install/f110_msgs/local/lib/python3.10/dist-packages/f110_msgs/msg/_proj_opp_point.py'...
[5.006s] Compiling '/home/haejum-park/2026_IFAC/install/f110_msgs/local/lib/python3.10/dist-packages/f110_msgs/msg/_proj_opp_traj.py'...
[5.006s] Compiling '/home/haejum-park/2026_IFAC/install/f110_msgs/local/lib/python3.10/dist-packages/f110_msgs/msg/_wpnt.py'...
[5.006s] Compiling '/home/haejum-park/2026_IFAC/install/f110_msgs/local/lib/python3.10/dist-packages/f110_msgs/msg/_wpnt_array.py'...
[5.007s] -- Installing: /home/haejum-park/2026_IFAC/install/f110_msgs/lib/libf110_msgs__rosidl_generator_py.so
[5.008s] -- Set runtime path of "/home/haejum-park/2026_IFAC/install/f110_msgs/lib/libf110_msgs__rosidl_generator_py.so" to ""
[5.008s] -- Installing: /home/haejum-park/2026_IFAC/install/f110_msgs/share/f110_msgs/cmake/export_f110_msgs__rosidl_generator_cExport.cmake
[5.008s] -- Installing: /home/haejum-park/2026_IFAC/install/f110_msgs/share/f110_msgs/cmake/export_f110_msgs__rosidl_generator_cExport-noconfig.cmake
[5.008s] -- Installing: /home/haejum-park/2026_IFAC/install/f110_msgs/share/f110_msgs/cmake/export_f110_msgs__rosidl_typesupport_fastrtps_cExport.cmake
[5.008s] -- Installing: /home/haejum-park/2026_IFAC/install/f110_msgs/share/f110_msgs/cmake/export_f110_msgs__rosidl_typesupport_fastrtps_cExport-noconfig.cmake
[5.009s] -- Installing: /home/haejum-park/2026_IFAC/install/f110_msgs/share/f110_msgs/cmake/f110_msgs__rosidl_typesupport_introspection_cExport.cmake
[5.009s] -- Installing: /home/haejum-park/2026_IFAC/install/f110_msgs/share/f110_msgs/cmake/f110_msgs__rosidl_typesupport_introspection_cExport-noconfig.cmake
[5.009s] -- Installing: /home/haejum-park/2026_IFAC/install/f110_msgs/share/f110_msgs/cmake/f110_msgs__rosidl_typesupport_cExport.cmake
[5.009s] -- Installing: /home/haejum-park/2026_IFAC/install/f110_msgs/share/f110_msgs/cmake/f110_msgs__rosidl_typesupport_cExport-noconfig.cmake
[5.009s] -- Installing: /home/haejum-park/2026_IFAC/install/f110_msgs/share/f110_msgs/cmake/export_f110_msgs__rosidl_generator_cppExport.cmake
[5.009s] -- Installing: /home/haejum-park/2026_IFAC/install/f110_msgs/share/f110_msgs/cmake/export_f110_msgs__rosidl_typesupport_fastrtps_cppExport.cmake
[5.009s] -- Installing: /home/haejum-park/2026_IFAC/install/f110_msgs/share/f110_msgs/cmake/export_f110_msgs__rosidl_typesupport_fastrtps_cppExport-noconfig.cmake
[5.009s] -- Installing: /home/haejum-park/2026_IFAC/install/f110_msgs/share/f110_msgs/cmake/f110_msgs__rosidl_typesupport_introspection_cppExport.cmake
[5.009s] -- Installing: /home/haejum-park/2026_IFAC/install/f110_msgs/share/f110_msgs/cmake/f110_msgs__rosidl_typesupport_introspection_cppExport-noconfig.cmake
[5.009s] -- Installing: /home/haejum-park/2026_IFAC/install/f110_msgs/share/f110_msgs/cmake/f110_msgs__rosidl_typesupport_cppExport.cmake
[5.009s] -- Installing: /home/haejum-park/2026_IFAC/install/f110_msgs/share/f110_msgs/cmake/f110_msgs__rosidl_typesupport_cppExport-noconfig.cmake
[5.010s] -- Installing: /home/haejum-park/2026_IFAC/install/f110_msgs/share/f110_msgs/cmake/export_f110_msgs__rosidl_generator_pyExport.cmake
[5.010s] -- Installing: /home/haejum-park/2026_IFAC/install/f110_msgs/share/f110_msgs/cmake/export_f110_msgs__rosidl_generator_pyExport-noconfig.cmake
[5.011s] Invoked command in '/home/haejum-park/2026_IFAC/build/f110_msgs' returned '0': CMAKE_PREFIX_PATH=${CMAKE_PREFIX_PATH}:/home/haejum-park/2026_IFAC/install/new_map_con:/home/haejum-park/2026_IFAC/install/lap_timer:/home/haejum-park/sim_ws/install/f1tenth_gym_ros:/home/haejum-park/install/launch_testing_examples:/home/haejum-park/install/examples_rclpy_pointcloud_publisher:/home/haejum-park/install/examples_rclpy_minimal_subscriber:/home/haejum-park/install/examples_rclpy_minimal_service:/home/haejum-park/install/examples_rclpy_minimal_publisher:/home/haejum-park/install/examples_rclpy_minimal_client:/home/haejum-park/install/examples_rclpy_minimal_action_server:/home/haejum-park/install/examples_rclpy_minimal_action_client:/home/haejum-park/install/examples_rclpy_guard_conditions:/home/haejum-park/install/examples_rclpy_executors:/opt/ros/humble /usr/bin/cmake --install /home/haejum-park/2026_IFAC/build/f110_msgs
